Running 1m test @ http://10.10.1.2:5000
  4 threads and 128 connections

  Thread calibration: mean lat.: 0.793ms, rate sampling interval: 10ms
  Thread calibration: mean lat.: 0.797ms, rate sampling interval: 10ms
  Thread calibration: mean lat.: 0.771ms, rate sampling interval: 10ms
  Thread calibration: mean lat.: 0.795ms, rate sampling interval: 10ms

-----------------------------------------------------------------------
Test Results @ http://10.10.1.2:5000 
  Thread Stats   Avg      Stdev     99%   +/- Stdev
    Latency   811.58us  498.87us   2.72ms   87.00%
    Req/Sec     3.42k   653.79     5.10k    68.94%
  Latency Distribution (HdrHistogram - Recorded Latency)
 50.000%  631.00us
 75.000%    0.95ms
 90.000%    1.43ms
 99.000%    2.72ms
 99.900%    4.28ms
 99.990%    6.61ms
 99.999%    7.67ms
100.000%    8.94ms

  Detailed Percentile spectrum:
       Value   Percentile   TotalCount 1/(1-Percentile)

       0.229     0.000000            1         1.00
       0.431     0.100000        77981         1.11
       0.483     0.200000       157503         1.25
       0.527     0.300000       234683         1.43
       0.574     0.400000       312861         1.67
       0.631     0.500000       390135         2.00
       0.668     0.550000       428966         2.22
       0.714     0.600000       468100         2.50
       0.773     0.650000       506924         2.86
       0.851     0.700000       545565         3.33
       0.952     0.750000       584581         4.00
       1.011     0.775000       604143         4.44
       1.074     0.800000       623476         5.00
       1.146     0.825000       643161         5.71
       1.225     0.850000       662600         6.67
       1.317     0.875000       681925         8.00
       1.369     0.887500       691694         8.89
       1.427     0.900000       701402        10.00
       1.495     0.912500       711197        11.43
       1.572     0.925000       720984        13.33
       1.666     0.937500       730616        16.00
       1.722     0.943750       735518        17.78
       1.784     0.950000       740428        20.00
       1.855     0.956250       745221        22.86
       1.937     0.962500       750107        26.67
       2.039     0.968750       754999        32.00
       2.101     0.971875       757399        35.56
       2.171     0.975000       759844        40.00
       2.249     0.978125       762275        45.71
       2.343     0.981250       764740        53.33
       2.451     0.984375       767161        64.00
       2.515     0.985938       768363        71.11
       2.585     0.987500       769597        80.00
       2.665     0.989062       770797        91.43
       2.757     0.990625       772030       106.67
       2.869     0.992188       773246       128.00
       2.935     0.992969       773839       142.22
       3.013     0.993750       774449       160.00
       3.101     0.994531       775061       182.86
       3.207     0.995313       775666       213.33
       3.329     0.996094       776275       256.00
       3.395     0.996484       776578       284.44
       3.467     0.996875       776880       320.00
       3.545     0.997266       777185       365.71
       3.643     0.997656       777494       426.67
       3.763     0.998047       777795       512.00
       3.839     0.998242       777946       568.89
       3.927     0.998437       778098       640.00
       4.019     0.998633       778252       731.43
       4.147     0.998828       778402       853.33
       4.287     0.999023       778555      1024.00
       4.367     0.999121       778631      1137.78
       4.475     0.999219       778711      1280.00
       4.583     0.999316       778783      1462.86
       4.715     0.999414       778859      1706.67
       4.911     0.999512       778935      2048.00
       5.011     0.999561       778973      2275.56
       5.127     0.999609       779011      2560.00
       5.275     0.999658       779049      2925.71
       5.411     0.999707       779088      3413.33
       5.591     0.999756       779126      4096.00
       5.743     0.999780       779144      4551.11
       5.871     0.999805       779163      5120.00
       6.015     0.999829       779182      5851.43
       6.287     0.999854       779201      6826.67
       6.439     0.999878       779220      8192.00
       6.555     0.999890       779230      9102.22
       6.623     0.999902       779239     10240.00
       6.679     0.999915       779249     11702.86
       6.795     0.999927       779258     13653.33
       6.923     0.999939       779268     16384.00
       7.023     0.999945       779274     18204.44
       7.051     0.999951       779277     20480.00
       7.163     0.999957       779282     23405.71
       7.283     0.999963       779287     27306.67
       7.367     0.999969       779292     32768.00
       7.427     0.999973       779294     36408.89
       7.463     0.999976       779296     40960.00
       7.503     0.999979       779299     46811.43
       7.519     0.999982       779301     54613.33
       7.603     0.999985       779304     65536.00
       7.615     0.999986       779305     72817.78
       7.639     0.999988       779306     81920.00
       7.671     0.999989       779307     93622.86
       7.719     0.999991       779308    109226.67
       8.207     0.999992       779310    131072.00
       8.207     0.999993       779310    145635.56
       8.215     0.999994       779311    163840.00
       8.215     0.999995       779311    187245.71
       8.311     0.999995       779312    218453.33
       8.591     0.999996       779313    262144.00
       8.591     0.999997       779313    291271.11
       8.591     0.999997       779313    327680.00
       8.591     0.999997       779313    374491.43
       8.815     0.999998       779314    436906.67
       8.815     0.999998       779314    524288.00
       8.815     0.999998       779314    582542.22
       8.815     0.999998       779314    655360.00
       8.815     0.999999       779314    748982.86
       8.943     0.999999       779315    873813.33
       8.943     1.000000       779315          inf
#[Mean    =        0.812, StdDeviation   =        0.499]
#[Max     =        8.936, Total count    =       779315]
#[Buckets =           27, SubBuckets     =         2048]
-----------------------------------------------------------------------
  906426 requests in 1.17m, 184.12MB read
Requests/sec:  12949.19  
Transfer/sec:      2.63MB
