Running 1m test @ http://10.10.1.2:5000
  4 threads and 128 connections

  Thread calibration: mean lat.: 12.995ms, rate sampling interval: 50ms
  Thread calibration: mean lat.: 13.187ms, rate sampling interval: 51ms
  Thread calibration: mean lat.: 13.255ms, rate sampling interval: 52ms
  Thread calibration: mean lat.: 13.437ms, rate sampling interval: 52ms

-----------------------------------------------------------------------
Test Results @ http://10.10.1.2:5000 
  Thread Stats   Avg      Stdev     99%   +/- Stdev
    Latency    12.96ms    9.77ms  45.85ms   76.43%
    Req/Sec   758.36    123.67     1.06k    69.51%
  Latency Distribution (HdrHistogram - Recorded Latency)
 50.000%   11.31ms
 75.000%   17.69ms
 90.000%   25.22ms
 99.000%   45.85ms
 99.900%   71.04ms
 99.990%   98.75ms
 99.999%  123.01ms
100.000%  144.51ms

  Detailed Percentile spectrum:
       Value   Percentile   TotalCount 1/(1-Percentile)

       1.340     0.000000            1         1.00
       3.169     0.100000        18045         1.11
       4.295     0.200000        36094         1.25
       5.839     0.300000        54065         1.43
       8.599     0.400000        72083         1.67
      11.311     0.500000        90135         2.00
      12.463     0.550000        99130         2.22
      13.639     0.600000       108130         2.50
      14.839     0.650000       117144         2.86
      16.175     0.700000       126180         3.33
      17.695     0.750000       135167         4.00
      18.559     0.775000       139687         4.44
      19.535     0.800000       144220         5.00
      20.607     0.825000       148659         5.71
      21.823     0.850000       153165         6.67
      23.343     0.875000       157682         8.00
      24.239     0.887500       159935         8.89
      25.215     0.900000       162195        10.00
      26.335     0.912500       164422        11.43
      27.647     0.925000       166683        13.33
      29.151     0.937500       168930        16.00
      30.031     0.943750       170067        17.78
      31.023     0.950000       171178        20.00
      32.159     0.956250       172315        22.86
      33.567     0.962500       173446        26.67
      35.135     0.968750       174559        32.00
      36.095     0.971875       175126        35.56
      37.247     0.975000       175686        40.00
      38.527     0.978125       176244        45.71
      39.903     0.981250       176814        53.33
      41.471     0.984375       177373        64.00
      42.591     0.985938       177651        71.11
      43.711     0.987500       177933        80.00
      45.055     0.989062       178217        91.43
      46.495     0.990625       178497       106.67
      48.223     0.992188       178778       128.00
      49.311     0.992969       178923       142.22
      50.623     0.993750       179062       160.00
      51.999     0.994531       179202       182.86
      53.759     0.995313       179342       213.33
      55.711     0.996094       179482       256.00
      56.703     0.996484       179552       284.44
      57.823     0.996875       179621       320.00
      59.295     0.997266       179694       365.71
      60.863     0.997656       179762       426.67
      63.007     0.998047       179833       512.00
      64.095     0.998242       179868       568.89
      65.791     0.998437       179905       640.00
      67.199     0.998633       179938       731.43
      69.055     0.998828       179974       853.33
      71.231     0.999023       180009      1024.00
      72.959     0.999121       180028      1137.78
      73.727     0.999219       180044      1280.00
      75.647     0.999316       180061      1462.86
      77.887     0.999414       180079      1706.67
      80.575     0.999512       180097      2048.00
      81.535     0.999561       180105      2275.56
      83.071     0.999609       180114      2560.00
      84.927     0.999658       180123      2925.71
      85.951     0.999707       180132      3413.33
      87.487     0.999756       180141      4096.00
      88.447     0.999780       180145      4551.11
      89.791     0.999805       180150      5120.00
      92.095     0.999829       180154      5851.43
      94.399     0.999854       180158      6826.67
      98.431     0.999878       180163      8192.00
      98.495     0.999890       180165      9102.22
      98.879     0.999902       180167     10240.00
      99.903     0.999915       180169     11702.86
     100.863     0.999927       180171     13653.33
     106.879     0.999939       180174     16384.00
     108.863     0.999945       180175     18204.44
     108.991     0.999951       180176     20480.00
     109.247     0.999957       180177     23405.71
     110.975     0.999963       180178     27306.67
     111.359     0.999969       180179     32768.00
     112.447     0.999973       180180     36408.89
     112.447     0.999976       180180     40960.00
     117.439     0.999979       180181     46811.43
     117.439     0.999982       180181     54613.33
     123.007     0.999985       180182     65536.00
     123.007     0.999986       180182     72817.78
     123.007     0.999988       180182     81920.00
     130.367     0.999989       180183     93622.86
     130.367     0.999991       180183    109226.67
     130.367     0.999992       180183    131072.00
     130.367     0.999993       180183    145635.56
     130.367     0.999994       180183    163840.00
     144.511     0.999995       180184    187245.71
     144.511     1.000000       180184          inf
#[Mean    =       12.957, StdDeviation   =        9.772]
#[Max     =      144.384, Total count    =       180184]
#[Buckets =           27, SubBuckets     =         2048]
-----------------------------------------------------------------------
  210156 requests in 1.17m, 513.42MB read
Requests/sec:   3002.27  
Transfer/sec:      7.33MB
