Running 1m test @ http://10.10.1.1:5000
  4 threads and 128 connections

  Thread calibration: mean lat.: 20.498ms, rate sampling interval: 84ms
  Thread calibration: mean lat.: 20.234ms, rate sampling interval: 80ms
  Thread calibration: mean lat.: 18.955ms, rate sampling interval: 75ms
  Thread calibration: mean lat.: 19.354ms, rate sampling interval: 78ms

-----------------------------------------------------------------------
Test Results @ http://10.10.1.1:5000 
  Thread Stats   Avg      Stdev     99%   +/- Stdev
    Latency    19.22ms   15.92ms  80.64ms   87.51%
    Req/Sec     2.77k   182.96     3.18k    68.54%
  Latency Distribution (HdrHistogram - Recorded Latency)
 50.000%   14.17ms
 75.000%   24.13ms
 90.000%   38.43ms
 99.000%   80.64ms
 99.900%  127.23ms
 99.990%  171.77ms
 99.999%  198.01ms
100.000%  202.88ms

  Detailed Percentile spectrum:
       Value   Percentile   TotalCount 1/(1-Percentile)

       1.394     0.000000            1         1.00
       6.307     0.100000        66114         1.11
       7.919     0.200000       132082         1.25
       9.615     0.300000       198013         1.43
      11.647     0.400000       264145         1.67
      14.167     0.500000       330171         2.00
      15.631     0.550000       363017         2.22
      17.295     0.600000       396187         2.50
      19.215     0.650000       429131         2.86
      21.423     0.700000       462075         3.33
      24.127     0.750000       495157         4.00
      25.695     0.775000       511524         4.44
      27.471     0.800000       528065         5.00
      29.519     0.825000       544575         5.71
      31.919     0.850000       561074         6.67
      34.847     0.875000       577516         8.00
      36.543     0.887500       585871         8.89
      38.431     0.900000       594083        10.00
      40.639     0.912500       602339        11.43
      43.231     0.925000       610494        13.33
      46.367     0.937500       618750        16.00
      48.159     0.943750       622885        17.78
      50.239     0.950000       627035        20.00
      52.543     0.956250       631139        22.86
      55.359     0.962500       635272        26.67
      58.655     0.968750       639383        32.00
      60.607     0.971875       641430        35.56
      62.815     0.975000       643491        40.00
      65.375     0.978125       645556        45.71
      68.351     0.981250       647642        53.33
      71.807     0.984375       649702        64.00
      73.791     0.985938       650712        71.11
      76.159     0.987500       651746        80.00
      78.783     0.989062       652786        91.43
      81.983     0.990625       653809       106.67
      85.631     0.992188       654833       128.00
      87.871     0.992969       655354       142.22
      90.239     0.993750       655865       160.00
      92.927     0.994531       656380       182.86
      96.191     0.995313       656894       213.33
     100.095     0.996094       657415       256.00
     102.271     0.996484       657675       284.44
     104.703     0.996875       657926       320.00
     107.391     0.997266       658187       365.71
     110.655     0.997656       658442       426.67
     113.983     0.998047       658699       512.00
     116.031     0.998242       658831       568.89
     118.271     0.998437       658958       640.00
     120.831     0.998633       659086       731.43
     123.839     0.998828       659216       853.33
     127.679     0.999023       659344      1024.00
     129.919     0.999121       659407      1137.78
     132.735     0.999219       659472      1280.00
     135.551     0.999316       659536      1462.86
     138.879     0.999414       659602      1706.67
     143.359     0.999512       659665      2048.00
     145.791     0.999561       659699      2275.56
     147.839     0.999609       659731      2560.00
     150.783     0.999658       659762      2925.71
     154.111     0.999707       659794      3413.33
     157.695     0.999756       659826      4096.00
     160.383     0.999780       659843      4551.11
     162.175     0.999805       659859      5120.00
     164.095     0.999829       659875      5851.43
     166.911     0.999854       659892      6826.67
     169.087     0.999878       659907      8192.00
     171.263     0.999890       659916      9102.22
     172.031     0.999902       659923     10240.00
     175.103     0.999915       659931     11702.86
     178.559     0.999927       659939     13653.33
     181.759     0.999939       659947     16384.00
     184.447     0.999945       659952     18204.44
     184.959     0.999951       659955     20480.00
     186.879     0.999957       659959     23405.71
     188.287     0.999963       659963     27306.67
     191.487     0.999969       659967     32768.00
     193.407     0.999973       659969     36408.89
     194.047     0.999976       659971     40960.00
     195.327     0.999979       659973     46811.43
     195.583     0.999982       659975     54613.33
     196.863     0.999985       659977     65536.00
     197.631     0.999986       659978     72817.78
     197.759     0.999988       659979     81920.00
     198.015     0.999989       659980     93622.86
     198.911     0.999991       659981    109226.67
     200.319     0.999992       659982    131072.00
     200.703     0.999993       659983    145635.56
     200.703     0.999994       659983    163840.00
     201.087     0.999995       659984    187245.71
     201.087     0.999995       659984    218453.33
     201.343     0.999996       659985    262144.00
     201.343     0.999997       659985    291271.11
     201.343     0.999997       659985    327680.00
     202.751     0.999997       659986    374491.43
     202.751     0.999998       659986    436906.67
     202.751     0.999998       659986    524288.00
     202.751     0.999998       659986    582542.22
     202.751     0.999998       659986    655360.00
     202.879     0.999999       659987    748982.86
     202.879     1.000000       659987          inf
#[Mean    =       19.224, StdDeviation   =       15.921]
#[Max     =      202.752, Total count    =       659987]
#[Buckets =           27, SubBuckets     =         2048]
-----------------------------------------------------------------------
  767448 requests in 1.17m, 206.36MB read
Requests/sec:  10963.72  
Transfer/sec:      2.95MB
