Running 1m test @ http://10.10.1.1:5000
  4 threads and 128 connections

  Thread calibration: mean lat.: 16.098ms, rate sampling interval: 69ms
  Thread calibration: mean lat.: 15.124ms, rate sampling interval: 67ms
  Thread calibration: mean lat.: 14.924ms, rate sampling interval: 67ms
  Thread calibration: mean lat.: 16.582ms, rate sampling interval: 69ms

-----------------------------------------------------------------------
Test Results @ http://10.10.1.1:5000 
  Thread Stats   Avg      Stdev     99%   +/- Stdev
    Latency    14.98ms   13.36ms  52.77ms   82.99%
    Req/Sec   251.99     61.34   402.00     68.51%
  Latency Distribution (HdrHistogram - Recorded Latency)
 50.000%   13.98ms
 75.000%   23.47ms
 90.000%   33.38ms
 99.000%   52.77ms
 99.900%   75.01ms
 99.990%   92.16ms
 99.999%  100.61ms
100.000%  115.71ms

  Detailed Percentile spectrum:
       Value   Percentile   TotalCount 1/(1-Percentile)

       1.373     0.000000            1         1.00
       2.053     0.100000         6016         1.11
       2.443     0.200000        12030         1.25
       2.997     0.300000        18036         1.43
       4.403     0.400000        24044         1.67
      13.975     0.500000        30058         2.00
      15.919     0.550000        33066         2.22
      17.631     0.600000        36077         2.50
      19.359     0.650000        39082         2.86
      21.231     0.700000        42098         3.33
      23.471     0.750000        45100         4.00
      24.703     0.775000        46597         4.44
      26.063     0.800000        48102         5.00
      27.535     0.825000        49599         5.71
      29.215     0.850000        51112         6.67
      31.103     0.875000        52604         8.00
      32.143     0.887500        53362         8.89
      33.375     0.900000        54118        10.00
      34.719     0.912500        54853        11.43
      36.127     0.925000        55603        13.33
      37.791     0.937500        56355        16.00
      38.783     0.943750        56741        17.78
      39.807     0.950000        57111        20.00
      41.023     0.956250        57493        22.86
      42.111     0.962500        57860        26.67
      43.583     0.968750        58235        32.00
      44.511     0.971875        58422        35.56
      45.567     0.975000        58619        40.00
      46.591     0.978125        58801        45.71
      47.743     0.981250        58984        53.33
      49.183     0.984375        59176        64.00
      49.951     0.985938        59267        71.11
      50.911     0.987500        59361        80.00
      51.903     0.989062        59454        91.43
      53.279     0.990625        59548       106.67
      54.815     0.992188        59645       128.00
      55.583     0.992969        59691       142.22
      56.831     0.993750        59739       160.00
      57.983     0.994531        59783       182.86
      59.743     0.995313        59829       213.33
      62.079     0.996094        59876       256.00
      62.751     0.996484        59899       284.44
      64.223     0.996875        59923       320.00
      65.727     0.997266        59947       365.71
      67.455     0.997656        59970       426.67
      69.119     0.998047        59993       512.00
      70.271     0.998242        60006       568.89
      71.167     0.998437        60017       640.00
      72.511     0.998633        60028       731.43
      73.919     0.998828        60042       853.33
      75.071     0.999023        60053      1024.00
      75.967     0.999121        60058      1137.78
      76.927     0.999219        60064      1280.00
      77.503     0.999316        60069      1462.86
      78.783     0.999414        60075      1706.67
      79.615     0.999512        60082      2048.00
      79.807     0.999561        60084      2275.56
      81.727     0.999609        60087      2560.00
      82.687     0.999658        60090      2925.71
      83.711     0.999707        60094      3413.33
      84.351     0.999756        60096      4096.00
      84.415     0.999780        60097      4551.11
      85.567     0.999805        60099      5120.00
      86.143     0.999829        60100      5851.43
      88.319     0.999854        60102      6826.67
      90.751     0.999878        60103      8192.00
      92.159     0.999890        60104      9102.22
      93.503     0.999902        60105     10240.00
      93.503     0.999915        60105     11702.86
      95.871     0.999927        60106     13653.33
      98.495     0.999939        60107     16384.00
      98.495     0.999945        60107     18204.44
      99.007     0.999951        60108     20480.00
      99.007     0.999957        60108     23405.71
      99.007     0.999963        60108     27306.67
     100.607     0.999969        60109     32768.00
     100.607     0.999973        60109     36408.89
     100.607     0.999976        60109     40960.00
     100.607     0.999979        60109     46811.43
     100.607     0.999982        60109     54613.33
     115.711     0.999985        60110     65536.00
     115.711     1.000000        60110          inf
#[Mean    =       14.983, StdDeviation   =       13.364]
#[Max     =      115.648, Total count    =        60110]
#[Buckets =           27, SubBuckets     =         2048]
-----------------------------------------------------------------------
  69786 requests in 1.17m, 170.91MB read
Requests/sec:    996.83  
Transfer/sec:      2.44MB
