Running 1m test @ http://10.10.1.2:5000
  4 threads and 128 connections

  Thread calibration: mean lat.: 0.991ms, rate sampling interval: 10ms
  Thread calibration: mean lat.: 0.932ms, rate sampling interval: 10ms
  Thread calibration: mean lat.: 1.001ms, rate sampling interval: 10ms
  Thread calibration: mean lat.: 0.981ms, rate sampling interval: 10ms

-----------------------------------------------------------------------
Test Results @ http://10.10.1.2:5000 
  Thread Stats   Avg      Stdev     99%   +/- Stdev
    Latency     0.91ms  318.90us   2.15ms   87.05%
    Req/Sec   791.68    287.75     1.55k    63.52%
  Latency Distribution (HdrHistogram - Recorded Latency)
 50.000%  809.00us
 75.000%    0.92ms
 90.000%    1.32ms
 99.000%    2.15ms
 99.900%    3.41ms
 99.990%    4.41ms
 99.999%    5.53ms
100.000%    6.46ms

  Detailed Percentile spectrum:
       Value   Percentile   TotalCount 1/(1-Percentile)

       0.503     0.000000            1         1.00
       0.679     0.100000        18050         1.11
       0.719     0.200000        36179         1.25
       0.750     0.300000        54147         1.43
       0.779     0.400000        72254         1.67
       0.809     0.500000        90280         2.00
       0.825     0.550000        99165         2.22
       0.844     0.600000       108514         2.50
       0.864     0.650000       117259         2.86
       0.889     0.700000       126348         3.33
       0.923     0.750000       135330         4.00
       0.946     0.775000       139821         4.44
       0.977     0.800000       144257         5.00
       1.024     0.825000       148775         5.71
       1.106     0.850000       153239         6.67
       1.221     0.875000       157749         8.00
       1.270     0.887500       159989         8.89
       1.321     0.900000       162243        10.00
       1.371     0.912500       164474        11.43
       1.423     0.925000       166740        13.33
       1.483     0.937500       168987        16.00
       1.516     0.943750       170120        17.78
       1.553     0.950000       171239        20.00
       1.594     0.956250       172360        22.86
       1.643     0.962500       173498        26.67
       1.701     0.968750       174604        32.00
       1.739     0.971875       175170        35.56
       1.782     0.975000       175734        40.00
       1.832     0.978125       176296        45.71
       1.890     0.981250       176862        53.33
       1.963     0.984375       177429        64.00
       2.002     0.985938       177705        71.11
       2.053     0.987500       177987        80.00
       2.111     0.989062       178271        91.43
       2.183     0.990625       178553       106.67
       2.261     0.992188       178827       128.00
       2.321     0.992969       178968       142.22
       2.375     0.993750       179109       160.00
       2.443     0.994531       179249       182.86
       2.539     0.995313       179390       213.33
       2.645     0.996094       179531       256.00
       2.705     0.996484       179601       284.44
       2.771     0.996875       179671       320.00
       2.839     0.997266       179742       365.71
       2.921     0.997656       179812       426.67
       3.007     0.998047       179885       512.00
       3.049     0.998242       179918       568.89
       3.111     0.998437       179953       640.00
       3.177     0.998633       179988       731.43
       3.295     0.998828       180023       853.33
       3.413     0.999023       180058      1024.00
       3.499     0.999121       180076      1137.78
       3.585     0.999219       180094      1280.00
       3.629     0.999316       180112      1462.86
       3.691     0.999414       180129      1706.67
       3.763     0.999512       180146      2048.00
       3.817     0.999561       180157      2275.56
       3.879     0.999609       180164      2560.00
       3.911     0.999658       180173      2925.71
       3.969     0.999707       180182      3413.33
       4.031     0.999756       180190      4096.00
       4.061     0.999780       180195      4551.11
       4.085     0.999805       180199      5120.00
       4.135     0.999829       180204      5851.43
       4.191     0.999854       180208      6826.67
       4.235     0.999878       180212      8192.00
       4.363     0.999890       180215      9102.22
       4.423     0.999902       180217     10240.00
       4.431     0.999915       180219     11702.86
       4.471     0.999927       180221     13653.33
       4.563     0.999939       180223     16384.00
       4.587     0.999945       180225     18204.44
       4.635     0.999951       180226     20480.00
       4.647     0.999957       180227     23405.71
       4.743     0.999963       180228     27306.67
       4.771     0.999969       180229     32768.00
       5.059     0.999973       180230     36408.89
       5.059     0.999976       180230     40960.00
       5.431     0.999979       180231     46811.43
       5.431     0.999982       180231     54613.33
       5.531     0.999985       180232     65536.00
       5.531     0.999986       180232     72817.78
       5.531     0.999988       180232     81920.00
       5.931     0.999989       180233     93622.86
       5.931     0.999991       180233    109226.67
       5.931     0.999992       180233    131072.00
       5.931     0.999993       180233    145635.56
       5.931     0.999994       180233    163840.00
       6.459     0.999995       180234    187245.71
       6.459     1.000000       180234          inf
#[Mean    =        0.906, StdDeviation   =        0.319]
#[Max     =        6.456, Total count    =       180234]
#[Buckets =           27, SubBuckets     =         2048]
-----------------------------------------------------------------------
  209486 requests in 1.17m, 117.35MB read
Requests/sec:   2992.52  
Transfer/sec:      1.68MB
