Running 1m test @ http://10.10.1.1:5000
  4 threads and 128 connections

  Thread calibration: mean lat.: 2.378ms, rate sampling interval: 10ms
  Thread calibration: mean lat.: 2.447ms, rate sampling interval: 10ms
  Thread calibration: mean lat.: 2.433ms, rate sampling interval: 10ms
  Thread calibration: mean lat.: 2.467ms, rate sampling interval: 10ms

-----------------------------------------------------------------------
Test Results @ http://10.10.1.1:5000 
  Thread Stats   Avg      Stdev     99%   +/- Stdev
    Latency     2.40ms  782.21us   5.20ms   78.03%
    Req/Sec     1.32k   385.30     2.33k    69.27%
  Latency Distribution (HdrHistogram - Recorded Latency)
 50.000%    2.20ms
 75.000%    2.74ms
 90.000%    3.39ms
 99.000%    5.20ms
 99.900%    6.92ms
 99.990%    8.58ms
 99.999%   10.10ms
100.000%   10.63ms

  Detailed Percentile spectrum:
       Value   Percentile   TotalCount 1/(1-Percentile)

       1.159     0.000000            1         1.00
       1.644     0.100000        25197         1.11
       1.798     0.200000        50319         1.25
       1.932     0.300000        75364         1.43
       2.061     0.400000       100387         1.67
       2.205     0.500000       125406         2.00
       2.289     0.550000       138010         2.22
       2.381     0.600000       150475         2.50
       2.487     0.650000       163061         2.86
       2.603     0.700000       175529         3.33
       2.739     0.750000       188154         4.00
       2.815     0.775000       194470         4.44
       2.897     0.800000       200699         5.00
       2.989     0.825000       206900         5.71
       3.101     0.850000       213172         6.67
       3.229     0.875000       219407         8.00
       3.303     0.887500       222570         8.89
       3.389     0.900000       225732        10.00
       3.485     0.912500       228810        11.43
       3.601     0.925000       231962        13.33
       3.737     0.937500       235073        16.00
       3.819     0.943750       236659        17.78
       3.909     0.950000       238224        20.00
       4.019     0.956250       239791        22.86
       4.143     0.962500       241384        26.67
       4.291     0.968750       242915        32.00
       4.375     0.971875       243711        35.56
       4.475     0.975000       244477        40.00
       4.587     0.978125       245259        45.71
       4.715     0.981250       246049        53.33
       4.851     0.984375       246823        64.00
       4.939     0.985938       247220        71.11
       5.035     0.987500       247624        80.00
       5.119     0.989062       247999        91.43
       5.247     0.990625       248397       106.67
       5.379     0.992188       248781       128.00
       5.451     0.992969       248977       142.22
       5.535     0.993750       249177       160.00
       5.623     0.994531       249371       182.86
       5.747     0.995313       249564       213.33
       5.903     0.996094       249760       256.00
       5.983     0.996484       249858       284.44
       6.067     0.996875       249957       320.00
       6.171     0.997266       250058       365.71
       6.271     0.997656       250153       426.67
       6.395     0.998047       250250       512.00
       6.467     0.998242       250300       568.89
       6.555     0.998437       250351       640.00
       6.691     0.998633       250399       731.43
       6.823     0.998828       250448       853.33
       6.951     0.999023       250496      1024.00
       7.019     0.999121       250520      1137.78
       7.087     0.999219       250544      1280.00
       7.167     0.999316       250568      1462.86
       7.295     0.999414       250593      1706.67
       7.407     0.999512       250617      2048.00
       7.495     0.999561       250629      2275.56
       7.543     0.999609       250642      2560.00
       7.627     0.999658       250655      2925.71
       7.751     0.999707       250666      3413.33
       7.919     0.999756       250678      4096.00
       7.987     0.999780       250684      4551.11
       8.087     0.999805       250691      5120.00
       8.167     0.999829       250697      5851.43
       8.263     0.999854       250703      6826.67
       8.439     0.999878       250709      8192.00
       8.511     0.999890       250712      9102.22
       8.607     0.999902       250715     10240.00
       8.631     0.999915       250718     11702.86
       8.695     0.999927       250721     13653.33
       8.815     0.999939       250724     16384.00
       8.919     0.999945       250726     18204.44
       8.991     0.999951       250727     20480.00
       9.103     0.999957       250729     23405.71
       9.207     0.999963       250730     27306.67
       9.295     0.999969       250732     32768.00
       9.559     0.999973       250733     36408.89
       9.559     0.999976       250733     40960.00
       9.855     0.999979       250734     46811.43
       9.887     0.999982       250735     54613.33
      10.103     0.999985       250736     65536.00
      10.103     0.999986       250736     72817.78
      10.103     0.999988       250736     81920.00
      10.127     0.999989       250737     93622.86
      10.127     0.999991       250737    109226.67
      10.247     0.999992       250738    131072.00
      10.247     0.999993       250738    145635.56
      10.247     0.999994       250738    163840.00
      10.247     0.999995       250738    187245.71
      10.247     0.999995       250738    218453.33
      10.631     0.999996       250739    262144.00
      10.631     1.000000       250739          inf
#[Mean    =        2.404, StdDeviation   =        0.782]
#[Max     =       10.624, Total count    =       250739]
#[Buckets =           27, SubBuckets     =         2048]
-----------------------------------------------------------------------
  299358 requests in 1.00m, 78.56MB read
Requests/sec:   4989.37  
Transfer/sec:      1.31MB
