Running 1m test @ http://10.10.1.1:5000
  4 threads and 128 connections

  Thread calibration: mean lat.: 1621.215ms, rate sampling interval: 5701ms
  Thread calibration: mean lat.: 1572.874ms, rate sampling interval: 5472ms
  Thread calibration: mean lat.: 1635.251ms, rate sampling interval: 5726ms
  Thread calibration: mean lat.: 1620.676ms, rate sampling interval: 5701ms

-----------------------------------------------------------------------
Test Results @ http://10.10.1.1:5000 
  Thread Stats   Avg      Stdev     99%   +/- Stdev
    Latency    10.80s     4.43s   18.60s    57.92%
    Req/Sec     2.95k    16.97     2.98k    81.82%
  Latency Distribution (HdrHistogram - Recorded Latency)
 50.000%   10.86s 
 75.000%   14.58s 
 90.000%   16.88s 
 99.000%   18.60s 
 99.900%   19.32s 
 99.990%   19.92s 
 99.999%   20.07s 
100.000%   20.07s 

  Detailed Percentile spectrum:
       Value   Percentile   TotalCount 1/(1-Percentile)

    2508.799     0.000000            1         1.00
    4661.247     0.100000        59022         1.11
    6152.191     0.200000       117960         1.25
    7737.343     0.300000       177024         1.43
    9338.879     0.400000       236089         1.67
   10862.591     0.500000       294984         2.00
   11616.255     0.550000       324566         2.22
   12353.535     0.600000       354117         2.50
   13090.815     0.650000       383290         2.86
   13852.671     0.700000       413072         3.33
   14581.759     0.750000       442416         4.00
   14958.591     0.775000       457266         4.44
   15343.615     0.800000       471990         5.00
   15720.447     0.825000       486568         5.71
   16097.279     0.850000       501350         6.67
   16490.495     0.875000       516168         8.00
   16678.911     0.887500       523351         8.89
   16875.519     0.900000       530944        10.00
   17072.127     0.912500       538174        11.43
   17268.735     0.925000       545488        13.33
   17481.727     0.937500       553318        16.00
   17580.031     0.943750       556685        17.78
   17694.719     0.950000       560496        20.00
   17809.407     0.956250       564384        22.86
   17907.711     0.962500       567820        26.67
   18022.399     0.968750       571239        32.00
   18087.935     0.971875       573175        35.56
   18153.471     0.975000       574996        40.00
   18235.391     0.978125       577134        45.71
   18300.927     0.981250       578725        53.33
   18399.231     0.984375       580762        64.00
   18448.383     0.985938       581566        71.11
   18497.535     0.987500       582488        80.00
   18546.687     0.989062       583231        91.43
   18612.223     0.990625       584253       106.67
   18677.759     0.992188       585124       128.00
   18710.527     0.992969       585590       142.22
   18743.295     0.993750       586003       160.00
   18792.447     0.994531       586575       182.86
   18825.215     0.995313       586916       213.33
   18890.751     0.996094       587430       256.00
   18923.519     0.996484       587640       284.44
   18956.287     0.996875       587887       320.00
   18989.055     0.997266       588064       365.71
   19038.207     0.997656       588293       426.67
   19103.743     0.998047       588537       512.00
   19136.511     0.998242       588650       568.89
   19169.279     0.998437       588744       640.00
   19218.431     0.998633       588889       731.43
   19267.583     0.998828       588993       853.33
   19316.735     0.999023       589092      1024.00
   19365.887     0.999121       589162      1137.78
   19398.655     0.999219       589217      1280.00
   19431.423     0.999316       589266      1462.86
   19496.959     0.999414       589328      1706.67
   19562.495     0.999512       589385      2048.00
   19595.263     0.999561       589415      2275.56
   19628.031     0.999609       589441      2560.00
   19644.415     0.999658       589467      2925.71
   19677.183     0.999707       589495      3413.33
   19726.335     0.999756       589527      4096.00
   19742.719     0.999780       589537      4551.11
   19775.487     0.999805       589553      5120.00
   19824.639     0.999829       589569      5851.43
   19857.407     0.999854       589582      6826.67
   19873.791     0.999878       589595      8192.00
   19890.175     0.999890       589601      9102.22
   19922.943     0.999902       589612     10240.00
   19939.327     0.999915       589616     11702.86
   19972.095     0.999927       589622     13653.33
   20004.863     0.999939       589631     16384.00
   20021.247     0.999945       589637     18204.44
   20021.247     0.999951       589637     20480.00
   20037.631     0.999957       589645     23405.71
   20037.631     0.999963       589645     27306.67
   20054.015     0.999969       589658     32768.00
   20054.015     0.999973       589658     36408.89
   20054.015     0.999976       589658     40960.00
   20054.015     0.999979       589658     46811.43
   20054.015     0.999982       589658     54613.33
   20054.015     0.999985       589658     65536.00
   20054.015     0.999986       589658     72817.78
   20054.015     0.999988       589658     81920.00
   20070.399     0.999989       589665     93622.86
   20070.399     1.000000       589665          inf
#[Mean    =    10796.538, StdDeviation   =     4434.820]
#[Max     =    20054.016, Total count    =       589665]
#[Buckets =           27, SubBuckets     =         2048]
-----------------------------------------------------------------------
  706811 requests in 1.00m, 188.56MB read
Requests/sec:  11780.52  
Transfer/sec:      3.14MB
