Running 1m test @ http://10.10.1.1:5000
  4 threads and 128 connections

  Thread calibration: mean lat.: 1125.295ms, rate sampling interval: 3981ms
  Thread calibration: mean lat.: 1117.363ms, rate sampling interval: 4005ms
  Thread calibration: mean lat.: 1100.572ms, rate sampling interval: 3915ms
  Thread calibration: mean lat.: 1120.694ms, rate sampling interval: 4085ms

-----------------------------------------------------------------------
Test Results @ http://10.10.1.1:5000 
  Thread Stats   Avg      Stdev     99%   +/- Stdev
    Latency     7.45s     3.05s   13.11s    58.63%
    Req/Sec     2.97k    16.39     2.99k    72.92%
  Latency Distribution (HdrHistogram - Recorded Latency)
 50.000%    7.45s 
 75.000%   10.04s 
 90.000%   11.59s 
 99.000%   13.11s 
 99.900%   13.93s 
 99.990%   14.38s 
 99.999%   14.50s 
100.000%   14.52s 

  Detailed Percentile spectrum:
       Value   Percentile   TotalCount 1/(1-Percentile)

    1391.615     0.000000            2         1.00
    3266.559     0.100000        59401         1.11
    4308.991     0.200000       118709         1.25
    5365.759     0.300000       178121         1.43
    6430.719     0.400000       237325         1.67
    7454.719     0.500000       296631         2.00
    7962.623     0.550000       326210         2.22
    8470.527     0.600000       355834         2.50
    8994.815     0.650000       385872         2.86
    9519.103     0.700000       415347         3.33
   10043.391     0.750000       445249         4.00
   10297.343     0.775000       459648         4.44
   10543.103     0.800000       474443         5.00
   10813.439     0.825000       489568         5.71
   11067.391     0.850000       504495         6.67
   11321.343     0.875000       518947         8.00
   11452.415     0.887500       526529         8.89
   11591.679     0.900000       533922        10.00
   11730.943     0.912500       541303        11.43
   11886.591     0.925000       548894        13.33
   12042.239     0.937500       556004        16.00
   12140.543     0.943750       560008        17.78
   12222.463     0.950000       563511        20.00
   12312.575     0.956250       567215        22.86
   12419.071     0.962500       570991        26.67
   12525.567     0.968750       574514        32.00
   12591.103     0.971875       576393        35.56
   12664.831     0.975000       578361        40.00
   12738.559     0.978125       580168        45.71
   12828.671     0.981250       582067        53.33
   12918.783     0.984375       583785        64.00
   12967.935     0.985938       584726        71.11
   13017.087     0.987500       585765        80.00
   13074.431     0.989062       586685        91.43
   13139.967     0.990625       587576       106.67
   13221.887     0.992188       588487       128.00
   13262.847     0.992969       588907       142.22
   13311.999     0.993750       589341       160.00
   13369.343     0.994531       589812       182.86
   13426.687     0.995313       590303       213.33
   13492.223     0.996094       590788       256.00
   13516.799     0.996484       590962       284.44
   13557.759     0.996875       591233       320.00
   13598.719     0.997266       591467       365.71
   13639.679     0.997656       591686       426.67
   13688.831     0.998047       591915       512.00
   13721.599     0.998242       592031       568.89
   13746.175     0.998437       592128       640.00
   13803.519     0.998633       592241       731.43
   13869.055     0.998828       592353       853.33
   13934.591     0.999023       592480      1024.00
   13967.359     0.999121       592524      1137.78
   14008.319     0.999219       592583      1280.00
   14049.279     0.999316       592652      1462.86
   14090.239     0.999414       592705      1706.67
   14139.391     0.999512       592761      2048.00
   14155.775     0.999561       592796      2275.56
   14172.159     0.999609       592828      2560.00
   14180.351     0.999658       592844      2925.71
   14196.735     0.999707       592875      3413.33
   14221.311     0.999756       592905      4096.00
   14237.695     0.999780       592919      4551.11
   14254.079     0.999805       592930      5120.00
   14303.231     0.999829       592945      5851.43
   14344.191     0.999854       592963      6826.67
   14360.575     0.999878       592974      8192.00
   14368.767     0.999890       592979      9102.22
   14376.959     0.999902       592991     10240.00
   14385.151     0.999915       592998     11702.86
   14393.343     0.999927       593004     13653.33
   14426.111     0.999939       593010     16384.00
   14442.495     0.999945       593013     18204.44
   14450.687     0.999951       593017     20480.00
   14458.879     0.999957       593021     23405.71
   14467.071     0.999963       593025     27306.67
   14475.263     0.999969       593030     32768.00
   14475.263     0.999973       593030     36408.89
   14475.263     0.999976       593030     40960.00
   14483.455     0.999979       593034     46811.43
   14483.455     0.999982       593034     54613.33
   14491.647     0.999985       593037     65536.00
   14491.647     0.999986       593037     72817.78
   14491.647     0.999988       593037     81920.00
   14499.839     0.999989       593040     93622.86
   14499.839     0.999991       593040    109226.67
   14499.839     0.999992       593040    131072.00
   14499.839     0.999993       593040    145635.56
   14508.031     0.999994       593041    163840.00
   14508.031     0.999995       593041    187245.71
   14516.223     0.999995       593043    218453.33
   14516.223     0.999996       593043    262144.00
   14516.223     0.999997       593043    291271.11
   14516.223     0.999997       593043    327680.00
   14516.223     0.999997       593043    374491.43
   14516.223     0.999998       593043    436906.67
   14516.223     0.999998       593043    524288.00
   14516.223     0.999998       593043    582542.22
   14524.415     0.999998       593044    655360.00
   14524.415     1.000000       593044          inf
#[Mean    =     7453.063, StdDeviation   =     3045.969]
#[Max     =    14516.224, Total count    =       593044]
#[Buckets =           27, SubBuckets     =         2048]
-----------------------------------------------------------------------
  710475 requests in 1.00m, 189.62MB read
Requests/sec:  11841.49  
Transfer/sec:      3.16MB
