Running 1m test @ http://10.10.1.1:5000
  4 threads and 128 connections

  Thread calibration: mean lat.: 2638.069ms, rate sampling interval: 9617ms
  Thread calibration: mean lat.: 2657.566ms, rate sampling interval: 9625ms
  Thread calibration: mean lat.: 2655.011ms, rate sampling interval: 9658ms
  Thread calibration: mean lat.: 2453.141ms, rate sampling interval: 8765ms

-----------------------------------------------------------------------
Test Results @ http://10.10.1.1:5000 
  Thread Stats   Avg      Stdev     99%   +/- Stdev
    Latency    18.69s     7.78s   32.10s    57.76%
    Req/Sec     1.50k     6.11     1.52k    80.00%
  Latency Distribution (HdrHistogram - Recorded Latency)
 50.000%   18.68s 
 75.000%   25.41s 
 90.000%   29.49s 
 99.000%   32.10s 
 99.900%   32.96s 
 99.990%   33.46s 
 99.999%   33.62s 
100.000%   33.65s 

  Detailed Percentile spectrum:
       Value   Percentile   TotalCount 1/(1-Percentile)

    4591.615     0.000000            1         1.00
    7938.047     0.100000        30119         1.11
   10616.831     0.200000        60228         1.25
   13328.383     0.300000        90279         1.43
   15990.783     0.400000       120373         1.67
   18677.759     0.500000       150502         2.00
   20021.247     0.550000       165614         2.22
   21331.967     0.600000       180516         2.50
   22675.455     0.650000       195679         2.86
   24018.943     0.700000       210560         3.33
   25411.583     0.750000       225660         4.00
   26099.711     0.775000       233177         4.44
   26804.223     0.800000       240783         5.00
   27475.967     0.825000       248290         5.71
   28131.327     0.850000       255686         6.67
   28819.455     0.875000       263211         8.00
   29163.519     0.887500       266986         8.89
   29491.199     0.900000       270771        10.00
   29818.879     0.912500       274483        11.43
   30179.327     0.925000       278383        13.33
   30507.007     0.937500       282037        16.00
   30670.847     0.943750       283899        17.78
   30834.687     0.950000       285802        20.00
   31014.911     0.956250       287776        22.86
   31178.751     0.962500       289587        26.67
   31358.975     0.968750       291496        32.00
   31457.279     0.971875       292477        35.56
   31539.199     0.975000       293321        40.00
   31637.503     0.978125       294320        45.71
   31735.807     0.981250       295211        53.33
   31850.495     0.984375       296109        64.00
   31916.031     0.985938       296576        71.11
   31981.567     0.987500       297057        80.00
   32063.487     0.989062       297589        91.43
   32145.407     0.990625       298038       106.67
   32227.327     0.992188       298467       128.00
   32276.479     0.992969       298706       142.22
   32325.631     0.993750       298937       160.00
   32374.783     0.994531       299176       182.86
   32440.319     0.995313       299400       213.33
   32522.239     0.996094       299650       256.00
   32555.007     0.996484       299736       284.44
   32587.775     0.996875       299849       320.00
   32653.311     0.997266       299992       365.71
   32718.847     0.997656       300099       426.67
   32784.383     0.998047       300211       512.00
   32817.151     0.998242       300266       568.89
   32849.919     0.998437       300321       640.00
   32882.687     0.998633       300378       731.43
   32915.455     0.998828       300438       853.33
   32964.607     0.999023       300500      1024.00
   32980.991     0.999121       300525      1137.78
   33013.759     0.999219       300560      1280.00
   33046.527     0.999316       300592      1462.86
   33062.911     0.999414       300612      1706.67
   33095.679     0.999512       300641      2048.00
   33128.447     0.999561       300656      2275.56
   33161.215     0.999609       300674      2560.00
   33193.983     0.999658       300691      2925.71
   33226.751     0.999707       300701      3413.33
   33275.903     0.999756       300715      4096.00
   33308.671     0.999780       300722      4551.11
   33341.439     0.999805       300733      5120.00
   33357.823     0.999829       300737      5851.43
   33374.207     0.999854       300743      6826.67
   33406.975     0.999878       300752      8192.00
   33439.743     0.999890       300756      9102.22
   33456.127     0.999902       300758     10240.00
   33488.895     0.999915       300763     11702.86
   33505.279     0.999927       300766     13653.33
   33521.663     0.999939       300770     16384.00
   33538.047     0.999945       300773     18204.44
   33538.047     0.999951       300773     20480.00
   33554.431     0.999957       300776     23405.71
   33554.431     0.999963       300776     27306.67
   33587.199     0.999969       300781     32768.00
   33587.199     0.999973       300781     36408.89
   33587.199     0.999976       300781     40960.00
   33587.199     0.999979       300781     46811.43
   33619.967     0.999982       300784     54613.33
   33619.967     0.999985       300784     65536.00
   33619.967     0.999986       300784     72817.78
   33619.967     0.999988       300784     81920.00
   33619.967     0.999989       300784     93622.86
   33652.735     0.999991       300787    109226.67
   33652.735     1.000000       300787          inf
#[Mean    =    18690.626, StdDeviation   =     7782.443]
#[Max     =    33619.968, Total count    =       300787]
#[Buckets =           27, SubBuckets     =         2048]
-----------------------------------------------------------------------
  359459 requests in 1.00m, 95.53MB read
  Socket errors: connect 0, read 0, write 0, timeout 10
Requests/sec:   5991.11  
Transfer/sec:      1.59MB
