Running 1m test @ http://10.10.1.1:5000
  4 threads and 128 connections

  Thread calibration: mean lat.: 1193.277ms, rate sampling interval: 4139ms
  Thread calibration: mean lat.: 1139.612ms, rate sampling interval: 3966ms
  Thread calibration: mean lat.: 1193.578ms, rate sampling interval: 4165ms
  Thread calibration: mean lat.: 1169.801ms, rate sampling interval: 4022ms

-----------------------------------------------------------------------
Test Results @ http://10.10.1.1:5000 
  Thread Stats   Avg      Stdev     99%   +/- Stdev
    Latency     7.43s     3.02s   13.02s    58.95%
    Req/Sec     2.97k    16.40     3.02k    70.21%
  Latency Distribution (HdrHistogram - Recorded Latency)
 50.000%    7.45s 
 75.000%    9.99s 
 90.000%   11.53s 
 99.000%   13.02s 
 99.900%   13.68s 
 99.990%   14.05s 
 99.999%   14.11s 
100.000%   14.16s 

  Detailed Percentile spectrum:
       Value   Percentile   TotalCount 1/(1-Percentile)

    1461.247     0.000000            1         1.00
    3244.031     0.100000        59485         1.11
    4321.279     0.200000       118904         1.25
    5394.431     0.300000       178371         1.43
    6438.911     0.400000       237841         1.67
    7446.527     0.500000       297253         2.00
    7954.431     0.550000       327065         2.22
    8486.911     0.600000       357000         2.50
    8978.431     0.650000       386615         2.86
    9494.527     0.700000       416593         3.33
    9986.047     0.750000       446054         4.00
   10239.999     0.775000       461043         4.44
   10485.759     0.800000       475952         5.00
   10739.711     0.825000       490552         5.71
   10993.663     0.850000       505398         6.67
   11255.807     0.875000       520401         8.00
   11395.071     0.887500       527898         8.89
   11534.335     0.900000       535319        10.00
   11665.407     0.912500       542807        11.43
   11812.863     0.925000       550131        13.33
   11968.511     0.937500       557461        16.00
   12050.431     0.943750       561191        17.78
   12140.543     0.950000       564863        20.00
   12230.655     0.956250       568463        22.86
   12328.959     0.962500       572341        26.67
   12460.031     0.968750       576026        32.00
   12533.759     0.971875       577857        35.56
   12615.679     0.975000       579726        40.00
   12689.407     0.978125       581632        45.71
   12763.135     0.981250       583422        53.33
   12845.055     0.984375       585266        64.00
   12894.207     0.985938       586137        71.11
   12935.167     0.987500       587003        80.00
   12984.319     0.989062       587988        91.43
   13049.855     0.990625       588882       106.67
   13123.583     0.992188       589875       128.00
   13156.351     0.992969       590331       142.22
   13189.119     0.993750       590801       160.00
   13221.887     0.994531       591187       182.86
   13262.847     0.995313       591719       213.33
   13320.191     0.996094       592130       256.00
   13361.151     0.996484       592367       284.44
   13393.919     0.996875       592570       320.00
   13434.879     0.997266       592836       365.71
   13475.839     0.997656       593039       426.67
   13524.991     0.998047       593282       512.00
   13557.759     0.998242       593383       568.89
   13590.527     0.998437       593535       640.00
   13615.103     0.998633       593635       731.43
   13647.871     0.998828       593750       853.33
   13680.639     0.999023       593848      1024.00
   13705.215     0.999121       593915      1137.78
   13721.599     0.999219       593962      1280.00
   13754.367     0.999316       594021      1462.86
   13778.943     0.999414       594079      1706.67
   13803.519     0.999512       594153      2048.00
   13811.711     0.999561       594185      2275.56
   13819.903     0.999609       594201      2560.00
   13836.287     0.999658       594229      2925.71
   13852.671     0.999707       594258      3413.33
   13893.631     0.999756       594279      4096.00
   13918.207     0.999780       594293      4551.11
   13975.551     0.999805       594306      5120.00
   14000.127     0.999829       594327      5851.43
   14008.319     0.999854       594338      6826.67
   14032.895     0.999878       594351      8192.00
   14041.087     0.999890       594358      9102.22
   14057.471     0.999902       594374     10240.00
   14057.471     0.999915       594374     11702.86
   14065.663     0.999927       594385     13653.33
   14073.855     0.999939       594401     16384.00
   14073.855     0.999945       594401     18204.44
   14073.855     0.999951       594401     20480.00
   14073.855     0.999957       594401     23405.71
   14073.855     0.999963       594401     27306.67
   14082.047     0.999969       594410     32768.00
   14082.047     0.999973       594410     36408.89
   14082.047     0.999976       594410     40960.00
   14082.047     0.999979       594410     46811.43
   14090.239     0.999982       594412     54613.33
   14098.431     0.999985       594413     65536.00
   14106.623     0.999986       594414     72817.78
   14114.815     0.999988       594416     81920.00
   14114.815     0.999989       594416     93622.86
   14123.007     0.999991       594417    109226.67
   14131.199     0.999992       594418    131072.00
   14131.199     0.999993       594418    145635.56
   14139.391     0.999994       594419    163840.00
   14139.391     0.999995       594419    187245.71
   14147.583     0.999995       594421    218453.33
   14147.583     0.999996       594421    262144.00
   14147.583     0.999997       594421    291271.11
   14147.583     0.999997       594421    327680.00
   14147.583     0.999997       594421    374491.43
   14147.583     0.999998       594421    436906.67
   14147.583     0.999998       594421    524288.00
   14147.583     0.999998       594421    582542.22
   14155.775     0.999998       594422    655360.00
   14155.775     1.000000       594422          inf
#[Mean    =     7432.924, StdDeviation   =     3020.766]
#[Max     =    14147.584, Total count    =       594422]
#[Buckets =           27, SubBuckets     =         2048]
-----------------------------------------------------------------------
  711785 requests in 1.00m, 186.81MB read
Requests/sec:  11863.22  
Transfer/sec:      3.11MB
