Running 1m test @ http://10.10.1.1:5000
  4 threads and 128 connections

  Thread calibration: mean lat.: 2.865ms, rate sampling interval: 10ms
  Thread calibration: mean lat.: 2.854ms, rate sampling interval: 10ms
  Thread calibration: mean lat.: 2.848ms, rate sampling interval: 10ms
  Thread calibration: mean lat.: 2.919ms, rate sampling interval: 10ms

-----------------------------------------------------------------------
Test Results @ http://10.10.1.1:5000 
  Thread Stats   Avg      Stdev     99%   +/- Stdev
    Latency     2.69ms    1.35ms   6.38ms   79.16%
    Req/Sec   262.77    164.54   700.00     75.79%
  Latency Distribution (HdrHistogram - Recorded Latency)
 50.000%    2.10ms
 75.000%    3.60ms
 90.000%    4.70ms
 99.000%    6.38ms
 99.900%    7.92ms
 99.990%    9.99ms
 99.999%   10.42ms
100.000%   10.42ms

  Detailed Percentile spectrum:
       Value   Percentile   TotalCount 1/(1-Percentile)

       1.149     0.000000            1         1.00
       1.426     0.100000         4985         1.11
       1.510     0.200000         9980         1.25
       1.601     0.300000        14965         1.43
       1.743     0.400000        19955         1.67
       2.095     0.500000        24924         2.00
       2.605     0.550000        27417         2.22
       2.855     0.600000        29922         2.50
       3.091     0.650000        32401         2.86
       3.337     0.700000        34897         3.33
       3.601     0.750000        37399         4.00
       3.741     0.775000        38646         4.44
       3.899     0.800000        39877         5.00
       4.069     0.825000        41126         5.71
       4.259     0.850000        42383         6.67
       4.459     0.875000        43626         8.00
       4.571     0.887500        44253         8.89
       4.695     0.900000        44870        10.00
       4.831     0.912500        45491        11.43
       4.967     0.925000        46115        13.33
       5.115     0.937500        46735        16.00
       5.195     0.943750        47042        17.78
       5.287     0.950000        47356        20.00
       5.391     0.956250        47674        22.86
       5.503     0.962500        47976        26.67
       5.639     0.968750        48297        32.00
       5.715     0.971875        48450        35.56
       5.795     0.975000        48599        40.00
       5.891     0.978125        48755        45.71
       5.991     0.981250        48912        53.33
       6.115     0.984375        49068        64.00
       6.171     0.985938        49149        71.11
       6.239     0.987500        49224        80.00
       6.307     0.989062        49301        91.43
       6.419     0.990625        49381       106.67
       6.527     0.992188        49460       128.00
       6.599     0.992969        49495       142.22
       6.695     0.993750        49536       160.00
       6.771     0.994531        49574       182.86
       6.875     0.995313        49612       213.33
       6.971     0.996094        49651       256.00
       7.055     0.996484        49673       284.44
       7.099     0.996875        49691       320.00
       7.175     0.997266        49710       365.71
       7.291     0.997656        49729       426.67
       7.399     0.998047        49748       512.00
       7.475     0.998242        49758       568.89
       7.579     0.998437        49768       640.00
       7.643     0.998633        49778       731.43
       7.807     0.998828        49787       853.33
       7.955     0.999023        49797      1024.00
       8.047     0.999121        49802      1137.78
       8.239     0.999219        49807      1280.00
       8.319     0.999316        49811      1462.86
       8.447     0.999414        49816      1706.67
       8.503     0.999512        49821      2048.00
       8.679     0.999561        49824      2275.56
       8.791     0.999609        49826      2560.00
       9.031     0.999658        49828      2925.71
       9.087     0.999707        49831      3413.33
       9.191     0.999756        49833      4096.00
       9.471     0.999780        49835      4551.11
       9.607     0.999805        49836      5120.00
       9.703     0.999829        49837      5851.43
       9.791     0.999854        49838      6826.67
       9.895     0.999878        49839      8192.00
       9.991     0.999890        49840      9102.22
      10.079     0.999902        49841     10240.00
      10.079     0.999915        49841     11702.86
      10.127     0.999927        49842     13653.33
      10.127     0.999939        49842     16384.00
      10.191     0.999945        49843     18204.44
      10.191     0.999951        49843     20480.00
      10.191     0.999957        49843     23405.71
      10.247     0.999963        49844     27306.67
      10.247     0.999969        49844     32768.00
      10.247     0.999973        49844     36408.89
      10.247     0.999976        49844     40960.00
      10.247     0.999979        49844     46811.43
      10.423     0.999982        49845     54613.33
      10.423     1.000000        49845          inf
#[Mean    =        2.691, StdDeviation   =        1.349]
#[Max     =       10.416, Total count    =        49845]
#[Buckets =           27, SubBuckets     =         2048]
-----------------------------------------------------------------------
  59777 requests in 1.00m, 15.91MB read
Requests/sec:    996.22  
Transfer/sec:    271.56KB
