Running 1m test @ http://10.10.1.1:5000
  4 threads and 128 connections

  Thread calibration: mean lat.: 2.027ms, rate sampling interval: 10ms
  Thread calibration: mean lat.: 2.055ms, rate sampling interval: 10ms
  Thread calibration: mean lat.: 2.090ms, rate sampling interval: 10ms
  Thread calibration: mean lat.: 2.054ms, rate sampling interval: 10ms

-----------------------------------------------------------------------
Test Results @ http://10.10.1.1:5000 
  Thread Stats   Avg      Stdev     99%   +/- Stdev
    Latency     3.68ms    0.90ms   6.66ms   80.63%
    Req/Sec   263.93    166.94   700.00     74.95%
  Latency Distribution (HdrHistogram - Recorded Latency)
 50.000%    3.58ms
 75.000%    4.07ms
 90.000%    4.74ms
 99.000%    6.66ms
 99.900%    8.77ms
 99.990%   11.10ms
 99.999%   13.90ms
100.000%   14.38ms

  Detailed Percentile spectrum:
       Value   Percentile   TotalCount 1/(1-Percentile)

       1.206     0.000000            1         1.00
       2.849     0.100000         6016         1.11
       3.031     0.200000        12082         1.25
       3.191     0.300000        18076         1.43
       3.377     0.400000        24094         1.67
       3.583     0.500000        30070         2.00
       3.679     0.550000        33092         2.22
       3.771     0.600000        36093         2.50
       3.861     0.650000        39107         2.86
       3.957     0.700000        42129         3.33
       4.065     0.750000        45114         4.00
       4.127     0.775000        46597         4.44
       4.199     0.800000        48138         5.00
       4.287     0.825000        49628         5.71
       4.399     0.850000        51128         6.67
       4.547     0.875000        52614         8.00
       4.631     0.887500        53366         8.89
       4.739     0.900000        54116        10.00
       4.855     0.912500        54891        11.43
       4.979     0.925000        55627        13.33
       5.127     0.937500        56371        16.00
       5.219     0.943750        56763        17.78
       5.311     0.950000        57122        20.00
       5.415     0.956250        57505        22.86
       5.531     0.962500        57874        26.67
       5.667     0.968750        58257        32.00
       5.739     0.971875        58435        35.56
       5.835     0.975000        58625        40.00
       5.947     0.978125        58813        45.71
       6.079     0.981250        59003        53.33
       6.231     0.984375        59186        64.00
       6.319     0.985938        59281        71.11
       6.443     0.987500        59375        80.00
       6.575     0.989062        59472        91.43
       6.711     0.990625        59562       106.67
       6.859     0.992188        59657       128.00
       6.951     0.992969        59704       142.22
       7.039     0.993750        59750       160.00
       7.167     0.994531        59798       182.86
       7.327     0.995313        59844       213.33
       7.531     0.996094        59895       256.00
       7.587     0.996484        59914       284.44
       7.675     0.996875        59939       320.00
       7.771     0.997266        59961       365.71
       7.915     0.997656        59985       426.67
       8.083     0.998047        60008       512.00
       8.163     0.998242        60021       568.89
       8.287     0.998437        60032       640.00
       8.423     0.998633        60043       731.43
       8.631     0.998828        60055       853.33
       8.807     0.999023        60067      1024.00
       8.887     0.999121        60073      1137.78
       8.991     0.999219        60079      1280.00
       9.047     0.999316        60084      1462.86
       9.167     0.999414        60090      1706.67
       9.287     0.999512        60096      2048.00
       9.423     0.999561        60099      2275.56
       9.575     0.999609        60102      2560.00
       9.727     0.999658        60105      2925.71
       9.823     0.999707        60108      3413.33
      10.007     0.999756        60111      4096.00
      10.015     0.999780        60112      4551.11
      10.135     0.999805        60114      5120.00
      10.431     0.999829        60115      5851.43
      10.927     0.999854        60117      6826.67
      11.071     0.999878        60118      8192.00
      11.095     0.999890        60119      9102.22
      11.943     0.999902        60120     10240.00
      11.943     0.999915        60120     11702.86
      12.391     0.999927        60121     13653.33
      12.983     0.999939        60122     16384.00
      12.983     0.999945        60122     18204.44
      13.615     0.999951        60123     20480.00
      13.615     0.999957        60123     23405.71
      13.615     0.999963        60123     27306.67
      13.903     0.999969        60124     32768.00
      13.903     0.999973        60124     36408.89
      13.903     0.999976        60124     40960.00
      13.903     0.999979        60124     46811.43
      13.903     0.999982        60124     54613.33
      14.375     0.999985        60125     65536.00
      14.375     1.000000        60125          inf
#[Mean    =        3.680, StdDeviation   =        0.899]
#[Max     =       14.368, Total count    =        60125]
#[Buckets =           27, SubBuckets     =         2048]
-----------------------------------------------------------------------
  70057 requests in 1.17m, 19.05MB read
Requests/sec:   1000.76  
Transfer/sec:    278.60KB
