Running 1m test @ http://10.10.1.2:5000
  4 threads and 128 connections

  Thread calibration: mean lat.: 2237.441ms, rate sampling interval: 8036ms
  Thread calibration: mean lat.: 2244.515ms, rate sampling interval: 8183ms
  Thread calibration: mean lat.: 2199.003ms, rate sampling interval: 7852ms
  Thread calibration: mean lat.: 2286.874ms, rate sampling interval: 8216ms

-----------------------------------------------------------------------
Test Results @ http://10.10.1.2:5000 
  Thread Stats   Avg      Stdev     99%   +/- Stdev
    Latency    17.73s     7.68s   31.13s    57.81%
    Req/Sec     0.98k     9.25     1.00k    67.86%
  Latency Distribution (HdrHistogram - Recorded Latency)
 50.000%   17.74s 
 75.000%   24.38s 
 90.000%   28.33s 
 99.000%   31.13s 
 99.900%   32.23s 
 99.990%   33.16s 
 99.999%   33.37s 
100.000%   33.41s 

  Detailed Percentile spectrum:
       Value   Percentile   TotalCount 1/(1-Percentile)

    3514.367     0.000000            1         1.00
    7077.887     0.100000        23536         1.11
    9756.671     0.200000        47062         1.25
   12468.223     0.300000        70604         1.43
   15089.663     0.400000        94165         1.67
   17743.871     0.500000       117748         2.00
   19021.823     0.550000       129508         2.22
   20299.775     0.600000       141160         2.50
   21676.031     0.650000       153050         2.86
   23003.135     0.700000       164754         3.33
   24379.391     0.750000       176578         4.00
   25034.751     0.775000       182375         4.44
   25722.879     0.800000       188244         5.00
   26378.239     0.825000       194155         5.71
   27049.983     0.850000       200100         6.67
   27688.959     0.875000       205903         8.00
   28000.255     0.887500       208838         8.89
   28327.935     0.900000       211748        10.00
   28655.615     0.912500       214774        11.43
   28983.295     0.925000       217746        13.33
   29294.591     0.937500       220600        16.00
   29491.199     0.943750       222139        17.78
   29671.423     0.950000       223588        20.00
   29851.647     0.956250       225066        22.86
   30031.871     0.962500       226553        26.67
   30228.479     0.968750       227962        32.00
   30326.783     0.971875       228688        35.56
   30441.471     0.975000       229434        40.00
   30556.159     0.978125       230128        45.71
   30670.847     0.981250       230855        53.33
   30818.303     0.984375       231624        64.00
   30900.223     0.985938       232000        71.11
   30982.143     0.987500       232383        80.00
   31064.063     0.989062       232714        91.43
   31162.367     0.990625       233059       106.67
   31277.055     0.992188       233443       128.00
   31342.591     0.992969       233624       142.22
   31424.511     0.993750       233825       160.00
   31490.047     0.994531       233994       182.86
   31571.967     0.995313       234197       213.33
   31653.887     0.996094       234375       256.00
   31686.655     0.996484       234443       284.44
   31735.807     0.996875       234531       320.00
   31801.343     0.997266       234642       365.71
   31866.879     0.997656       234725       426.67
   31932.415     0.998047       234805       512.00
   31981.567     0.998242       234857       568.89
   32047.103     0.998437       234901       640.00
   32112.639     0.998633       234954       731.43
   32178.175     0.998828       235005       853.33
   32243.711     0.999023       235044      1024.00
   32292.863     0.999121       235065      1137.78
   32342.015     0.999219       235083      1280.00
   32407.551     0.999316       235104      1462.86
   32473.087     0.999414       235128      1706.67
   32571.391     0.999512       235150      2048.00
   32653.311     0.999561       235162      2275.56
   32718.847     0.999609       235174      2560.00
   32833.535     0.999658       235184      2925.71
   32980.991     0.999707       235196      3413.33
   33046.527     0.999756       235209      4096.00
   33079.295     0.999780       235215      4551.11
   33095.679     0.999805       235221      5120.00
   33112.063     0.999829       235224      5851.43
   33144.831     0.999854       235231      6826.67
   33161.215     0.999878       235240      8192.00
   33161.215     0.999890       235240      9102.22
   33177.599     0.999902       235242     10240.00
   33193.983     0.999915       235248     11702.86
   33193.983     0.999927       235248     13653.33
   33210.367     0.999939       235253     16384.00
   33210.367     0.999945       235253     18204.44
   33210.367     0.999951       235253     20480.00
   33259.519     0.999957       235255     23405.71
   33275.903     0.999963       235256     27306.67
   33292.287     0.999969       235259     32768.00
   33292.287     0.999973       235259     36408.89
   33292.287     0.999976       235259     40960.00
   33292.287     0.999979       235259     46811.43
   33325.055     0.999982       235260     54613.33
   33341.439     0.999985       235261     65536.00
   33341.439     0.999986       235261     72817.78
   33374.207     0.999988       235262     81920.00
   33374.207     0.999989       235262     93622.86
   33374.207     0.999991       235262    109226.67
   33390.591     0.999992       235263    131072.00
   33390.591     0.999993       235263    145635.56
   33390.591     0.999994       235263    163840.00
   33390.591     0.999995       235263    187245.71
   33390.591     0.999995       235263    218453.33
   33406.975     0.999996       235264    262144.00
   33406.975     1.000000       235264          inf
#[Mean    =    17728.036, StdDeviation   =     7680.754]
#[Max     =    33390.592, Total count    =       235264]
#[Buckets =           27, SubBuckets     =         2048]
-----------------------------------------------------------------------
  273964 requests in 1.17m, 670.91MB read
Requests/sec:   3913.79  
Transfer/sec:      9.58MB
