Running 1m test @ http://10.10.1.1:5000
  4 threads and 128 connections

  Thread calibration: mean lat.: 4.156ms, rate sampling interval: 14ms
  Thread calibration: mean lat.: 4.141ms, rate sampling interval: 14ms
  Thread calibration: mean lat.: 4.146ms, rate sampling interval: 14ms
  Thread calibration: mean lat.: 4.177ms, rate sampling interval: 14ms

-----------------------------------------------------------------------
Test Results @ http://10.10.1.1:5000 
  Thread Stats   Avg      Stdev     99%   +/- Stdev
    Latency     3.90ms    2.20ms  10.75ms   75.64%
    Req/Sec   780.37    242.32     1.38k    71.09%
  Latency Distribution (HdrHistogram - Recorded Latency)
 50.000%    3.28ms
 75.000%    5.18ms
 90.000%    6.93ms
 99.000%   10.75ms
 99.900%   14.94ms
 99.990%   18.67ms
 99.999%   22.58ms
100.000%   24.19ms

  Detailed Percentile spectrum:
       Value   Percentile   TotalCount 1/(1-Percentile)

       1.211     0.000000            1         1.00
       1.740     0.100000        15068         1.11
       1.981     0.200000        30084         1.25
       2.273     0.300000        45181         1.43
       2.685     0.400000        60164         1.67
       3.279     0.500000        75207         2.00
       3.623     0.550000        82692         2.22
       3.985     0.600000        90205         2.50
       4.363     0.650000        97795         2.86
       4.755     0.700000       105269         3.33
       5.175     0.750000       112757         4.00
       5.403     0.775000       116544         4.44
       5.635     0.800000       120280         5.00
       5.911     0.825000       124053         5.71
       6.215     0.850000       127815         6.67
       6.547     0.875000       131578         8.00
       6.735     0.887500       133448         8.89
       6.931     0.900000       135313        10.00
       7.163     0.912500       137198        11.43
       7.427     0.925000       139077        13.33
       7.727     0.937500       140958        16.00
       7.903     0.943750       141889        17.78
       8.091     0.950000       142825        20.00
       8.311     0.956250       143773        22.86
       8.551     0.962500       144714        26.67
       8.863     0.968750       145657        32.00
       9.031     0.971875       146117        35.56
       9.223     0.975000       146599        40.00
       9.439     0.978125       147056        45.71
       9.671     0.981250       147523        53.33
       9.975     0.984375       147990        64.00
      10.151     0.985938       148224        71.11
      10.351     0.987500       148461        80.00
      10.591     0.989062       148693        91.43
      10.855     0.990625       148929       106.67
      11.159     0.992188       149163       128.00
      11.375     0.992969       149285       142.22
      11.567     0.993750       149396       160.00
      11.799     0.994531       149516       182.86
      12.031     0.995313       149631       213.33
      12.391     0.996094       149748       256.00
      12.591     0.996484       149808       284.44
      12.815     0.996875       149869       320.00
      13.071     0.997266       149925       365.71
      13.391     0.997656       149985       426.67
      13.743     0.998047       150042       512.00
      13.911     0.998242       150072       568.89
      14.087     0.998437       150103       640.00
      14.351     0.998633       150130       731.43
      14.711     0.998828       150159       853.33
      14.959     0.999023       150190      1024.00
      15.127     0.999121       150203      1137.78
      15.327     0.999219       150218      1280.00
      15.519     0.999316       150233      1462.86
      15.783     0.999414       150247      1706.67
      16.143     0.999512       150262      2048.00
      16.447     0.999561       150269      2275.56
      16.735     0.999609       150277      2560.00
      16.927     0.999658       150284      2925.71
      17.119     0.999707       150291      3413.33
      17.455     0.999756       150300      4096.00
      17.487     0.999780       150303      4551.11
      17.855     0.999805       150306      5120.00
      18.095     0.999829       150310      5851.43
      18.255     0.999854       150313      6826.67
      18.479     0.999878       150317      8192.00
      18.623     0.999890       150319      9102.22
      18.687     0.999902       150321     10240.00
      18.783     0.999915       150323     11702.86
      18.815     0.999927       150324     13653.33
      19.103     0.999939       150326     16384.00
      19.391     0.999945       150327     18204.44
      19.551     0.999951       150328     20480.00
      19.631     0.999957       150329     23405.71
      19.775     0.999963       150330     27306.67
      19.791     0.999969       150331     32768.00
      19.791     0.999973       150331     36408.89
      20.527     0.999976       150332     40960.00
      20.527     0.999979       150332     46811.43
      22.575     0.999982       150333     54613.33
      22.575     0.999985       150333     65536.00
      22.575     0.999986       150333     72817.78
      23.439     0.999988       150334     81920.00
      23.439     0.999989       150334     93622.86
      23.439     0.999991       150334    109226.67
      23.439     0.999992       150334    131072.00
      23.439     0.999993       150334    145635.56
      24.191     0.999994       150335    163840.00
      24.191     1.000000       150335          inf
#[Mean    =        3.902, StdDeviation   =        2.198]
#[Max     =       24.176, Total count    =       150335]
#[Buckets =           27, SubBuckets     =         2048]
-----------------------------------------------------------------------
  180335 requests in 1.00m, 47.96MB read
Requests/sec:   3005.63  
Transfer/sec:    818.52KB
