Running 1m test @ http://10.10.1.1:5000
  4 threads and 128 connections

  Thread calibration: mean lat.: 3189.579ms, rate sampling interval: 11698ms
  Thread calibration: mean lat.: 2980.955ms, rate sampling interval: 10485ms
  Thread calibration: mean lat.: 3194.442ms, rate sampling interval: 11550ms
  Thread calibration: mean lat.: 3192.177ms, rate sampling interval: 11780ms

-----------------------------------------------------------------------
Test Results @ http://10.10.1.1:5000 
  Thread Stats   Avg      Stdev     99%   +/- Stdev
    Latency    25.80s    11.31s   45.35s    57.98%
    Req/Sec   435.65      4.73   446.00     80.00%
  Latency Distribution (HdrHistogram - Recorded Latency)
 50.000%   25.74s 
 75.000%   35.55s 
 90.000%   41.55s 
 99.000%   45.35s 
 99.900%   46.66s 
 99.990%   47.48s 
 99.999%   47.87s 
100.000%   47.87s 

  Detailed Percentile spectrum:
       Value   Percentile   TotalCount 1/(1-Percentile)

    5119.999     0.000000            1         1.00
   10141.695     0.100000        10472         1.11
   14032.895     0.200000        20940         1.25
   18022.399     0.300000        31444         1.43
   21905.407     0.400000        41882         1.67
   25739.263     0.500000        52340         2.00
   27656.191     0.550000        57577         2.22
   29671.423     0.600000        62808         2.50
   31637.503     0.650000        68066         2.86
   33587.199     0.700000        73301         3.33
   35553.279     0.750000        78567         4.00
   36536.319     0.775000        81139         4.44
   37486.591     0.800000        83742         5.00
   38567.935     0.825000        86411         5.71
   39583.743     0.850000        89001         6.67
   40566.783     0.875000        91647         8.00
   41058.303     0.887500        92953         8.89
   41549.823     0.900000        94233        10.00
   42008.575     0.912500        95512        11.43
   42500.095     0.925000        96885        13.33
   42958.847     0.937500        98184        16.00
   43188.223     0.943750        98811        17.78
   43450.367     0.950000        99480        20.00
   43712.511     0.956250       100147        22.86
   43974.655     0.962500       100809        26.67
   44204.031     0.968750       101395        32.00
   44335.103     0.971875       101725        35.56
   44498.943     0.975000       102103        40.00
   44630.015     0.978125       102436        45.71
   44761.087     0.981250       102726        53.33
   44957.695     0.984375       103070        64.00
   45055.999     0.985938       103236        71.11
   45154.303     0.987500       103361        80.00
   45285.375     0.989062       103535        91.43
   45416.447     0.990625       103709       106.67
   45547.519     0.992188       103860       128.00
   45645.823     0.992969       103946       142.22
   45744.127     0.993750       104034       160.00
   45809.663     0.994531       104113       182.86
   45875.199     0.995313       104174       213.33
   46006.271     0.996094       104270       256.00
   46071.807     0.996484       104304       284.44
   46137.343     0.996875       104341       320.00
   46202.879     0.997266       104376       365.71
   46268.415     0.997656       104419       426.67
   46366.719     0.998047       104471       512.00
   46399.487     0.998242       104478       568.89
   46432.255     0.998437       104496       640.00
   46497.791     0.998633       104516       731.43
   46596.095     0.998828       104541       853.33
   46694.399     0.999023       104562      1024.00
   46727.167     0.999121       104569      1137.78
   46792.703     0.999219       104587      1280.00
   46825.471     0.999316       104594      1462.86
   46858.239     0.999414       104598      1706.67
   46891.007     0.999512       104609      2048.00
   46956.543     0.999561       104615      2275.56
   47022.079     0.999609       104622      2560.00
   47054.847     0.999658       104625      2925.71
   47120.383     0.999707       104629      3413.33
   47185.919     0.999756       104636      4096.00
   47251.455     0.999780       104637      4551.11
   47284.223     0.999805       104639      5120.00
   47382.527     0.999829       104645      5851.43
   47382.527     0.999854       104645      6826.67
   47448.063     0.999878       104648      8192.00
   47448.063     0.999890       104648      9102.22
   47480.831     0.999902       104649     10240.00
   47611.903     0.999915       104651     11702.86
   47742.975     0.999927       104652     13653.33
   47808.511     0.999939       104653     16384.00
   47841.279     0.999945       104656     18204.44
   47841.279     0.999951       104656     20480.00
   47841.279     0.999957       104656     23405.71
   47841.279     0.999963       104656     27306.67
   47841.279     0.999969       104656     32768.00
   47874.047     0.999973       104659     36408.89
   47874.047     1.000000       104659          inf
#[Mean    =    25800.485, StdDeviation   =    11312.621]
#[Max     =    47841.280, Total count    =       104659]
#[Buckets =           27, SubBuckets     =         2048]
-----------------------------------------------------------------------
  121986 requests in 1.17m, 298.84MB read
Requests/sec:   1742.46  
Transfer/sec:      4.27MB
