Running 1m test @ http://10.10.1.2:5000
  4 threads and 128 connections

  Thread calibration: mean lat.: 0.733ms, rate sampling interval: 10ms
  Thread calibration: mean lat.: 0.722ms, rate sampling interval: 10ms
  Thread calibration: mean lat.: 0.729ms, rate sampling interval: 10ms
  Thread calibration: mean lat.: 0.726ms, rate sampling interval: 10ms

-----------------------------------------------------------------------
Test Results @ http://10.10.1.2:5000 
  Thread Stats   Avg      Stdev     99%   +/- Stdev
    Latency   731.07us  163.51us   1.54ms   92.82%
    Req/Sec   265.80    165.80   700.00     74.89%
  Latency Distribution (HdrHistogram - Recorded Latency)
 50.000%  705.00us
 75.000%  767.00us
 90.000%  839.00us
 99.000%    1.54ms
 99.900%    2.27ms
 99.990%    3.02ms
 99.999%    3.40ms
100.000%    3.63ms

  Detailed Percentile spectrum:
       Value   Percentile   TotalCount 1/(1-Percentile)

       0.427     0.000000            1         1.00
       0.610     0.100000         6082         1.11
       0.639     0.200000        12067         1.25
       0.662     0.300000        18106         1.43
       0.683     0.400000        24055         1.67
       0.705     0.500000        30314         2.00
       0.715     0.550000        33121         2.22
       0.727     0.600000        36300         2.50
       0.739     0.650000        39288         2.86
       0.752     0.700000        42274         3.33
       0.767     0.750000        45233         4.00
       0.775     0.775000        46635         4.44
       0.784     0.800000        48105         5.00
       0.795     0.825000        49644         5.71
       0.807     0.850000        51131         6.67
       0.821     0.875000        52621         8.00
       0.830     0.887500        53381         8.89
       0.839     0.900000        54116        10.00
       0.850     0.912500        54870        11.43
       0.863     0.925000        55639        13.33
       0.879     0.937500        56373        16.00
       0.890     0.943750        56768        17.78
       0.901     0.950000        57118        20.00
       0.917     0.956250        57495        22.86
       0.940     0.962500        57880        26.67
       0.977     0.968750        58245        32.00
       1.015     0.971875        58433        35.56
       1.090     0.975000        58620        40.00
       1.170     0.978125        58812        45.71
       1.241     0.981250        58998        53.33
       1.322     0.984375        59186        64.00
       1.379     0.985938        59279        71.11
       1.447     0.987500        59373        80.00
       1.522     0.989062        59467        91.43
       1.570     0.990625        59562       106.67
       1.653     0.992188        59654       128.00
       1.696     0.992969        59701       142.22
       1.732     0.993750        59749       160.00
       1.768     0.994531        59795       182.86
       1.816     0.995313        59843       213.33
       1.882     0.996094        59889       256.00
       1.915     0.996484        59912       284.44
       1.950     0.996875        59936       320.00
       1.989     0.997266        59959       365.71
       2.024     0.997656        59983       426.67
       2.093     0.998047        60006       512.00
       2.145     0.998242        60019       568.89
       2.173     0.998437        60031       640.00
       2.205     0.998633        60042       731.43
       2.231     0.998828        60053       853.33
       2.285     0.999023        60065      1024.00
       2.311     0.999121        60071      1137.78
       2.347     0.999219        60077      1280.00
       2.367     0.999316        60083      1462.86
       2.411     0.999414        60088      1706.67
       2.453     0.999512        60094      2048.00
       2.473     0.999561        60097      2275.56
       2.617     0.999609        60100      2560.00
       2.635     0.999658        60105      2925.71
       2.649     0.999707        60106      3413.33
       2.721     0.999756        60109      4096.00
       2.723     0.999780        60110      4551.11
       2.793     0.999805        60112      5120.00
       2.799     0.999829        60113      5851.43
       2.933     0.999854        60115      6826.67
       2.947     0.999878        60116      8192.00
       3.023     0.999890        60117      9102.22
       3.051     0.999902        60118     10240.00
       3.051     0.999915        60118     11702.86
       3.151     0.999927        60119     13653.33
       3.209     0.999939        60120     16384.00
       3.209     0.999945        60120     18204.44
       3.341     0.999951        60121     20480.00
       3.341     0.999957        60121     23405.71
       3.341     0.999963        60121     27306.67
       3.403     0.999969        60122     32768.00
       3.403     0.999973        60122     36408.89
       3.403     0.999976        60122     40960.00
       3.403     0.999979        60122     46811.43
       3.403     0.999982        60122     54613.33
       3.635     0.999985        60123     65536.00
       3.635     1.000000        60123          inf
#[Mean    =        0.731, StdDeviation   =        0.164]
#[Max     =        3.634, Total count    =        60123]
#[Buckets =           27, SubBuckets     =         2048]
-----------------------------------------------------------------------
  69811 requests in 1.17m, 14.18MB read
Requests/sec:    997.28  
Transfer/sec:    207.44KB
