Running for 60.0 seconds (120 samples at 0.5 second intervals).
Power measurements will start in 0 seconds time.

  Time    User  Nice   Sys  Idle    IO  Run Ctxt/s  IRQ/s Fork Exec Exit  Watts
20:02:24  66.9   0.0  11.4  21.7   0.0   30 296156 204060    1    1    1  97.46 
20:02:25  66.9   0.0  11.0  21.9   0.1   62 297568 191282    0    0    0  97.41 
20:02:25  65.9   0.0  11.9  22.3   0.0   35 300670 189436    0    0    0  96.95 
20:02:26  67.2   0.0  10.3  22.5   0.0   17 299762 188390    0    0    0  97.04 
20:02:26  67.1   0.0  11.0  21.9   0.0   41 303978 193966    0    0    0  97.09 
20:02:27  67.9   0.0  11.6  20.5   0.0   46 294410 189440    1    0    0  97.96 
20:02:27  65.7   0.0  12.0  22.3   0.0   75 299394 185282    0    0    0  97.22 
20:02:28  66.3   0.0  11.4  22.3   0.0   48 296004 196200    0    0    0  97.51 
20:02:28  66.6   0.0  10.5  22.9   0.0   60 295066 188548    0    0    0  97.19 
20:02:29  67.7   0.0  11.5  20.8   0.0   29 304928 187362    0    0    0  98.26 
20:02:29  64.4   0.0  12.1  23.5   0.0   51 301364 188292    0    0    0  97.32 
20:02:30  67.3   0.0  11.3  21.4   0.0   28 295514 196542    0    0    0  97.73 
20:02:30  66.6   0.0  11.1  22.3   0.0   79 298996 182034    0    0    0  97.32 
20:02:31  64.2   0.0  11.2  24.6   0.0   13 300842 182042    0    0    0  96.17 
20:02:31  66.9   0.0  10.5  22.6   0.0   37 303330 204238    0    0    0  96.91 
20:02:32  66.3   0.0  11.1  22.6   0.0   52 306908 195398    0    0    0  97.03 
20:02:32  66.4   0.0  12.3  21.3   0.0   48 309680 190384    0    0    0  97.59 
20:02:33  65.5   0.0  11.9  22.6   0.0   45 300312 181086    0    0    0  97.33 
20:02:33  68.2   0.0  11.4  20.5   0.0   53 287512 178000    0    0    0  98.16 
20:02:34  65.0   0.0  11.1  23.9   0.0   28 303978 185352    0    0    0  96.64 
20:02:34  68.8   0.0  10.3  20.9   0.0   36 291664 182302    0    0    0  97.96 
20:02:35  66.6   0.0  11.1  22.3   0.0   73 289808 189390    0    0    0  97.39 
20:02:35  66.7   0.0  11.6  21.7   0.0   22 298508 191168    0    0    0  97.87 
20:02:36  67.1   0.0  10.4  22.5   0.0   47 293492 185062    0    0    0  97.13 
20:02:36  65.8   0.0  11.5  22.8   0.0   65 307662 189490    0    0    0  97.14 
20:02:37  65.1   0.0  11.4  23.4   0.0   40 302570 189560    0    0    0  96.55 
20:02:37  67.0   0.0  12.0  21.1   0.0   49 307074 178346    0    0    0  97.79 
20:02:38  67.1   0.0  10.6  22.3   0.0   34 301374 194142    0    0    0  96.96 
20:02:38  66.3   0.0  11.1  22.6   0.0   23 300860 188918    0    0    0  97.45 
20:02:39  66.5   0.0  10.9  22.5   0.0   24 303154 198364    2    1    0  96.96 
20:02:39  66.8   0.0  11.7  21.6   0.0  119 293416 191608    0    0    0  97.41 
20:02:40  68.1   0.0  11.2  20.7   0.0   53 290984 180964    0    0    2  98.00 
20:02:40  66.7   0.0  10.5  22.8   0.0   25 299320 188756    0    0    0  96.90 
20:02:41  67.7   0.0  11.3  20.9   0.0   26 298710 207566    0    0    0  97.79 
20:02:41  65.7   0.0  12.0  22.3   0.0   30 292288 192912    0    0    0  97.18 
20:02:42  67.6   0.0  11.1  21.3   0.0   30 293020 183780    0    0    0  97.67 
20:02:42  66.9   0.0  11.4  21.7   0.0   24 297102 184640    0    0    0  97.80 
20:02:43  66.4   0.0  11.6  22.0   0.0   68 312198 190600    0    0    0  97.59 
20:02:43  68.1   0.0  10.2  21.7   0.0   43 290994 181450    0    0    0  97.71 
20:02:44  68.1   0.0  10.7  21.1   0.0   41 304886 194310    0    0    0  97.78 
20:02:44  66.3   0.0  11.8  21.9   0.0   47 298564 202268    0    0    0  97.62 
20:02:45  66.5   0.0  10.9  22.4   0.1   56 291012 189850    0    0    0  97.27 
20:02:45  67.5   0.0  10.6  21.8   0.0   82 294560 183310    0    0    0  97.68 
20:02:46  66.4   0.0  12.1  21.5   0.0   83 297356 191988    0    0    0  97.95 
20:02:46  67.1   0.0  11.5  21.4   0.0  103 301356 192820    0    0    0  97.38 
20:02:47  65.8   0.0  11.9  22.3   0.0   64 294856 185226    0    0    0  97.24 
20:02:47  65.9   0.0  11.6  22.4   0.0   53 301386 185594    0    0    0  97.48 
20:02:48  66.9   0.0  11.7  21.4   0.0   22 288918 194016    0    0    0  97.68 
20:02:48  66.7   0.0  12.0  21.2   0.0   85 301258 193024    0    0    0  97.56 
20:02:49  66.7   0.0  11.6  21.7   0.0   61 304098 196636    0    0    0  97.29 
20:02:49  68.0   0.0  10.8  21.1   0.0   67 290840 188736    0    0    0  97.84 
20:02:50  66.8   0.0  11.3  21.8   0.0   69 299678 193032    0    0    0  97.40 
20:02:50  68.1   0.0  10.1  21.8   0.0   36 299738 188658    0    0    0  97.78 
20:02:51  64.6   0.0  12.1  23.2   0.0  125 296238 180288    0    0    0  96.57 
20:02:51  67.4   0.0  11.2  21.4   0.0   11 292974 189728    0    0    0  97.73 
20:02:52  68.0   0.0  11.0  21.0   0.0   72 290498 180926    0    0    0  97.90 
20:02:52  65.6   0.0  11.6  22.8   0.0   47 295688 188956    0    0    0  96.75 
20:02:53  67.7   0.0  10.5  21.8   0.0   56 295162 184294    0    0    0  97.57 
20:02:53  67.5   0.0  11.5  21.0   0.0   25 298612 192884    0    0    0  98.14 
20:02:54  67.5   0.0  10.7  21.7   0.0   61 305204 189304    0    0    0  97.57 
20:02:54  66.2   0.0  11.9  21.9   0.0   47 300586 197920    0    0    0  97.47 
20:02:55  65.8   0.0  11.6  22.5   0.0   73 292088 174268    0    0    0  97.31 
20:02:55  65.8   0.0  12.2  22.0   0.0   25 290278 171638    0    0    0  97.75 
20:02:56  67.6   0.0  11.2  21.1   0.0   35 298710 177466    0    0    0  97.60 
20:02:56  67.8   0.0  10.5  21.7   0.0   79 299092 193158    0    0    0  97.49 
20:02:57  66.1   0.0  11.0  22.9   0.0   42 295682 185690    0    0    0  96.88 
20:02:57  66.9   0.0  11.1  22.0   0.0   43 289096 188126    0    0    0  97.37 
20:02:58  67.4   0.0  10.5  22.1   0.0   15 302772 189100    0    0    0  97.25 
20:02:58  66.6   0.0  11.0  22.4   0.0   67 299018 188096    0    0    0  96.76 
20:02:59  66.5   0.0  10.7  22.9   0.0   41 296750 184222    0    0    0  96.88 
20:02:59  67.6   0.0  10.9  21.5   0.0   58 300866 185386    0    0    0  98.08 
20:03:00  66.5   0.0  11.1  22.4   0.0   26 302730 185228    0    0    0  97.16 
20:03:00  66.4   0.0  11.1  22.4   0.0   17 302128 180610    0    0    0  97.14 
20:03:01  66.8   0.0  11.7  21.4   0.1   67 305072 186340    0    0    0  97.45 
20:03:01  66.3   0.0  11.8  21.9   0.0   50 290536 186990    1    1    0  97.43 
20:03:02  66.4   0.0  11.9  21.7   0.0   47 297742 183134    1    0    0  97.18 
20:03:02  66.2   0.0  11.9  21.9   0.0   55 285596 193268    0    0    0  97.49 
20:03:03  67.5   0.0  11.2  21.3   0.0   26 293456 183768    0    0    0  97.33 
20:03:03  65.4   0.0  12.2  22.4   0.0   36 313356 186442    0    0    0  96.91 
20:03:04  67.1   0.0  11.8  21.1   0.0   63 289564 176744    0    0    0  97.58 
20:03:04  66.4   0.0  11.4  22.2   0.0   35 286526 185326    0    0    0  97.67 
20:03:05  66.2   0.0  11.9  21.9   0.0   13 296586 194040    0    0    2  97.77 
20:03:05  67.0   0.0  11.3  21.6   0.0   64 295298 186544    0    0    0  97.61 
20:03:06  66.4   0.0  12.1  21.4   0.0   52 291490 192710    2    0    0  97.49 
20:03:06  66.7   0.0  11.1  22.3   0.0   39 293524 185150    0    0    0  97.20 
20:03:07  67.1   0.0  11.0  22.0   0.0   46 293780 183528    0    0    2  97.65 
20:03:07  66.7   0.0  11.0  22.4   0.0   28 285002 179676    0    0    0  97.08 
20:03:08  68.3   0.0  11.3  20.3   0.0   64 277360 175762    0    0    0  98.01 
20:03:08  66.3   0.0  11.7  22.0   0.1   38 296978 185972    0    0    0  97.35 
20:03:09  66.8   0.0  11.3  21.9   0.0   31 305246 186924    0    0    0  97.35 
20:03:09  66.2   0.0  11.2  22.6   0.0   56 301916 199016    0    0    0  97.17 
20:03:10  66.4   0.0  11.0  22.6   0.0   25 304148 179112    0    0    0  97.20 
20:03:10  65.6   0.0  12.2  22.2   0.0   33 292220 184246    0    0    0  97.11 
20:03:11  65.8   0.0  11.0  23.2   0.0   44 291524 183000    0    0    0  96.61 
20:03:11  64.1   0.0  12.3  23.6   0.0   23 310292 189046    0    0    0  97.04 
20:03:12  68.1   0.0  10.5  21.4   0.0   52 298100 195606    0    0    0  97.54 
20:03:12  66.6   0.0  11.1  22.3   0.0   66 300354 187890    0    0    0  97.21 
20:03:13  66.0   0.0  11.2  22.8   0.0   49 298412 178052    2    0    0  97.10 
20:03:13  67.2   0.0  11.9  20.9   0.0   58 293362 191018    0    0    0  97.67 
20:03:14  65.1   0.0  11.4  23.5   0.1   43 307344 185002    0    0    0  96.88 
20:03:14  65.9   0.0  11.7  22.4   0.0   49 288402 196722    0    0    0  96.96 
20:03:15  66.8   0.0  11.5  21.7   0.0   46 288182 182880    0    0    0  97.53 
20:03:15  67.7   0.0  11.6  20.7   0.0   38 296300 187978    0    0    0  98.02 
20:03:16  36.8   0.0   7.2  56.0   0.0    1 179622 112838    0    0    0  68.53 
20:03:16   0.1   0.0   0.0  99.9   0.0    1   1536   1012    0    0    0  17.57 
20:03:17   0.1   0.0   0.2  99.7   0.0    1   2326   1256    0    0    0  18.30 
20:03:17   0.1   0.0   0.1  99.8   0.0    1   2024   1028    2    0    0  17.49 
20:03:18   0.1   0.0   0.1  99.9   0.0    1   1492    966    0    0    0  17.25 
20:03:18   0.1   0.0   0.1  99.8   0.0    1   1848    980    0    0    0  17.90 
20:03:19   0.1   0.0   0.0  99.9   0.0    1   1482    924    0    0    0  17.29 
20:03:19   0.1   0.0   0.1  99.9   0.0    1   1188    678    0    0    0  17.04 
20:03:20   0.2   0.0   0.1  99.7   0.0    1   1636    878    0    0    0  17.38 
20:03:20   0.0   0.0   0.1  99.9   0.0    1   1336    838    0    0    0  16.93 
20:03:21   0.0   0.0   0.0 100.0   0.0    1   1528    898    0    0    0  17.06 
20:03:21   0.1   0.0   0.1  99.8   0.0    1   1444    868    0    0    0  17.54 
20:03:22   0.1   0.0   0.0  99.9   0.0    1   1574    942    0    0    0  16.99 
20:03:22   0.1   0.0   0.0  99.9   0.0    1   1312    862    0    0    0  16.95 
20:03:23   0.0   0.0   0.1  99.9   0.0    1   1724    930    0    0    0  17.29 
20:03:23   0.1   0.0   0.0  99.9   0.0    1   1492    814    1    0    0  16.98 
20:03:24   0.1   0.0   0.1  99.9   0.0    1   1556    870    0    0    0  17.19 
-------- ----- ----- ----- ----- ----- ---- ------ ------ ---- ---- ---- ------ 
 Average  57.5   0.0   9.8  32.7   0.0 40.8 257050.3 162438.1  0.1  0.0  0.1  86.48 
 GeoMean   0.0   0.0   0.0  27.1   0.0 25.1 147223.1 91979.0  0.0  0.0  0.0  77.13 
  StdDev  22.7   0.0   3.9  26.6   0.0 25.4 100936.4 64000.4  0.4  0.2  0.3  27.25 
-------- ----- ----- ----- ----- ----- ---- ------ ------ ---- ---- ---- ------ 
 Minimum   0.0   0.0   0.0  20.3   0.0  1.0 1188.0  678.0  0.0  0.0  0.0  16.93 
 Maximum  68.8   0.0  12.3 100.0   0.1 125.0 313356.0 207566.0  2.0  1.0  2.0  98.26 
-------- ----- ----- ----- ----- ----- ---- ------ ------ ---- ---- ---- ------ 
Summary:
CPU:  86.48 Watts on average with standard deviation 27.25 
Note: power read from RAPL domains: dram, package-0, dram, package-1.
These readings do not cover all the hardware in this device.
