Running 1m test @ http://10.10.1.1:5000
  4 threads and 128 connections

  Thread calibration: mean lat.: 2.094ms, rate sampling interval: 10ms
  Thread calibration: mean lat.: 2.115ms, rate sampling interval: 10ms
  Thread calibration: mean lat.: 1.935ms, rate sampling interval: 10ms
  Thread calibration: mean lat.: 2.127ms, rate sampling interval: 10ms

-----------------------------------------------------------------------
Test Results @ http://10.10.1.1:5000 
  Thread Stats   Avg      Stdev     99%   +/- Stdev
    Latency     1.67ms  318.01us   2.80ms   78.76%
    Req/Sec   262.86    165.38   700.00     75.38%
  Latency Distribution (HdrHistogram - Recorded Latency)
 50.000%    1.63ms
 75.000%    1.80ms
 90.000%    2.01ms
 99.000%    2.80ms
 99.900%    3.60ms
 99.990%    4.53ms
 99.999%    4.99ms
100.000%    4.99ms

  Detailed Percentile spectrum:
       Value   Percentile   TotalCount 1/(1-Percentile)

       1.132     0.000000            1         1.00
       1.351     0.100000         5041         1.11
       1.417     0.200000        10005         1.25
       1.480     0.300000        14955         1.43
       1.554     0.400000        19952         1.67
       1.627     0.500000        24941         2.00
       1.662     0.550000        27432         2.22
       1.696     0.600000        29971         2.50
       1.730     0.650000        32468         2.86
       1.763     0.700000        34900         3.33
       1.803     0.750000        37419         4.00
       1.825     0.775000        38659         4.44
       1.849     0.800000        39929         5.00
       1.877     0.825000        41167         5.71
       1.910     0.850000        42376         6.67
       1.952     0.875000        43629         8.00
       1.980     0.887500        44249         8.89
       2.013     0.900000        44869        10.00
       2.063     0.912500        45509        11.43
       2.123     0.925000        46123        13.33
       2.197     0.937500        46744        16.00
       2.237     0.943750        47048        17.78
       2.287     0.950000        47367        20.00
       2.341     0.956250        47680        22.86
       2.399     0.962500        47991        26.67
       2.465     0.968750        48301        32.00
       2.501     0.971875        48455        35.56
       2.541     0.975000        48605        40.00
       2.581     0.978125        48764        45.71
       2.623     0.981250        48916        53.33
       2.675     0.984375        49075        64.00
       2.709     0.985938        49157        71.11
       2.737     0.987500        49232        80.00
       2.777     0.989062        49305        91.43
       2.831     0.990625        49384       106.67
       2.893     0.992188        49462       128.00
       2.931     0.992969        49500       142.22
       2.967     0.993750        49542       160.00
       3.023     0.994531        49578       182.86
       3.065     0.995313        49618       213.33
       3.111     0.996094        49657       256.00
       3.133     0.996484        49676       284.44
       3.173     0.996875        49696       320.00
       3.219     0.997266        49714       365.71
       3.279     0.997656        49734       426.67
       3.357     0.998047        49753       512.00
       3.401     0.998242        49763       568.89
       3.431     0.998437        49773       640.00
       3.469     0.998633        49782       731.43
       3.551     0.998828        49792       853.33
       3.615     0.999023        49802      1024.00
       3.675     0.999121        49807      1137.78
       3.713     0.999219        49813      1280.00
       3.755     0.999316        49816      1462.86
       3.831     0.999414        49821      1706.67
       3.895     0.999512        49826      2048.00
       3.983     0.999561        49829      2275.56
       4.019     0.999609        49831      2560.00
       4.091     0.999658        49833      2925.71
       4.127     0.999707        49836      3413.33
       4.219     0.999756        49838      4096.00
       4.299     0.999780        49840      4551.11
       4.327     0.999805        49841      5120.00
       4.371     0.999829        49842      5851.43
       4.475     0.999854        49843      6826.67
       4.523     0.999878        49844      8192.00
       4.531     0.999890        49845      9102.22
       4.583     0.999902        49846     10240.00
       4.583     0.999915        49846     11702.86
       4.659     0.999927        49847     13653.33
       4.659     0.999939        49847     16384.00
       4.787     0.999945        49848     18204.44
       4.787     0.999951        49848     20480.00
       4.787     0.999957        49848     23405.71
       4.795     0.999963        49849     27306.67
       4.795     0.999969        49849     32768.00
       4.795     0.999973        49849     36408.89
       4.795     0.999976        49849     40960.00
       4.795     0.999979        49849     46811.43
       4.987     0.999982        49850     54613.33
       4.987     1.000000        49850          inf
#[Mean    =        1.673, StdDeviation   =        0.318]
#[Max     =        4.984, Total count    =        49850]
#[Buckets =           27, SubBuckets     =         2048]
-----------------------------------------------------------------------
  59537 requests in 1.00m, 15.63MB read
Requests/sec:    992.16  
Transfer/sec:    266.73KB
