Running 1m test @ http://10.10.1.2:5000
  4 threads and 128 connections

  Thread calibration: mean lat.: 2753.867ms, rate sampling interval: 10067ms
  Thread calibration: mean lat.: 2722.865ms, rate sampling interval: 10092ms
  Thread calibration: mean lat.: 2732.128ms, rate sampling interval: 10035ms
  Thread calibration: mean lat.: 2512.801ms, rate sampling interval: 8994ms

-----------------------------------------------------------------------
Test Results @ http://10.10.1.2:5000 
  Thread Stats   Avg      Stdev     99%   +/- Stdev
    Latency    22.36s     9.80s   39.39s    57.97%
    Req/Sec     0.98k     7.07     0.99k    85.71%
  Latency Distribution (HdrHistogram - Recorded Latency)
 50.000%   22.32s 
 75.000%   30.82s 
 90.000%   35.98s 
 99.000%   39.39s 
 99.900%   40.47s 
 99.990%   41.19s 
 99.999%   41.42s 
100.000%   41.52s 

  Detailed Percentile spectrum:
       Value   Percentile   TotalCount 1/(1-Percentile)

    4493.311     0.000000            1         1.00
    8773.631     0.100000        23526         1.11
   12222.463     0.200000        47034         1.25
   15589.375     0.300000        70510         1.43
   18972.671     0.400000        94064         1.67
   22315.007     0.500000       117538         2.00
   24002.559     0.550000       129321         2.22
   25624.575     0.600000       141034         2.50
   27344.895     0.650000       152776         2.86
   29147.135     0.700000       164555         3.33
   30818.303     0.750000       176267         4.00
   31670.271     0.775000       182162         4.44
   32522.239     0.800000       188089         5.00
   33406.975     0.825000       193968         5.71
   34275.327     0.850000       199940         6.67
   35160.063     0.875000       205800         8.00
   35553.279     0.887500       208592         8.89
   35979.263     0.900000       211611        10.00
   36405.247     0.912500       214687        11.43
   36798.463     0.925000       217480        13.33
   37224.447     0.937500       220423        16.00
   37421.055     0.943750       221812        17.78
   37650.431     0.950000       223352        20.00
   37879.807     0.956250       224870        22.86
   38109.183     0.962500       226353        26.67
   38338.559     0.968750       227794        32.00
   38436.863     0.971875       228408        35.56
   38567.935     0.975000       229131        40.00
   38731.775     0.978125       229977        45.71
   38862.847     0.981250       230626        53.33
   39026.687     0.984375       231425        64.00
   39124.991     0.985938       231804        71.11
   39190.527     0.987500       232059        80.00
   39321.599     0.989062       232524        91.43
   39419.903     0.990625       232863       106.67
   39518.207     0.992188       233177       128.00
   39583.743     0.992969       233344       142.22
   39649.279     0.993750       233529       160.00
   39747.583     0.994531       233745       182.86
   39813.119     0.995313       233894       213.33
   39911.423     0.996094       234078       256.00
   39976.959     0.996484       234190       284.44
   40042.495     0.996875       234298       320.00
   40108.031     0.997266       234392       365.71
   40173.567     0.997656       234481       426.67
   40239.103     0.998047       234545       512.00
   40304.639     0.998242       234624       568.89
   40337.407     0.998437       234654       640.00
   40370.175     0.998633       234682       731.43
   40402.943     0.998828       234718       853.33
   40468.479     0.999023       234768      1024.00
   40501.247     0.999121       234791      1137.78
   40534.015     0.999219       234818      1280.00
   40566.783     0.999316       234833      1462.86
   40632.319     0.999414       234855      1706.67
   40697.855     0.999512       234880      2048.00
   40730.623     0.999561       234894      2275.56
   40763.391     0.999609       234904      2560.00
   40828.927     0.999658       234918      2925.71
   40861.695     0.999707       234926      3413.33
   40894.463     0.999756       234936      4096.00
   40927.231     0.999780       234942      4551.11
   40959.999     0.999805       234948      5120.00
   40992.767     0.999829       234953      5851.43
   41058.303     0.999854       234959      6826.67
   41123.839     0.999878       234964      8192.00
   41156.607     0.999890       234968      9102.22
   41189.375     0.999902       234970     10240.00
   41222.143     0.999915       234976     11702.86
   41222.143     0.999927       234976     13653.33
   41254.911     0.999939       234978     16384.00
   41287.679     0.999945       234982     18204.44
   41287.679     0.999951       234982     20480.00
   41287.679     0.999957       234982     23405.71
   41320.447     0.999963       234987     27306.67
   41320.447     0.999969       234987     32768.00
   41320.447     0.999973       234987     36408.89
   41320.447     0.999976       234987     40960.00
   41320.447     0.999979       234987     46811.43
   41353.215     0.999982       234988     54613.33
   41385.983     0.999985       234989     65536.00
   41385.983     0.999986       234989     72817.78
   41418.751     0.999988       234990     81920.00
   41418.751     0.999989       234990     93622.86
   41418.751     0.999991       234990    109226.67
   41451.519     0.999992       234991    131072.00
   41451.519     0.999993       234991    145635.56
   41451.519     0.999994       234991    163840.00
   41451.519     0.999995       234991    187245.71
   41451.519     0.999995       234991    218453.33
   41517.055     0.999996       234992    262144.00
   41517.055     1.000000       234992          inf
#[Mean    =    22357.268, StdDeviation   =     9804.408]
#[Max     =    41484.288, Total count    =       234992]
#[Buckets =           27, SubBuckets     =         2048]
-----------------------------------------------------------------------
  273922 requests in 1.17m, 671.06MB read
  Socket errors: connect 0, read 0, write 0, timeout 39
Requests/sec:   3912.98  
Transfer/sec:      9.59MB
