Running 1m test @ http://10.10.1.1:5000
  4 threads and 128 connections

  Thread calibration: mean lat.: 1936.115ms, rate sampling interval: 6832ms
  Thread calibration: mean lat.: 1943.627ms, rate sampling interval: 6823ms
  Thread calibration: mean lat.: 1976.883ms, rate sampling interval: 6991ms
  Thread calibration: mean lat.: 1972.711ms, rate sampling interval: 6955ms

-----------------------------------------------------------------------
Test Results @ http://10.10.1.1:5000 
  Thread Stats   Avg      Stdev     99%   +/- Stdev
    Latency    13.14s     5.38s   22.48s    58.04%
    Req/Sec     2.98k     8.51     2.99k    71.43%
  Latency Distribution (HdrHistogram - Recorded Latency)
 50.000%   13.16s 
 75.000%   17.74s 
 90.000%   20.58s 
 99.000%   22.48s 
 99.900%   23.07s 
 99.990%   23.46s 
 99.999%   23.67s 
100.000%   23.71s 

  Detailed Percentile spectrum:
       Value   Percentile   TotalCount 1/(1-Percentile)

    3248.127     0.000000            1         1.00
    5689.343     0.100000        59653         1.11
    7532.543     0.200000       119179         1.25
    9428.991     0.300000       178774         1.43
   11313.151     0.400000       238344         1.67
   13156.351     0.500000       298072         2.00
   14065.663     0.550000       327763         2.22
   15015.935     0.600000       357561         2.50
   15908.863     0.650000       387226         2.86
   16826.367     0.700000       416965         3.33
   17743.871     0.750000       447145         4.00
   18202.623     0.775000       461868         4.44
   18677.759     0.800000       476662         5.00
   19169.279     0.825000       491787         5.71
   19644.415     0.850000       506672         6.67
   20119.551     0.875000       521414         8.00
   20348.927     0.887500       528830         8.89
   20578.303     0.900000       536290        10.00
   20807.679     0.912500       543636        11.43
   21037.055     0.925000       551099        13.33
   21282.815     0.937500       558817        16.00
   21397.503     0.943750       562258        17.78
   21512.191     0.950000       565936        20.00
   21643.263     0.956250       569925        22.86
   21757.951     0.962500       573270        26.67
   21905.407     0.968750       577331        32.00
   21970.943     0.971875       578858        35.56
   22052.863     0.975000       580907        40.00
   22134.783     0.978125       582857        45.71
   22216.703     0.981250       584655        53.33
   22298.623     0.984375       586342        64.00
   22347.775     0.985938       587327        71.11
   22396.927     0.987500       588316        80.00
   22446.079     0.989062       589172        91.43
   22511.615     0.990625       590142       106.67
   22577.151     0.992188       591008       128.00
   22609.919     0.992969       591425       142.22
   22659.071     0.993750       592031       160.00
   22691.839     0.994531       592409       182.86
   22740.991     0.995313       592943       213.33
   22773.759     0.996094       593284       256.00
   22806.527     0.996484       593614       284.44
   22822.911     0.996875       593739       320.00
   22855.679     0.997266       593993       365.71
   22904.831     0.997656       594272       426.67
   22937.599     0.998047       594446       512.00
   22970.367     0.998242       594589       568.89
   22986.751     0.998437       594686       640.00
   23019.519     0.998633       594837       731.43
   23035.903     0.998828       594893       853.33
   23085.055     0.999023       595049      1024.00
   23101.439     0.999121       595100      1137.78
   23117.823     0.999219       595149      1280.00
   23150.591     0.999316       595221      1462.86
   23166.975     0.999414       595263      1706.67
   23199.743     0.999512       595319      2048.00
   23216.127     0.999561       595344      2275.56
   23232.511     0.999609       595370      2560.00
   23248.895     0.999658       595411      2925.71
   23265.279     0.999707       595433      3413.33
   23281.663     0.999756       595449      4096.00
   23314.431     0.999780       595465      4551.11
   23330.815     0.999805       595473      5120.00
   23363.583     0.999829       595488      5851.43
   23396.351     0.999854       595511      6826.67
   23412.735     0.999878       595519      8192.00
   23445.503     0.999890       595526      9102.22
   23461.887     0.999902       595533     10240.00
   23494.655     0.999915       595543     11702.86
   23511.039     0.999927       595549     13653.33
   23543.807     0.999939       595553     16384.00
   23592.959     0.999945       595559     18204.44
   23609.343     0.999951       595562     20480.00
   23625.727     0.999957       595564     23405.71
   23642.111     0.999963       595570     27306.67
   23658.495     0.999969       595581     32768.00
   23658.495     0.999973       595581     36408.89
   23658.495     0.999976       595581     40960.00
   23658.495     0.999979       595581     46811.43
   23658.495     0.999982       595581     54613.33
   23658.495     0.999985       595581     65536.00
   23658.495     0.999986       595581     72817.78
   23674.879     0.999988       595584     81920.00
   23674.879     0.999989       595584     93622.86
   23674.879     0.999991       595584    109226.67
   23691.263     0.999992       595587    131072.00
   23691.263     0.999993       595587    145635.56
   23691.263     0.999994       595587    163840.00
   23691.263     0.999995       595587    187245.71
   23691.263     0.999995       595587    218453.33
   23691.263     0.999996       595587    262144.00
   23691.263     0.999997       595587    291271.11
   23707.647     0.999997       595589    327680.00
   23707.647     1.000000       595589          inf
#[Mean    =    13135.580, StdDeviation   =     5380.036]
#[Max     =    23691.264, Total count    =       595589]
#[Buckets =           27, SubBuckets     =         2048]
-----------------------------------------------------------------------
  713409 requests in 1.00m, 187.51MB read
Requests/sec:  11890.22  
Transfer/sec:      3.13MB
