Running 1m test @ http://10.10.1.1:5000
  4 threads and 128 connections

  Thread calibration: mean lat.: 1801.199ms, rate sampling interval: 6647ms
  Thread calibration: mean lat.: 1690.375ms, rate sampling interval: 6090ms
  Thread calibration: mean lat.: 1774.028ms, rate sampling interval: 6598ms
  Thread calibration: mean lat.: 1773.338ms, rate sampling interval: 6549ms

-----------------------------------------------------------------------
Test Results @ http://10.10.1.1:5000 
  Thread Stats   Avg      Stdev     99%   +/- Stdev
    Latency    12.97s     5.42s   22.33s    57.92%
    Req/Sec     2.97k    10.48     3.00k    72.41%
  Latency Distribution (HdrHistogram - Recorded Latency)
 50.000%   12.97s 
 75.000%   17.61s 
 90.000%   20.46s 
 99.000%   22.33s 
 99.900%   22.94s 
 99.990%   23.58s 
 99.999%   23.82s 
100.000%   23.87s 

  Detailed Percentile spectrum:
       Value   Percentile   TotalCount 1/(1-Percentile)

    2985.983     0.000000            1         1.00
    5488.639     0.100000        59484         1.11
    7348.223     0.200000       118793         1.25
    9215.999     0.300000       178325         1.43
   11116.543     0.400000       237552         1.67
   12967.935     0.500000       296929         2.00
   13910.015     0.550000       326585         2.22
   14860.287     0.600000       356408         2.50
   15777.791     0.650000       385942         2.86
   16687.103     0.700000       415635         3.33
   17612.799     0.750000       445776         4.00
   18087.935     0.775000       460424         4.44
   18563.071     0.800000       475030         5.00
   19038.207     0.825000       490015         5.71
   19513.343     0.850000       504824         6.67
   19988.479     0.875000       519520         8.00
   20234.239     0.887500       527304         8.89
   20463.615     0.900000       534517        10.00
   20709.375     0.912500       542054        11.43
   20955.135     0.925000       549588        13.33
   21184.511     0.937500       556786        16.00
   21299.199     0.943750       560495        17.78
   21413.887     0.950000       564152        20.00
   21528.575     0.956250       567945        22.86
   21643.263     0.962500       571520        26.67
   21774.335     0.968750       575287        32.00
   21839.871     0.971875       577119        35.56
   21921.791     0.975000       579224        40.00
   21987.327     0.978125       580786        45.71
   22069.247     0.981250       582713        53.33
   22151.167     0.984375       584628        64.00
   22200.319     0.985938       585688        71.11
   22233.087     0.987500       586338        80.00
   22298.623     0.989062       587488        91.43
   22347.775     0.990625       588278       106.67
   22413.311     0.992188       589345       128.00
   22446.079     0.992969       589735       142.22
   22478.847     0.993750       590106       160.00
   22511.615     0.994531       590517       182.86
   22560.767     0.995313       591077       213.33
   22609.919     0.996094       591550       256.00
   22626.303     0.996484       591685       284.44
   22659.071     0.996875       591914       320.00
   22691.839     0.997266       592136       365.71
   22740.991     0.997656       592454       426.67
   22773.759     0.998047       592673       512.00
   22790.143     0.998242       592738       568.89
   22806.527     0.998437       592817       640.00
   22855.679     0.998633       592983       731.43
   22888.447     0.998828       593053       853.33
   22953.983     0.999023       593181      1024.00
   22986.751     0.999121       593247      1137.78
   23003.135     0.999219       593282      1280.00
   23052.287     0.999316       593354      1462.86
   23101.439     0.999414       593397      1706.67
   23150.591     0.999512       593458      2048.00
   23166.975     0.999561       593481      2275.56
   23183.359     0.999609       593511      2560.00
   23216.127     0.999658       593545      2925.71
   23248.895     0.999707       593573      3413.33
   23281.663     0.999756       593593      4096.00
   23314.431     0.999780       593614      4551.11
   23330.815     0.999805       593625      5120.00
   23363.583     0.999829       593637      5851.43
   23445.503     0.999854       593654      6826.67
   23511.039     0.999878       593669      8192.00
   23527.423     0.999890       593672      9102.22
   23592.959     0.999902       593682     10240.00
   23609.343     0.999915       593688     11702.86
   23642.111     0.999927       593695     13653.33
   23691.263     0.999939       593701     16384.00
   23724.031     0.999945       593705     18204.44
   23740.415     0.999951       593709     20480.00
   23756.799     0.999957       593713     23405.71
   23773.183     0.999963       593719     27306.67
   23773.183     0.999969       593719     32768.00
   23789.567     0.999973       593725     36408.89
   23789.567     0.999976       593725     40960.00
   23789.567     0.999979       593725     46811.43
   23805.951     0.999982       593728     54613.33
   23805.951     0.999985       593728     65536.00
   23822.335     0.999986       593731     72817.78
   23822.335     0.999988       593731     81920.00
   23822.335     0.999989       593731     93622.86
   23838.719     0.999991       593734    109226.67
   23838.719     0.999992       593734    131072.00
   23838.719     0.999993       593734    145635.56
   23838.719     0.999994       593734    163840.00
   23838.719     0.999995       593734    187245.71
   23855.103     0.999995       593736    218453.33
   23855.103     0.999996       593736    262144.00
   23855.103     0.999997       593736    291271.11
   23855.103     0.999997       593736    327680.00
   23855.103     0.999997       593736    374491.43
   23855.103     0.999998       593736    436906.67
   23855.103     0.999998       593736    524288.00
   23855.103     0.999998       593736    582542.22
   23871.487     0.999998       593737    655360.00
   23871.487     1.000000       593737          inf
#[Mean    =    12966.051, StdDeviation   =     5415.895]
#[Max     =    23855.104, Total count    =       593737]
#[Buckets =           27, SubBuckets     =         2048]
-----------------------------------------------------------------------
  711074 requests in 1.00m, 186.71MB read
Requests/sec:  11850.85  
Transfer/sec:      3.11MB
