Running for 60.0 seconds (120 samples at 0.5 second intervals).
Power measurements will start in 0 seconds time.

  Time    User  Nice   Sys  Idle    IO  Run Ctxt/s  IRQ/s Fork Exec Exit  Watts
09:54:01  63.1   0.0   6.7  30.0   0.1   25 158508 184094    1    1    1  98.09 
09:54:01  68.3   0.0   6.2  25.6   0.0   37 134810 180316    0    0    0  99.90 
09:54:02  66.2   0.0   6.2  27.5   0.1   25 135336 207840    0    0    0  98.76 
09:54:02  72.7   0.0   5.0  22.3   0.0   43 128846 183888    0    0    0 101.24 
09:54:03  67.4   0.0   5.4  27.2   0.0   45 148986 198104    0    0    0  99.42 
09:54:03  69.9   0.0   5.6  24.5   0.0   11 135198 169170    0    0    0 100.59 
09:54:04  66.1   0.0   6.1  27.8   0.0   37 152122 209402    0    0    0  98.75 
09:54:04  67.4   0.0   6.0  26.5   0.0   44 135292 175602    0    0    0  99.40 
09:54:05  68.8   0.0   5.2  25.8   0.1   36 139946 183718    0    0    0  99.73 
09:54:05  68.4   0.0   5.6  26.0   0.0   30 143500 167560    0    0    0  99.67 
09:54:06  71.1   0.0   5.5  23.3   0.0   13 137226 212592    0    0    0 101.50 
09:54:06  71.9   0.0   5.3  22.8   0.0   31 120364 179926    0    0    0 101.40 
09:54:07  69.6   0.0   5.1  25.1   0.1   28 141044 192514    0    0    0 100.08 
09:54:07  68.6   0.0   4.5  26.6   0.3   20 136190 168582    0    0    0  99.24 
09:54:08  69.3   0.0   5.7  25.0   0.0   48 138008 180540    0    0    0 100.02 
09:54:08  70.7   0.0   5.1  24.2   0.0   38 139192 213174    0    0    0 100.19 
09:54:09  68.6   0.0   5.4  26.0   0.0   41 142286 193082    0    0    0  99.87 
09:54:09  70.4   0.0   5.4  24.2   0.0   21 134812 196570    0    0    0 100.07 
09:54:10  70.3   0.0   5.1  24.6   0.0   47 138920 176992    0    0    0 100.14 
09:54:10  70.6   0.0   6.3  23.1   0.0   39 130846 181860    0    0    0 100.39 
09:54:11  71.4   0.0   5.0  23.7   0.0   29 136860 203340    0    0    0  99.94 
09:54:11  70.7   0.0   5.5  23.8   0.0   20 136598 187616    0    0    0 100.23 
09:54:12  68.4   0.0   5.0  26.5   0.0   23 151814 203218    0    0    0  99.45 
09:54:12  68.5   0.0   4.8  26.6   0.0   46 142702 183988    0    0    0  99.82 
09:54:13  70.8   0.0   4.8  24.3   0.1   37 131586 185596    0    0    0 100.18 
09:54:13  65.6   0.0   5.9  28.4   0.0   26 152688 188978    0    0    0  98.81 
09:54:14  67.2   0.0   5.1  27.8   0.0   36 144148 184046    0    0    0  98.38 
09:54:14  68.1   0.0   5.0  26.8   0.0   17 154136 186650    0    0    0  99.37 
09:54:15  67.3   0.0   6.2  26.6   0.0   47 151436 186054    0    0    0  99.57 
09:54:15  67.7   0.0   6.0  26.3   0.0   19 149720 177426    0    0    0  98.75 
09:54:16  69.8   0.0   5.3  24.9   0.0   29 135316 221372    0    0    0 100.03 
09:54:16  69.9   0.0   6.2  23.9   0.0   37 130252 187766    0    0    0 100.86 
09:54:17  68.0   0.0   5.6  26.4   0.0   52 140174 195572    0    0    0  99.18 
09:54:17  68.4   0.0   6.0  25.7   0.0   37 149932 190358    0    0    0  99.60 
09:54:18  68.4   0.0   5.9  25.6   0.1   45 143432 200820    0    0    0  99.72 
09:54:18  71.4   0.0   5.2  23.4   0.0   40 138612 206244    0    0    0 100.32 
09:54:19  70.1   0.0   5.8  24.1   0.0   43 137476 180868    0    0    0 100.82 
09:54:19  72.5   0.0   4.8  22.7   0.0   38 147272 196622    0    0    0 100.42 
09:54:20  70.0   0.0   6.1  24.0   0.0   36 136990 189724    0    0    0 100.40 
09:54:20  68.1   0.0   5.7  26.2   0.0   22 137394 164774    0    0    0  99.30 
09:54:21  64.8   0.0   5.1  30.1   0.0   36 152692 184212    0    0    0  97.56 
09:54:21  69.7   0.0   5.7  24.5   0.0   48 136820 197334    0    0    1  99.93 
09:54:22  68.7   0.0   5.8  25.6   0.0   37 147158 168554    0    0    0 100.23 
09:54:22  66.8   0.0   5.2  28.0   0.0   32 148872 191334    0    0    0  98.66 
09:54:23  67.9   0.0   5.5  26.6   0.0   31 143030 175480    0    0    0  98.85 
09:54:23  66.8   0.0   5.7  27.4   0.1   38 144420 187586    0    0    0  97.95 
09:54:24  67.4   0.0   6.5  26.1   0.0   39 132370 165958    0    0    0  99.38 
09:54:24  67.7   0.0   5.5  26.7   0.0   34 141268 179696    0    0    0  99.19 
09:54:25  69.3   0.0   5.6  25.1   0.0   27 147014 179448    0    0    0 100.32 
09:54:25  65.8   0.0   5.8  28.4   0.0   24 153752 188136    0    0    0  98.28 
09:54:26  68.2   0.0   5.0  26.8   0.0   19 146380 175164    0    0    0  99.28 
09:54:26  70.3   0.0   5.2  24.5   0.0   29 139084 179674    0    0    0  99.50 
09:54:27  68.1   0.0   5.1  26.8   0.0   17 148016 179312    0    0    0  98.78 
09:54:27  70.3   0.0   5.3  24.4   0.0   41 149568 168380    0    0    0  99.91 
09:54:28  71.8   0.0   4.9  23.3   0.0   27 136674 178514    0    0    0 100.75 
09:54:28  67.5   0.0   5.7  26.7   0.0   46 139352 216926    0    0    0  98.82 
09:54:29  68.1   0.0   5.7  26.2   0.0   36 153876 189520    0    0    0  99.54 
09:54:29  69.0   0.0   5.7  25.3   0.0   21 137684 188836    0    0    0  99.24 
09:54:30  69.0   0.0   5.0  25.9   0.1   13 148628 192382    0    0    0  99.90 
09:54:30  69.4   0.0   5.0  25.6   0.0   50 147244 192418    0    0    0  99.61 
09:54:31  68.3   0.0   6.6  25.1   0.0   32 144090 186028    0    0    0  99.78 
09:54:31  68.0   0.0   4.9  27.1   0.0   39 147768 180430    0    0    0  98.99 
09:54:32  70.2   0.0   5.2  24.6   0.0   46 133294 181238    0    0    0 100.05 
09:54:32  68.3   0.0   6.1  25.6   0.0   42 137500 183758    0    0    0  99.58 
09:54:33  66.0   0.0   6.3  27.7   0.0   40 151484 205204    0    0    0  99.05 
09:54:33  70.9   0.0   6.0  23.2   0.0   44 133462 187390    0    0    0 100.33 
09:54:34  68.6   0.0   5.1  26.3   0.0   31 143162 171504    0    0    0  99.35 
09:54:34  68.3   0.0   5.8  26.0   0.0   34 137196 194754    0    0    0  99.69 
09:54:35  67.2   0.0   5.5  27.2   0.1   32 143582 169948    0    0    0  98.62 
09:54:35  68.8   0.0   4.9  26.3   0.0   39 134270 182058    1    0    0  99.68 
09:54:36  71.7   0.0   5.2  23.1   0.0   25 148570 163456    0    0    0 100.36 
09:54:36  73.4   0.0   5.0  21.6   0.0   34 123536 211542    0    0    0 101.18 
09:54:37  71.8   0.0   5.7  22.5   0.0   39 130032 187568    0    0    0 100.58 
09:54:37  67.1   0.0   5.9  26.9   0.0   32 139836 186266    0    0    0  99.19 
09:54:38  69.5   0.0   6.0  24.5   0.0   29 139908 183118    0    0    0 100.14 
09:54:38  69.3   0.0   4.9  25.8   0.0   20 130912 197820    0    0    0  99.49 
09:54:39  69.1   0.0   5.5  25.3   0.0   43 141410 209786    0    0    0  99.52 
09:54:39  67.0   0.0   5.7  27.3   0.0   36 137358 163638    0    0    0  98.84 
09:54:40  67.1   0.0   5.5  27.3   0.1   27 141862 183472    0    0    0  98.57 
09:54:40  66.3   0.0   5.7  28.0   0.0   39 151674 179660    0    0    0  98.27 
09:54:41  69.8   0.0   5.3  24.9   0.0   38 133992 184934    0    0    0 100.03 
09:54:41  68.9   0.0   6.1  25.0   0.0   41 140512 182232    0    0    0 100.09 
09:54:42  67.1   0.0   5.3  27.6   0.0   40 149442 203852    0    0    0  99.40 
09:54:42  68.0   0.0   5.6  26.4   0.0   44 140662 178814    0    0    0  99.60 
09:54:43  68.9   0.0   5.4  25.7   0.0   19 135818 183176    0    0    0  99.53 
09:54:43  68.6   0.0   5.5  25.9   0.0   19 144518 179136    0    0    0  99.92 
09:54:44  70.6   0.0   5.4  24.0   0.0   21 129156 161328    0    0    0 100.44 
09:54:44  70.1   0.0   5.7  24.1   0.0   31 130822 178338    0    0    0 100.61 
09:54:45  71.3   0.0   5.9  22.7   0.1   39 137212 190246    0    0    0 100.88 
09:54:45  66.8   0.0   5.8  27.4   0.0   27 148514 196364    0    0    0  98.99 
09:54:46  68.3   0.0   6.0  25.7   0.0   35 143138 175208    0    0    0  99.54 
09:54:46  71.2   0.0   4.5  24.2   0.0   34 128976 169812    0    0    0 100.00 
09:54:47  69.4   0.0   5.0  25.5   0.0   54 140948 190488    0    0    0  99.88 
09:54:47  69.1   0.0   5.5  25.4   0.0   22 139490 189308    0    0    0  99.90 
09:54:48  65.9   0.0   5.3  28.8   0.0   53 156250 158270    0    0    0  98.46 
09:54:48  68.2   0.0   5.3  26.4   0.1   38 146184 193888    0    0    0  99.14 
09:54:49  66.8   0.0   5.7  27.5   0.0   33 149674 189924    0    0    0  98.80 
09:54:49  70.0   0.0   5.5  24.5   0.0   29 131010 188344    0    0    0 100.11 
09:54:50  67.7   0.0   5.4  26.9   0.0   18 141724 155346    0    0    0  99.48 
09:54:50  68.9   0.0   4.6  26.5   0.0   35 143992 179156    0    0    0  99.65 
09:54:51  69.4   0.0   4.6  26.0   0.0   39 141090 180934    0    0    0  99.26 
09:54:51  69.7   0.0   5.7  24.6   0.0   51 138326 166450    0    0    0 100.03 
09:54:52  68.3   0.0   6.1  25.5   0.0   17 148592 224868    0    0    0  99.73 
09:54:52  68.6   0.0   4.9  26.4   0.1   47 137198 168438    0    0    0  99.09 
09:54:53  67.3   0.0   5.6  27.1   0.0   37 150688 196146    0    0    0  98.77 
09:54:53  70.2   0.0   5.8  24.0   0.0   11 130638 175820    0    0    0 100.41 
09:54:54  67.8   0.0   5.6  26.6   0.0   41 139838 181600    0    0    0  99.04 
09:54:54  68.6   0.0   5.5  25.9   0.0   29 142684 196848    0    0    0  99.47 
09:54:55  66.9   0.0   5.7  27.4   0.0   34 141518 183908    0    0    0  99.04 
09:54:55  67.9   0.0   5.0  27.1   0.0   15 140992 183330    0    0    0  98.89 
09:54:56  70.5   0.0   5.1  24.4   0.0   25 133292 162878    0    0    0 100.11 
09:54:56  68.8   0.0   5.6  25.1   0.5   12 138106 170670    0    0    0 100.22 
09:54:57  70.1   0.0   5.6  24.3   0.0   28 126070 172538    0    0    0 100.93 
09:54:57  68.9   0.0   5.3  25.8   0.0   27 142660 170444    0    0    0  99.83 
09:54:58  70.1   0.0   5.9  24.0   0.0   31 155852 201102    0    0    0  99.85 
09:54:58  69.5   0.0   5.4  25.1   0.0   49 149042 182586    0    0    0  99.85 
09:54:59  68.8   0.0   5.5  25.7   0.0   23 143096 175586    0    0    0  99.65 
09:54:59  69.8   0.0   6.4  23.8   0.0   27 120454 180866    0    0    0 100.54 
09:55:00  68.9   0.0   5.2  25.9   0.0   47 137972 204736    0    0    0  99.35 
09:55:00  70.5   0.0   5.5  24.0   0.0   34 129230 208168    0    0    0 100.15 
-------- ----- ----- ----- ----- ----- ---- ------ ------ ---- ---- ---- ------ 
 Average  68.8   0.0   5.5  25.6   0.0 33.2 140867.9 185667.8  0.0  0.0  0.0  99.66 
 GeoMean  68.8   0.0   5.5  25.6   0.0 31.4 140657.5 185182.6  0.0  0.0  0.0  99.66 
  StdDev   1.7   0.0   0.5   1.6   0.1 10.1 7669.1 13516.2  0.1  0.1  0.1   0.73 
-------- ----- ----- ----- ----- ----- ---- ------ ------ ---- ---- ---- ------ 
 Minimum  63.1   0.0   4.5  21.6   0.0 11.0 120364.0 155346.0  0.0  0.0  0.0  97.56 
 Maximum  73.4   0.0   6.7  30.1   0.5 54.0 158508.0 224868.0  1.0  1.0  1.0 101.50 
-------- ----- ----- ----- ----- ----- ---- ------ ------ ---- ---- ---- ------ 
Summary:
CPU:  99.66 Watts on average with standard deviation 0.73  
Note: power read from RAPL domains: dram, package-0, dram, package-1.
These readings do not cover all the hardware in this device.
