Running 1m test @ http://10.10.1.2:5000
  4 threads and 128 connections

  Thread calibration: mean lat.: 0.793ms, rate sampling interval: 10ms
  Thread calibration: mean lat.: 0.788ms, rate sampling interval: 10ms
  Thread calibration: mean lat.: 0.793ms, rate sampling interval: 10ms
  Thread calibration: mean lat.: 0.792ms, rate sampling interval: 10ms

-----------------------------------------------------------------------
Test Results @ http://10.10.1.2:5000 
  Thread Stats   Avg      Stdev     99%   +/- Stdev
    Latency   758.60us  475.39us   2.52ms   86.32%
    Req/Sec     4.48k   754.52     6.40k    69.10%
  Latency Distribution (HdrHistogram - Recorded Latency)
 50.000%  586.00us
 75.000%    0.92ms
 90.000%    1.37ms
 99.000%    2.52ms
 99.900%    3.91ms
 99.990%    6.06ms
 99.999%    7.80ms
100.000%    9.53ms

  Detailed Percentile spectrum:
       Value   Percentile   TotalCount 1/(1-Percentile)

       0.215     0.000000            1         1.00
       0.380     0.100000       102081         1.11
       0.428     0.200000       204691         1.25
       0.472     0.300000       306084         1.43
       0.522     0.400000       409237         1.67
       0.586     0.500000       510312         2.00
       0.628     0.550000       561079         2.22
       0.680     0.600000       612276         2.50
       0.744     0.650000       662969         2.86
       0.822     0.700000       714077         3.33
       0.917     0.750000       764957         4.00
       0.971     0.775000       790493         4.44
       1.031     0.800000       815955         5.00
       1.098     0.825000       841455         5.71
       1.175     0.850000       867162         6.67
       1.263     0.875000       892406         8.00
       1.313     0.887500       905171         8.89
       1.367     0.900000       917867        10.00
       1.428     0.912500       930767        11.43
       1.498     0.925000       943470        13.33
       1.582     0.937500       956149        16.00
       1.631     0.943750       962582        17.78
       1.686     0.950000       968876        20.00
       1.750     0.956250       975235        22.86
       1.825     0.962500       981606        26.67
       1.919     0.968750       988001        32.00
       1.974     0.971875       991172        35.56
       2.035     0.975000       994357        40.00
       2.105     0.978125       997570        45.71
       2.189     0.981250      1000760        53.33
       2.285     0.984375      1003921        64.00
       2.341     0.985938      1005494        71.11
       2.403     0.987500      1007117        80.00
       2.471     0.989062      1008701        91.43
       2.549     0.990625      1010302       106.67
       2.641     0.992188      1011875       128.00
       2.695     0.992969      1012675       142.22
       2.757     0.993750      1013466       160.00
       2.825     0.994531      1014267       182.86
       2.909     0.995313      1015068       213.33
       3.009     0.996094      1015866       256.00
       3.071     0.996484      1016249       284.44
       3.141     0.996875      1016657       320.00
       3.221     0.997266      1017057       365.71
       3.313     0.997656      1017446       426.67
       3.429     0.998047      1017845       512.00
       3.499     0.998242      1018043       568.89
       3.583     0.998437      1018246       640.00
       3.669     0.998633      1018440       731.43
       3.783     0.998828      1018642       853.33
       3.935     0.999023      1018838      1024.00
       4.031     0.999121      1018938      1137.78
       4.147     0.999219      1019041      1280.00
       4.255     0.999316      1019137      1462.86
       4.411     0.999414      1019237      1706.67
       4.595     0.999512      1019338      2048.00
       4.699     0.999561      1019385      2275.56
       4.831     0.999609      1019436      2560.00
       4.947     0.999658      1019486      2925.71
       5.095     0.999707      1019535      3413.33
       5.267     0.999756      1019586      4096.00
       5.359     0.999780      1019612      4551.11
       5.471     0.999805      1019635      5120.00
       5.567     0.999829      1019659      5851.43
       5.695     0.999854      1019684      6826.67
       5.919     0.999878      1019710      8192.00
       5.991     0.999890      1019722      9102.22
       6.079     0.999902      1019735     10240.00
       6.187     0.999915      1019746     11702.86
       6.283     0.999927      1019761     13653.33
       6.423     0.999939      1019771     16384.00
       6.603     0.999945      1019777     18204.44
       6.687     0.999951      1019784     20480.00
       6.763     0.999957      1019790     23405.71
       6.871     0.999963      1019796     27306.67
       7.031     0.999969      1019802     32768.00
       7.059     0.999973      1019805     36408.89
       7.167     0.999976      1019809     40960.00
       7.251     0.999979      1019812     46811.43
       7.355     0.999982      1019815     54613.33
       7.483     0.999985      1019819     65536.00
       7.483     0.999986      1019819     72817.78
       7.531     0.999988      1019821     81920.00
       7.803     0.999989      1019823     93622.86
       8.107     0.999991      1019824    109226.67
       8.163     0.999992      1019826    131072.00
       8.163     0.999993      1019826    145635.56
       8.583     0.999994      1019827    163840.00
       8.599     0.999995      1019828    187245.71
       8.847     0.999995      1019829    218453.33
       8.999     0.999996      1019830    262144.00
       8.999     0.999997      1019830    291271.11
       8.999     0.999997      1019830    327680.00
       9.023     0.999997      1019831    374491.43
       9.023     0.999998      1019831    436906.67
       9.079     0.999998      1019832    524288.00
       9.079     0.999998      1019832    582542.22
       9.079     0.999998      1019832    655360.00
       9.079     0.999999      1019832    748982.86
       9.079     0.999999      1019832    873813.33
       9.535     0.999999      1019833   1048576.00
       9.535     1.000000      1019833          inf
#[Mean    =        0.759, StdDeviation   =        0.475]
#[Max     =        9.528, Total count    =      1019833]
#[Buckets =           27, SubBuckets     =         2048]
-----------------------------------------------------------------------
  1190357 requests in 1.17m, 241.80MB read
Requests/sec:  17005.35  
Transfer/sec:      3.45MB
