Running 1m test @ http://10.10.1.1:5000
  4 threads and 128 connections

  Thread calibration: mean lat.: 514.926ms, rate sampling interval: 1934ms
  Thread calibration: mean lat.: 460.980ms, rate sampling interval: 1811ms
  Thread calibration: mean lat.: 499.786ms, rate sampling interval: 1948ms
  Thread calibration: mean lat.: 519.330ms, rate sampling interval: 1953ms

-----------------------------------------------------------------------
Test Results @ http://10.10.1.1:5000 
  Thread Stats   Avg      Stdev     99%   +/- Stdev
    Latency     3.61s     1.63s    7.05s    61.42%
    Req/Sec     2.97k    29.10     3.04k    71.77%
  Latency Distribution (HdrHistogram - Recorded Latency)
 50.000%    3.56s 
 75.000%    4.91s 
 90.000%    5.82s 
 99.000%    7.05s 
 99.900%    7.79s 
 99.990%    8.16s 
 99.999%    8.23s 
100.000%    8.25s 

  Detailed Percentile spectrum:
       Value   Percentile   TotalCount 1/(1-Percentile)

     137.087     0.000000            1         1.00
    1462.271     0.100000        71268         1.11
    2008.063     0.200000       142519         1.25
    2523.135     0.300000       213631         1.43
    3059.711     0.400000       284818         1.67
    3563.519     0.500000       356181         2.00
    3815.423     0.550000       391737         2.22
    4061.183     0.600000       427311         2.50
    4313.087     0.650000       463084         2.86
    4599.807     0.700000       498730         3.33
    4907.007     0.750000       534115         4.00
    5042.175     0.775000       552111         4.44
    5193.727     0.800000       570134         5.00
    5332.991     0.825000       587662         5.71
    5468.159     0.850000       605400         6.67
    5623.807     0.875000       623045         8.00
    5713.919     0.887500       632005         8.89
    5816.319     0.900000       641063        10.00
    5935.103     0.912500       649708        11.43
    6053.887     0.925000       658874        13.33
    6164.479     0.937500       667523        16.00
    6234.111     0.943750       672196        17.78
    6307.839     0.950000       676548        20.00
    6373.375     0.956250       680885        22.86
    6459.391     0.962500       685410        26.67
    6541.311     0.968750       689743        32.00
    6598.655     0.971875       692118        35.56
    6660.095     0.975000       694214        40.00
    6729.727     0.978125       696507        45.71
    6803.455     0.981250       698733        53.33
    6873.087     0.984375       700923        64.00
    6918.143     0.985938       702082        71.11
    6959.103     0.987500       703128        80.00
    7008.255     0.989062       704236        91.43
    7069.695     0.990625       705347       106.67
    7139.327     0.992188       706431       128.00
    7180.287     0.992969       707029       142.22
    7217.151     0.993750       707558       160.00
    7262.207     0.994531       708134       182.86
    7303.167     0.995313       708685       213.33
    7372.799     0.996094       709237       256.00
    7417.855     0.996484       709497       284.44
    7454.719     0.996875       709767       320.00
    7491.583     0.997266       710068       365.71
    7536.639     0.997656       710325       426.67
    7622.655     0.998047       710605       512.00
    7655.423     0.998242       710739       568.89
    7679.999     0.998437       710883       640.00
    7712.767     0.998633       711041       731.43
    7741.439     0.998828       711161       853.33
    7794.687     0.999023       711297      1024.00
    7827.455     0.999121       711366      1137.78
    7872.511     0.999219       711434      1280.00
    7921.663     0.999316       711504      1462.86
    7979.007     0.999414       711582      1706.67
    7999.487     0.999512       711647      2048.00
    8015.871     0.999561       711683      2275.56
    8048.639     0.999609       711718      2560.00
    8069.119     0.999658       711749      2925.71
    8093.695     0.999707       711782      3413.33
    8110.079     0.999756       711818      4096.00
    8118.271     0.999780       711842      4551.11
    8122.367     0.999805       711853      5120.00
    8130.559     0.999829       711869      5851.43
    8142.847     0.999854       711889      6826.67
    8151.039     0.999878       711913      8192.00
    8151.039     0.999890       711913      9102.22
    8155.135     0.999902       711921     10240.00
    8163.327     0.999915       711929     11702.86
    8171.519     0.999927       711937     13653.33
    8183.807     0.999939       711953     16384.00
    8183.807     0.999945       711953     18204.44
    8187.903     0.999951       711955     20480.00
    8191.999     0.999957       711961     23405.71
    8196.095     0.999963       711965     27306.67
    8200.191     0.999969       711969     32768.00
    8204.287     0.999973       711975     36408.89
    8204.287     0.999976       711975     40960.00
    8204.287     0.999979       711975     46811.43
    8208.383     0.999982       711977     54613.33
    8220.671     0.999985       711979     65536.00
    8232.959     0.999986       711982     72817.78
    8232.959     0.999988       711982     81920.00
    8232.959     0.999989       711982     93622.86
    8237.055     0.999991       711984    109226.67
    8237.055     0.999992       711984    131072.00
    8241.151     0.999993       711986    145635.56
    8241.151     0.999994       711986    163840.00
    8241.151     0.999995       711986    187245.71
    8241.151     0.999995       711986    218453.33
    8245.247     0.999996       711987    262144.00
    8245.247     0.999997       711987    291271.11
    8245.247     0.999997       711987    327680.00
    8249.343     0.999997       711989    374491.43
    8249.343     1.000000       711989          inf
#[Mean    =     3606.694, StdDeviation   =     1628.200]
#[Max     =     8245.248, Total count    =       711989]
#[Buckets =           27, SubBuckets     =         2048]
-----------------------------------------------------------------------
  829708 requests in 1.17m, 222.99MB read
Requests/sec:  11853.23  
Transfer/sec:      3.19MB
