Running 1m test @ http://10.10.1.1:5000
  4 threads and 128 connections

  Thread calibration: mean lat.: 3.446ms, rate sampling interval: 10ms
  Thread calibration: mean lat.: 3.423ms, rate sampling interval: 10ms
  Thread calibration: mean lat.: 3.420ms, rate sampling interval: 10ms
  Thread calibration: mean lat.: 3.439ms, rate sampling interval: 10ms

-----------------------------------------------------------------------
Test Results @ http://10.10.1.1:5000 
  Thread Stats   Avg      Stdev     99%   +/- Stdev
    Latency     3.21ms    1.31ms   7.90ms   78.88%
    Req/Sec     1.85k   472.43     3.00k    68.80%
  Latency Distribution (HdrHistogram - Recorded Latency)
 50.000%    2.91ms
 75.000%    3.72ms
 90.000%    4.83ms
 99.000%    7.90ms
 99.900%   11.11ms
 99.990%   14.85ms
 99.999%   18.77ms
100.000%   20.93ms

  Detailed Percentile spectrum:
       Value   Percentile   TotalCount 1/(1-Percentile)

       1.209     0.000000            1         1.00
       1.952     0.100000        35078         1.11
       2.201     0.200000        70123         1.25
       2.429     0.300000       105249         1.43
       2.659     0.400000       140336         1.67
       2.907     0.500000       175440         2.00
       3.041     0.550000       192859         2.22
       3.183     0.600000       210274         2.50
       3.341     0.650000       227866         2.86
       3.515     0.700000       245269         3.33
       3.723     0.750000       262790         4.00
       3.843     0.775000       271626         4.44
       3.983     0.800000       280375         5.00
       4.139     0.825000       289079         5.71
       4.323     0.850000       297989         6.67
       4.547     0.875000       306718         8.00
       4.679     0.887500       310985         8.89
       4.827     0.900000       315374        10.00
       5.003     0.912500       319802        11.43
       5.203     0.925000       324174        13.33
       5.439     0.937500       328548        16.00
       5.571     0.943750       330683        17.78
       5.727     0.950000       332882        20.00
       5.903     0.956250       335082        22.86
       6.111     0.962500       337280        26.67
       6.355     0.968750       339449        32.00
       6.507     0.971875       340544        35.56
       6.667     0.975000       341650        40.00
       6.847     0.978125       342732        45.71
       7.051     0.981250       343810        53.33
       7.287     0.984375       344914        64.00
       7.419     0.985938       345462        71.11
       7.587     0.987500       346001        80.00
       7.779     0.989062       346561        91.43
       7.975     0.990625       347101       106.67
       8.215     0.992188       347654       128.00
       8.367     0.992969       347921       142.22
       8.519     0.993750       348198       160.00
       8.711     0.994531       348466       182.86
       8.895     0.995313       348742       213.33
       9.127     0.996094       349017       256.00
       9.271     0.996484       349156       284.44
       9.431     0.996875       349289       320.00
       9.615     0.997266       349422       365.71
       9.807     0.997656       349558       426.67
      10.087     0.998047       349705       512.00
      10.247     0.998242       349766       568.89
      10.423     0.998437       349832       640.00
      10.631     0.998633       349902       731.43
      10.879     0.998828       349972       853.33
      11.143     0.999023       350037      1024.00
      11.287     0.999121       350072      1137.78
      11.447     0.999219       350106      1280.00
      11.735     0.999316       350140      1462.86
      12.015     0.999414       350175      1706.67
      12.295     0.999512       350209      2048.00
      12.519     0.999561       350227      2275.56
      12.687     0.999609       350243      2560.00
      12.943     0.999658       350260      2925.71
      13.311     0.999707       350277      3413.33
      13.551     0.999756       350294      4096.00
      13.687     0.999780       350303      4551.11
      13.839     0.999805       350311      5120.00
      14.055     0.999829       350320      5851.43
      14.263     0.999854       350328      6826.67
      14.575     0.999878       350337      8192.00
      14.759     0.999890       350341      9102.22
      14.895     0.999902       350345     10240.00
      15.647     0.999915       350350     11702.86
      15.751     0.999927       350354     13653.33
      15.983     0.999939       350358     16384.00
      16.143     0.999945       350360     18204.44
      16.703     0.999951       350363     20480.00
      16.879     0.999957       350365     23405.71
      16.975     0.999963       350367     27306.67
      17.423     0.999969       350369     32768.00
      17.519     0.999973       350370     36408.89
      17.871     0.999976       350371     40960.00
      18.287     0.999979       350372     46811.43
      18.543     0.999982       350373     54613.33
      18.655     0.999985       350374     65536.00
      18.767     0.999986       350375     72817.78
      18.767     0.999988       350375     81920.00
      19.055     0.999989       350376     93622.86
      19.055     0.999991       350376    109226.67
      19.759     0.999992       350377    131072.00
      19.759     0.999993       350377    145635.56
      19.759     0.999994       350377    163840.00
      19.807     0.999995       350378    187245.71
      19.807     0.999995       350378    218453.33
      19.807     0.999996       350378    262144.00
      19.807     0.999997       350378    291271.11
      19.807     0.999997       350378    327680.00
      20.927     0.999997       350379    374491.43
      20.927     1.000000       350379          inf
#[Mean    =        3.210, StdDeviation   =        1.306]
#[Max     =       20.912, Total count    =       350379]
#[Buckets =           27, SubBuckets     =         2048]
-----------------------------------------------------------------------
  420528 requests in 1.00m, 112.19MB read
Requests/sec:   7008.88  
Transfer/sec:      1.87MB
