Running 1m test @ http://10.10.1.2:5000
  4 threads and 128 connections

  Thread calibration: mean lat.: 2103.840ms, rate sampling interval: 7766ms
  Thread calibration: mean lat.: 2098.006ms, rate sampling interval: 7806ms
  Thread calibration: mean lat.: 2006.556ms, rate sampling interval: 7200ms
  Thread calibration: mean lat.: 2034.785ms, rate sampling interval: 7602ms

-----------------------------------------------------------------------
Test Results @ http://10.10.1.2:5000 
  Thread Stats   Avg      Stdev     99%   +/- Stdev
    Latency    17.46s     7.63s   30.93s    58.00%
    Req/Sec     0.98k     7.88     1.00k    75.86%
  Latency Distribution (HdrHistogram - Recorded Latency)
 50.000%   17.50s 
 75.000%   24.05s 
 90.000%   27.93s 
 99.000%   30.93s 
 99.900%   32.13s 
 99.990%   33.11s 
 99.999%   33.52s 
100.000%   33.59s 

  Detailed Percentile spectrum:
       Value   Percentile   TotalCount 1/(1-Percentile)

    2969.599     0.000000            1         1.00
    6881.279     0.100000        23587         1.11
    9527.295     0.200000        47119         1.25
   12238.847     0.300000        70697         1.43
   14876.671     0.400000        94278         1.67
   17498.111     0.500000       117823         2.00
   18792.447     0.550000       129587         2.22
   20054.015     0.600000       141453         2.50
   21364.735     0.650000       153164         2.86
   22740.991     0.700000       165039         3.33
   24051.711     0.750000       176754         4.00
   24690.687     0.775000       182597         4.44
   25329.663     0.800000       188535         5.00
   25985.023     0.825000       194441         5.71
   26640.383     0.850000       200310         6.67
   27279.359     0.875000       206166         8.00
   27623.423     0.887500       209226         8.89
   27934.719     0.900000       212095        10.00
   28262.399     0.912500       215074        11.43
   28606.463     0.925000       218023        13.33
   28950.527     0.937500       220988        16.00
   29114.367     0.943750       222446        17.78
   29294.591     0.950000       223932        20.00
   29491.199     0.956250       225389        22.86
   29704.191     0.962500       226826        26.67
   29933.567     0.968750       228299        32.00
   30048.255     0.971875       229031        35.56
   30162.943     0.975000       229781        40.00
   30277.631     0.978125       230508        45.71
   30408.703     0.981250       231245        53.33
   30556.159     0.984375       231930        64.00
   30638.079     0.985938       232292        71.11
   30736.383     0.987500       232655        80.00
   30867.455     0.989062       233061        91.43
   30982.143     0.990625       233403       106.67
   31129.599     0.992188       233771       128.00
   31211.519     0.992969       233960       142.22
   31277.055     0.993750       234141       160.00
   31358.975     0.994531       234333       182.86
   31440.895     0.995313       234499       213.33
   31539.199     0.996094       234693       256.00
   31588.351     0.996484       234777       284.44
   31637.503     0.996875       234860       320.00
   31703.039     0.997266       234961       365.71
   31768.575     0.997656       235045       426.67
   31850.495     0.998047       235143       512.00
   31899.647     0.998242       235193       568.89
   31948.799     0.998437       235233       640.00
   31997.951     0.998633       235278       731.43
   32047.103     0.998828       235322       853.33
   32161.791     0.999023       235366      1024.00
   32227.327     0.999121       235395      1137.78
   32276.479     0.999219       235416      1280.00
   32325.631     0.999316       235435      1462.86
   32407.551     0.999414       235463      1706.67
   32473.087     0.999512       235483      2048.00
   32505.855     0.999561       235497      2275.56
   32522.239     0.999609       235505      2560.00
   32555.007     0.999658       235517      2925.71
   32587.775     0.999707       235528      3413.33
   32653.311     0.999756       235539      4096.00
   32702.463     0.999780       235544      4551.11
   32784.383     0.999805       235550      5120.00
   32817.151     0.999829       235559      5851.43
   32899.071     0.999854       235562      6826.67
   33013.759     0.999878       235568      8192.00
   33079.295     0.999890       235570      9102.22
   33112.063     0.999902       235572     10240.00
   33128.447     0.999915       235575     11702.86
   33177.599     0.999927       235580     13653.33
   33193.983     0.999939       235581     16384.00
   33275.903     0.999945       235583     18204.44
   33292.287     0.999951       235584     20480.00
   33325.055     0.999957       235585     23405.71
   33406.975     0.999963       235588     27306.67
   33406.975     0.999969       235588     32768.00
   33423.359     0.999973       235590     36408.89
   33423.359     0.999976       235590     40960.00
   33423.359     0.999979       235590     46811.43
   33456.127     0.999982       235591     54613.33
   33488.895     0.999985       235592     65536.00
   33488.895     0.999986       235592     72817.78
   33521.663     0.999988       235593     81920.00
   33521.663     0.999989       235593     93622.86
   33521.663     0.999991       235593    109226.67
   33554.431     0.999992       235594    131072.00
   33554.431     0.999993       235594    145635.56
   33554.431     0.999994       235594    163840.00
   33554.431     0.999995       235594    187245.71
   33554.431     0.999995       235594    218453.33
   33587.199     0.999996       235595    262144.00
   33587.199     1.000000       235595          inf
#[Mean    =    17462.341, StdDeviation   =     7630.882]
#[Max     =    33554.432, Total count    =       235595]
#[Buckets =           27, SubBuckets     =         2048]
-----------------------------------------------------------------------
  274209 requests in 1.17m, 671.25MB read
Requests/sec:   3917.13  
Transfer/sec:      9.59MB
