Running 1m test @ http://10.10.1.1:5000
  4 threads and 128 connections

  Thread calibration: mean lat.: 424.067ms, rate sampling interval: 1737ms
  Thread calibration: mean lat.: 479.137ms, rate sampling interval: 1835ms
  Thread calibration: mean lat.: 404.329ms, rate sampling interval: 1675ms
  Thread calibration: mean lat.: 413.906ms, rate sampling interval: 1813ms

-----------------------------------------------------------------------
Test Results @ http://10.10.1.1:5000 
  Thread Stats   Avg      Stdev     99%   +/- Stdev
    Latency     3.15s     1.43s    6.22s    61.30%
    Req/Sec     2.96k    27.12     3.01k    71.17%
  Latency Distribution (HdrHistogram - Recorded Latency)
 50.000%    3.09s 
 75.000%    4.26s 
 90.000%    5.12s 
 99.000%    6.22s 
 99.900%    6.61s 
 99.990%    6.78s 
 99.999%    6.88s 
100.000%    6.89s 

  Detailed Percentile spectrum:
       Value   Percentile   TotalCount 1/(1-Percentile)

     149.887     0.000000            1         1.00
    1267.711     0.100000        59210         1.11
    1725.439     0.200000       118230         1.25
    2166.783     0.300000       177400         1.43
    2617.343     0.400000       236678         1.67
    3086.335     0.500000       295692         2.00
    3315.711     0.550000       325373         2.22
    3540.991     0.600000       354716         2.50
    3782.655     0.650000       384365         2.86
    4032.511     0.700000       413936         3.33
    4263.935     0.750000       443637         4.00
    4382.719     0.775000       458187         4.44
    4526.079     0.800000       472998         5.00
    4669.439     0.825000       487852         5.71
    4816.895     0.850000       502738         6.67
    4972.543     0.875000       517658         8.00
    5042.175     0.887500       524944         8.89
    5124.095     0.900000       532088        10.00
    5222.399     0.912500       539587        11.43
    5316.607     0.925000       547076        13.33
    5427.199     0.937500       554398        16.00
    5484.543     0.943750       557991        17.78
    5550.079     0.950000       561712        20.00
    5619.711     0.956250       565448        22.86
    5689.343     0.962500       569067        26.67
    5775.359     0.968750       572680        32.00
    5820.415     0.971875       574637        35.56
    5869.567     0.975000       576444        40.00
    5918.719     0.978125       578243        45.71
    5992.447     0.981250       580136        53.33
    6086.655     0.984375       581960        64.00
    6127.615     0.985938       582922        71.11
    6164.479     0.987500       583837        80.00
    6197.247     0.989062       584768        91.43
    6234.111     0.990625       585691       106.67
    6287.359     0.992188       586599       128.00
    6311.935     0.992969       587020       142.22
    6340.607     0.993750       587470       160.00
    6369.279     0.994531       587950       182.86
    6402.047     0.995313       588438       213.33
    6434.815     0.996094       588857       256.00
    6455.295     0.996484       589089       284.44
    6479.871     0.996875       589336       320.00
    6504.447     0.997266       589559       365.71
    6529.023     0.997656       589769       426.67
    6553.599     0.998047       589997       512.00
    6565.887     0.998242       590119       568.89
    6578.175     0.998437       590237       640.00
    6590.463     0.998633       590366       731.43
    6602.751     0.998828       590481       853.33
    6615.039     0.999023       590609      1024.00
    6619.135     0.999121       590637      1137.78
    6631.423     0.999219       590703      1280.00
    6643.711     0.999316       590760      1462.86
    6664.191     0.999414       590818      1706.67
    6684.671     0.999512       590868      2048.00
    6692.863     0.999561       590894      2275.56
    6709.247     0.999609       590928      2560.00
    6721.535     0.999658       590954      2925.71
    6729.727     0.999707       590979      3413.33
    6742.015     0.999756       591021      4096.00
    6742.015     0.999780       591021      4551.11
    6750.207     0.999805       591040      5120.00
    6758.399     0.999829       591056      5851.43
    6766.591     0.999854       591071      6826.67
    6770.687     0.999878       591083      8192.00
    6774.783     0.999890       591088      9102.22
    6782.975     0.999902       591093     10240.00
    6791.167     0.999915       591101     11702.86
    6828.031     0.999927       591107     13653.33
    6844.415     0.999939       591118     16384.00
    6844.415     0.999945       591118     18204.44
    6848.511     0.999951       591122     20480.00
    6852.607     0.999957       591125     23405.71
    6860.799     0.999963       591130     27306.67
    6864.895     0.999969       591134     32768.00
    6864.895     0.999973       591134     36408.89
    6868.991     0.999976       591137     40960.00
    6873.087     0.999979       591140     46811.43
    6873.087     0.999982       591140     54613.33
    6877.183     0.999985       591145     65536.00
    6877.183     0.999986       591145     72817.78
    6877.183     0.999988       591145     81920.00
    6877.183     0.999989       591145     93622.86
    6877.183     0.999991       591145    109226.67
    6881.279     0.999992       591149    131072.00
    6881.279     0.999993       591149    145635.56
    6881.279     0.999994       591149    163840.00
    6881.279     0.999995       591149    187245.71
    6881.279     0.999995       591149    218453.33
    6881.279     0.999996       591149    262144.00
    6881.279     0.999997       591149    291271.11
    6881.279     0.999997       591149    327680.00
    6881.279     0.999997       591149    374491.43
    6881.279     0.999998       591149    436906.67
    6881.279     0.999998       591149    524288.00
    6881.279     0.999998       591149    582542.22
    6885.375     0.999998       591150    655360.00
    6885.375     1.000000       591150          inf
#[Mean    =     3147.511, StdDeviation   =     1432.844]
#[Max     =     6881.280, Total count    =       591150]
#[Buckets =           27, SubBuckets     =         2048]
-----------------------------------------------------------------------
  706882 requests in 1.00m, 188.66MB read
Requests/sec:  11781.61  
Transfer/sec:      3.14MB
