Running 1m test @ http://10.10.1.1:5000
  4 threads and 128 connections

  Thread calibration: mean lat.: 3053.759ms, rate sampling interval: 10870ms
  Thread calibration: mean lat.: 3093.350ms, rate sampling interval: 11001ms
  Thread calibration: mean lat.: 3113.724ms, rate sampling interval: 11010ms
  Thread calibration: mean lat.: 3042.430ms, rate sampling interval: 10788ms

-----------------------------------------------------------------------
Test Results @ http://10.10.1.1:5000 
  Thread Stats   Avg      Stdev     99%   +/- Stdev
    Latency    21.10s     8.66s   35.95s    57.89%
    Req/Sec     1.50k     6.63     1.51k    81.25%
  Latency Distribution (HdrHistogram - Recorded Latency)
 50.000%   21.07s 
 75.000%   28.59s 
 90.000%   33.10s 
 99.000%   35.95s 
 99.900%   36.70s 
 99.990%   37.13s 
 99.999%   37.26s 
100.000%   37.26s 

  Detailed Percentile spectrum:
       Value   Percentile   TotalCount 1/(1-Percentile)

    5468.159     0.000000            1         1.00
    9134.079     0.100000        30023         1.11
   12132.351     0.200000        60047         1.25
   15114.239     0.300000        90143         1.43
   18104.319     0.400000       120113         1.67
   21069.823     0.500000       150151         2.00
   22593.535     0.550000       165152         2.22
   24100.863     0.600000       180237         2.50
   25575.423     0.650000       195185         2.86
   27066.367     0.700000       210198         3.33
   28590.079     0.750000       225300         4.00
   29327.359     0.775000       232730         4.44
   30081.023     0.800000       240233         5.00
   30834.687     0.825000       247700         5.71
   31604.735     0.850000       255228         6.67
   32358.399     0.875000       262738         8.00
   32735.231     0.887500       266561         8.89
   33095.679     0.900000       270270        10.00
   33472.511     0.912500       274078        11.43
   33849.343     0.925000       277956        13.33
   34209.791     0.937500       281574        16.00
   34406.399     0.943750       283562        17.78
   34570.239     0.950000       285255        20.00
   34766.847     0.956250       287222        22.86
   34963.455     0.962500       289171        26.67
   35160.063     0.968750       291037        32.00
   35258.367     0.971875       291941        35.56
   35356.671     0.975000       292822        40.00
   35487.743     0.978125       293937        45.71
   35586.047     0.981250       294768        53.33
   35684.351     0.984375       295579        64.00
   35749.887     0.985938       296084        71.11
   35815.423     0.987500       296537        80.00
   35880.959     0.989062       296985        91.43
   35979.263     0.990625       297572       106.67
   36044.799     0.992188       297956       128.00
   36077.567     0.992969       298122       142.22
   36143.103     0.993750       298418       160.00
   36208.639     0.994531       298701       182.86
   36241.407     0.995313       298836       213.33
   36306.943     0.996094       299072       256.00
   36339.711     0.996484       299191       284.44
   36405.247     0.996875       299368       320.00
   36438.015     0.997266       299442       365.71
   36503.551     0.997656       299593       426.67
   36536.319     0.998047       299667       512.00
   36569.087     0.998242       299732       568.89
   36601.855     0.998437       299788       640.00
   36634.623     0.998633       299849       731.43
   36667.391     0.998828       299894       853.33
   36700.159     0.999023       299948      1024.00
   36732.927     0.999121       299983      1137.78
   36765.695     0.999219       300013      1280.00
   36798.463     0.999316       300046      1462.86
   36831.231     0.999414       300068      1706.67
   36863.999     0.999512       300092      2048.00
   36896.767     0.999561       300113      2275.56
   36896.767     0.999609       300113      2560.00
   36929.535     0.999658       300125      2925.71
   36962.303     0.999707       300140      3413.33
   36995.071     0.999756       300154      4096.00
   37027.839     0.999780       300165      4551.11
   37060.607     0.999805       300186      5120.00
   37060.607     0.999829       300186      5851.43
   37060.607     0.999854       300186      6826.67
   37093.375     0.999878       300194      8192.00
   37126.143     0.999890       300197      9102.22
   37158.911     0.999902       300202     10240.00
   37158.911     0.999915       300202     11702.86
   37191.679     0.999927       300213     13653.33
   37191.679     0.999939       300213     16384.00
   37191.679     0.999945       300213     18204.44
   37191.679     0.999951       300213     20480.00
   37224.447     0.999957       300223     23405.71
   37224.447     0.999963       300223     27306.67
   37224.447     0.999969       300223     32768.00
   37224.447     0.999973       300223     36408.89
   37224.447     0.999976       300223     40960.00
   37224.447     0.999979       300223     46811.43
   37224.447     0.999982       300223     54613.33
   37224.447     0.999985       300223     65536.00
   37224.447     0.999986       300223     72817.78
   37257.215     0.999988       300227     81920.00
   37257.215     1.000000       300227          inf
#[Mean    =    21096.800, StdDeviation   =     8656.024]
#[Max     =    37224.448, Total count    =       300227]
#[Buckets =           27, SubBuckets     =         2048]
-----------------------------------------------------------------------
  359399 requests in 1.00m, 95.51MB read
  Socket errors: connect 0, read 0, write 0, timeout 11
Requests/sec:   5989.98  
Transfer/sec:      1.59MB
