Running 1m test @ http://10.10.1.1:5000
  4 threads and 128 connections

  Thread calibration: mean lat.: 2.050ms, rate sampling interval: 10ms
  Thread calibration: mean lat.: 2.073ms, rate sampling interval: 10ms
  Thread calibration: mean lat.: 2.037ms, rate sampling interval: 10ms
  Thread calibration: mean lat.: 2.049ms, rate sampling interval: 10ms

-----------------------------------------------------------------------
Test Results @ http://10.10.1.1:5000 
  Thread Stats   Avg      Stdev     99%   +/- Stdev
    Latency     1.94ms  499.06us   3.73ms   77.39%
    Req/Sec   792.34    294.11     1.55k    68.64%
  Latency Distribution (HdrHistogram - Recorded Latency)
 50.000%    1.83ms
 75.000%    2.13ms
 90.000%    2.59ms
 99.000%    3.73ms
 99.900%    4.84ms
 99.990%    5.84ms
 99.999%    6.92ms
100.000%    7.29ms

  Detailed Percentile spectrum:
       Value   Percentile   TotalCount 1/(1-Percentile)

       1.113     0.000000            1         1.00
       1.453     0.100000        15137         1.11
       1.555     0.200000        30136         1.25
       1.653     0.300000        45271         1.43
       1.747     0.400000        60208         1.67
       1.834     0.500000        75175         2.00
       1.879     0.550000        82756         2.22
       1.926     0.600000        90212         2.50
       1.980     0.650000        97716         2.86
       2.046     0.700000       105324         3.33
       2.129     0.750000       112832         4.00
       2.179     0.775000       116524         4.44
       2.239     0.800000       120349         5.00
       2.309     0.825000       124124         5.71
       2.389     0.850000       127830         6.67
       2.483     0.875000       131603         8.00
       2.533     0.887500       133448         8.89
       2.589     0.900000       135331        10.00
       2.655     0.912500       137230        11.43
       2.725     0.925000       139060        13.33
       2.811     0.937500       140966        16.00
       2.861     0.943750       141910        17.78
       2.913     0.950000       142837        20.00
       2.977     0.956250       143774        22.86
       3.051     0.962500       144697        26.67
       3.137     0.968750       145649        32.00
       3.187     0.971875       146111        35.56
       3.247     0.975000       146577        40.00
       3.317     0.978125       147057        45.71
       3.391     0.981250       147515        53.33
       3.491     0.984375       147995        64.00
       3.547     0.985938       148223        71.11
       3.611     0.987500       148454        80.00
       3.679     0.989062       148688        91.43
       3.765     0.990625       148929       106.67
       3.863     0.992188       149158       128.00
       3.925     0.992969       149278       142.22
       3.981     0.993750       149396       160.00
       4.043     0.994531       149513       182.86
       4.119     0.995313       149630       213.33
       4.215     0.996094       149745       256.00
       4.259     0.996484       149805       284.44
       4.319     0.996875       149863       320.00
       4.387     0.997266       149921       365.71
       4.455     0.997656       149980       426.67
       4.547     0.998047       150040       512.00
       4.591     0.998242       150068       568.89
       4.635     0.998437       150098       640.00
       4.707     0.998633       150127       731.43
       4.759     0.998828       150156       853.33
       4.863     0.999023       150187      1024.00
       4.907     0.999121       150200      1137.78
       4.951     0.999219       150215      1280.00
       4.987     0.999316       150230      1462.86
       5.031     0.999414       150244      1706.67
       5.099     0.999512       150259      2048.00
       5.135     0.999561       150266      2275.56
       5.179     0.999609       150274      2560.00
       5.279     0.999658       150281      2925.71
       5.331     0.999707       150288      3413.33
       5.443     0.999756       150296      4096.00
       5.499     0.999780       150299      4551.11
       5.535     0.999805       150303      5120.00
       5.555     0.999829       150308      5851.43
       5.579     0.999854       150310      6826.67
       5.771     0.999878       150314      8192.00
       5.803     0.999890       150316      9102.22
       5.843     0.999902       150318     10240.00
       5.975     0.999915       150320     11702.86
       6.003     0.999927       150321     13653.33
       6.067     0.999939       150323     16384.00
       6.099     0.999945       150324     18204.44
       6.139     0.999951       150325     20480.00
       6.191     0.999957       150326     23405.71
       6.295     0.999963       150328     27306.67
       6.295     0.999969       150328     32768.00
       6.295     0.999973       150328     36408.89
       6.591     0.999976       150329     40960.00
       6.591     0.999979       150329     46811.43
       6.923     0.999982       150330     54613.33
       6.923     0.999985       150330     65536.00
       6.923     0.999986       150330     72817.78
       6.931     0.999988       150331     81920.00
       6.931     0.999989       150331     93622.86
       6.931     0.999991       150331    109226.67
       6.931     0.999992       150331    131072.00
       6.931     0.999993       150331    145635.56
       7.291     0.999994       150332    163840.00
       7.291     1.000000       150332          inf
#[Mean    =        1.944, StdDeviation   =        0.499]
#[Max     =        7.288, Total count    =       150332]
#[Buckets =           27, SubBuckets     =         2048]
-----------------------------------------------------------------------
  180339 requests in 1.00m, 48.17MB read
Requests/sec:   3005.73  
Transfer/sec:    822.11KB
