Running 1m test @ http://10.10.1.1:5000
  4 threads and 128 connections

  Thread calibration: mean lat.: 1642.443ms, rate sampling interval: 5681ms
  Thread calibration: mean lat.: 1577.370ms, rate sampling interval: 5550ms
  Thread calibration: mean lat.: 1588.992ms, rate sampling interval: 5574ms
  Thread calibration: mean lat.: 1573.076ms, rate sampling interval: 5570ms

-----------------------------------------------------------------------
Test Results @ http://10.10.1.1:5000 
  Thread Stats   Avg      Stdev     99%   +/- Stdev
    Latency    10.73s     4.40s   18.37s    57.91%
    Req/Sec     2.96k    20.24     3.00k    72.73%
  Latency Distribution (HdrHistogram - Recorded Latency)
 50.000%   10.77s 
 75.000%   14.51s 
 90.000%   16.74s 
 99.000%   18.37s 
 99.900%   19.12s 
 99.990%   19.53s 
 99.999%   19.63s 
100.000%   19.66s 

  Detailed Percentile spectrum:
       Value   Percentile   TotalCount 1/(1-Percentile)

    2516.991     0.000000            1         1.00
    4624.383     0.100000        59286         1.11
    6156.287     0.200000       118651         1.25
    7684.095     0.300000       177926         1.43
    9240.575     0.400000       237085         1.67
   10772.479     0.500000       296460         2.00
   11534.335     0.550000       326014         2.22
   12304.383     0.600000       355761         2.50
   13041.663     0.650000       385423         2.86
   13770.751     0.700000       415113         3.33
   14508.031     0.750000       444656         4.00
   14893.055     0.775000       459354         4.44
   15261.695     0.800000       474290         5.00
   15630.335     0.825000       489255         5.71
   15998.975     0.850000       503919         6.67
   16359.423     0.875000       518597         8.00
   16556.031     0.887500       526096         8.89
   16736.255     0.900000       533404        10.00
   16924.671     0.912500       540923        11.43
   17121.279     0.925000       548758        13.33
   17301.503     0.937500       555678        16.00
   17416.191     0.943750       559902        17.78
   17514.495     0.950000       563438        20.00
   17612.799     0.956250       566740        22.86
   17727.487     0.962500       570771        26.67
   17842.175     0.968750       574423        32.00
   17907.711     0.971875       576368        35.56
   17973.247     0.975000       578162        40.00
   18038.783     0.978125       579858        45.71
   18120.703     0.981250       581794        53.33
   18202.623     0.984375       583656        64.00
   18235.391     0.985938       584366        71.11
   18284.543     0.987500       585311        80.00
   18333.695     0.989062       586325        91.43
   18382.847     0.990625       587130       106.67
   18464.767     0.992188       588170       128.00
   18513.919     0.992969       588679       142.22
   18546.687     0.993750       589030       160.00
   18595.839     0.994531       589450       182.86
   18644.991     0.995313       589901       213.33
   18710.527     0.996094       590418       256.00
   18743.295     0.996484       590652       284.44
   18776.063     0.996875       590834       320.00
   18808.831     0.997266       591062       365.71
   18857.983     0.997656       591348       426.67
   18907.135     0.998047       591578       512.00
   18939.903     0.998242       591652       568.89
   18972.671     0.998437       591760       640.00
   19021.823     0.998633       591887       731.43
   19070.975     0.998828       591999       853.33
   19136.511     0.999023       592113      1024.00
   19169.279     0.999121       592165      1137.78
   19202.047     0.999219       592204      1280.00
   19251.199     0.999316       592276      1462.86
   19300.351     0.999414       592325      1706.67
   19365.887     0.999512       592393      2048.00
   19382.271     0.999561       592417      2275.56
   19398.655     0.999609       592441      2560.00
   19415.039     0.999658       592478      2925.71
   19431.423     0.999707       592506      3413.33
   19447.807     0.999756       592529      4096.00
   19464.191     0.999780       592554      4551.11
   19464.191     0.999805       592554      5120.00
   19480.575     0.999829       592570      5851.43
   19496.959     0.999854       592590      6826.67
   19513.343     0.999878       592596      8192.00
   19529.727     0.999890       592608      9102.22
   19546.111     0.999902       592620     10240.00
   19546.111     0.999915       592620     11702.86
   19562.495     0.999927       592630     13653.33
   19578.879     0.999939       592645     16384.00
   19578.879     0.999945       592645     18204.44
   19578.879     0.999951       592645     20480.00
   19578.879     0.999957       592645     23405.71
   19595.263     0.999963       592658     27306.67
   19595.263     0.999969       592658     32768.00
   19595.263     0.999973       592658     36408.89
   19595.263     0.999976       592658     40960.00
   19595.263     0.999979       592658     46811.43
   19595.263     0.999982       592658     54613.33
   19595.263     0.999985       592658     65536.00
   19611.647     0.999986       592660     72817.78
   19611.647     0.999988       592660     81920.00
   19628.031     0.999989       592662     93622.86
   19628.031     0.999991       592662    109226.67
   19644.415     0.999992       592666    131072.00
   19644.415     0.999993       592666    145635.56
   19644.415     0.999994       592666    163840.00
   19644.415     0.999995       592666    187245.71
   19644.415     0.999995       592666    218453.33
   19644.415     0.999996       592666    262144.00
   19644.415     0.999997       592666    291271.11
   19644.415     0.999997       592666    327680.00
   19644.415     0.999997       592666    374491.43
   19644.415     0.999998       592666    436906.67
   19644.415     0.999998       592666    524288.00
   19644.415     0.999998       592666    582542.22
   19660.799     0.999998       592667    655360.00
   19660.799     1.000000       592667          inf
#[Mean    =    10725.902, StdDeviation   =     4395.030]
#[Max     =    19644.416, Total count    =       592667]
#[Buckets =           27, SubBuckets     =         2048]
-----------------------------------------------------------------------
  710471 requests in 1.00m, 186.45MB read
Requests/sec:  11840.98  
Transfer/sec:      3.11MB
