Running 1m test @ http://10.10.1.1:5000
  4 threads and 128 connections

  Thread calibration: mean lat.: 21.518ms, rate sampling interval: 92ms
  Thread calibration: mean lat.: 23.133ms, rate sampling interval: 94ms
  Thread calibration: mean lat.: 22.206ms, rate sampling interval: 95ms
  Thread calibration: mean lat.: 24.850ms, rate sampling interval: 104ms

-----------------------------------------------------------------------
Test Results @ http://10.10.1.1:5000 
  Thread Stats   Avg      Stdev     99%   +/- Stdev
    Latency    22.81ms   19.20ms  96.32ms   87.29%
    Req/Sec     2.77k   164.88     3.15k    68.02%
  Latency Distribution (HdrHistogram - Recorded Latency)
 50.000%   16.70ms
 75.000%   28.94ms
 90.000%   46.33ms
 99.000%   96.32ms
 99.900%  148.48ms
 99.990%  187.39ms
 99.999%  207.74ms
100.000%  214.27ms

  Detailed Percentile spectrum:
       Value   Percentile   TotalCount 1/(1-Percentile)

       1.617     0.000000            1         1.00
       6.999     0.100000        66134         1.11
       8.919     0.200000       132139         1.25
      11.023     0.300000       198225         1.43
      13.583     0.400000       264171         1.67
      16.703     0.500000       330182         2.00
      18.527     0.550000       363110         2.22
      20.559     0.600000       396223         2.50
      22.911     0.650000       429210         2.86
      25.647     0.700000       462129         3.33
      28.943     0.750000       495211         4.00
      30.863     0.775000       511606         4.44
      33.087     0.800000       528175         5.00
      35.583     0.825000       544683         5.71
      38.463     0.850000       561128         6.67
      41.951     0.875000       577622         8.00
      43.999     0.887500       585873         8.89
      46.335     0.900000       594104        10.00
      49.023     0.912500       602398        11.43
      52.223     0.925000       610606        13.33
      55.999     0.937500       618843        16.00
      58.271     0.943750       623012        17.78
      60.735     0.950000       627136        20.00
      63.583     0.956250       631233        22.86
      67.007     0.962500       635393        26.67
      71.103     0.968750       639478        32.00
      73.535     0.971875       641555        35.56
      76.159     0.975000       643610        40.00
      79.167     0.978125       645663        45.71
      82.687     0.981250       647733        53.33
      86.847     0.984375       649804        64.00
      88.959     0.985938       650820        71.11
      91.583     0.987500       651880        80.00
      94.399     0.989062       652890        91.43
      97.599     0.990625       653918       106.67
     101.567     0.992188       654953       128.00
     103.999     0.992969       655470       142.22
     106.559     0.993750       655976       160.00
     109.567     0.994531       656490       182.86
     113.343     0.995313       657012       213.33
     117.567     0.996094       657521       256.00
     119.743     0.996484       657780       284.44
     122.623     0.996875       658038       320.00
     125.951     0.997266       658297       365.71
     129.471     0.997656       658558       426.67
     133.887     0.998047       658811       512.00
     136.319     0.998242       658942       568.89
     138.495     0.998437       659068       640.00
     141.695     0.998633       659197       731.43
     145.151     0.998828       659335       853.33
     149.119     0.999023       659457      1024.00
     151.167     0.999121       659519      1137.78
     154.239     0.999219       659587      1280.00
     157.055     0.999316       659649      1462.86
     160.639     0.999414       659714      1706.67
     164.351     0.999512       659777      2048.00
     166.783     0.999561       659811      2275.56
     169.215     0.999609       659844      2560.00
     171.903     0.999658       659874      2925.71
     173.567     0.999707       659906      3413.33
     175.871     0.999756       659938      4096.00
     177.919     0.999780       659954      4551.11
     179.327     0.999805       659971      5120.00
     180.863     0.999829       659987      5851.43
     182.783     0.999854       660003      6826.67
     185.343     0.999878       660019      8192.00
     186.111     0.999890       660027      9102.22
     187.647     0.999902       660036     10240.00
     188.671     0.999915       660043     11702.86
     190.207     0.999927       660051     13653.33
     192.511     0.999939       660059     16384.00
     193.919     0.999945       660063     18204.44
     194.431     0.999951       660067     20480.00
     195.967     0.999957       660071     23405.71
     197.375     0.999963       660075     27306.67
     200.063     0.999969       660079     32768.00
     201.215     0.999973       660081     36408.89
     201.983     0.999976       660083     40960.00
     202.495     0.999979       660085     46811.43
     203.263     0.999982       660087     54613.33
     205.183     0.999985       660089     65536.00
     206.463     0.999986       660090     72817.78
     207.359     0.999988       660091     81920.00
     207.743     0.999989       660092     93622.86
     208.511     0.999991       660094    109226.67
     208.511     0.999992       660094    131072.00
     209.535     0.999993       660095    145635.56
     209.535     0.999994       660095    163840.00
     209.919     0.999995       660096    187245.71
     209.919     0.999995       660096    218453.33
     211.455     0.999996       660097    262144.00
     211.455     0.999997       660097    291271.11
     211.455     0.999997       660097    327680.00
     211.967     0.999997       660098    374491.43
     211.967     0.999998       660098    436906.67
     211.967     0.999998       660098    524288.00
     211.967     0.999998       660098    582542.22
     211.967     0.999998       660098    655360.00
     214.271     0.999999       660099    748982.86
     214.271     1.000000       660099          inf
#[Mean    =       22.815, StdDeviation   =       19.199]
#[Max     =      214.144, Total count    =       660099]
#[Buckets =           27, SubBuckets     =         2048]
-----------------------------------------------------------------------
  764693 requests in 1.17m, 205.54MB read
Requests/sec:  10924.40  
Transfer/sec:      2.94MB
