Running 1m test @ http://10.10.1.2:5000
  4 threads and 128 connections

  Thread calibration: mean lat.: 0.559ms, rate sampling interval: 10ms
  Thread calibration: mean lat.: 0.560ms, rate sampling interval: 10ms
  Thread calibration: mean lat.: 0.557ms, rate sampling interval: 10ms
  Thread calibration: mean lat.: 0.524ms, rate sampling interval: 10ms

-----------------------------------------------------------------------
Test Results @ http://10.10.1.2:5000 
  Thread Stats   Avg      Stdev     99%   +/- Stdev
    Latency   489.61us  248.20us   1.47ms   88.22%
    Req/Sec     2.90k   563.09     4.30k    67.57%
  Latency Distribution (HdrHistogram - Recorded Latency)
 50.000%  411.00us
 75.000%  533.00us
 90.000%  784.00us
 99.000%    1.47ms
 99.900%    2.24ms
 99.990%    2.90ms
 99.999%    3.79ms
100.000%    4.26ms

  Detailed Percentile spectrum:
       Value   Percentile   TotalCount 1/(1-Percentile)

       0.199     0.000000            1         1.00
       0.302     0.100000        66450         1.11
       0.332     0.200000       133928         1.25
       0.357     0.300000       198446         1.43
       0.383     0.400000       266104         1.67
       0.411     0.500000       332068         2.00
       0.427     0.550000       364822         2.22
       0.445     0.600000       396510         2.50
       0.467     0.650000       429068         2.86
       0.495     0.700000       462060         3.33
       0.533     0.750000       495353         4.00
       0.556     0.775000       511901         4.44
       0.584     0.800000       528462         5.00
       0.617     0.825000       544696         5.71
       0.659     0.850000       561236         6.67
       0.714     0.875000       577826         8.00
       0.746     0.887500       585854         8.89
       0.784     0.900000       594125        10.00
       0.826     0.912500       602388        11.43
       0.875     0.925000       610628        13.33
       0.932     0.937500       618966        16.00
       0.963     0.943750       622963        17.78
       0.999     0.950000       627174        20.00
       1.039     0.956250       631262        22.86
       1.084     0.962500       635343        26.67
       1.139     0.968750       639503        32.00
       1.171     0.971875       641557        35.56
       1.204     0.975000       643584        40.00
       1.243     0.978125       645661        45.71
       1.288     0.981250       647724        53.33
       1.342     0.984375       649789        64.00
       1.373     0.985938       650820        71.11
       1.407     0.987500       651835        80.00
       1.448     0.989062       652881        91.43
       1.493     0.990625       653893       106.67
       1.550     0.992188       654922       128.00
       1.583     0.992969       655445       142.22
       1.620     0.993750       655954       160.00
       1.670     0.994531       656479       182.86
       1.723     0.995313       656987       213.33
       1.782     0.996094       657500       256.00
       1.819     0.996484       657758       284.44
       1.859     0.996875       658019       320.00
       1.905     0.997266       658279       365.71
       1.953     0.997656       658535       426.67
       2.009     0.998047       658792       512.00
       2.044     0.998242       658919       568.89
       2.085     0.998437       659052       640.00
       2.125     0.998633       659176       731.43
       2.185     0.998828       659307       853.33
       2.249     0.999023       659437      1024.00
       2.285     0.999121       659500      1137.78
       2.323     0.999219       659565      1280.00
       2.357     0.999316       659627      1462.86
       2.411     0.999414       659693      1706.67
       2.463     0.999512       659757      2048.00
       2.491     0.999561       659791      2275.56
       2.519     0.999609       659822      2560.00
       2.561     0.999658       659854      2925.71
       2.599     0.999707       659885      3413.33
       2.655     0.999756       659918      4096.00
       2.685     0.999780       659933      4551.11
       2.735     0.999805       659953      5120.00
       2.791     0.999829       659966      5851.43
       2.819     0.999854       659982      6826.67
       2.857     0.999878       659998      8192.00
       2.883     0.999890       660008      9102.22
       2.923     0.999902       660014     10240.00
       2.991     0.999915       660022     11702.86
       3.021     0.999927       660030     13653.33
       3.103     0.999939       660038     16384.00
       3.127     0.999945       660042     18204.44
       3.147     0.999951       660046     20480.00
       3.171     0.999957       660050     23405.71
       3.211     0.999963       660054     27306.67
       3.241     0.999969       660058     32768.00
       3.291     0.999973       660060     36408.89
       3.331     0.999976       660062     40960.00
       3.363     0.999979       660064     46811.43
       3.475     0.999982       660066     54613.33
       3.533     0.999985       660068     65536.00
       3.679     0.999986       660069     72817.78
       3.731     0.999988       660070     81920.00
       3.787     0.999989       660071     93622.86
       3.825     0.999991       660072    109226.67
       3.845     0.999992       660073    131072.00
       3.883     0.999993       660074    145635.56
       3.883     0.999994       660074    163840.00
       3.901     0.999995       660075    187245.71
       3.901     0.999995       660075    218453.33
       3.905     0.999996       660076    262144.00
       3.905     0.999997       660076    291271.11
       3.905     0.999997       660076    327680.00
       3.927     0.999997       660077    374491.43
       3.927     0.999998       660077    436906.67
       3.927     0.999998       660077    524288.00
       3.927     0.999998       660077    582542.22
       3.927     0.999998       660077    655360.00
       4.255     0.999999       660078    748982.86
       4.255     1.000000       660078          inf
#[Mean    =        0.490, StdDeviation   =        0.248]
#[Max     =        4.252, Total count    =       660078]
#[Buckets =           27, SubBuckets     =         2048]
-----------------------------------------------------------------------
  767747 requests in 1.17m, 155.95MB read
Requests/sec:  10968.02  
Transfer/sec:      2.23MB
