Running 1m test @ http://10.10.1.1:5000
  4 threads and 128 connections

  Thread calibration: mean lat.: 3.287ms, rate sampling interval: 10ms
  Thread calibration: mean lat.: 3.194ms, rate sampling interval: 10ms
  Thread calibration: mean lat.: 3.270ms, rate sampling interval: 10ms
  Thread calibration: mean lat.: 3.260ms, rate sampling interval: 10ms

-----------------------------------------------------------------------
Test Results @ http://10.10.1.1:5000 
  Thread Stats   Avg      Stdev     99%   +/- Stdev
    Latency     3.21ms    1.31ms   7.88ms   78.91%
    Req/Sec     1.85k   473.42     3.10k    68.42%
  Latency Distribution (HdrHistogram - Recorded Latency)
 50.000%    2.91ms
 75.000%    3.73ms
 90.000%    4.84ms
 99.000%    7.88ms
 99.900%   11.10ms
 99.990%   15.07ms
 99.999%   18.40ms
100.000%   21.18ms

  Detailed Percentile spectrum:
       Value   Percentile   TotalCount 1/(1-Percentile)

       1.221     0.000000            1         1.00
       1.955     0.100000        35088         1.11
       2.205     0.200000        70166         1.25
       2.431     0.300000       105215         1.43
       2.663     0.400000       140456         1.67
       2.909     0.500000       175470         2.00
       3.041     0.550000       192887         2.22
       3.185     0.600000       210444         2.50
       3.341     0.650000       227956         2.86
       3.517     0.700000       245405         3.33
       3.727     0.750000       263008         4.00
       3.849     0.775000       271756         4.44
       3.987     0.800000       280481         5.00
       4.147     0.825000       289329         5.71
       4.331     0.850000       297984         6.67
       4.555     0.875000       306700         8.00
       4.691     0.887500       311169         8.89
       4.835     0.900000       315459        10.00
       5.007     0.912500       319896        11.43
       5.211     0.925000       324255        13.33
       5.447     0.937500       328592        16.00
       5.591     0.943750       330849        17.78
       5.743     0.950000       333018        20.00
       5.923     0.956250       335199        22.86
       6.131     0.962500       337367        26.67
       6.371     0.968750       339556        32.00
       6.515     0.971875       340657        35.56
       6.663     0.975000       341738        40.00
       6.847     0.978125       342835        45.71
       7.059     0.981250       343932        53.33
       7.315     0.984375       345022        64.00
       7.459     0.985938       345570        71.11
       7.607     0.987500       346116        80.00
       7.779     0.989062       346667        91.43
       7.979     0.990625       347216       106.67
       8.231     0.992188       347766       128.00
       8.367     0.992969       348036       142.22
       8.535     0.993750       348317       160.00
       8.711     0.994531       348586       182.86
       8.935     0.995313       348859       213.33
       9.199     0.996094       349129       256.00
       9.327     0.996484       349267       284.44
       9.503     0.996875       349405       320.00
       9.687     0.997266       349542       365.71
       9.903     0.997656       349676       426.67
      10.135     0.998047       349813       512.00
      10.303     0.998242       349881       568.89
      10.487     0.998437       349955       640.00
      10.655     0.998633       350021       731.43
      10.831     0.998828       350088       853.33
      11.127     0.999023       350159      1024.00
      11.255     0.999121       350189      1137.78
      11.439     0.999219       350226      1280.00
      11.631     0.999316       350258      1462.86
      11.871     0.999414       350295      1706.67
      12.167     0.999512       350326      2048.00
      12.367     0.999561       350343      2275.56
      12.495     0.999609       350362      2560.00
      12.679     0.999658       350378      2925.71
      12.959     0.999707       350396      3413.33
      13.343     0.999756       350413      4096.00
      13.431     0.999780       350420      4551.11
      13.727     0.999805       350429      5120.00
      13.879     0.999829       350438      5851.43
      14.191     0.999854       350446      6826.67
      14.863     0.999878       350455      8192.00
      14.951     0.999890       350459      9102.22
      15.103     0.999902       350463     10240.00
      15.663     0.999915       350468     11702.86
      15.775     0.999927       350472     13653.33
      15.911     0.999939       350476     16384.00
      15.983     0.999945       350478     18204.44
      16.071     0.999951       350480     20480.00
      16.287     0.999957       350483     23405.71
      16.383     0.999963       350485     27306.67
      16.591     0.999969       350487     32768.00
      16.623     0.999973       350488     36408.89
      16.687     0.999976       350489     40960.00
      16.959     0.999979       350490     46811.43
      17.423     0.999982       350491     54613.33
      18.079     0.999985       350492     65536.00
      18.399     0.999986       350493     72817.78
      18.399     0.999988       350493     81920.00
      18.847     0.999989       350494     93622.86
      18.847     0.999991       350494    109226.67
      18.991     0.999992       350495    131072.00
      18.991     0.999993       350495    145635.56
      18.991     0.999994       350495    163840.00
      19.935     0.999995       350496    187245.71
      19.935     0.999995       350496    218453.33
      19.935     0.999996       350496    262144.00
      19.935     0.999997       350496    291271.11
      19.935     0.999997       350496    327680.00
      21.183     0.999997       350497    374491.43
      21.183     1.000000       350497          inf
#[Mean    =        3.214, StdDeviation   =        1.308]
#[Max     =       21.168, Total count    =       350497]
#[Buckets =           27, SubBuckets     =         2048]
-----------------------------------------------------------------------
  418860 requests in 1.00m, 109.90MB read
Requests/sec:   6981.17  
Transfer/sec:      1.83MB
