Running 1m test @ http://10.10.1.2:5000
  4 threads and 128 connections

  Thread calibration: mean lat.: 0.493ms, rate sampling interval: 10ms
  Thread calibration: mean lat.: 0.498ms, rate sampling interval: 10ms
  Thread calibration: mean lat.: 0.492ms, rate sampling interval: 10ms
  Thread calibration: mean lat.: 0.459ms, rate sampling interval: 10ms

-----------------------------------------------------------------------
Test Results @ http://10.10.1.2:5000 
  Thread Stats   Avg      Stdev     99%   +/- Stdev
    Latency   418.17us  199.95us   1.22ms   90.24%
    Req/Sec     1.85k   444.76     2.91k    65.38%
  Latency Distribution (HdrHistogram - Recorded Latency)
 50.000%  363.00us
 75.000%  442.00us
 90.000%  613.00us
 99.000%    1.22ms
 99.900%    2.21ms
 99.990%    3.29ms
 99.999%    4.53ms
100.000%    8.22ms

  Detailed Percentile spectrum:
       Value   Percentile   TotalCount 1/(1-Percentile)

       0.192     0.000000            1         1.00
       0.278     0.100000        43152         1.11
       0.301     0.200000        84619         1.25
       0.322     0.300000       127535         1.43
       0.342     0.400000       169083         1.67
       0.363     0.500000       210980         2.00
       0.375     0.550000       232651         2.22
       0.387     0.600000       252344         2.50
       0.402     0.650000       273962         2.86
       0.420     0.700000       295154         3.33
       0.442     0.750000       315371         4.00
       0.457     0.775000       326243         4.44
       0.474     0.800000       336455         5.00
       0.496     0.825000       346874         5.71
       0.525     0.850000       357475         6.67
       0.562     0.875000       367907         8.00
       0.586     0.887500       373178         8.89
       0.613     0.900000       378361        10.00
       0.647     0.912500       383714        11.43
       0.687     0.925000       388897        13.33
       0.734     0.937500       394173        16.00
       0.760     0.943750       396735        17.78
       0.790     0.950000       399425        20.00
       0.822     0.956250       401998        22.86
       0.860     0.962500       404660        26.67
       0.904     0.968750       407234        32.00
       0.929     0.971875       408551        35.56
       0.960     0.975000       409885        40.00
       0.994     0.978125       411199        45.71
       1.037     0.981250       412516        53.33
       1.087     0.984375       413804        64.00
       1.119     0.985938       414468        71.11
       1.156     0.987500       415125        80.00
       1.197     0.989062       415783        91.43
       1.242     0.990625       416434       106.67
       1.294     0.992188       417082       128.00
       1.325     0.992969       417415       142.22
       1.363     0.993750       417743       160.00
       1.409     0.994531       418066       182.86
       1.471     0.995313       418397       213.33
       1.550     0.996094       418725       256.00
       1.591     0.996484       418888       284.44
       1.649     0.996875       419052       320.00
       1.711     0.997266       419217       365.71
       1.790     0.997656       419379       426.67
       1.876     0.998047       419543       512.00
       1.924     0.998242       419626       568.89
       1.982     0.998437       419708       640.00
       2.042     0.998633       419791       731.43
       2.119     0.998828       419872       853.33
       2.217     0.999023       419954      1024.00
       2.273     0.999121       419995      1137.78
       2.325     0.999219       420036      1280.00
       2.387     0.999316       420078      1462.86
       2.455     0.999414       420118      1706.67
       2.541     0.999512       420159      2048.00
       2.587     0.999561       420180      2275.56
       2.641     0.999609       420200      2560.00
       2.699     0.999658       420221      2925.71
       2.763     0.999707       420241      3413.33
       2.851     0.999756       420262      4096.00
       2.919     0.999780       420272      4551.11
       2.965     0.999805       420282      5120.00
       3.041     0.999829       420293      5851.43
       3.131     0.999854       420303      6826.67
       3.203     0.999878       420313      8192.00
       3.247     0.999890       420318      9102.22
       3.307     0.999902       420323     10240.00
       3.403     0.999915       420329     11702.86
       3.479     0.999927       420334     13653.33
       3.573     0.999939       420339     16384.00
       3.593     0.999945       420341     18204.44
       3.645     0.999951       420344     20480.00
       3.729     0.999957       420347     23405.71
       3.789     0.999963       420349     27306.67
       3.955     0.999969       420352     32768.00
       4.005     0.999973       420353     36408.89
       4.175     0.999976       420354     40960.00
       4.303     0.999979       420356     46811.43
       4.399     0.999982       420357     54613.33
       4.411     0.999985       420358     65536.00
       4.451     0.999986       420359     72817.78
       4.451     0.999988       420359     81920.00
       4.531     0.999989       420360     93622.86
       4.591     0.999991       420361    109226.67
       4.591     0.999992       420361    131072.00
       5.851     0.999993       420362    145635.56
       5.851     0.999994       420362    163840.00
       5.851     0.999995       420362    187245.71
       7.011     0.999995       420363    218453.33
       7.011     0.999996       420363    262144.00
       7.011     0.999997       420363    291271.11
       7.011     0.999997       420363    327680.00
       7.011     0.999997       420363    374491.43
       8.223     0.999998       420364    436906.67
       8.223     1.000000       420364          inf
#[Mean    =        0.418, StdDeviation   =        0.200]
#[Max     =        8.216, Total count    =       420364]
#[Buckets =           27, SubBuckets     =         2048]
-----------------------------------------------------------------------
  488751 requests in 1.17m, 99.28MB read
Requests/sec:   6982.26  
Transfer/sec:      1.42MB
