Running 1m test @ http://10.10.1.1:5000
  4 threads and 128 connections

  Thread calibration: mean lat.: 1639.912ms, rate sampling interval: 5738ms
  Thread calibration: mean lat.: 1605.732ms, rate sampling interval: 5615ms
  Thread calibration: mean lat.: 1628.195ms, rate sampling interval: 5693ms
  Thread calibration: mean lat.: 1635.940ms, rate sampling interval: 5701ms

-----------------------------------------------------------------------
Test Results @ http://10.10.1.1:5000 
  Thread Stats   Avg      Stdev     99%   +/- Stdev
    Latency    12.24s     5.27s   21.56s    57.98%
    Req/Sec     2.96k     8.69     2.98k    75.00%
  Latency Distribution (HdrHistogram - Recorded Latency)
 50.000%   12.21s 
 75.000%   16.79s 
 90.000%   19.50s 
 99.000%   21.56s 
 99.900%   22.38s 
 99.990%   22.76s 
 99.999%   22.89s 
100.000%   22.92s 

  Detailed Percentile spectrum:
       Value   Percentile   TotalCount 1/(1-Percentile)

    2592.767     0.000000            1         1.00
    4976.639     0.100000        71227         1.11
    6778.879     0.200000       142210         1.25
    8601.599     0.300000       213384         1.43
   10412.031     0.400000       284691         1.67
   12206.079     0.500000       355775         2.00
   13131.775     0.550000       391083         2.22
   14057.471     0.600000       426829         2.50
   14966.783     0.650000       462294         2.86
   15867.903     0.700000       497787         3.33
   16793.599     0.750000       533811         4.00
   17252.351     0.775000       551670         4.44
   17711.103     0.800000       569443         5.00
   18153.471     0.825000       587000         5.71
   18595.839     0.850000       604872         6.67
   19038.207     0.875000       622328         8.00
   19267.583     0.887500       631168         8.89
   19496.959     0.900000       640206        10.00
   19726.335     0.912500       648834        11.43
   19955.711     0.925000       657882        13.33
   20185.087     0.937500       666725        16.00
   20316.159     0.943750       671343        17.78
   20447.231     0.950000       675761        20.00
   20578.303     0.956250       680193        22.86
   20725.759     0.962500       684925        26.67
   20856.831     0.968750       689043        32.00
   20938.751     0.971875       691336        35.56
   21020.671     0.975000       693629        40.00
   21118.975     0.978125       695787        45.71
   21217.279     0.981250       697977        53.33
   21315.583     0.984375       699898        64.00
   21397.503     0.985938       701279        71.11
   21446.655     0.987500       702168        80.00
   21528.575     0.989062       703458        91.43
   21594.111     0.990625       704412       106.67
   21676.031     0.992188       705602       128.00
   21708.799     0.992969       705999       142.22
   21757.951     0.993750       706561       160.00
   21823.487     0.994531       707231       182.86
   21889.023     0.995313       707714       213.33
   21954.559     0.996094       708231       256.00
   22003.711     0.996484       708629       284.44
   22036.479     0.996875       708906       320.00
   22069.247     0.997266       709075       365.71
   22134.783     0.997656       709396       426.67
   22183.935     0.998047       709608       512.00
   22216.703     0.998242       709764       568.89
   22265.855     0.998437       709939       640.00
   22298.623     0.998633       710049       731.43
   22347.775     0.998828       710207       853.33
   22380.543     0.999023       710315      1024.00
   22413.311     0.999121       710403      1137.78
   22446.079     0.999219       710470      1280.00
   22478.847     0.999316       710518      1462.86
   22511.615     0.999414       710590      1706.67
   22544.383     0.999512       710648      2048.00
   22577.151     0.999561       710702      2275.56
   22593.535     0.999609       710719      2560.00
   22609.919     0.999658       710752      2925.71
   22642.687     0.999707       710799      3413.33
   22675.455     0.999756       710847      4096.00
   22675.455     0.999780       710847      4551.11
   22691.839     0.999805       710868      5120.00
   22708.223     0.999829       710889      5851.43
   22724.607     0.999854       710911      6826.67
   22724.607     0.999878       710911      8192.00
   22740.991     0.999890       710918      9102.22
   22757.375     0.999902       710929     10240.00
   22773.759     0.999915       710943     11702.86
   22773.759     0.999927       710943     13653.33
   22806.527     0.999939       710956     16384.00
   22806.527     0.999945       710956     18204.44
   22822.911     0.999951       710965     20480.00
   22822.911     0.999957       710965     23405.71
   22839.295     0.999963       710974     27306.67
   22839.295     0.999969       710974     32768.00
   22855.679     0.999973       710983     36408.89
   22855.679     0.999976       710983     40960.00
   22855.679     0.999979       710983     46811.43
   22855.679     0.999982       710983     54613.33
   22872.063     0.999985       710987     65536.00
   22872.063     0.999986       710987     72817.78
   22872.063     0.999988       710987     81920.00
   22888.447     0.999989       710990     93622.86
   22888.447     0.999991       710990    109226.67
   22888.447     0.999992       710990    131072.00
   22904.831     0.999993       710992    145635.56
   22904.831     0.999994       710992    163840.00
   22904.831     0.999995       710992    187245.71
   22904.831     0.999995       710992    218453.33
   22921.215     0.999996       710995    262144.00
   22921.215     1.000000       710995          inf
#[Mean    =    12237.926, StdDeviation   =     5271.942]
#[Max     =    22904.832, Total count    =       710995]
#[Buckets =           27, SubBuckets     =         2048]
-----------------------------------------------------------------------
  827749 requests in 1.17m, 222.55MB read
Requests/sec:  11824.94  
Transfer/sec:      3.18MB
