Running 1m test @ http://10.10.1.2:5000
  4 threads and 128 connections

  Thread calibration: mean lat.: 0.510ms, rate sampling interval: 10ms
  Thread calibration: mean lat.: 0.523ms, rate sampling interval: 10ms
  Thread calibration: mean lat.: 0.515ms, rate sampling interval: 10ms
  Thread calibration: mean lat.: 0.512ms, rate sampling interval: 10ms

-----------------------------------------------------------------------
Test Results @ http://10.10.1.2:5000 
  Thread Stats   Avg      Stdev     99%   +/- Stdev
    Latency   454.83us  126.58us   0.86ms   77.72%
    Req/Sec   264.11    166.85   700.00     74.75%
  Latency Distribution (HdrHistogram - Recorded Latency)
 50.000%  424.00us
 75.000%  509.00us
 90.000%  616.00us
 99.000%    0.86ms
 99.900%    1.36ms
 99.990%    1.97ms
 99.999%    2.20ms
100.000%    2.20ms

  Detailed Percentile spectrum:
       Value   Percentile   TotalCount 1/(1-Percentile)

       0.042     0.000000            1         1.00
       0.333     0.100000         6037         1.11
       0.361     0.200000        12120         1.25
       0.384     0.300000        18272         1.43
       0.403     0.400000        24216         1.67
       0.424     0.500000        30084         2.00
       0.437     0.550000        33218         2.22
       0.451     0.600000        36245         2.50
       0.467     0.650000        39218         2.86
       0.486     0.700000        42214         3.33
       0.509     0.750000        45147         4.00
       0.523     0.775000        46641         4.44
       0.539     0.800000        48195         5.00
       0.555     0.825000        49659         5.71
       0.574     0.850000        51181         6.67
       0.594     0.875000        52644         8.00
       0.605     0.887500        53408         8.89
       0.616     0.900000        54130        10.00
       0.629     0.912500        54881        11.43
       0.643     0.925000        55644        13.33
       0.660     0.937500        56409        16.00
       0.669     0.943750        56774        17.78
       0.678     0.950000        57128        20.00
       0.689     0.956250        57507        22.86
       0.703     0.962500        57905        26.67
       0.718     0.968750        58258        32.00
       0.727     0.971875        58452        35.56
       0.738     0.975000        58620        40.00
       0.751     0.978125        58817        45.71
       0.767     0.981250        59004        53.33
       0.790     0.984375        59188        64.00
       0.804     0.985938        59282        71.11
       0.824     0.987500        59375        80.00
       0.844     0.989062        59468        91.43
       0.874     0.990625        59561       106.67
       0.915     0.992188        59654       128.00
       0.938     0.992969        59702       142.22
       0.980     0.993750        59749       160.00
       1.012     0.994531        59795       182.86
       1.041     0.995313        59842       213.33
       1.087     0.996094        59889       256.00
       1.105     0.996484        59912       284.44
       1.127     0.996875        59937       320.00
       1.143     0.997266        59959       365.71
       1.177     0.997656        59983       426.67
       1.207     0.998047        60006       512.00
       1.242     0.998242        60018       568.89
       1.272     0.998437        60030       640.00
       1.302     0.998633        60042       731.43
       1.333     0.998828        60053       853.33
       1.371     0.999023        60065      1024.00
       1.384     0.999121        60071      1137.78
       1.404     0.999219        60077      1280.00
       1.432     0.999316        60082      1462.86
       1.500     0.999414        60088      1706.67
       1.543     0.999512        60094      2048.00
       1.574     0.999561        60097      2275.56
       1.594     0.999609        60100      2560.00
       1.612     0.999658        60103      2925.71
       1.692     0.999707        60106      3413.33
       1.748     0.999756        60109      4096.00
       1.752     0.999780        60110      4551.11
       1.790     0.999805        60112      5120.00
       1.885     0.999829        60113      5851.43
       1.928     0.999854        60115      6826.67
       1.960     0.999878        60116      8192.00
       1.969     0.999890        60117      9102.22
       1.992     0.999902        60118     10240.00
       1.992     0.999915        60118     11702.86
       2.023     0.999927        60119     13653.33
       2.027     0.999939        60120     16384.00
       2.027     0.999945        60120     18204.44
       2.137     0.999951        60121     20480.00
       2.137     0.999957        60121     23405.71
       2.137     0.999963        60121     27306.67
       2.201     0.999969        60122     32768.00
       2.201     0.999973        60122     36408.89
       2.201     0.999976        60122     40960.00
       2.201     0.999979        60122     46811.43
       2.201     0.999982        60122     54613.33
       2.205     0.999985        60123     65536.00
       2.205     1.000000        60123          inf
#[Mean    =        0.455, StdDeviation   =        0.127]
#[Max     =        2.204, Total count    =        60123]
#[Buckets =           27, SubBuckets     =         2048]
-----------------------------------------------------------------------
  70059 requests in 1.17m, 14.23MB read
Requests/sec:   1000.73  
Transfer/sec:    208.16KB
