Running 1m test @ http://10.10.1.2:5000
  4 threads and 128 connections

  Thread calibration: mean lat.: 0.698ms, rate sampling interval: 10ms
  Thread calibration: mean lat.: 0.688ms, rate sampling interval: 10ms
  Thread calibration: mean lat.: 0.694ms, rate sampling interval: 10ms
  Thread calibration: mean lat.: 0.695ms, rate sampling interval: 10ms

-----------------------------------------------------------------------
Test Results @ http://10.10.1.2:5000 
  Thread Stats   Avg      Stdev     99%   +/- Stdev
    Latency   646.73us  384.02us   2.09ms   86.19%
    Req/Sec     4.48k   738.20     6.34k    69.73%
  Latency Distribution (HdrHistogram - Recorded Latency)
 50.000%  508.00us
 75.000%  760.00us
 90.000%    1.15ms
 99.000%    2.09ms
 99.900%    3.10ms
 99.990%    4.17ms
 99.999%    5.55ms
100.000%    6.34ms

  Detailed Percentile spectrum:
       Value   Percentile   TotalCount 1/(1-Percentile)

       0.207     0.000000            1         1.00
       0.342     0.100000       103624         1.11
       0.382     0.200000       204349         1.25
       0.419     0.300000       307348         1.43
       0.459     0.400000       409841         1.67
       0.508     0.500000       511054         2.00
       0.539     0.550000       561688         2.22
       0.577     0.600000       612941         2.50
       0.624     0.650000       663549         2.86
       0.684     0.700000       714423         3.33
       0.760     0.750000       764883         4.00
       0.807     0.775000       790787         4.44
       0.858     0.800000       816054         5.00
       0.917     0.825000       841707         5.71
       0.984     0.850000       866960         6.67
       1.061     0.875000       892444         8.00
       1.104     0.887500       905240         8.89
       1.152     0.900000       917886        10.00
       1.207     0.912500       930734        11.43
       1.268     0.925000       943384        13.33
       1.338     0.937500       956219        16.00
       1.378     0.943750       962562        17.78
       1.422     0.950000       968933        20.00
       1.472     0.956250       975315        22.86
       1.530     0.962500       981631        26.67
       1.599     0.968750       987975        32.00
       1.641     0.971875       991169        35.56
       1.690     0.975000       994372        40.00
       1.746     0.978125       997563        45.71
       1.810     0.981250      1000702        53.33
       1.891     0.984375      1003910        64.00
       1.938     0.985938      1005507        71.11
       1.992     0.987500      1007079        80.00
       2.053     0.989062      1008700        91.43
       2.117     0.990625      1010280       106.67
       2.195     0.992188      1011875       128.00
       2.239     0.992969      1012653       142.22
       2.289     0.993750      1013457       160.00
       2.345     0.994531      1014248       182.86
       2.411     0.995313      1015050       213.33
       2.487     0.996094      1015841       256.00
       2.531     0.996484      1016239       284.44
       2.579     0.996875      1016643       320.00
       2.637     0.997266      1017049       365.71
       2.701     0.997656      1017441       426.67
       2.777     0.998047      1017837       512.00
       2.821     0.998242      1018037       568.89
       2.881     0.998437      1018230       640.00
       2.951     0.998633      1018433       731.43
       3.025     0.998828      1018634       853.33
       3.109     0.999023      1018831      1024.00
       3.159     0.999121      1018927      1137.78
       3.209     0.999219      1019028      1280.00
       3.267     0.999316      1019127      1462.86
       3.351     0.999414      1019227      1706.67
       3.429     0.999512      1019328      2048.00
       3.481     0.999561      1019376      2275.56
       3.523     0.999609      1019426      2560.00
       3.597     0.999658      1019475      2925.71
       3.683     0.999707      1019526      3413.33
       3.761     0.999756      1019576      4096.00
       3.807     0.999780      1019599      4551.11
       3.855     0.999805      1019624      5120.00
       3.943     0.999829      1019650      5851.43
       3.985     0.999854      1019675      6826.67
       4.067     0.999878      1019700      8192.00
       4.111     0.999890      1019711      9102.22
       4.195     0.999902      1019725     10240.00
       4.263     0.999915      1019736     11702.86
       4.351     0.999927      1019749     13653.33
       4.471     0.999939      1019761     16384.00
       4.527     0.999945      1019767     18204.44
       4.575     0.999951      1019774     20480.00
       4.611     0.999957      1019781     23405.71
       4.735     0.999963      1019788     27306.67
       4.759     0.999969      1019792     32768.00
       4.791     0.999973      1019795     36408.89
       4.887     0.999976      1019799     40960.00
       5.075     0.999979      1019802     46811.43
       5.103     0.999982      1019806     54613.33
       5.163     0.999985      1019808     65536.00
       5.199     0.999986      1019809     72817.78
       5.371     0.999988      1019811     81920.00
       5.547     0.999989      1019813     93622.86
       5.555     0.999991      1019814    109226.67
       5.639     0.999992      1019816    131072.00
       5.639     0.999993      1019816    145635.56
       5.655     0.999994      1019818    163840.00
       5.655     0.999995      1019818    187245.71
       5.735     0.999995      1019819    218453.33
       5.787     0.999996      1019820    262144.00
       5.787     0.999997      1019820    291271.11
       5.787     0.999997      1019820    327680.00
       5.955     0.999997      1019821    374491.43
       5.955     0.999998      1019821    436906.67
       6.023     0.999998      1019822    524288.00
       6.023     0.999998      1019822    582542.22
       6.023     0.999998      1019822    655360.00
       6.023     0.999999      1019822    748982.86
       6.023     0.999999      1019822    873813.33
       6.343     0.999999      1019823   1048576.00
       6.343     1.000000      1019823          inf
#[Mean    =        0.647, StdDeviation   =        0.384]
#[Max     =        6.340, Total count    =      1019823]
#[Buckets =           27, SubBuckets     =         2048]
-----------------------------------------------------------------------
  1190356 requests in 1.17m, 241.80MB read
Requests/sec:  17005.28  
Transfer/sec:      3.45MB
