Running 1m test @ http://10.10.1.1:5000
  4 threads and 128 connections

  Thread calibration: mean lat.: 3.421ms, rate sampling interval: 10ms
  Thread calibration: mean lat.: 3.509ms, rate sampling interval: 10ms
  Thread calibration: mean lat.: 3.410ms, rate sampling interval: 10ms
  Thread calibration: mean lat.: 3.451ms, rate sampling interval: 10ms

-----------------------------------------------------------------------
Test Results @ http://10.10.1.1:5000 
  Thread Stats   Avg      Stdev     99%   +/- Stdev
    Latency     3.73ms  800.57us   6.59ms   77.31%
    Req/Sec   262.63    165.45   700.00     75.47%
  Latency Distribution (HdrHistogram - Recorded Latency)
 50.000%    3.61ms
 75.000%    4.06ms
 90.000%    4.70ms
 99.000%    6.59ms
 99.900%    8.51ms
 99.990%    9.71ms
 99.999%   12.05ms
100.000%   12.05ms

  Detailed Percentile spectrum:
       Value   Percentile   TotalCount 1/(1-Percentile)

       2.181     0.000000            1         1.00
       2.923     0.100000         5010         1.11
       3.089     0.200000        10005         1.25
       3.241     0.300000        15009         1.43
       3.417     0.400000        19980         1.67
       3.609     0.500000        24960         2.00
       3.699     0.550000        27437         2.22
       3.783     0.600000        29935         2.50
       3.867     0.650000        32427         2.86
       3.959     0.700000        34934         3.33
       4.061     0.750000        37407         4.00
       4.123     0.775000        38679         4.44
       4.191     0.800000        39883         5.00
       4.271     0.825000        41149         5.71
       4.375     0.850000        42413         6.67
       4.515     0.875000        43648         8.00
       4.599     0.887500        44247         8.89
       4.699     0.900000        44886        10.00
       4.819     0.912500        45494        11.43
       4.955     0.925000        46118        13.33
       5.107     0.937500        46745        16.00
       5.195     0.943750        47054        17.78
       5.279     0.950000        47364        20.00
       5.387     0.956250        47682        22.86
       5.499     0.962500        47985        26.67
       5.643     0.968750        48302        32.00
       5.723     0.971875        48452        35.56
       5.811     0.975000        48607        40.00
       5.907     0.978125        48761        45.71
       6.043     0.981250        48923        53.33
       6.187     0.984375        49074        64.00
       6.283     0.985938        49150        71.11
       6.395     0.987500        49231        80.00
       6.511     0.989062        49308        91.43
       6.663     0.990625        49385       106.67
       6.807     0.992188        49462       128.00
       6.895     0.992969        49503       142.22
       6.971     0.993750        49540       160.00
       7.095     0.994531        49579       182.86
       7.199     0.995313        49618       213.33
       7.343     0.996094        49657       256.00
       7.411     0.996484        49678       284.44
       7.515     0.996875        49696       320.00
       7.575     0.997266        49715       365.71
       7.667     0.997656        49735       426.67
       7.783     0.998047        49754       512.00
       7.887     0.998242        49765       568.89
       8.055     0.998437        49774       640.00
       8.239     0.998633        49784       731.43
       8.343     0.998828        49793       853.33
       8.551     0.999023        49803      1024.00
       8.615     0.999121        49808      1137.78
       8.671     0.999219        49813      1280.00
       8.743     0.999316        49818      1462.86
       8.847     0.999414        49822      1706.67
       8.895     0.999512        49827      2048.00
       8.991     0.999561        49830      2275.56
       9.095     0.999609        49832      2560.00
       9.207     0.999658        49834      2925.71
       9.263     0.999707        49837      3413.33
       9.335     0.999756        49839      4096.00
       9.359     0.999780        49841      4551.11
       9.439     0.999805        49842      5120.00
       9.503     0.999829        49843      5851.43
       9.631     0.999854        49844      6826.67
       9.703     0.999878        49845      8192.00
       9.711     0.999890        49847      9102.22
       9.711     0.999902        49847     10240.00
       9.711     0.999915        49847     11702.86
       9.767     0.999927        49848     13653.33
       9.767     0.999939        49848     16384.00
      10.047     0.999945        49849     18204.44
      10.047     0.999951        49849     20480.00
      10.047     0.999957        49849     23405.71
      11.167     0.999963        49850     27306.67
      11.167     0.999969        49850     32768.00
      11.167     0.999973        49850     36408.89
      11.167     0.999976        49850     40960.00
      11.167     0.999979        49850     46811.43
      12.047     0.999982        49851     54613.33
      12.047     1.000000        49851          inf
#[Mean    =        3.735, StdDeviation   =        0.801]
#[Max     =       12.040, Total count    =        49851]
#[Buckets =           27, SubBuckets     =         2048]
-----------------------------------------------------------------------
  59534 requests in 1.00m, 15.88MB read
Requests/sec:    992.16  
Transfer/sec:    271.08KB
