Running 1m test @ http://10.10.1.2:5000
  4 threads and 128 connections

  Thread calibration: mean lat.: 0.747ms, rate sampling interval: 10ms
  Thread calibration: mean lat.: 0.730ms, rate sampling interval: 10ms
  Thread calibration: mean lat.: 0.738ms, rate sampling interval: 10ms
  Thread calibration: mean lat.: 0.743ms, rate sampling interval: 10ms

-----------------------------------------------------------------------
Test Results @ http://10.10.1.2:5000 
  Thread Stats   Avg      Stdev     99%   +/- Stdev
    Latency   761.36us  270.04us   1.98ms   91.59%
    Req/Sec   791.41    287.80     1.55k    63.32%
  Latency Distribution (HdrHistogram - Recorded Latency)
 50.000%  698.00us
 75.000%  776.00us
 90.000%    0.92ms
 99.000%    1.98ms
 99.900%    2.87ms
 99.990%    3.79ms
 99.999%    4.45ms
100.000%    4.74ms

  Detailed Percentile spectrum:
       Value   Percentile   TotalCount 1/(1-Percentile)

       0.352     0.000000            1         1.00
       0.584     0.100000        18245         1.11
       0.619     0.200000        36122         1.25
       0.647     0.300000        54250         1.43
       0.673     0.400000        72677         1.67
       0.698     0.500000        90602         2.00
       0.711     0.550000        99528         2.22
       0.725     0.600000       108633         2.50
       0.740     0.650000       117542         2.86
       0.757     0.700000       126609         3.33
       0.776     0.750000       135379         4.00
       0.788     0.775000       140035         4.44
       0.801     0.800000       144389         5.00
       0.816     0.825000       148768         5.71
       0.837     0.850000       153448         6.67
       0.864     0.875000       157796         8.00
       0.885     0.887500       160041         8.89
       0.916     0.900000       162301        10.00
       0.971     0.912500       164542        11.43
       1.076     0.925000       166799        13.33
       1.189     0.937500       169046        16.00
       1.245     0.943750       170178        17.78
       1.303     0.950000       171295        20.00
       1.373     0.956250       172429        22.86
       1.450     0.962500       173550        26.67
       1.541     0.968750       174677        32.00
       1.586     0.971875       175241        35.56
       1.634     0.975000       175808        40.00
       1.687     0.978125       176374        45.71
       1.746     0.981250       176931        53.33
       1.813     0.984375       177501        64.00
       1.853     0.985938       177782        71.11
       1.898     0.987500       178058        80.00
       1.948     0.989062       178339        91.43
       2.006     0.990625       178621       106.67
       2.077     0.992188       178905       128.00
       2.117     0.992969       179052       142.22
       2.155     0.993750       179184       160.00
       2.199     0.994531       179324       182.86
       2.271     0.995313       179465       213.33
       2.341     0.996094       179607       256.00
       2.385     0.996484       179680       284.44
       2.433     0.996875       179749       320.00
       2.479     0.997266       179817       365.71
       2.541     0.997656       179892       426.67
       2.613     0.998047       179960       512.00
       2.671     0.998242       179994       568.89
       2.719     0.998437       180030       640.00
       2.765     0.998633       180064       731.43
       2.807     0.998828       180101       853.33
       2.877     0.999023       180134      1024.00
       2.937     0.999121       180152      1137.78
       2.995     0.999219       180170      1280.00
       3.037     0.999316       180187      1462.86
       3.097     0.999414       180205      1706.67
       3.203     0.999512       180222      2048.00
       3.241     0.999561       180232      2275.56
       3.309     0.999609       180240      2560.00
       3.367     0.999658       180249      2925.71
       3.417     0.999707       180259      3413.33
       3.483     0.999756       180266      4096.00
       3.503     0.999780       180271      4551.11
       3.569     0.999805       180275      5120.00
       3.631     0.999829       180280      5851.43
       3.649     0.999854       180284      6826.67
       3.721     0.999878       180288      8192.00
       3.771     0.999890       180291      9102.22
       3.815     0.999902       180293     10240.00
       3.821     0.999915       180295     11702.86
       3.845     0.999927       180297     13653.33
       3.857     0.999939       180299     16384.00
       3.875     0.999945       180301     18204.44
       3.955     0.999951       180302     20480.00
       3.959     0.999957       180303     23405.71
       3.975     0.999963       180304     27306.67
       4.057     0.999969       180305     32768.00
       4.167     0.999973       180306     36408.89
       4.167     0.999976       180306     40960.00
       4.183     0.999979       180307     46811.43
       4.183     0.999982       180307     54613.33
       4.447     0.999985       180308     65536.00
       4.447     0.999986       180308     72817.78
       4.447     0.999988       180308     81920.00
       4.499     0.999989       180309     93622.86
       4.499     0.999991       180309    109226.67
       4.499     0.999992       180309    131072.00
       4.499     0.999993       180309    145635.56
       4.499     0.999994       180309    163840.00
       4.739     0.999995       180310    187245.71
       4.739     1.000000       180310          inf
#[Mean    =        0.761, StdDeviation   =        0.270]
#[Max     =        4.736, Total count    =       180310]
#[Buckets =           27, SubBuckets     =         2048]
-----------------------------------------------------------------------
  208774 requests in 1.17m, 42.41MB read
Requests/sec:   2982.53  
Transfer/sec:    620.39KB
