Running 1m test @ http://10.10.1.2:5000
  4 threads and 128 connections

  Thread calibration: mean lat.: 1.655ms, rate sampling interval: 10ms
  Thread calibration: mean lat.: 1.655ms, rate sampling interval: 10ms
  Thread calibration: mean lat.: 1.665ms, rate sampling interval: 10ms
  Thread calibration: mean lat.: 1.654ms, rate sampling interval: 10ms

-----------------------------------------------------------------------
Test Results @ http://10.10.1.2:5000 
  Thread Stats   Avg      Stdev     99%   +/- Stdev
    Latency     1.54ms  714.73us   3.97ms   77.21%
    Req/Sec     2.90k   604.23     4.40k    70.28%
  Latency Distribution (HdrHistogram - Recorded Latency)
 50.000%    1.39ms
 75.000%    1.88ms
 90.000%    2.47ms
 99.000%    3.97ms
 99.900%    5.55ms
 99.990%    7.14ms
 99.999%    8.90ms
100.000%   11.47ms

  Detailed Percentile spectrum:
       Value   Percentile   TotalCount 1/(1-Percentile)

       0.526     0.000000            1         1.00
       0.840     0.100000        66540         1.11
       0.938     0.200000       132314         1.25
       1.051     0.300000       198254         1.43
       1.215     0.400000       264341         1.67
       1.395     0.500000       330394         2.00
       1.482     0.550000       363369         2.22
       1.569     0.600000       396348         2.50
       1.659     0.650000       429063         2.86
       1.762     0.700000       462234         3.33
       1.880     0.750000       495261         4.00
       1.948     0.775000       511562         4.44
       2.024     0.800000       528157         5.00
       2.109     0.825000       544655         5.71
       2.209     0.850000       561289         6.67
       2.325     0.875000       577732         8.00
       2.391     0.887500       585782         8.89
       2.467     0.900000       594154        10.00
       2.551     0.912500       602364        11.43
       2.647     0.925000       610564        13.33
       2.765     0.937500       618841        16.00
       2.833     0.943750       622962        17.78
       2.911     0.950000       627112        20.00
       2.997     0.956250       631160        22.86
       3.095     0.962500       635270        26.67
       3.215     0.968750       639451        32.00
       3.283     0.971875       641481        35.56
       3.359     0.975000       643531        40.00
       3.447     0.978125       645589        45.71
       3.549     0.981250       647656        53.33
       3.675     0.984375       649708        64.00
       3.749     0.985938       650752        71.11
       3.827     0.987500       651790        80.00
       3.913     0.989062       652814        91.43
       4.009     0.990625       653826       106.67
       4.135     0.992188       654859       128.00
       4.211     0.992969       655391       142.22
       4.295     0.993750       655902       160.00
       4.379     0.994531       656414       182.86
       4.487     0.995313       656924       213.33
       4.619     0.996094       657450       256.00
       4.695     0.996484       657695       284.44
       4.767     0.996875       657963       320.00
       4.855     0.997266       658210       365.71
       4.963     0.997656       658471       426.67
       5.083     0.998047       658734       512.00
       5.151     0.998242       658853       568.89
       5.227     0.998437       658985       640.00
       5.315     0.998633       659114       731.43
       5.427     0.998828       659241       853.33
       5.563     0.999023       659370      1024.00
       5.643     0.999121       659434      1137.78
       5.747     0.999219       659498      1280.00
       5.855     0.999316       659566      1462.86
       5.947     0.999414       659629      1706.67
       6.063     0.999512       659691      2048.00
       6.131     0.999561       659723      2275.56
       6.207     0.999609       659756      2560.00
       6.295     0.999658       659788      2925.71
       6.403     0.999707       659820      3413.33
       6.527     0.999756       659854      4096.00
       6.571     0.999780       659868      4551.11
       6.647     0.999805       659885      5120.00
       6.755     0.999829       659901      5851.43
       6.887     0.999854       659917      6826.67
       7.015     0.999878       659933      8192.00
       7.091     0.999890       659941      9102.22
       7.187     0.999902       659949     10240.00
       7.251     0.999915       659957     11702.86
       7.351     0.999927       659965     13653.33
       7.547     0.999939       659973     16384.00
       7.595     0.999945       659977     18204.44
       7.647     0.999951       659981     20480.00
       7.731     0.999957       659985     23405.71
       7.819     0.999963       659989     27306.67
       7.959     0.999969       659993     32768.00
       8.015     0.999973       659995     36408.89
       8.247     0.999976       659997     40960.00
       8.431     0.999979       659999     46811.43
       8.575     0.999982       660001     54613.33
       8.687     0.999985       660004     65536.00
       8.687     0.999986       660004     72817.78
       8.799     0.999988       660005     81920.00
       8.895     0.999989       660006     93622.86
       8.983     0.999991       660007    109226.67
       9.079     0.999992       660008    131072.00
       9.359     0.999993       660009    145635.56
       9.359     0.999994       660009    163840.00
       9.367     0.999995       660010    187245.71
       9.367     0.999995       660010    218453.33
       9.511     0.999996       660011    262144.00
       9.511     0.999997       660011    291271.11
       9.511     0.999997       660011    327680.00
      10.519     0.999997       660012    374491.43
      10.519     0.999998       660012    436906.67
      10.519     0.999998       660012    524288.00
      10.519     0.999998       660012    582542.22
      10.519     0.999998       660012    655360.00
      11.471     0.999999       660013    748982.86
      11.471     1.000000       660013          inf
#[Mean    =        1.545, StdDeviation   =        0.715]
#[Max     =       11.464, Total count    =       660013]
#[Buckets =           27, SubBuckets     =         2048]
-----------------------------------------------------------------------
  770376 requests in 1.17m, 431.30MB read
Requests/sec:  11005.63  
Transfer/sec:      6.16MB
