Running 1m test @ http://10.10.1.1:5000
  4 threads and 128 connections

  Thread calibration: mean lat.: 15.700ms, rate sampling interval: 69ms
  Thread calibration: mean lat.: 15.206ms, rate sampling interval: 67ms
  Thread calibration: mean lat.: 15.904ms, rate sampling interval: 70ms
  Thread calibration: mean lat.: 15.392ms, rate sampling interval: 68ms

-----------------------------------------------------------------------
Test Results @ http://10.10.1.1:5000 
  Thread Stats   Avg      Stdev     99%   +/- Stdev
    Latency    15.19ms   13.57ms  54.40ms   83.41%
    Req/Sec   252.06     60.29   402.00     70.51%
  Latency Distribution (HdrHistogram - Recorded Latency)
 50.000%   14.22ms
 75.000%   23.66ms
 90.000%   33.73ms
 99.000%   54.40ms
 99.900%   77.12ms
 99.990%   96.70ms
 99.999%  110.53ms
100.000%  116.35ms

  Detailed Percentile spectrum:
       Value   Percentile   TotalCount 1/(1-Percentile)

       1.358     0.000000            1         1.00
       2.061     0.100000         6045         1.11
       2.461     0.200000        12043         1.25
       3.047     0.300000        18059         1.43
       4.539     0.400000        24057         1.67
      14.215     0.500000        30070         2.00
      16.103     0.550000        33087         2.22
      17.839     0.600000        36081         2.50
      19.535     0.650000        39116         2.86
      21.487     0.700000        42105         3.33
      23.663     0.750000        45108         4.00
      24.895     0.775000        46611         4.44
      26.255     0.800000        48113         5.00
      27.727     0.825000        49619         5.71
      29.407     0.850000        51111         6.67
      31.327     0.875000        52618         8.00
      32.431     0.887500        53366         8.89
      33.727     0.900000        54133        10.00
      35.071     0.912500        54886        11.43
      36.607     0.925000        55630        13.33
      38.399     0.937500        56383        16.00
      39.263     0.943750        56747        17.78
      40.287     0.950000        57135        20.00
      41.375     0.956250        57504        22.86
      42.687     0.962500        57884        26.67
      44.351     0.968750        58256        32.00
      45.183     0.971875        58440        35.56
      46.239     0.975000        58630        40.00
      47.359     0.978125        58815        45.71
      48.575     0.981250        59002        53.33
      50.303     0.984375        59190        64.00
      51.199     0.985938        59287        71.11
      52.255     0.987500        59381        80.00
      53.375     0.989062        59474        91.43
      55.103     0.990625        59567       106.67
      56.863     0.992188        59660       128.00
      57.791     0.992969        59708       142.22
      58.943     0.993750        59754       160.00
      60.095     0.994531        59801       182.86
      61.599     0.995313        59848       213.33
      63.775     0.996094        59895       256.00
      64.959     0.996484        59918       284.44
      66.111     0.996875        59943       320.00
      67.583     0.997266        59965       365.71
      69.183     0.997656        59989       426.67
      71.103     0.998047        60012       512.00
      72.255     0.998242        60024       568.89
      73.663     0.998437        60036       640.00
      74.431     0.998633        60047       731.43
      75.647     0.998828        60059       853.33
      77.567     0.999023        60071      1024.00
      78.015     0.999121        60077      1137.78
      80.127     0.999219        60083      1280.00
      80.575     0.999316        60088      1462.86
      81.535     0.999414        60094      1706.67
      82.879     0.999512        60100      2048.00
      85.823     0.999561        60103      2275.56
      86.079     0.999609        60106      2560.00
      86.911     0.999658        60109      2925.71
      88.639     0.999707        60112      3413.33
      91.519     0.999756        60116      4096.00
      91.519     0.999780        60116      4551.11
      92.735     0.999805        60118      5120.00
      93.951     0.999829        60119      5851.43
      94.911     0.999854        60121      6826.67
      95.679     0.999878        60122      8192.00
      96.703     0.999890        60123      9102.22
     104.831     0.999902        60124     10240.00
     104.831     0.999915        60124     11702.86
     105.535     0.999927        60126     13653.33
     105.535     0.999939        60126     16384.00
     105.535     0.999945        60126     18204.44
     110.015     0.999951        60127     20480.00
     110.015     0.999957        60127     23405.71
     110.015     0.999963        60127     27306.67
     110.527     0.999969        60128     32768.00
     110.527     0.999973        60128     36408.89
     110.527     0.999976        60128     40960.00
     110.527     0.999979        60128     46811.43
     110.527     0.999982        60128     54613.33
     116.351     0.999985        60129     65536.00
     116.351     1.000000        60129          inf
#[Mean    =       15.192, StdDeviation   =       13.571]
#[Max     =      116.288, Total count    =        60129]
#[Buckets =           27, SubBuckets     =         2048]
-----------------------------------------------------------------------
  70051 requests in 1.17m, 172.71MB read
Requests/sec:   1000.48  
Transfer/sec:      2.47MB
