Running 1m test @ http://10.10.1.1:5000
  4 threads and 128 connections

  Thread calibration: mean lat.: 659.565ms, rate sampling interval: 2670ms
  Thread calibration: mean lat.: 595.673ms, rate sampling interval: 2490ms
  Thread calibration: mean lat.: 644.871ms, rate sampling interval: 2791ms
  Thread calibration: mean lat.: 702.514ms, rate sampling interval: 2625ms

-----------------------------------------------------------------------
Test Results @ http://10.10.1.1:5000 
  Thread Stats   Avg      Stdev     99%   +/- Stdev
    Latency     5.69s     2.60s   11.03s    61.08%
    Req/Sec     1.50k    14.68     1.53k    67.42%
  Latency Distribution (HdrHistogram - Recorded Latency)
 50.000%    5.60s 
 75.000%    7.75s 
 90.000%    9.28s 
 99.000%   11.03s 
 99.900%   12.54s 
 99.990%   13.12s 
 99.999%   13.21s 
100.000%   13.24s 

  Detailed Percentile spectrum:
       Value   Percentile   TotalCount 1/(1-Percentile)

     436.735     0.000000            1         1.00
    2211.839     0.100000        36079         1.11
    3094.527     0.200000        72054         1.25
    3944.447     0.300000       108070         1.43
    4788.223     0.400000       144129         1.67
    5595.135     0.500000       180254         2.00
    6025.215     0.550000       198258         2.22
    6443.007     0.600000       216207         2.50
    6868.991     0.650000       234189         2.86
    7327.743     0.700000       252285         3.33
    7753.727     0.750000       270290         4.00
    7966.719     0.775000       279250         4.44
    8196.095     0.800000       288219         5.00
    8437.759     0.825000       297245         5.71
    8708.095     0.850000       306447         6.67
    8978.431     0.875000       315211         8.00
    9134.079     0.887500       319753         8.89
    9281.535     0.900000       324268        10.00
    9453.567     0.912500       328921        11.43
    9609.215     0.925000       333201        13.33
    9789.439     0.937500       337778        16.00
    9887.743     0.943750       340008        17.78
    9986.047     0.950000       342223        20.00
   10108.927     0.956250       344523        22.86
   10223.615     0.962500       346802        26.67
   10362.879     0.968750       348977        32.00
   10444.799     0.971875       350130        35.56
   10534.911     0.975000       351282        40.00
   10625.023     0.978125       352443        45.71
   10706.943     0.981250       353525        53.33
   10797.055     0.984375       354645        64.00
   10846.207     0.985938       355192        71.11
   10903.551     0.987500       355727        80.00
   10969.087     0.989062       356277        91.43
   11067.391     0.990625       356848       106.67
   11198.463     0.992188       357427       128.00
   11272.191     0.992969       357684       142.22
   11345.919     0.993750       357989       160.00
   11411.455     0.994531       358265       182.86
   11509.759     0.995313       358544       213.33
   11632.639     0.996094       358820       256.00
   11714.559     0.996484       358952       284.44
   11870.207     0.996875       359105       320.00
   12009.471     0.997266       359240       365.71
   12140.543     0.997656       359376       426.67
   12247.039     0.998047       359513       512.00
   12312.575     0.998242       359589       568.89
   12369.919     0.998437       359660       640.00
   12419.071     0.998633       359728       731.43
   12476.415     0.998828       359795       853.33
   12541.951     0.999023       359866      1024.00
   12574.719     0.999121       359901      1137.78
   12599.295     0.999219       359938      1280.00
   12697.599     0.999316       359975      1462.86
   12754.943     0.999414       360005      1706.67
   12836.863     0.999512       360041      2048.00
   12861.439     0.999561       360064      2275.56
   12886.015     0.999609       360076      2560.00
   12918.783     0.999658       360097      2925.71
   12943.359     0.999707       360113      3413.33
   12967.935     0.999756       360129      4096.00
   12992.511     0.999780       360137      4551.11
   13041.663     0.999805       360150      5120.00
   13049.855     0.999829       360157      5851.43
   13066.239     0.999854       360165      6826.67
   13099.007     0.999878       360176      8192.00
   13107.199     0.999890       360179      9102.22
   13115.391     0.999902       360181     10240.00
   13131.775     0.999915       360188     11702.86
   13139.967     0.999927       360190     13653.33
   13156.351     0.999939       360196     16384.00
   13164.543     0.999945       360198     18204.44
   13172.735     0.999951       360203     20480.00
   13172.735     0.999957       360203     23405.71
   13172.735     0.999963       360203     27306.67
   13189.119     0.999969       360207     32768.00
   13189.119     0.999973       360207     36408.89
   13197.311     0.999976       360211     40960.00
   13197.311     0.999979       360211     46811.43
   13197.311     0.999982       360211     54613.33
   13197.311     0.999985       360211     65536.00
   13205.503     0.999986       360213     72817.78
   13205.503     0.999988       360213     81920.00
   13205.503     0.999989       360213     93622.86
   13205.503     0.999991       360213    109226.67
   13221.887     0.999992       360215    131072.00
   13221.887     0.999993       360215    145635.56
   13221.887     0.999994       360215    163840.00
   13221.887     0.999995       360215    187245.71
   13221.887     0.999995       360215    218453.33
   13221.887     0.999996       360215    262144.00
   13221.887     0.999997       360215    291271.11
   13221.887     0.999997       360215    327680.00
   13238.271     0.999997       360216    374491.43
   13238.271     1.000000       360216          inf
#[Mean    =     5692.548, StdDeviation   =     2602.880]
#[Max     =    13230.080, Total count    =       360216]
#[Buckets =           27, SubBuckets     =         2048]
-----------------------------------------------------------------------
  418766 requests in 1.17m, 111.40MB read
Requests/sec:   5982.56  
Transfer/sec:      1.59MB
