Running for 60.0 seconds (120 samples at 0.5 second intervals).
Power measurements will start in 0 seconds time.

  Time    User  Nice   Sys  Idle    IO  Run Ctxt/s  IRQ/s Fork Exec Exit  Watts
13:44:33  47.3   0.0   7.6  45.1   0.0   15 349666 253384    1    1    1  85.25 
13:44:33  46.4   0.0   8.9  44.7   0.0   40 340230 252426    0    0    0  85.22 
13:44:34  48.5   0.0   7.9  43.6   0.0   24 340642 261192    0    0    0  85.19 
13:44:34  46.9   0.0   8.4  44.7   0.0   40 343676 260152    0    0    0  84.78 
13:44:35  48.4   0.0   8.6  42.9   0.0   42 345384 264030    0    0    0  85.62 
13:44:35  49.0   0.0   8.1  42.9   0.0   14 341834 254382    0    0    0  84.82 
13:44:36  45.5   0.0   9.7  44.8   0.0   12 346468 259312    0    0    0  85.30 
13:44:36  46.8   0.0   8.3  44.9   0.1   17 347046 259162    0    0    0  85.30 
13:44:37  45.9   0.0   8.8  45.4   0.0   18 345204 250478    0    0    0  84.81 
13:44:37  46.9   0.0   8.0  45.0   0.0   29 342316 264504    0    0    0  85.00 
13:44:38  47.1   0.0   8.3  44.6   0.0   18 345480 256900    0    0    0  84.83 
13:44:38  47.9   0.0   7.5  44.6   0.0   17 350112 262618    0    0    0  85.22 
13:44:39  46.8   0.0   7.5  45.6   0.0   18 342918 246514    0    0    0  84.33 
13:44:39  47.7   0.0   8.9  43.4   0.0   13 347118 267304    0    0    0  85.40 
13:44:40  48.6   0.0   8.2  43.2   0.0    5 348344 265498    0    0    0  85.17 
13:44:40  45.7   0.0   7.6  46.7   0.0   19 349022 262452    0    0    0  84.57 
13:44:41  46.5   0.0   7.7  45.8   0.0   12 346262 243578    0    0    0  84.48 
13:44:41  47.5   0.0   8.2  44.2   0.0   27 350856 267956    0    0    1  85.43 
13:44:42  46.0   0.0   8.1  45.9   0.0   15 342698 264336    0    0    0  85.22 
13:44:42  47.9   0.0   8.5  43.6   0.0   21 342800 261216    0    0    0  84.78 
13:44:43  47.3   0.0   8.1  44.6   0.0   23 341784 263838    0    0    0  85.03 
13:44:43  45.4   0.0   8.5  46.1   0.0   19 349482 255202    0    0    0  84.94 
13:44:44  44.0   0.0   8.2  47.9   0.0   12 346494 237130    0    0    0  84.47 
13:44:44  47.0   0.0   8.9  44.1   0.0    2 351126 260358    0    0    0  85.33 
13:44:45  44.7   0.0   9.2  46.1   0.0    3 345788 258212    0    0    0  84.66 
13:44:45  47.2   0.0   9.3  43.5   0.0   16 353008 261952    0    0    0  85.61 
13:44:46  45.9   0.0   9.4  44.7   0.0   30 346730 260902    0    0    0  85.39 
13:44:46  44.7   0.0   8.5  46.7   0.0   42 348466 241764    0    0    0  84.53 
13:44:47  45.9   0.0   9.0  45.1   0.0   17 335570 257506    0    0    0  85.13 
13:44:47  48.9   0.0   8.2  42.9   0.0   27 341310 270492    0    0    0  85.69 
13:44:48  48.3   0.0   8.1  43.5   0.0   34 348922 259592    0    0    0  85.30 
13:44:48  46.7   0.0   8.7  44.5   0.0   29 340192 272834    0    0    0  85.31 
13:44:49  48.3   0.0   7.9  43.7   0.0   17 347334 266126    0    0    0  85.76 
13:44:49  43.0   0.0   9.3  47.7   0.0   20 347516 245022    0    0    0  84.73 
13:44:50  48.3   0.0   7.8  43.9   0.0   15 351472 248370    0    0    0  85.26 
13:44:50  46.4   0.0   7.9  45.7   0.0   29 340528 262644    0    0    0  84.40 
13:44:51  46.5   0.0   8.3  45.2   0.0    8 346700 245394    1    0    0  84.71 
13:44:51  45.5   0.0   8.3  46.2   0.0   27 352348 258360    0    0    0  85.03 
13:44:52  46.4   0.0   8.6  44.9   0.1   15 359866 248548    0    0    0  85.10 
13:44:52  46.8   0.0   8.9  44.2   0.0   31 349670 246162    0    0    0  84.36 
13:44:53  47.7   0.0   8.5  43.8   0.0   24 342838 257642    0    0    0  85.44 
13:44:53  47.0   0.0   7.8  45.1   0.1   15 345940 246922    0    0    0  84.99 
13:44:54  46.4   0.0   8.6  44.9   0.1   19 351724 244866    0    0    0  85.27 
13:44:54  47.1   0.0   8.3  44.6   0.0   38 341932 242866    0    0    0  85.34 
13:44:55  46.6   0.0   8.3  45.1   0.0   16 346882 268046    0    0    0  85.14 
13:44:55  45.6   0.0   7.9  46.5   0.0   19 349194 242078    0    0    0  84.78 
13:44:56  46.2   0.0   8.0  45.7   0.0   16 341742 253164    0    0    0  84.97 
13:44:56  44.8   0.0   8.6  46.7   0.0   28 346886 270120    0    0    0  85.16 
13:44:57  46.5   0.0   8.4  45.1   0.0   19 338164 255716    0    0    0  84.70 
13:44:57  46.1   0.0   8.6  45.3   0.0   24 345512 258166    0    0    0  85.21 
13:44:58  48.9   0.0   8.0  43.2   0.0   12 338708 260604    0    0    0  84.89 
13:44:58  43.8   0.0   8.8  47.4   0.0   32 353412 246498    0    0    0  84.41 
13:44:59  47.2   0.0   8.3  44.5   0.0   10 353188 241752    0    0    0  85.29 
13:44:59  46.2   0.0   7.9  45.8   0.1   23 354112 259484    0    0    0  84.59 
13:45:00  44.6   0.0   8.7  46.7   0.0   14 344258 258888    0    0    0  84.60 
13:45:00  47.8   0.0   7.9  44.3   0.0   19 343912 262544    0    0    0  85.07 
13:45:01  48.5   0.0   8.0  43.5   0.0   21 352032 263062    0    0    0  85.68 
13:45:01  45.7   0.0   7.7  46.7   0.0   15 357418 252666    0    0    0  84.91 
13:45:02  45.6   0.0   8.9  45.5   0.0   11 354862 243904    0    0    0  85.05 
13:45:02  45.7   0.0   7.5  46.8   0.0   10 343244 251570    0    0    0  84.59 
13:45:03  47.1   0.0   7.4  45.5   0.0   19 348760 243110    0    0    0  84.76 
13:45:03  45.1   0.0   8.5  46.4   0.0   24 332786 258086    0    0    0  84.97 
13:45:04  49.5   0.0   7.5  43.0   0.0   17 346370 266548    0    0    0  85.69 
13:45:04  48.0   0.0   8.5  43.5   0.0   14 340820 268380    0    0    0  85.37 
13:45:05  47.8   0.0   8.7  43.5   0.0   10 344222 261542    0    0    0  85.42 
13:45:05  48.3   0.0   7.4  44.3   0.0   18 343220 253352    0    0    0  85.53 
13:45:06  47.3   0.0   8.6  44.1   0.0   24 346736 256040    0    0    0  85.05 
13:45:06  46.2   0.0   7.8  46.0   0.0   18 347276 253008    0    0    0  85.27 
13:45:07  45.1   0.0   8.9  46.0   0.0   13 340912 260300    0    0    0  84.95 
13:45:07  45.1   0.0   8.8  46.2   0.0   25 354426 244974    0    0    0  84.92 
13:45:08  47.2   0.0   7.8  45.0   0.0   34 348632 248282    0    0    0  84.99 
13:45:08  45.8   0.0   7.7  46.4   0.0   10 353122 253898    0    0    0  84.75 
13:45:09  47.5   0.0   8.2  44.4   0.0   27 338648 270636    1    0    0  85.11 
13:45:09  43.6   0.0   9.7  46.7   0.0   14 348414 250154    0    0    0  85.32 
13:45:10  46.7   0.0   8.2  45.1   0.0    8 349916 244222    0    0    0  84.62 
13:45:10  45.5   0.0   7.9  46.6   0.0   18 343678 239780    0    0    0  84.48 
13:45:11  47.1   0.0   8.6  44.3   0.0   23 349196 257576    0    0    0  85.18 
13:45:11  46.5   0.0   8.2  45.3   0.1   11 344802 265072    0    0    0  84.94 
13:45:12  47.8   0.0   9.2  43.0   0.0   26 355950 261760    0    0    0  85.19 
13:45:12  48.4   0.0   8.4  43.2   0.0   48 345256 253320    0    0    0  85.08 
13:45:13  44.4   0.0   8.5  47.0   0.0   25 350572 239516    0    0    0  84.90 
13:45:13  45.3   0.0   8.4  46.3   0.0   26 346270 259864    0    0    0  84.56 
13:45:14  46.0   0.0   9.7  44.3   0.0   17 344218 264036    3    2    1  85.37 
13:45:14  48.0   0.0   8.2  43.7   0.0   27 334796 264526    0    0    2  84.96 
13:45:15  44.2   0.0   8.4  47.5   0.0   28 345502 254394    0    0    0  84.83 
13:45:15  46.4   0.0   8.6  45.1   0.0   21 344584 265394    0    0    0  85.37 
13:45:16  47.7   0.0   7.4  44.8   0.0   25 345134 268200    0    0    0  85.01 
13:45:16  46.4   0.0   8.4  45.3   0.0   18 353864 254778    0    0    0  84.88 
13:45:17  47.2   0.0   9.2  43.5   0.0   12 349194 251612    0    0    0  85.60 
13:45:17  47.1   0.0   8.2  44.7   0.0   33 342588 261074    0    0    0  85.30 
13:45:18  45.3   0.0   8.2  46.5   0.0   13 343970 255114    0    0    0  85.14 
13:45:18  46.9   0.0   8.8  44.3   0.0   24 349928 257672    0    0    0  84.98 
13:45:19  46.7   0.0   8.1  45.2   0.0   30 338896 247458    0    0    0  84.42 
13:45:19  45.0   0.0   7.9  47.0   0.1   22 346222 254822    0    0    0  84.66 
13:45:20  45.8   0.0   8.0  46.2   0.0   21 344674 251244    0    0    0  84.67 
13:45:20  46.7   0.0   8.5  44.9   0.0   20 345648 246976    0    0    0  84.49 
13:45:21  46.1   0.0   7.7  46.2   0.0    4 341204 251696    0    0    0  84.42 
13:45:21  45.2   0.0   8.0  46.9   0.0   20 339904 259068    0    0    0  84.90 
13:45:22  46.5   0.0   8.7  44.8   0.0   36 346718 251928    0    0    0  84.88 
13:45:22  45.5   0.0   7.9  46.6   0.0   33 349972 255834    0    0    0  85.19 
13:45:23  48.5   0.0   6.9  44.6   0.0   20 354946 241366    0    0    0  85.54 
13:45:23  46.2   0.0   8.9  44.9   0.0   21 345758 260032    0    0    0  85.11 
13:45:24  46.5   0.0   8.3  45.2   0.0   39 347700 245568    0    0    0  84.54 
13:45:24  48.1   0.0   8.0  44.0   0.0   23 346332 261836    0    0    0  85.14 
13:45:25  46.9   0.0   7.7  45.4   0.0   14 346566 247482    0    0    0  84.61 
13:45:25  48.2   0.0   7.6  44.2   0.0   27 334856 261428    0    0    0  84.64 
13:45:26  47.3   0.0   8.1  44.6   0.0    2 343926 253468    0    0    0  85.51 
13:45:26  45.7   0.0   7.9  46.4   0.0   41 339192 256188    0    0    0  84.91 
13:45:27  45.9   0.0   9.2  44.9   0.0   13 353156 257212    0    0    0  84.88 
13:45:27  50.0   0.0   7.9  42.1   0.1   17 317286 243584    0    0    0  86.55 
13:45:28  45.4   0.0   7.0  47.6   0.0   15 343768 245006    0    0    0  84.78 
13:45:28  47.6   0.0   8.6  43.8   0.0   11 341288 264294    0    0    0  85.17 
13:45:29  46.2   0.0   8.2  45.6   0.0   21 342548 265318    0    0    0  85.20 
13:45:29  45.9   0.0   8.6  45.5   0.0   35 350084 255482    0    0    0  84.92 
13:45:30  47.2   0.0   8.7  44.1   0.0   33 337250 262872    0    0    0  85.31 
13:45:30  45.8   0.0   8.1  46.1   0.0   16 336718 265406    0    0    0  85.00 
13:45:31  44.8   0.0   8.3  46.9   0.0   25 340228 260050    0    0    0  84.81 
13:45:31  46.8   0.0   8.0  45.2   0.0   22 349842 247256    0    0    0  85.10 
13:45:32  44.9   0.0   8.4  46.6   0.0    8 348902 245826    0    0    0  85.00 
13:45:32  47.4   0.0   7.6  45.0   0.0    9 339082 252574    0    0    0  85.05 
-------- ----- ----- ----- ----- ----- ---- ------ ------ ---- ---- ---- ------ 
 Average  46.6   0.0   8.3  45.1   0.0 20.7 345706.4 255798.8  0.1  0.0  0.0  85.03 
 GeoMean  46.6   0.0   8.3  45.1   0.0 18.3 345659.7 255667.1  0.0  0.0  0.0  85.03 
  StdDev   1.3   0.0   0.5   1.2   0.0  9.2 5652.2 8185.1  0.3  0.2  0.2   0.36 
-------- ----- ----- ----- ----- ----- ---- ------ ------ ---- ---- ---- ------ 
 Minimum  43.0   0.0   6.9  42.1   0.0  2.0 317286.0 237130.0  0.0  0.0  0.0  84.33 
 Maximum  50.0   0.0   9.7  47.9   0.1 48.0 359866.0 272834.0  3.0  2.0  2.0  86.55 
-------- ----- ----- ----- ----- ----- ---- ------ ------ ---- ---- ---- ------ 
Summary:
CPU:  85.03 Watts on average with standard deviation 0.36  
Note: power read from RAPL domains: dram, package-0, dram, package-1.
These readings do not cover all the hardware in this device.
