Running 1m test @ http://10.10.1.1:5000
  4 threads and 128 connections

  Thread calibration: mean lat.: 4383.287ms, rate sampling interval: 15712ms
  Thread calibration: mean lat.: 4429.623ms, rate sampling interval: 15794ms
  Thread calibration: mean lat.: 4508.474ms, rate sampling interval: 15859ms
  Thread calibration: mean lat.: 4497.846ms, rate sampling interval: 15826ms

-----------------------------------------------------------------------
Test Results @ http://10.10.1.1:5000 
  Thread Stats   Avg      Stdev     99%   +/- Stdev
    Latency    34.69s    14.95s    1.00m    57.78%
    Req/Sec   436.50      5.35   449.00     66.67%
  Latency Distribution (HdrHistogram - Recorded Latency)
 50.000%   34.70s 
 75.000%   47.61s 
 90.000%    0.92m 
 99.000%    1.00m 
 99.900%    1.02m 
 99.990%    1.02m 
 99.999%    1.03m 
100.000%    1.03m 

  Detailed Percentile spectrum:
       Value   Percentile   TotalCount 1/(1-Percentile)

    8282.111     0.000000            1         1.00
   13934.591     0.100000        10480         1.11
   19103.743     0.200000        20968         1.25
   24461.311     0.300000        31440         1.43
   29638.655     0.400000        41923         1.67
   34701.311     0.500000        52444         2.00
   37257.215     0.550000        57666         2.22
   39878.655     0.600000        62888         2.50
   42500.095     0.650000        68128         2.86
   45055.999     0.700000        73400         3.33
   47611.903     0.750000        78614         4.00
   48857.087     0.775000        81249         4.44
   50200.575     0.800000        83816         5.00
   51511.295     0.825000        86488         5.71
   52789.247     0.850000        89079         6.67
   54132.735     0.875000        91741         8.00
   54755.327     0.887500        93035         8.89
   55377.919     0.900000        94338        10.00
   56000.511     0.912500        95616        11.43
   56623.103     0.925000        96907        13.33
   57311.231     0.937500        98254        16.00
   57638.911     0.943750        98924        17.78
   57966.591     0.950000        99527        20.00
   58327.039     0.956250       100230        22.86
   58654.719     0.962500       100854        26.67
   58982.399     0.968750       101513        32.00
   59146.239     0.971875       101828        35.56
   59342.847     0.975000       102199        40.00
   59506.687     0.978125       102524        45.71
   59670.527     0.981250       102875        53.33
   59834.367     0.984375       103162        64.00
   59899.903     0.985938       103307        71.11
   59998.207     0.987500       103495        80.00
   60063.743     0.989062       103618        91.43
   60162.047     0.990625       103808       106.67
   60260.351     0.992188       103982       128.00
   60293.119     0.992969       104034       142.22
   60358.655     0.993750       104134       160.00
   60424.191     0.994531       104233       182.86
   60456.959     0.995313       104285       213.33
   60522.495     0.996094       104364       256.00
   60555.263     0.996484       104403       284.44
   60588.031     0.996875       104438       320.00
   60653.567     0.997266       104495       365.71
   60686.335     0.997656       104532       426.67
   60751.871     0.998047       104577       512.00
   60784.639     0.998242       104593       568.89
   60817.407     0.998437       104606       640.00
   60882.943     0.998633       104625       731.43
   60915.711     0.998828       104648       853.33
   60948.479     0.999023       104663      1024.00
   60981.247     0.999121       104678      1137.78
   61014.015     0.999219       104685      1280.00
   61046.783     0.999316       104693      1462.86
   61079.551     0.999414       104706      1706.67
   61112.319     0.999512       104712      2048.00
   61145.087     0.999561       104717      2275.56
   61177.855     0.999609       104723      2560.00
   61210.623     0.999658       104731      2925.71
   61243.391     0.999707       104733      3413.33
   61276.159     0.999756       104737      4096.00
   61308.927     0.999780       104744      4551.11
   61308.927     0.999805       104744      5120.00
   61341.695     0.999829       104748      5851.43
   61341.695     0.999854       104748      6826.67
   61374.463     0.999878       104750      8192.00
   61407.231     0.999890       104751      9102.22
   61439.999     0.999902       104754     10240.00
   61439.999     0.999915       104754     11702.86
   61472.767     0.999927       104755     13653.33
   61538.303     0.999939       104757     16384.00
   61538.303     0.999945       104757     18204.44
   61538.303     0.999951       104757     20480.00
   61603.839     0.999957       104759     23405.71
   61603.839     0.999963       104759     27306.67
   61603.839     0.999969       104759     32768.00
   61636.607     0.999973       104760     36408.89
   61636.607     0.999976       104760     40960.00
   61636.607     0.999979       104760     46811.43
   61734.911     0.999982       104762     54613.33
   61734.911     1.000000       104762          inf
#[Mean    =    34686.775, StdDeviation   =    14947.336]
#[Max     =    61702.144, Total count    =       104762]
#[Buckets =           27, SubBuckets     =         2048]
-----------------------------------------------------------------------
  121708 requests in 1.17m, 297.92MB read
  Socket errors: connect 0, read 0, write 0, timeout 573
Requests/sec:   1738.60  
Transfer/sec:      4.26MB
