Running 1m test @ http://10.10.1.1:5000
  4 threads and 128 connections

  Thread calibration: mean lat.: 1151.931ms, rate sampling interval: 4063ms
  Thread calibration: mean lat.: 1226.859ms, rate sampling interval: 4251ms
  Thread calibration: mean lat.: 1149.214ms, rate sampling interval: 3987ms
  Thread calibration: mean lat.: 1207.496ms, rate sampling interval: 4163ms

-----------------------------------------------------------------------
Test Results @ http://10.10.1.1:5000 
  Thread Stats   Avg      Stdev     99%   +/- Stdev
    Latency     7.44s     3.07s   13.08s    58.38%
    Req/Sec     2.97k    24.56     3.02k    59.57%
  Latency Distribution (HdrHistogram - Recorded Latency)
 50.000%    7.45s 
 75.000%   10.04s 
 90.000%   11.60s 
 99.000%   13.08s 
 99.900%   13.75s 
 99.990%   14.13s 
 99.999%   14.25s 
100.000%   14.28s 

  Detailed Percentile spectrum:
       Value   Percentile   TotalCount 1/(1-Percentile)

    1569.791     0.000000            1         1.00
    3209.215     0.100000        59395         1.11
    4231.167     0.200000       118662         1.25
    5345.279     0.300000       177935         1.43
    6422.527     0.400000       237430         1.67
    7450.623     0.500000       296650         2.00
    7979.007     0.550000       326351         2.22
    8519.679     0.600000       356145         2.50
    9035.775     0.650000       385541         2.86
    9551.871     0.700000       415380         3.33
   10043.391     0.750000       445330         4.00
   10289.151     0.775000       460064         4.44
   10543.103     0.800000       474698         5.00
   10788.863     0.825000       489409         5.71
   11051.007     0.850000       504304         6.67
   11321.343     0.875000       518971         8.00
   11452.415     0.887500       526500         8.89
   11599.871     0.900000       534087        10.00
   11739.135     0.912500       541352        11.43
   11894.783     0.925000       548950        13.33
   12050.431     0.937500       556236        16.00
   12140.543     0.943750       559875        17.78
   12238.847     0.950000       563492        20.00
   12337.151     0.956250       567170        22.86
   12443.647     0.962500       570853        26.67
   12558.335     0.968750       574684        32.00
   12623.871     0.971875       576620        35.56
   12681.215     0.975000       578376        40.00
   12754.943     0.978125       580174        45.71
   12828.671     0.981250       582070        53.33
   12910.591     0.984375       584004        64.00
   12951.551     0.985938       584898        71.11
   13000.703     0.987500       585803        80.00
   13049.855     0.989062       586608        91.43
   13107.199     0.990625       587573       106.67
   13172.735     0.992188       588485       128.00
   13221.887     0.992969       589006       142.22
   13262.847     0.993750       589409       160.00
   13303.807     0.994531       589885       182.86
   13352.959     0.995313       590365       213.33
   13402.111     0.996094       590798       256.00
   13426.687     0.996484       591025       284.44
   13459.455     0.996875       591242       320.00
   13500.415     0.997266       591502       365.71
   13549.567     0.997656       591710       426.67
   13606.911     0.998047       591937       512.00
   13639.679     0.998242       592080       568.89
   13664.255     0.998437       592204       640.00
   13688.831     0.998633       592316       731.43
   13721.599     0.998828       592418       853.33
   13754.367     0.999023       592524      1024.00
   13778.943     0.999121       592582      1137.78
   13803.519     0.999219       592631      1280.00
   13836.287     0.999316       592694      1462.86
   13869.055     0.999414       592750      1706.67
   13918.207     0.999512       592808      2048.00
   13942.783     0.999561       592850      2275.56
   13950.975     0.999609       592862      2560.00
   14000.127     0.999658       592902      2925.71
   14008.319     0.999707       592925      3413.33
   14024.703     0.999756       592973      4096.00
   14024.703     0.999780       592973      4551.11
   14032.895     0.999805       592988      5120.00
   14041.087     0.999829       592998      5851.43
   14049.279     0.999854       593008      6826.67
   14065.663     0.999878       593023      8192.00
   14098.431     0.999890       593028      9102.22
   14139.391     0.999902       593036     10240.00
   14163.967     0.999915       593047     11702.86
   14172.159     0.999927       593058     13653.33
   14172.159     0.999939       593058     16384.00
   14180.351     0.999945       593065     18204.44
   14180.351     0.999951       593065     20480.00
   14188.543     0.999957       593074     23405.71
   14188.543     0.999963       593074     27306.67
   14196.735     0.999969       593077     32768.00
   14196.735     0.999973       593077     36408.89
   14204.927     0.999976       593079     40960.00
   14213.119     0.999979       593081     46811.43
   14221.311     0.999982       593083     54613.33
   14229.503     0.999985       593084     65536.00
   14237.695     0.999986       593086     72817.78
   14237.695     0.999988       593086     81920.00
   14245.887     0.999989       593088     93622.86
   14245.887     0.999991       593088    109226.67
   14254.079     0.999992       593090    131072.00
   14254.079     0.999993       593090    145635.56
   14254.079     0.999994       593090    163840.00
   14254.079     0.999995       593090    187245.71
   14262.271     0.999995       593091    218453.33
   14262.271     0.999996       593091    262144.00
   14262.271     0.999997       593091    291271.11
   14270.463     0.999997       593092    327680.00
   14270.463     0.999997       593092    374491.43
   14270.463     0.999998       593092    436906.67
   14270.463     0.999998       593092    524288.00
   14270.463     0.999998       593092    582542.22
   14278.655     0.999998       593093    655360.00
   14278.655     1.000000       593093          inf
#[Mean    =     7443.200, StdDeviation   =     3066.448]
#[Max     =    14270.464, Total count    =       593093]
#[Buckets =           27, SubBuckets     =         2048]
-----------------------------------------------------------------------
  710193 requests in 1.00m, 189.57MB read
Requests/sec:  11836.81  
Transfer/sec:      3.16MB
