Running 1m test @ http://10.10.1.1:5000
  4 threads and 128 connections

  Thread calibration: mean lat.: 5.867ms, rate sampling interval: 19ms
  Thread calibration: mean lat.: 5.837ms, rate sampling interval: 19ms
  Thread calibration: mean lat.: 5.818ms, rate sampling interval: 19ms
  Thread calibration: mean lat.: 5.783ms, rate sampling interval: 19ms

-----------------------------------------------------------------------
Test Results @ http://10.10.1.1:5000 
  Thread Stats   Avg      Stdev     99%   +/- Stdev
    Latency     5.65ms    3.08ms  17.02ms   81.67%
    Req/Sec     2.31k   384.72     3.26k    68.67%
  Latency Distribution (HdrHistogram - Recorded Latency)
 50.000%    4.82ms
 75.000%    6.72ms
 90.000%    9.48ms
 99.000%   17.02ms
 99.900%   25.31ms
 99.990%   33.41ms
 99.999%   40.67ms
100.000%   44.93ms

  Detailed Percentile spectrum:
       Value   Percentile   TotalCount 1/(1-Percentile)

       1.318     0.000000            1         1.00
       2.875     0.100000        45128         1.11
       3.403     0.200000        90199         1.25
       3.857     0.300000       135222         1.43
       4.315     0.400000       180059         1.67
       4.819     0.500000       225363         2.00
       5.099     0.550000       247709         2.22
       5.411     0.600000       270086         2.50
       5.775     0.650000       292637         2.86
       6.203     0.700000       315161         3.33
       6.719     0.750000       337644         4.00
       7.027     0.775000       348926         4.44
       7.371     0.800000       360084         5.00
       7.767     0.825000       371424         5.71
       8.231     0.850000       382739         6.67
       8.791     0.875000       393922         8.00
       9.111     0.887500       399465         8.89
       9.479     0.900000       405146        10.00
       9.887     0.912500       410782        11.43
      10.375     0.925000       416392        13.33
      10.959     0.937500       422010        16.00
      11.287     0.943750       424821        17.78
      11.663     0.950000       427637        20.00
      12.087     0.956250       430405        22.86
      12.591     0.962500       433227        26.67
      13.183     0.968750       436032        32.00
      13.543     0.971875       437454        35.56
      13.927     0.975000       438859        40.00
      14.383     0.978125       440252        45.71
      14.887     0.981250       441665        53.33
      15.503     0.984375       443064        64.00
      15.855     0.985938       443780        71.11
      16.247     0.987500       444479        80.00
      16.703     0.989062       445189        91.43
      17.247     0.990625       445884       106.67
      17.919     0.992188       446585       128.00
      18.287     0.992969       446932       142.22
      18.719     0.993750       447292       160.00
      19.199     0.994531       447637       182.86
      19.711     0.995313       447987       213.33
      20.351     0.996094       448347       256.00
      20.735     0.996484       448514       284.44
      21.167     0.996875       448693       320.00
      21.695     0.997266       448873       365.71
      22.255     0.997656       449046       426.67
      22.911     0.998047       449219       512.00
      23.247     0.998242       449308       568.89
      23.631     0.998437       449394       640.00
      24.191     0.998633       449483       731.43
      24.735     0.998828       449570       853.33
      25.375     0.999023       449658      1024.00
      25.871     0.999121       449704      1137.78
      26.399     0.999219       449746      1280.00
      26.799     0.999316       449790      1462.86
      27.343     0.999414       449833      1706.67
      28.031     0.999512       449878      2048.00
      28.463     0.999561       449900      2275.56
      28.911     0.999609       449921      2560.00
      29.535     0.999658       449944      2925.71
      29.903     0.999707       449965      3413.33
      30.559     0.999756       449988      4096.00
      30.895     0.999780       449998      4551.11
      31.295     0.999805       450009      5120.00
      31.823     0.999829       450021      5851.43
      32.319     0.999854       450031      6826.67
      32.927     0.999878       450042      8192.00
      33.247     0.999890       450047      9102.22
      33.471     0.999902       450053     10240.00
      34.431     0.999915       450058     11702.86
      34.687     0.999927       450064     13653.33
      35.071     0.999939       450070     16384.00
      35.455     0.999945       450072     18204.44
      35.871     0.999951       450075     20480.00
      36.575     0.999957       450077     23405.71
      37.439     0.999963       450080     27306.67
      38.111     0.999969       450083     32768.00
      38.495     0.999973       450084     36408.89
      39.327     0.999976       450086     40960.00
      39.519     0.999979       450087     46811.43
      39.775     0.999982       450088     54613.33
      40.351     0.999985       450090     65536.00
      40.351     0.999986       450090     72817.78
      40.671     0.999988       450091     81920.00
      41.375     0.999989       450092     93622.86
      41.375     0.999991       450092    109226.67
      41.919     0.999992       450093    131072.00
      41.919     0.999993       450093    145635.56
      42.079     0.999994       450094    163840.00
      42.079     0.999995       450094    187245.71
      42.079     0.999995       450094    218453.33
      42.975     0.999996       450095    262144.00
      42.975     0.999997       450095    291271.11
      42.975     0.999997       450095    327680.00
      42.975     0.999997       450095    374491.43
      42.975     0.999998       450095    436906.67
      44.927     0.999998       450096    524288.00
      44.927     1.000000       450096          inf
#[Mean    =        5.654, StdDeviation   =        3.080]
#[Max     =       44.896, Total count    =       450096]
#[Buckets =           27, SubBuckets     =         2048]
-----------------------------------------------------------------------
  538069 requests in 1.00m, 143.57MB read
Requests/sec:   8968.10  
Transfer/sec:      2.39MB
