Running 1m test @ http://10.10.1.1:5000
  4 threads and 128 connections

  Thread calibration: mean lat.: 6.856ms, rate sampling interval: 23ms
  Thread calibration: mean lat.: 6.734ms, rate sampling interval: 23ms
  Thread calibration: mean lat.: 6.681ms, rate sampling interval: 23ms
  Thread calibration: mean lat.: 6.757ms, rate sampling interval: 23ms

-----------------------------------------------------------------------
Test Results @ http://10.10.1.1:5000 
  Thread Stats   Avg      Stdev     99%   +/- Stdev
    Latency     5.66ms    3.05ms  16.94ms   81.50%
    Req/Sec     2.30k   343.56     3.14k    66.71%
  Latency Distribution (HdrHistogram - Recorded Latency)
 50.000%    4.83ms
 75.000%    6.73ms
 90.000%    9.44ms
 99.000%   16.94ms
 99.900%   24.88ms
 99.990%   33.60ms
 99.999%   42.56ms
100.000%   45.22ms

  Detailed Percentile spectrum:
       Value   Percentile   TotalCount 1/(1-Percentile)

       1.301     0.000000            1         1.00
       2.899     0.100000        54211         1.11
       3.423     0.200000       108237         1.25
       3.877     0.300000       162169         1.43
       4.331     0.400000       216564         1.67
       4.831     0.500000       270505         2.00
       5.115     0.550000       297435         2.22
       5.431     0.600000       324382         2.50
       5.791     0.650000       351243         2.86
       6.219     0.700000       378427         3.33
       6.727     0.750000       405330         4.00
       7.023     0.775000       418873         4.44
       7.363     0.800000       432350         5.00
       7.751     0.825000       445874         5.71
       8.215     0.850000       459382         6.67
       8.767     0.875000       472944         8.00
       9.079     0.887500       479614         8.89
       9.439     0.900000       486311        10.00
       9.855     0.912500       493106        11.43
      10.335     0.925000       499865        13.33
      10.911     0.937500       506595        16.00
      11.247     0.943750       509959        17.78
      11.623     0.950000       513335        20.00
      12.031     0.956250       516753        22.86
      12.519     0.962500       520102        26.67
      13.103     0.968750       523452        32.00
      13.455     0.971875       525158        35.56
      13.839     0.975000       526838        40.00
      14.287     0.978125       528530        45.71
      14.799     0.981250       530208        53.33
      15.439     0.984375       531908        64.00
      15.783     0.985938       532739        71.11
      16.175     0.987500       533579        80.00
      16.623     0.989062       534425        91.43
      17.151     0.990625       535266       106.67
      17.791     0.992188       536118       128.00
      18.175     0.992969       536542       142.22
      18.559     0.993750       536958       160.00
      19.007     0.994531       537389       182.86
      19.519     0.995313       537801       213.33
      20.159     0.996094       538223       256.00
      20.495     0.996484       538431       284.44
      20.879     0.996875       538645       320.00
      21.295     0.997266       538854       365.71
      21.839     0.997656       539065       426.67
      22.431     0.998047       539274       512.00
      22.831     0.998242       539382       568.89
      23.263     0.998437       539485       640.00
      23.695     0.998633       539591       731.43
      24.255     0.998828       539697       853.33
      24.959     0.999023       539806      1024.00
      25.359     0.999121       539855      1137.78
      25.727     0.999219       539908      1280.00
      26.191     0.999316       539961      1462.86
      26.751     0.999414       540015      1706.67
      27.391     0.999512       540067      2048.00
      27.791     0.999561       540092      2275.56
      28.463     0.999609       540119      2560.00
      29.039     0.999658       540145      2925.71
      29.679     0.999707       540172      3413.33
      30.463     0.999756       540198      4096.00
      30.927     0.999780       540211      4551.11
      31.231     0.999805       540224      5120.00
      31.535     0.999829       540237      5851.43
      32.207     0.999854       540250      6826.67
      32.895     0.999878       540264      8192.00
      33.343     0.999890       540270      9102.22
      33.951     0.999902       540277     10240.00
      34.399     0.999915       540283     11702.86
      34.879     0.999927       540290     13653.33
      35.423     0.999939       540297     16384.00
      35.679     0.999945       540300     18204.44
      36.351     0.999951       540303     20480.00
      36.767     0.999957       540306     23405.71
      37.247     0.999963       540311     27306.67
      37.599     0.999969       540313     32768.00
      37.663     0.999973       540315     36408.89
      37.855     0.999976       540316     40960.00
      38.271     0.999979       540318     46811.43
      40.223     0.999982       540320     54613.33
      40.671     0.999985       540321     65536.00
      40.831     0.999986       540322     72817.78
      41.407     0.999988       540323     81920.00
      42.559     0.999989       540324     93622.86
      42.815     0.999991       540325    109226.67
      42.815     0.999992       540325    131072.00
      43.679     0.999993       540326    145635.56
      43.679     0.999994       540326    163840.00
      44.607     0.999995       540327    187245.71
      44.607     0.999995       540327    218453.33
      44.607     0.999996       540327    262144.00
      45.055     0.999997       540328    291271.11
      45.055     0.999997       540328    327680.00
      45.055     0.999997       540328    374491.43
      45.055     0.999998       540328    436906.67
      45.055     0.999998       540328    524288.00
      45.215     0.999998       540329    582542.22
      45.215     1.000000       540329          inf
#[Mean    =        5.657, StdDeviation   =        3.050]
#[Max     =       45.184, Total count    =       540329]
#[Buckets =           27, SubBuckets     =         2048]
-----------------------------------------------------------------------
  630480 requests in 1.17m, 171.52MB read
Requests/sec:   9006.99  
Transfer/sec:      2.45MB
