Running 1m test @ http://10.10.1.1:5000
  4 threads and 128 connections

  Thread calibration: mean lat.: 415.678ms, rate sampling interval: 1756ms
  Thread calibration: mean lat.: 377.761ms, rate sampling interval: 1596ms
  Thread calibration: mean lat.: 492.718ms, rate sampling interval: 1911ms
  Thread calibration: mean lat.: 436.888ms, rate sampling interval: 1823ms

-----------------------------------------------------------------------
Test Results @ http://10.10.1.1:5000 
  Thread Stats   Avg      Stdev     99%   +/- Stdev
    Latency     3.08s     1.37s    6.02s    61.57%
    Req/Sec     2.97k    28.78     3.04k    72.32%
  Latency Distribution (HdrHistogram - Recorded Latency)
 50.000%    3.06s 
 75.000%    4.12s 
 90.000%    4.94s 
 99.000%    6.02s 
 99.900%    6.67s 
 99.990%    6.87s 
 99.999%    6.91s 
100.000%    6.92s 

  Detailed Percentile spectrum:
       Value   Percentile   TotalCount 1/(1-Percentile)

      28.367     0.000000            1         1.00
    1264.639     0.100000        59448         1.11
    1718.271     0.200000       118689         1.25
    2187.263     0.300000       178274         1.43
    2619.391     0.400000       237536         1.67
    3061.759     0.500000       296797         2.00
    3268.607     0.550000       326428         2.22
    3465.215     0.600000       356039         2.50
    3670.015     0.650000       385925         2.86
    3901.439     0.700000       415484         3.33
    4116.479     0.750000       445225         4.00
    4235.263     0.775000       459825         4.44
    4366.335     0.800000       474751         5.00
    4505.599     0.825000       489828         5.71
    4632.575     0.850000       504721         6.67
    4767.743     0.875000       519458         8.00
    4849.663     0.887500       526853         8.89
    4943.871     0.900000       534031        10.00
    5050.367     0.912500       541585        11.43
    5136.383     0.925000       548937        13.33
    5246.975     0.937500       556435        16.00
    5308.415     0.943750       560055        17.78
    5369.855     0.950000       563786        20.00
    5431.295     0.956250       567512        22.86
    5492.735     0.962500       571223        26.67
    5591.039     0.968750       574813        32.00
    5648.383     0.971875       576636        35.56
    5701.631     0.975000       578599        40.00
    5754.879     0.978125       580364        45.71
    5812.223     0.981250       582242        53.33
    5885.951     0.984375       584150        64.00
    5926.911     0.985938       584982        71.11
    5967.871     0.987500       585928        80.00
    6000.639     0.989062       586923        91.43
    6033.407     0.990625       587771       106.67
    6090.751     0.992188       588711       128.00
    6139.903     0.992969       589192       142.22
    6189.055     0.993750       589629       160.00
    6230.015     0.994531       590079       182.86
    6279.167     0.995313       590553       213.33
    6340.607     0.996094       591010       256.00
    6373.375     0.996484       591258       284.44
    6406.143     0.996875       591475       320.00
    6443.007     0.997266       591697       365.71
    6475.775     0.997656       591952       426.67
    6504.447     0.998047       592181       512.00
    6524.927     0.998242       592286       568.89
    6557.695     0.998437       592397       640.00
    6590.463     0.998633       592510       731.43
    6643.711     0.998828       592633       853.33
    6672.383     0.999023       592744      1024.00
    6692.863     0.999121       592804      1137.78
    6721.535     0.999219       592854      1280.00
    6758.399     0.999316       592914      1462.86
    6782.975     0.999414       592986      1706.67
    6795.263     0.999512       593048      2048.00
    6799.359     0.999561       593059      2275.56
    6807.551     0.999609       593088      2560.00
    6819.839     0.999658       593116      2925.71
    6832.127     0.999707       593148      3413.33
    6844.415     0.999756       593173      4096.00
    6852.607     0.999780       593196      4551.11
    6856.703     0.999805       593209      5120.00
    6860.799     0.999829       593222      5851.43
    6864.895     0.999854       593243      6826.67
    6868.991     0.999878       593259      8192.00
    6868.991     0.999890       593259      9102.22
    6873.087     0.999902       593272     10240.00
    6873.087     0.999915       593272     11702.86
    6877.183     0.999927       593280     13653.33
    6881.279     0.999939       593288     16384.00
    6881.279     0.999945       593288     18204.44
    6885.375     0.999951       593295     20480.00
    6885.375     0.999957       593295     23405.71
    6889.471     0.999963       593301     27306.67
    6889.471     0.999969       593301     32768.00
    6889.471     0.999973       593301     36408.89
    6893.567     0.999976       593305     40960.00
    6893.567     0.999979       593305     46811.43
    6897.663     0.999982       593309     54613.33
    6897.663     0.999985       593309     65536.00
    6897.663     0.999986       593309     72817.78
    6901.759     0.999988       593310     81920.00
    6905.855     0.999989       593312     93622.86
    6905.855     0.999991       593312    109226.67
    6909.951     0.999992       593315    131072.00
    6909.951     0.999993       593315    145635.56
    6909.951     0.999994       593315    163840.00
    6909.951     0.999995       593315    187245.71
    6909.951     0.999995       593315    218453.33
    6909.951     0.999996       593315    262144.00
    6909.951     0.999997       593315    291271.11
    6914.047     0.999997       593316    327680.00
    6914.047     0.999997       593316    374491.43
    6914.047     0.999998       593316    436906.67
    6914.047     0.999998       593316    524288.00
    6914.047     0.999998       593316    582542.22
    6918.143     0.999998       593317    655360.00
    6918.143     1.000000       593317          inf
#[Mean    =     3081.145, StdDeviation   =     1366.162]
#[Max     =     6914.048, Total count    =       593317]
#[Buckets =           27, SubBuckets     =         2048]
-----------------------------------------------------------------------
  709019 requests in 1.00m, 189.24MB read
Requests/sec:  11817.18  
Transfer/sec:      3.15MB
