Running 1m test @ http://10.10.1.1:5000
  4 threads and 128 connections

  Thread calibration: mean lat.: 2.479ms, rate sampling interval: 10ms
  Thread calibration: mean lat.: 2.466ms, rate sampling interval: 10ms
  Thread calibration: mean lat.: 2.480ms, rate sampling interval: 10ms
  Thread calibration: mean lat.: 2.401ms, rate sampling interval: 10ms

-----------------------------------------------------------------------
Test Results @ http://10.10.1.1:5000 
  Thread Stats   Avg      Stdev     99%   +/- Stdev
    Latency     2.40ms  784.57us   5.19ms   78.18%
    Req/Sec     1.32k   382.64     2.33k    70.10%
  Latency Distribution (HdrHistogram - Recorded Latency)
 50.000%    2.20ms
 75.000%    2.73ms
 90.000%    3.37ms
 99.000%    5.19ms
 99.900%    7.01ms
 99.990%    9.24ms
 99.999%   11.05ms
100.000%   11.70ms

  Detailed Percentile spectrum:
       Value   Percentile   TotalCount 1/(1-Percentile)

       1.150     0.000000            1         1.00
       1.634     0.100000        25200         1.11
       1.790     0.200000        50275         1.25
       1.926     0.300000        75276         1.43
       2.057     0.400000       100393         1.67
       2.201     0.500000       125512         2.00
       2.285     0.550000       138174         2.22
       2.375     0.600000       150543         2.50
       2.481     0.650000       163187         2.86
       2.597     0.700000       175614         3.33
       2.731     0.750000       188157         4.00
       2.807     0.775000       194456         4.44
       2.889     0.800000       200674         5.00
       2.981     0.825000       206883         5.71
       3.087     0.850000       213127         6.67
       3.213     0.875000       219433         8.00
       3.287     0.887500       222600         8.89
       3.369     0.900000       225699        10.00
       3.465     0.912500       228831        11.43
       3.579     0.925000       231951        13.33
       3.717     0.937500       235072        16.00
       3.797     0.943750       236646        17.78
       3.891     0.950000       238212        20.00
       3.995     0.956250       239766        22.86
       4.123     0.962500       241354        26.67
       4.279     0.968750       242922        32.00
       4.363     0.971875       243698        35.56
       4.467     0.975000       244485        40.00
       4.575     0.978125       245273        45.71
       4.699     0.981250       246047        53.33
       4.847     0.984375       246838        64.00
       4.927     0.985938       247225        71.11
       5.011     0.987500       247610        80.00
       5.123     0.989062       247996        91.43
       5.251     0.990625       248388       106.67
       5.395     0.992188       248781       128.00
       5.475     0.992969       248976       142.22
       5.579     0.993750       249168       160.00
       5.683     0.994531       249368       182.86
       5.803     0.995313       249562       213.33
       5.943     0.996094       249756       256.00
       6.031     0.996484       249856       284.44
       6.131     0.996875       249952       320.00
       6.239     0.997266       250051       365.71
       6.339     0.997656       250148       426.67
       6.479     0.998047       250247       512.00
       6.567     0.998242       250297       568.89
       6.651     0.998437       250349       640.00
       6.771     0.998633       250397       731.43
       6.863     0.998828       250442       853.33
       7.027     0.999023       250491      1024.00
       7.115     0.999121       250515      1137.78
       7.207     0.999219       250540      1280.00
       7.355     0.999316       250565      1462.86
       7.531     0.999414       250589      1706.67
       7.695     0.999512       250613      2048.00
       7.787     0.999561       250625      2275.56
       7.959     0.999609       250638      2560.00
       8.095     0.999658       250650      2925.71
       8.279     0.999707       250662      3413.33
       8.391     0.999756       250674      4096.00
       8.447     0.999780       250680      4551.11
       8.551     0.999805       250687      5120.00
       8.639     0.999829       250693      5851.43
       8.839     0.999854       250699      6826.67
       9.023     0.999878       250705      8192.00
       9.159     0.999890       250708      9102.22
       9.271     0.999902       250711     10240.00
       9.351     0.999915       250714     11702.86
       9.383     0.999927       250717     13653.33
       9.527     0.999939       250720     16384.00
       9.623     0.999945       250722     18204.44
       9.775     0.999951       250723     20480.00
       9.951     0.999957       250725     23405.71
       9.983     0.999963       250726     27306.67
      10.175     0.999969       250728     32768.00
      10.343     0.999973       250730     36408.89
      10.343     0.999976       250730     40960.00
      10.343     0.999979       250730     46811.43
      10.519     0.999982       250731     54613.33
      11.047     0.999985       250732     65536.00
      11.047     0.999986       250732     72817.78
      11.047     0.999988       250732     81920.00
      11.151     0.999989       250733     93622.86
      11.151     0.999991       250733    109226.67
      11.255     0.999992       250734    131072.00
      11.255     0.999993       250734    145635.56
      11.255     0.999994       250734    163840.00
      11.255     0.999995       250734    187245.71
      11.255     0.999995       250734    218453.33
      11.703     0.999996       250735    262144.00
      11.703     1.000000       250735          inf
#[Mean    =        2.397, StdDeviation   =        0.785]
#[Max     =       11.696, Total count    =       250735]
#[Buckets =           27, SubBuckets     =         2048]
-----------------------------------------------------------------------
  299358 requests in 1.00m, 79.86MB read
Requests/sec:   4989.45  
Transfer/sec:      1.33MB
