Running 1m test @ http://10.10.1.1:5000
  4 threads and 128 connections

  Thread calibration: mean lat.: 3.272ms, rate sampling interval: 10ms
  Thread calibration: mean lat.: 3.261ms, rate sampling interval: 10ms
  Thread calibration: mean lat.: 3.263ms, rate sampling interval: 10ms
  Thread calibration: mean lat.: 3.171ms, rate sampling interval: 10ms

-----------------------------------------------------------------------
Test Results @ http://10.10.1.1:5000 
  Thread Stats   Avg      Stdev     99%   +/- Stdev
    Latency     3.21ms    1.38ms   7.99ms   81.71%
    Req/Sec     1.85k   472.97     3.00k    68.32%
  Latency Distribution (HdrHistogram - Recorded Latency)
 50.000%    2.89ms
 75.000%    3.71ms
 90.000%    4.82ms
 99.000%    7.99ms
 99.900%   12.69ms
 99.990%   25.07ms
 99.999%   31.61ms
100.000%   38.53ms

  Detailed Percentile spectrum:
       Value   Percentile   TotalCount 1/(1-Percentile)

       1.217     0.000000            1         1.00
       1.939     0.100000        35115         1.11
       2.185     0.200000        70234         1.25
       2.409     0.300000       105269         1.43
       2.641     0.400000       140330         1.67
       2.889     0.500000       175430         2.00
       3.021     0.550000       192806         2.22
       3.167     0.600000       210414         2.50
       3.325     0.650000       227998         2.86
       3.501     0.700000       245383         3.33
       3.709     0.750000       262941         4.00
       3.831     0.775000       271661         4.44
       3.967     0.800000       280395         5.00
       4.131     0.825000       289312         5.71
       4.315     0.850000       298093         6.67
       4.535     0.875000       306734         8.00
       4.667     0.887500       311112         8.89
       4.815     0.900000       315451        10.00
       4.991     0.912500       319919        11.43
       5.191     0.925000       324226        13.33
       5.435     0.937500       328592        16.00
       5.579     0.943750       330816        17.78
       5.735     0.950000       332998        20.00
       5.907     0.956250       335159        22.86
       6.119     0.962500       337351        26.67
       6.375     0.968750       339549        32.00
       6.519     0.971875       340652        35.56
       6.683     0.975000       341749        40.00
       6.879     0.978125       342848        45.71
       7.087     0.981250       343924        53.33
       7.347     0.984375       345018        64.00
       7.503     0.985938       345565        71.11
       7.667     0.987500       346116        80.00
       7.859     0.989062       346663        91.43
       8.099     0.990625       347210       106.67
       8.375     0.992188       347769       128.00
       8.527     0.992969       348036       142.22
       8.703     0.993750       348303       160.00
       8.927     0.994531       348587       182.86
       9.175     0.995313       348852       213.33
       9.471     0.996094       349127       256.00
       9.647     0.996484       349262       284.44
       9.895     0.996875       349399       320.00
      10.191     0.997266       349538       365.71
      10.551     0.997656       349677       426.67
      10.967     0.998047       349809       512.00
      11.191     0.998242       349879       568.89
      11.447     0.998437       349946       640.00
      11.791     0.998633       350014       731.43
      12.143     0.998828       350083       853.33
      12.799     0.999023       350151      1024.00
      13.207     0.999121       350185      1137.78
      13.735     0.999219       350221      1280.00
      14.263     0.999316       350254      1462.86
      15.295     0.999414       350288      1706.67
      16.527     0.999512       350323      2048.00
      17.231     0.999561       350339      2275.56
      18.047     0.999609       350358      2560.00
      18.655     0.999658       350374      2925.71
      19.823     0.999707       350391      3413.33
      20.383     0.999756       350408      4096.00
      20.799     0.999780       350416      4551.11
      21.151     0.999805       350425      5120.00
      21.535     0.999829       350434      5851.43
      22.511     0.999854       350443      6826.67
      24.207     0.999878       350451      8192.00
      24.879     0.999890       350455      9102.22
      25.231     0.999902       350459     10240.00
      25.951     0.999915       350464     11702.86
      26.511     0.999927       350468     13653.33
      26.799     0.999939       350472     16384.00
      27.343     0.999945       350474     18204.44
      27.967     0.999951       350476     20480.00
      28.495     0.999957       350479     23405.71
      28.767     0.999963       350481     27306.67
      29.087     0.999969       350483     32768.00
      29.807     0.999973       350484     36408.89
      29.823     0.999976       350485     40960.00
      30.191     0.999979       350486     46811.43
      30.335     0.999982       350487     54613.33
      31.519     0.999985       350488     65536.00
      31.615     0.999986       350489     72817.78
      31.615     0.999988       350489     81920.00
      33.087     0.999989       350490     93622.86
      33.087     0.999991       350490    109226.67
      34.943     0.999992       350491    131072.00
      34.943     0.999993       350491    145635.56
      34.943     0.999994       350491    163840.00
      35.199     0.999995       350492    187245.71
      35.199     0.999995       350492    218453.33
      35.199     0.999996       350492    262144.00
      35.199     0.999997       350492    291271.11
      35.199     0.999997       350492    327680.00
      38.527     0.999997       350493    374491.43
      38.527     1.000000       350493          inf
#[Mean    =        3.205, StdDeviation   =        1.381]
#[Max     =       38.496, Total count    =       350493]
#[Buckets =           27, SubBuckets     =         2048]
-----------------------------------------------------------------------
  418857 requests in 1.00m, 109.94MB read
Requests/sec:   6981.06  
Transfer/sec:      1.83MB
