Running 1m test @ http://10.10.1.2:5000
  4 threads and 128 connections

  Thread calibration: mean lat.: 3363.913ms, rate sampling interval: 12255ms
  Thread calibration: mean lat.: 3435.006ms, rate sampling interval: 12378ms
  Thread calibration: mean lat.: 3158.918ms, rate sampling interval: 11345ms
  Thread calibration: mean lat.: 3339.201ms, rate sampling interval: 12222ms

-----------------------------------------------------------------------
Test Results @ http://10.10.1.2:5000 
  Thread Stats   Avg      Stdev     99%   +/- Stdev
    Latency    27.36s    11.99s   48.04s    57.89%
    Req/Sec   695.12      7.95   708.00     76.47%
  Latency Distribution (HdrHistogram - Recorded Latency)
 50.000%   27.36s 
 75.000%   37.65s 
 90.000%   44.01s 
 99.000%   48.04s 
 99.900%   49.22s 
 99.990%   50.17s 
 99.999%   50.40s 
100.000%   50.43s 

  Detailed Percentile spectrum:
       Value   Percentile   TotalCount 1/(1-Percentile)

    5672.959     0.000000            1         1.00
   10838.015     0.100000        16654         1.11
   14852.095     0.200000        33313         1.25
   18956.287     0.300000        49936         1.43
   23183.359     0.400000        66590         1.67
   27361.279     0.500000        83255         2.00
   29491.199     0.550000        91564         2.22
   31555.583     0.600000        99888         2.50
   33619.967     0.650000       108225         2.86
   35684.351     0.700000       116616         3.33
   37650.431     0.750000       124848         4.00
   38699.007     0.775000       129051         4.44
   39747.583     0.800000       133279         5.00
   40796.159     0.825000       137394         5.71
   41844.735     0.850000       141555         6.67
   42893.311     0.875000       145641         8.00
   43450.367     0.887500       147773         8.89
   44007.423     0.900000       149841        10.00
   44531.711     0.912500       151977        11.43
   45055.999     0.925000       153988        13.33
   45580.287     0.937500       156061        16.00
   45842.431     0.943750       157109        17.78
   46137.343     0.950000       158198        20.00
   46399.487     0.956250       159276        22.86
   46661.631     0.962500       160271        26.67
   46923.775     0.968750       161301        32.00
   47054.847     0.971875       161811        35.56
   47185.919     0.975000       162282        40.00
   47349.759     0.978125       162816        45.71
   47513.599     0.981250       163333        53.33
   47677.439     0.984375       163875        64.00
   47775.743     0.985938       164175        71.11
   47874.047     0.987500       164433        80.00
   47972.351     0.989062       164671        91.43
   48070.655     0.990625       164883       106.67
   48201.727     0.992188       165181       128.00
   48267.263     0.992969       165325       142.22
   48332.799     0.993750       165441       160.00
   48398.335     0.994531       165547       182.86
   48529.407     0.995313       165699       213.33
   48627.711     0.996094       165837       256.00
   48660.479     0.996484       165871       284.44
   48726.015     0.996875       165936       320.00
   48791.551     0.997266       165997       365.71
   48857.087     0.997656       166063       426.67
   48955.391     0.998047       166130       512.00
   48988.159     0.998242       166153       568.89
   49053.695     0.998437       166200       640.00
   49086.463     0.998633       166214       731.43
   49151.999     0.998828       166250       853.33
   49217.535     0.999023       166288      1024.00
   49250.303     0.999121       166303      1137.78
   49315.839     0.999219       166325      1280.00
   49348.607     0.999316       166331      1462.86
   49414.143     0.999414       166351      1706.67
   49479.679     0.999512       166364      2048.00
   49512.447     0.999561       166368      2275.56
   49577.983     0.999609       166377      2560.00
   49643.519     0.999658       166385      2925.71
   49741.823     0.999707       166393      3413.33
   49840.127     0.999756       166400      4096.00
   49938.431     0.999780       166404      4551.11
   49971.199     0.999805       166408      5120.00
   50036.735     0.999829       166413      5851.43
   50102.271     0.999854       166416      6826.67
   50135.039     0.999878       166422      8192.00
   50135.039     0.999890       166422      9102.22
   50167.807     0.999902       166426     10240.00
   50167.807     0.999915       166426     11702.86
   50200.575     0.999927       166428     13653.33
   50233.343     0.999939       166431     16384.00
   50233.343     0.999945       166431     18204.44
   50298.879     0.999951       166432     20480.00
   50331.647     0.999957       166433     23405.71
   50364.415     0.999963       166435     27306.67
   50364.415     0.999969       166435     32768.00
   50397.183     0.999973       166438     36408.89
   50397.183     0.999976       166438     40960.00
   50397.183     0.999979       166438     46811.43
   50397.183     0.999982       166438     54613.33
   50397.183     0.999985       166438     65536.00
   50397.183     0.999986       166438     72817.78
   50397.183     0.999988       166438     81920.00
   50429.951     0.999989       166440     93622.86
   50429.951     1.000000       166440          inf
#[Mean    =    27359.003, StdDeviation   =    11992.394]
#[Max     =    50397.184, Total count    =       166440]
#[Buckets =           27, SubBuckets     =         2048]
-----------------------------------------------------------------------
  193871 requests in 1.17m, 473.52MB read
  Socket errors: connect 0, read 0, write 0, timeout 15
Requests/sec:   2769.63  
Transfer/sec:      6.76MB
