Running 1m test @ http://10.10.1.2:5000
  4 threads and 128 connections

  Thread calibration: mean lat.: 12.410ms, rate sampling interval: 48ms
  Thread calibration: mean lat.: 12.730ms, rate sampling interval: 49ms
  Thread calibration: mean lat.: 12.442ms, rate sampling interval: 49ms
  Thread calibration: mean lat.: 12.986ms, rate sampling interval: 50ms

-----------------------------------------------------------------------
Test Results @ http://10.10.1.2:5000 
  Thread Stats   Avg      Stdev     99%   +/- Stdev
    Latency    12.66ms    9.38ms  44.45ms   75.40%
    Req/Sec   758.81    126.26     1.06k    69.47%
  Latency Distribution (HdrHistogram - Recorded Latency)
 50.000%   11.14ms
 75.000%   17.34ms
 90.000%   24.46ms
 99.000%   44.45ms
 99.900%   65.41ms
 99.990%   86.21ms
 99.999%   94.21ms
100.000%   99.90ms

  Detailed Percentile spectrum:
       Value   Percentile   TotalCount 1/(1-Percentile)

       1.187     0.000000            1         1.00
       3.165     0.100000        18058         1.11
       4.267     0.200000        36083         1.25
       5.747     0.300000        54081         1.43
       8.399     0.400000        72135         1.67
      11.135     0.500000        90135         2.00
      12.303     0.550000        99161         2.22
      13.447     0.600000       108186         2.50
      14.607     0.650000       117212         2.86
      15.879     0.700000       126190         3.33
      17.343     0.750000       135270         4.00
      18.143     0.775000       139722         4.44
      19.055     0.800000       144237         5.00
      20.063     0.825000       148705         5.71
      21.263     0.850000       153242         6.67
      22.703     0.875000       157741         8.00
      23.535     0.887500       159982         8.89
      24.463     0.900000       162236        10.00
      25.503     0.912500       164490        11.43
      26.767     0.925000       166730        13.33
      28.223     0.937500       168990        16.00
      29.103     0.943750       170099        17.78
      30.095     0.950000       171232        20.00
      31.295     0.956250       172351        22.86
      32.575     0.962500       173482        26.67
      34.175     0.968750       174621        32.00
      35.039     0.971875       175182        35.56
      36.095     0.975000       175737        40.00
      37.311     0.978125       176302        45.71
      38.751     0.981250       176868        53.33
      40.319     0.984375       177424        64.00
      41.279     0.985938       177707        71.11
      42.367     0.987500       177984        80.00
      43.583     0.989062       178269        91.43
      45.055     0.990625       178550       106.67
      46.751     0.992188       178832       128.00
      47.711     0.992969       178977       142.22
      48.927     0.993750       179112       160.00
      50.111     0.994531       179252       182.86
      51.327     0.995313       179393       213.33
      53.151     0.996094       179535       256.00
      54.175     0.996484       179604       284.44
      55.327     0.996875       179675       320.00
      56.639     0.997266       179744       365.71
      57.919     0.997656       179815       426.67
      59.679     0.998047       179885       512.00
      60.543     0.998242       179921       568.89
      61.471     0.998437       179955       640.00
      63.039     0.998633       179990       731.43
      64.063     0.998828       180025       853.33
      65.535     0.999023       180060      1024.00
      66.559     0.999121       180078      1137.78
      67.327     0.999219       180096      1280.00
      68.159     0.999316       180115      1462.86
      69.439     0.999414       180131      1706.67
      71.103     0.999512       180148      2048.00
      71.935     0.999561       180157      2275.56
      73.663     0.999609       180166      2560.00
      75.071     0.999658       180176      2925.71
      76.479     0.999707       180184      3413.33
      78.079     0.999756       180192      4096.00
      78.783     0.999780       180197      4551.11
      79.295     0.999805       180201      5120.00
      80.319     0.999829       180206      5851.43
      83.007     0.999854       180210      6826.67
      84.223     0.999878       180214      8192.00
      85.439     0.999890       180217      9102.22
      86.911     0.999902       180219     10240.00
      87.359     0.999915       180221     11702.86
      88.127     0.999927       180223     13653.33
      89.407     0.999939       180225     16384.00
      92.095     0.999945       180227     18204.44
      92.735     0.999951       180228     20480.00
      93.183     0.999957       180229     23405.71
      93.375     0.999963       180230     27306.67
      93.759     0.999969       180232     32768.00
      93.759     0.999973       180232     36408.89
      93.759     0.999976       180232     40960.00
      93.951     0.999979       180233     46811.43
      93.951     0.999982       180233     54613.33
      94.207     0.999985       180234     65536.00
      94.207     0.999986       180234     72817.78
      94.207     0.999988       180234     81920.00
      95.231     0.999989       180235     93622.86
      95.231     0.999991       180235    109226.67
      95.231     0.999992       180235    131072.00
      95.231     0.999993       180235    145635.56
      95.231     0.999994       180235    163840.00
      99.903     0.999995       180236    187245.71
      99.903     1.000000       180236          inf
#[Mean    =       12.663, StdDeviation   =        9.385]
#[Max     =       99.840, Total count    =       180236]
#[Buckets =           27, SubBuckets     =         2048]
-----------------------------------------------------------------------
  209453 requests in 1.17m, 511.88MB read
Requests/sec:   2992.22  
Transfer/sec:      7.31MB
