Running 1m test @ http://10.10.1.1:5000
  4 threads and 128 connections

  Thread calibration: mean lat.: 2.146ms, rate sampling interval: 10ms
  Thread calibration: mean lat.: 2.124ms, rate sampling interval: 10ms
  Thread calibration: mean lat.: 2.024ms, rate sampling interval: 10ms
  Thread calibration: mean lat.: 2.146ms, rate sampling interval: 10ms

-----------------------------------------------------------------------
Test Results @ http://10.10.1.1:5000 
  Thread Stats   Avg      Stdev     99%   +/- Stdev
    Latency     1.97ms  533.03us   3.88ms   78.43%
    Req/Sec   791.90    291.95     1.55k    68.51%
  Latency Distribution (HdrHistogram - Recorded Latency)
 50.000%    1.85ms
 75.000%    2.16ms
 90.000%    2.66ms
 99.000%    3.88ms
 99.900%    5.14ms
 99.990%    6.43ms
 99.999%    7.65ms
100.000%    8.01ms

  Detailed Percentile spectrum:
       Value   Percentile   TotalCount 1/(1-Percentile)

       1.155     0.000000            1         1.00
       1.460     0.100000        18046         1.11
       1.564     0.200000        36160         1.25
       1.662     0.300000        54083         1.43
       1.758     0.400000        72197         1.67
       1.848     0.500000        90244         2.00
       1.894     0.550000        99189         2.22
       1.944     0.600000       108188         2.50
       2.001     0.650000       117190         2.86
       2.073     0.700000       126291         3.33
       2.163     0.750000       135221         4.00
       2.221     0.775000       139748         4.44
       2.287     0.800000       144341         5.00
       2.359     0.825000       148697         5.71
       2.445     0.850000       153238         6.67
       2.543     0.875000       157744         8.00
       2.597     0.887500       159990         8.89
       2.657     0.900000       162226        10.00
       2.727     0.912500       164493        11.43
       2.807     0.925000       166725        13.33
       2.899     0.937500       168980        16.00
       2.953     0.943750       170120        17.78
       3.013     0.950000       171236        20.00
       3.083     0.956250       172361        22.86
       3.161     0.962500       173494        26.67
       3.257     0.968750       174610        32.00
       3.309     0.971875       175178        35.56
       3.373     0.975000       175741        40.00
       3.441     0.978125       176295        45.71
       3.529     0.981250       176858        53.33
       3.625     0.984375       177431        64.00
       3.687     0.985938       177706        71.11
       3.757     0.987500       177986        80.00
       3.833     0.989062       178268        91.43
       3.923     0.990625       178549       106.67
       4.025     0.992188       178829       128.00
       4.089     0.992969       178975       142.22
       4.159     0.993750       179112       160.00
       4.235     0.994531       179252       182.86
       4.327     0.995313       179395       213.33
       4.427     0.996094       179534       256.00
       4.491     0.996484       179603       284.44
       4.555     0.996875       179672       320.00
       4.635     0.997266       179745       365.71
       4.719     0.997656       179814       426.67
       4.827     0.998047       179886       512.00
       4.875     0.998242       179920       568.89
       4.951     0.998437       179956       640.00
       5.003     0.998633       179989       731.43
       5.059     0.998828       180025       853.33
       5.147     0.999023       180060      1024.00
       5.187     0.999121       180077      1137.78
       5.247     0.999219       180096      1280.00
       5.315     0.999316       180114      1462.86
       5.423     0.999414       180130      1706.67
       5.515     0.999512       180147      2048.00
       5.587     0.999561       180156      2275.56
       5.643     0.999609       180165      2560.00
       5.739     0.999658       180174      2925.71
       5.791     0.999707       180183      3413.33
       5.915     0.999756       180191      4096.00
       5.975     0.999780       180196      4551.11
       6.023     0.999805       180200      5120.00
       6.143     0.999829       180205      5851.43
       6.211     0.999854       180209      6826.67
       6.303     0.999878       180213      8192.00
       6.403     0.999890       180216      9102.22
       6.455     0.999902       180218     10240.00
       6.547     0.999915       180220     11702.86
       6.575     0.999927       180222     13653.33
       6.607     0.999939       180224     16384.00
       6.739     0.999945       180226     18204.44
       6.795     0.999951       180227     20480.00
       6.855     0.999957       180228     23405.71
       6.875     0.999963       180229     27306.67
       7.067     0.999969       180230     32768.00
       7.199     0.999973       180231     36408.89
       7.199     0.999976       180231     40960.00
       7.283     0.999979       180232     46811.43
       7.283     0.999982       180232     54613.33
       7.647     0.999985       180233     65536.00
       7.647     0.999986       180233     72817.78
       7.647     0.999988       180233     81920.00
       7.839     0.999989       180234     93622.86
       7.839     0.999991       180234    109226.67
       7.839     0.999992       180234    131072.00
       7.839     0.999993       180234    145635.56
       7.839     0.999994       180234    163840.00
       8.007     0.999995       180235    187245.71
       8.007     1.000000       180235          inf
#[Mean    =        1.973, StdDeviation   =        0.533]
#[Max     =        8.004, Total count    =       180235]
#[Buckets =           27, SubBuckets     =         2048]
-----------------------------------------------------------------------
  209483 requests in 1.17m, 56.33MB read
Requests/sec:   2992.69  
Transfer/sec:    824.12KB
