Running 1m test @ http://10.10.1.1:5000
  4 threads and 128 connections

  Thread calibration: mean lat.: 3891.759ms, rate sampling interval: 13828ms
  Thread calibration: mean lat.: 4217.757ms, rate sampling interval: 15220ms
  Thread calibration: mean lat.: 4157.109ms, rate sampling interval: 15253ms
  Thread calibration: mean lat.: 4125.724ms, rate sampling interval: 14991ms

-----------------------------------------------------------------------
Test Results @ http://10.10.1.1:5000 
  Thread Stats   Avg      Stdev     99%   +/- Stdev
    Latency    33.41s    14.57s    0.97m    57.79%
    Req/Sec   438.57      4.82   445.00     78.57%
  Latency Distribution (HdrHistogram - Recorded Latency)
 50.000%   33.55s 
 75.000%   46.04s 
 90.000%    0.89m 
 99.000%    0.97m 
 99.900%    0.99m 
 99.990%    0.99m 
 99.999%    1.00m 
100.000%    1.00m 

  Detailed Percentile spectrum:
       Value   Percentile   TotalCount 1/(1-Percentile)

    7299.071     0.000000            1         1.00
   13172.735     0.100000        10532         1.11
   18219.007     0.200000        21064         1.25
   23265.279     0.300000        31573         1.43
   28442.623     0.400000        42114         1.67
   33554.431     0.500000        52603         2.00
   36044.799     0.550000        57854         2.22
   38633.471     0.600000        63134         2.50
   41058.303     0.650000        68391         2.86
   43515.903     0.700000        73661         3.33
   46039.039     0.750000        78916         4.00
   47251.455     0.775000        81512         4.44
   48529.407     0.800000        84156         5.00
   49774.591     0.825000        86781         5.71
   51052.543     0.850000        89430         6.67
   52330.495     0.875000        92074         8.00
   52953.087     0.887500        93353         8.89
   53575.679     0.900000        94688        10.00
   54231.039     0.912500        96046        11.43
   54788.095     0.925000        97311        13.33
   55410.687     0.937500        98674        16.00
   55672.831     0.943750        99260        17.78
   56000.511     0.950000        99976        20.00
   56295.423     0.956250       100624        22.86
   56623.103     0.962500       101266        26.67
   56950.783     0.968750       101921        32.00
   57114.623     0.971875       102233        35.56
   57278.463     0.975000       102555        40.00
   57442.303     0.978125       102913        45.71
   57606.143     0.981250       103215        53.33
   57802.751     0.984375       103565        64.00
   57901.055     0.985938       103746        71.11
   57999.359     0.987500       103905        80.00
   58097.663     0.989062       104032        91.43
   58228.735     0.990625       104213       106.67
   58327.039     0.992188       104384       128.00
   58392.575     0.992969       104456       142.22
   58458.111     0.993750       104526       160.00
   58523.647     0.994531       104618       182.86
   58589.183     0.995313       104688       213.33
   58687.487     0.996094       104782       256.00
   58720.255     0.996484       104813       284.44
   58785.791     0.996875       104875       320.00
   58818.559     0.997266       104905       365.71
   58851.327     0.997656       104931       426.67
   58916.863     0.998047       104981       512.00
   58949.631     0.998242       104999       568.89
   58982.399     0.998437       105023       640.00
   59015.167     0.998633       105045       731.43
   59047.935     0.998828       105052       853.33
   59113.471     0.999023       105077      1024.00
   59146.239     0.999121       105085      1137.78
   59179.007     0.999219       105094      1280.00
   59211.775     0.999316       105103      1462.86
   59277.311     0.999414       105125      1706.67
   59277.311     0.999512       105125      2048.00
   59310.079     0.999561       105129      2275.56
   59342.847     0.999609       105139      2560.00
   59342.847     0.999658       105139      2925.71
   59375.615     0.999707       105145      3413.33
   59408.383     0.999756       105150      4096.00
   59441.151     0.999780       105152      4551.11
   59473.919     0.999805       105154      5120.00
   59539.455     0.999829       105160      5851.43
   59539.455     0.999854       105160      6826.67
   59604.991     0.999878       105164      8192.00
   59604.991     0.999890       105164      9102.22
   59604.991     0.999902       105164     10240.00
   59637.759     0.999915       105166     11702.86
   59703.295     0.999927       105167     13653.33
   59801.599     0.999939       105168     16384.00
   59899.903     0.999945       105169     18204.44
   59899.903     0.999951       105169     20480.00
   59932.671     0.999957       105170     23405.71
   59998.207     0.999963       105173     27306.67
   59998.207     0.999969       105173     32768.00
   59998.207     0.999973       105173     36408.89
   59998.207     0.999976       105173     40960.00
   59998.207     0.999979       105173     46811.43
   59998.207     0.999982       105173     54613.33
   59998.207     0.999985       105173     65536.00
   59998.207     0.999986       105173     72817.78
   59998.207     0.999988       105173     81920.00
   59998.207     0.999989       105173     93622.86
   60063.743     0.999991       105174    109226.67
   60063.743     1.000000       105174          inf
#[Mean    =    33414.847, StdDeviation   =    14573.908]
#[Max     =    60030.976, Total count    =       105174]
#[Buckets =           27, SubBuckets     =         2048]
-----------------------------------------------------------------------
  122275 requests in 1.17m, 297.87MB read
  Socket errors: connect 0, read 0, write 0, timeout 174
Requests/sec:   1746.26  
Transfer/sec:      4.25MB
