Running 1m test @ http://10.10.1.2:5000
  4 threads and 128 connections

  Thread calibration: mean lat.: 0.591ms, rate sampling interval: 10ms
  Thread calibration: mean lat.: 0.591ms, rate sampling interval: 10ms
  Thread calibration: mean lat.: 0.592ms, rate sampling interval: 10ms
  Thread calibration: mean lat.: 0.596ms, rate sampling interval: 10ms

-----------------------------------------------------------------------
Test Results @ http://10.10.1.2:5000 
  Thread Stats   Avg      Stdev     99%   +/- Stdev
    Latency   541.26us  303.76us   1.72ms   88.08%
    Req/Sec     3.42k   625.57     5.00k    69.11%
  Latency Distribution (HdrHistogram - Recorded Latency)
 50.000%  441.00us
 75.000%  602.00us
 90.000%    0.90ms
 99.000%    1.72ms
 99.900%    2.75ms
 99.990%    4.49ms
 99.999%    6.96ms
100.000%    8.81ms

  Detailed Percentile spectrum:
       Value   Percentile   TotalCount 1/(1-Percentile)

       0.207     0.000000            1         1.00
       0.316     0.100000        79706         1.11
       0.349     0.200000       157761         1.25
       0.378     0.300000       236216         1.43
       0.407     0.400000       313497         1.67
       0.441     0.500000       391688         2.00
       0.461     0.550000       429788         2.22
       0.485     0.600000       468807         2.50
       0.514     0.650000       506887         2.86
       0.552     0.700000       545941         3.33
       0.602     0.750000       584669         4.00
       0.633     0.775000       604176         4.44
       0.670     0.800000       623845         5.00
       0.713     0.825000       643059         5.71
       0.765     0.850000       662479         6.67
       0.827     0.875000       681934         8.00
       0.863     0.887500       691727         8.89
       0.903     0.900000       701406        10.00
       0.948     0.912500       711135        11.43
       0.999     0.925000       720877        13.33
       1.061     0.937500       730717        16.00
       1.096     0.943750       735540        17.78
       1.136     0.950000       740367        20.00
       1.181     0.956250       745249        22.86
       1.233     0.962500       750187        26.67
       1.293     0.968750       755035        32.00
       1.329     0.971875       757451        35.56
       1.370     0.975000       759893        40.00
       1.416     0.978125       762286        45.71
       1.470     0.981250       764743        53.33
       1.537     0.984375       767159        64.00
       1.576     0.985938       768377        71.11
       1.623     0.987500       769596        80.00
       1.677     0.989062       770801        91.43
       1.744     0.990625       772036       106.67
       1.818     0.992188       773237       128.00
       1.862     0.992969       773851       142.22
       1.910     0.993750       774463       160.00
       1.970     0.994531       775063       182.86
       2.040     0.995313       775673       213.33
       2.125     0.996094       776283       256.00
       2.169     0.996484       776592       284.44
       2.215     0.996875       776900       320.00
       2.271     0.997266       777198       365.71
       2.333     0.997656       777506       426.67
       2.415     0.998047       777808       512.00
       2.463     0.998242       777960       568.89
       2.519     0.998437       778114       640.00
       2.585     0.998633       778262       731.43
       2.667     0.998828       778415       853.33
       2.763     0.999023       778564      1024.00
       2.827     0.999121       778643      1137.78
       2.901     0.999219       778716      1280.00
       2.975     0.999316       778792      1462.86
       3.109     0.999414       778868      1706.67
       3.239     0.999512       778944      2048.00
       3.319     0.999561       778982      2275.56
       3.405     0.999609       779021      2560.00
       3.497     0.999658       779058      2925.71
       3.583     0.999707       779097      3413.33
       3.689     0.999756       779134      4096.00
       3.781     0.999780       779153      4551.11
       3.905     0.999805       779172      5120.00
       4.023     0.999829       779191      5851.43
       4.167     0.999854       779210      6826.67
       4.351     0.999878       779229      8192.00
       4.411     0.999890       779239      9102.22
       4.523     0.999902       779248     10240.00
       4.635     0.999915       779258     11702.86
       4.723     0.999927       779267     13653.33
       4.887     0.999939       779277     16384.00
       4.995     0.999945       779282     18204.44
       5.227     0.999951       779286     20480.00
       5.383     0.999957       779291     23405.71
       5.655     0.999963       779296     27306.67
       6.155     0.999969       779301     32768.00
       6.271     0.999973       779303     36408.89
       6.307     0.999976       779305     40960.00
       6.391     0.999979       779308     46811.43
       6.523     0.999982       779310     54613.33
       6.715     0.999985       779313     65536.00
       6.875     0.999986       779314     72817.78
       6.927     0.999988       779315     81920.00
       6.963     0.999989       779316     93622.86
       7.191     0.999991       779317    109226.67
       7.331     0.999992       779319    131072.00
       7.331     0.999993       779319    145635.56
       7.391     0.999994       779320    163840.00
       7.391     0.999995       779320    187245.71
       7.439     0.999995       779321    218453.33
       7.915     0.999996       779322    262144.00
       7.915     0.999997       779322    291271.11
       7.915     0.999997       779322    327680.00
       7.915     0.999997       779322    374491.43
       7.959     0.999998       779323    436906.67
       7.959     0.999998       779323    524288.00
       7.959     0.999998       779323    582542.22
       7.959     0.999998       779323    655360.00
       7.959     0.999999       779323    748982.86
       8.815     0.999999       779324    873813.33
       8.815     1.000000       779324          inf
#[Mean    =        0.541, StdDeviation   =        0.304]
#[Max     =        8.808, Total count    =       779324]
#[Buckets =           27, SubBuckets     =         2048]
-----------------------------------------------------------------------
  909644 requests in 1.17m, 184.78MB read
Requests/sec:  12995.10  
Transfer/sec:      2.64MB
