Running 1m test @ http://10.10.1.1:5000
  4 threads and 128 connections

  Thread calibration: mean lat.: 18.652ms, rate sampling interval: 75ms
  Thread calibration: mean lat.: 20.284ms, rate sampling interval: 85ms
  Thread calibration: mean lat.: 19.488ms, rate sampling interval: 80ms
  Thread calibration: mean lat.: 19.949ms, rate sampling interval: 80ms

-----------------------------------------------------------------------
Test Results @ http://10.10.1.1:5000 
  Thread Stats   Avg      Stdev     99%   +/- Stdev
    Latency    18.49ms   14.62ms  74.05ms   86.65%
    Req/Sec     2.77k   187.33     3.19k    68.39%
  Latency Distribution (HdrHistogram - Recorded Latency)
 50.000%   13.90ms
 75.000%   23.30ms
 90.000%   36.54ms
 99.000%   74.05ms
 99.900%  115.26ms
 99.990%  145.54ms
 99.999%  156.93ms
100.000%  165.76ms

  Detailed Percentile spectrum:
       Value   Percentile   TotalCount 1/(1-Percentile)

       1.475     0.000000            1         1.00
       6.303     0.100000        66097         1.11
       7.875     0.200000       132107         1.25
       9.519     0.300000       198150         1.43
      11.495     0.400000       264169         1.67
      13.903     0.500000       330036         2.00
      15.319     0.550000       363050         2.22
      16.895     0.600000       396190         2.50
      18.687     0.650000       429098         2.86
      20.815     0.700000       462231         3.33
      23.295     0.750000       495015         4.00
      24.767     0.775000       511611         4.44
      26.431     0.800000       528094         5.00
      28.319     0.825000       544640         5.71
      30.511     0.850000       561045         6.67
      33.215     0.875000       577537         8.00
      34.783     0.887500       585773         8.89
      36.543     0.900000       594086        10.00
      38.527     0.912500       602349        11.43
      40.895     0.925000       610549        13.33
      43.711     0.937500       618823        16.00
      45.343     0.943750       622940        17.78
      47.199     0.950000       627080        20.00
      49.311     0.956250       631146        22.86
      51.775     0.962500       635293        26.67
      54.719     0.968750       639404        32.00
      56.383     0.971875       641485        35.56
      58.239     0.975000       643527        40.00
      60.447     0.978125       645594        45.71
      63.039     0.981250       647634        53.33
      66.239     0.984375       649725        64.00
      68.095     0.985938       650759        71.11
      70.207     0.987500       651779        80.00
      72.447     0.989062       652794        91.43
      75.199     0.990625       653835       106.67
      78.463     0.992188       654861       128.00
      80.575     0.992969       655368       142.22
      82.815     0.993750       655885       160.00
      85.375     0.994531       656400       182.86
      88.127     0.995313       656926       213.33
      91.327     0.996094       657435       256.00
      93.247     0.996484       657688       284.44
      95.167     0.996875       657947       320.00
      97.791     0.997266       658213       365.71
     100.479     0.997656       658463       426.67
     103.487     0.998047       658722       512.00
     105.215     0.998242       658849       568.89
     107.583     0.998437       658984       640.00
     109.695     0.998633       659109       731.43
     112.575     0.998828       659237       853.33
     115.583     0.999023       659369      1024.00
     117.375     0.999121       659430      1137.78
     119.359     0.999219       659493      1280.00
     122.047     0.999316       659557      1462.86
     124.415     0.999414       659623      1706.67
     126.847     0.999512       659686      2048.00
     128.703     0.999561       659718      2275.56
     130.111     0.999609       659751      2560.00
     132.095     0.999658       659787      2925.71
     133.503     0.999707       659817      3413.33
     135.679     0.999756       659848      4096.00
     137.087     0.999780       659864      4551.11
     138.623     0.999805       659881      5120.00
     139.519     0.999829       659896      5851.43
     141.695     0.999854       659912      6826.67
     143.743     0.999878       659928      8192.00
     144.767     0.999890       659936      9102.22
     145.663     0.999902       659944     10240.00
     147.071     0.999915       659952     11702.86
     147.967     0.999927       659960     13653.33
     148.351     0.999939       659968     16384.00
     148.607     0.999945       659972     18204.44
     150.015     0.999951       659977     20480.00
     151.039     0.999957       659980     23405.71
     151.551     0.999963       659984     27306.67
     152.831     0.999969       659988     32768.00
     153.471     0.999973       659991     36408.89
     153.599     0.999976       659992     40960.00
     154.111     0.999979       659994     46811.43
     155.391     0.999982       659997     54613.33
     155.647     0.999985       659998     65536.00
     156.287     0.999986       659999     72817.78
     156.671     0.999988       660000     81920.00
     156.927     0.999989       660001     93622.86
     157.311     0.999991       660002    109226.67
     157.695     0.999992       660003    131072.00
     158.463     0.999993       660004    145635.56
     158.463     0.999994       660004    163840.00
     159.999     0.999995       660005    187245.71
     159.999     0.999995       660005    218453.33
     160.127     0.999996       660006    262144.00
     160.127     0.999997       660006    291271.11
     160.127     0.999997       660006    327680.00
     163.967     0.999997       660007    374491.43
     163.967     0.999998       660007    436906.67
     163.967     0.999998       660007    524288.00
     163.967     0.999998       660007    582542.22
     163.967     0.999998       660007    655360.00
     165.759     0.999999       660008    748982.86
     165.759     1.000000       660008          inf
#[Mean    =       18.492, StdDeviation   =       14.621]
#[Max     =      165.632, Total count    =       660008]
#[Buckets =           27, SubBuckets     =         2048]
-----------------------------------------------------------------------
  767506 requests in 1.17m, 206.40MB read
Requests/sec:  10964.54  
Transfer/sec:      2.95MB
