Running 1m test @ http://10.10.1.1:5000
  4 threads and 128 connections

  Thread calibration: mean lat.: 1729.309ms, rate sampling interval: 6082ms
  Thread calibration: mean lat.: 1802.523ms, rate sampling interval: 6131ms
  Thread calibration: mean lat.: 1800.107ms, rate sampling interval: 6221ms
  Thread calibration: mean lat.: 1748.237ms, rate sampling interval: 6143ms

-----------------------------------------------------------------------
Test Results @ http://10.10.1.1:5000 
  Thread Stats   Avg      Stdev     99%   +/- Stdev
    Latency    11.78s     4.89s   20.55s    57.93%
    Req/Sec     1.50k     5.79     1.51k    59.38%
  Latency Distribution (HdrHistogram - Recorded Latency)
 50.000%   11.76s 
 75.000%   15.98s 
 90.000%   18.51s 
 99.000%   20.55s 
 99.900%   21.51s 
 99.990%   22.63s 
 99.999%   22.81s 
100.000%   22.86s 

  Detailed Percentile spectrum:
       Value   Percentile   TotalCount 1/(1-Percentile)

    2471.935     0.000000            1         1.00
    5046.271     0.100000        29969         1.11
    6692.863     0.200000        59955         1.25
    8413.183     0.300000        89968         1.43
   10100.735     0.400000       119967         1.67
   11763.711     0.500000       149838         2.00
   12599.295     0.550000       164886         2.22
   13434.879     0.600000       179832         2.50
   14286.847     0.650000       194862         2.86
   15130.623     0.700000       209887         3.33
   15982.591     0.750000       224840         4.00
   16408.575     0.775000       232360         4.44
   16809.983     0.800000       239775         5.00
   17235.967     0.825000       247403         5.71
   17678.335     0.850000       254970         6.67
   18087.935     0.875000       262435         8.00
   18284.543     0.887500       266041         8.89
   18513.919     0.900000       269842        10.00
   18726.911     0.912500       273505        11.43
   18939.903     0.925000       277276        13.33
   19169.279     0.937500       281120        16.00
   19283.967     0.943750       282907        17.78
   19398.655     0.950000       284736        20.00
   19546.111     0.956250       286716        22.86
   19677.183     0.962500       288511        26.67
   19824.639     0.968750       290506        32.00
   19890.175     0.971875       291307        35.56
   19972.095     0.975000       292251        40.00
   20070.399     0.978125       293183        45.71
   20185.087     0.981250       294138        53.33
   20299.775     0.984375       295084        64.00
   20348.927     0.985938       295460        71.11
   20430.847     0.987500       296003        80.00
   20496.383     0.989062       296401        91.43
   20578.303     0.990625       296907       106.67
   20676.607     0.992188       297358       128.00
   20725.759     0.992969       297563       142.22
   20791.295     0.993750       297820       160.00
   20856.831     0.994531       298042       182.86
   20938.751     0.995313       298293       213.33
   21020.671     0.996094       298503       256.00
   21069.823     0.996484       298619       284.44
   21118.975     0.996875       298723       320.00
   21200.895     0.997266       298870       365.71
   21250.047     0.997656       298976       426.67
   21315.583     0.998047       299084       512.00
   21348.351     0.998242       299133       568.89
   21381.119     0.998437       299190       640.00
   21413.887     0.998633       299246       731.43
   21463.039     0.998828       299309       853.33
   21528.575     0.999023       299377      1024.00
   21544.959     0.999121       299393      1137.78
   21577.727     0.999219       299430      1280.00
   21610.495     0.999316       299451      1462.86
   21676.031     0.999414       299485      1706.67
   21774.335     0.999512       299513      2048.00
   21839.871     0.999561       299525      2275.56
   21921.791     0.999609       299544      2560.00
   21954.559     0.999658       299556      2925.71
   22003.711     0.999707       299573      3413.33
   22052.863     0.999756       299582      4096.00
   22151.167     0.999780       299591      4551.11
   22265.855     0.999805       299598      5120.00
   22331.391     0.999829       299604      5851.43
   22478.847     0.999854       299612      6826.67
   22577.151     0.999878       299620      8192.00
   22609.919     0.999890       299623      9102.22
   22642.687     0.999902       299631     10240.00
   22642.687     0.999915       299631     11702.86
   22675.455     0.999927       299636     13653.33
   22691.839     0.999939       299637     16384.00
   22708.223     0.999945       299639     18204.44
   22740.991     0.999951       299642     20480.00
   22757.375     0.999957       299646     23405.71
   22757.375     0.999963       299646     27306.67
   22757.375     0.999969       299646     32768.00
   22773.759     0.999973       299649     36408.89
   22773.759     0.999976       299649     40960.00
   22773.759     0.999979       299649     46811.43
   22790.143     0.999982       299651     54613.33
   22790.143     0.999985       299651     65536.00
   22790.143     0.999986       299651     72817.78
   22806.527     0.999988       299652     81920.00
   22806.527     0.999989       299652     93622.86
   22839.295     0.999991       299654    109226.67
   22839.295     0.999992       299654    131072.00
   22839.295     0.999993       299654    145635.56
   22839.295     0.999994       299654    163840.00
   22839.295     0.999995       299654    187245.71
   22839.295     0.999995       299654    218453.33
   22839.295     0.999996       299654    262144.00
   22839.295     0.999997       299654    291271.11
   22855.679     0.999997       299655    327680.00
   22855.679     1.000000       299655          inf
#[Mean    =    11780.274, StdDeviation   =     4892.022]
#[Max     =    22839.296, Total count    =       299655]
#[Buckets =           27, SubBuckets     =         2048]
-----------------------------------------------------------------------
  359032 requests in 1.00m, 95.47MB read
Requests/sec:   5984.02  
Transfer/sec:      1.59MB
