Running 1m test @ http://10.10.1.1:5000
  4 threads and 128 connections

  Thread calibration: mean lat.: 3.653ms, rate sampling interval: 10ms
  Thread calibration: mean lat.: 3.641ms, rate sampling interval: 10ms
  Thread calibration: mean lat.: 3.682ms, rate sampling interval: 10ms
  Thread calibration: mean lat.: 3.657ms, rate sampling interval: 10ms

-----------------------------------------------------------------------
Test Results @ http://10.10.1.1:5000 
  Thread Stats   Avg      Stdev     99%   +/- Stdev
    Latency     3.78ms  839.36us   6.78ms   77.17%
    Req/Sec   264.09    166.34   700.00     75.08%
  Latency Distribution (HdrHistogram - Recorded Latency)
 50.000%    3.64ms
 75.000%    4.11ms
 90.000%    4.82ms
 99.000%    6.78ms
 99.900%    8.67ms
 99.990%   10.56ms
 99.999%   11.39ms
100.000%   11.81ms

  Detailed Percentile spectrum:
       Value   Percentile   TotalCount 1/(1-Percentile)

       2.135     0.000000            1         1.00
       2.931     0.100000         6063         1.11
       3.093     0.200000        12027         1.25
       3.255     0.300000        18044         1.43
       3.449     0.400000        24097         1.67
       3.645     0.500000        30106         2.00
       3.733     0.550000        33100         2.22
       3.819     0.600000        36086         2.50
       3.905     0.650000        39132         2.86
       3.997     0.700000        42119         3.33
       4.107     0.750000        45126         4.00
       4.171     0.775000        46634         4.44
       4.247     0.800000        48153         5.00
       4.339     0.825000        49630         5.71
       4.459     0.850000        51145         6.67
       4.611     0.875000        52613         8.00
       4.715     0.887500        53386         8.89
       4.823     0.900000        54141        10.00
       4.943     0.912500        54884        11.43
       5.067     0.925000        55632        13.33
       5.223     0.937500        56371        16.00
       5.303     0.943750        56745        17.78
       5.395     0.950000        57124        20.00
       5.499     0.956250        57496        22.86
       5.619     0.962500        57874        26.67
       5.759     0.968750        58258        32.00
       5.835     0.971875        58436        35.56
       5.939     0.975000        58629        40.00
       6.051     0.978125        58811        45.71
       6.191     0.981250        59000        53.33
       6.343     0.984375        59189        64.00
       6.439     0.985938        59283        71.11
       6.559     0.987500        59375        80.00
       6.683     0.989062        59469        91.43
       6.831     0.990625        59563       106.67
       6.983     0.992188        59658       128.00
       7.079     0.992969        59704       142.22
       7.175     0.993750        59752       160.00
       7.283     0.994531        59798       182.86
       7.423     0.995313        59848       213.33
       7.587     0.996094        59893       256.00
       7.679     0.996484        59915       284.44
       7.771     0.996875        59939       320.00
       7.907     0.997266        59962       365.71
       8.035     0.997656        59986       426.67
       8.143     0.998047        60009       512.00
       8.215     0.998242        60021       568.89
       8.335     0.998437        60033       640.00
       8.415     0.998633        60045       731.43
       8.575     0.998828        60056       853.33
       8.711     0.999023        60070      1024.00
       8.791     0.999121        60074      1137.78
       8.839     0.999219        60080      1280.00
       8.983     0.999316        60085      1462.86
       9.135     0.999414        60091      1706.67
       9.207     0.999512        60097      2048.00
       9.399     0.999561        60100      2275.56
       9.431     0.999609        60103      2560.00
       9.559     0.999658        60106      2925.71
       9.751     0.999707        60109      3413.33
       9.823     0.999756        60112      4096.00
       9.919     0.999780        60113      4551.11
      10.183     0.999805        60115      5120.00
      10.199     0.999829        60116      5851.43
      10.415     0.999854        60118      6826.67
      10.527     0.999878        60119      8192.00
      10.559     0.999890        60120      9102.22
      10.775     0.999902        60121     10240.00
      10.775     0.999915        60121     11702.86
      10.919     0.999927        60122     13653.33
      11.079     0.999939        60123     16384.00
      11.079     0.999945        60123     18204.44
      11.263     0.999951        60124     20480.00
      11.263     0.999957        60124     23405.71
      11.263     0.999963        60124     27306.67
      11.391     0.999969        60125     32768.00
      11.391     0.999973        60125     36408.89
      11.391     0.999976        60125     40960.00
      11.391     0.999979        60125     46811.43
      11.391     0.999982        60125     54613.33
      11.807     0.999985        60126     65536.00
      11.807     1.000000        60126          inf
#[Mean    =        3.777, StdDeviation   =        0.839]
#[Max     =       11.800, Total count    =        60126]
#[Buckets =           27, SubBuckets     =         2048]
-----------------------------------------------------------------------
  70056 requests in 1.17m, 19.06MB read
Requests/sec:   1000.72  
Transfer/sec:    278.86KB
