Running 1m test @ http://10.10.1.1:5000
  4 threads and 128 connections

  Thread calibration: mean lat.: 1148.268ms, rate sampling interval: 4046ms
  Thread calibration: mean lat.: 1143.862ms, rate sampling interval: 4042ms
  Thread calibration: mean lat.: 1160.929ms, rate sampling interval: 4100ms
  Thread calibration: mean lat.: 1148.746ms, rate sampling interval: 4022ms

-----------------------------------------------------------------------
Test Results @ http://10.10.1.1:5000 
  Thread Stats   Avg      Stdev     99%   +/- Stdev
    Latency     8.52s     3.67s   15.10s    57.94%
    Req/Sec     2.97k    18.34     3.01k    64.29%
  Latency Distribution (HdrHistogram - Recorded Latency)
 50.000%    8.53s 
 75.000%   11.68s 
 90.000%   13.54s 
 99.000%   15.10s 
 99.900%   16.02s 
 99.990%   16.48s 
 99.999%   16.58s 
100.000%   16.59s 

  Detailed Percentile spectrum:
       Value   Percentile   TotalCount 1/(1-Percentile)

    1548.287     0.000000            1         1.00
    3491.839     0.100000        71175         1.11
    4706.303     0.200000       142483         1.25
    5980.159     0.300000       213518         1.43
    7266.303     0.400000       284666         1.67
    8527.871     0.500000       355976         2.00
    9150.463     0.550000       391520         2.22
    9789.439     0.600000       427030         2.50
   10420.223     0.650000       462642         2.86
   11042.815     0.700000       498220         3.33
   11681.791     0.750000       533932         4.00
   11984.895     0.775000       551486         4.44
   12304.383     0.800000       569516         5.00
   12607.487     0.825000       587310         5.71
   12926.975     0.850000       604844         6.67
   13230.079     0.875000       622558         8.00
   13385.727     0.887500       631705         8.89
   13541.375     0.900000       640602        10.00
   13705.215     0.912500       649215        11.43
   13869.055     0.925000       658125        13.33
   14024.703     0.937500       666979        16.00
   14123.007     0.943750       671835        17.78
   14213.119     0.950000       675970        20.00
   14311.423     0.956250       680571        22.86
   14409.727     0.962500       684792        26.67
   14524.415     0.968750       689409        32.00
   14581.759     0.971875       691523        35.56
   14647.295     0.975000       693787        40.00
   14712.831     0.978125       695891        45.71
   14802.943     0.981250       698261        53.33
   14884.863     0.984375       700339        64.00
   14942.207     0.985938       701536        71.11
   14999.551     0.987500       702658        80.00
   15056.895     0.989062       703717        91.43
   15130.623     0.990625       704817       106.67
   15212.543     0.992188       705913       128.00
   15261.695     0.992969       706526       142.22
   15302.655     0.993750       707036       160.00
   15368.191     0.994531       707621       182.86
   15441.919     0.995313       708166       213.33
   15515.647     0.996094       708733       256.00
   15548.415     0.996484       708990       284.44
   15589.375     0.996875       709247       320.00
   15646.719     0.997266       709514       365.71
   15712.255     0.997656       709804       426.67
   15777.791     0.998047       710074       512.00
   15818.751     0.998242       710210       568.89
   15867.903     0.998437       710352       640.00
   15908.863     0.998633       710480       731.43
   15949.823     0.998828       710624       853.33
   16023.551     0.999023       710760      1024.00
   16048.127     0.999121       710819      1137.78
   16080.895     0.999219       710900      1280.00
   16105.471     0.999316       710971      1462.86
   16146.431     0.999414       711029      1706.67
   16203.775     0.999512       711106      2048.00
   16220.159     0.999561       711133      2275.56
   16244.735     0.999609       711175      2560.00
   16261.119     0.999658       711202      2925.71
   16285.695     0.999707       711243      3413.33
   16310.271     0.999756       711280      4096.00
   16318.463     0.999780       711290      4551.11
   16334.847     0.999805       711306      5120.00
   16367.615     0.999829       711325      5851.43
   16408.575     0.999854       711343      6826.67
   16465.919     0.999878       711362      8192.00
   16474.111     0.999890       711372      9102.22
   16482.303     0.999902       711380     10240.00
   16490.495     0.999915       711384     11702.86
   16506.879     0.999927       711394     13653.33
   16539.647     0.999939       711401     16384.00
   16547.839     0.999945       711405     18204.44
   16556.031     0.999951       711412     20480.00
   16564.223     0.999957       711417     23405.71
   16572.415     0.999963       711430     27306.67
   16572.415     0.999969       711430     32768.00
   16572.415     0.999973       711430     36408.89
   16572.415     0.999976       711430     40960.00
   16572.415     0.999979       711430     46811.43
   16580.607     0.999982       711437     54613.33
   16580.607     0.999985       711437     65536.00
   16580.607     0.999986       711437     72817.78
   16580.607     0.999988       711437     81920.00
   16580.607     0.999989       711437     93622.86
   16588.799     0.999991       711444    109226.67
   16588.799     1.000000       711444          inf
#[Mean    =     8521.896, StdDeviation   =     3669.567]
#[Max     =    16580.608, Total count    =       711444]
#[Buckets =           27, SubBuckets     =         2048]
-----------------------------------------------------------------------
  828688 requests in 1.17m, 222.80MB read
Requests/sec:  11837.85  
Transfer/sec:      3.18MB
