Running 1m test @ http://10.10.1.2:5000
  4 threads and 128 connections

  Thread calibration: mean lat.: 2162.542ms, rate sampling interval: 7712ms
  Thread calibration: mean lat.: 2271.620ms, rate sampling interval: 8056ms
  Thread calibration: mean lat.: 2107.566ms, rate sampling interval: 7716ms
  Thread calibration: mean lat.: 2245.000ms, rate sampling interval: 7929ms

-----------------------------------------------------------------------
Test Results @ http://10.10.1.2:5000 
  Thread Stats   Avg      Stdev     99%   +/- Stdev
    Latency    17.69s     7.75s   31.47s    57.83%
    Req/Sec   697.25      7.28   712.00     75.00%
  Latency Distribution (HdrHistogram - Recorded Latency)
 50.000%   17.78s 
 75.000%   24.40s 
 90.000%   28.30s 
 99.000%   31.47s 
 99.900%   33.05s 
 99.990%   34.44s 
 99.999%   34.57s 
100.000%   34.60s 

  Detailed Percentile spectrum:
       Value   Percentile   TotalCount 1/(1-Percentile)

    3344.383     0.000000            1         1.00
    6938.623     0.100000        16763         1.11
    9576.447     0.200000        33512         1.25
   12312.575     0.300000        50251         1.43
   15048.703     0.400000        67009         1.67
   17776.639     0.500000        83806         2.00
   19054.591     0.550000        92123         2.22
   20365.311     0.600000       100500         2.50
   21692.415     0.650000       108870         2.86
   23035.903     0.700000       117243         3.33
   24395.775     0.750000       125691         4.00
   25051.135     0.775000       129786         4.44
   25673.727     0.800000       134017         5.00
   26329.087     0.825000       138136         5.71
   27000.831     0.850000       142396         6.67
   27639.807     0.875000       146515         8.00
   27967.487     0.887500       148687         8.89
   28295.167     0.900000       150739        10.00
   28622.847     0.912500       152815        11.43
   28950.527     0.925000       154928        13.33
   29278.207     0.937500       156989        16.00
   29458.431     0.943750       158013        17.78
   29638.655     0.950000       159098        20.00
   29835.263     0.956250       160172        22.86
   30031.871     0.962500       161178        26.67
   30244.863     0.968750       162211        32.00
   30392.319     0.971875       162761        35.56
   30539.775     0.975000       163279        40.00
   30687.231     0.978125       163781        45.71
   30867.455     0.981250       164342        53.33
   31064.063     0.984375       164825        64.00
   31178.751     0.985938       165077        71.11
   31277.055     0.987500       165343        80.00
   31391.743     0.989062       165595        91.43
   31539.199     0.990625       165868       106.67
   31703.039     0.992188       166129       128.00
   31784.959     0.992969       166253       142.22
   31866.879     0.993750       166391       160.00
   31965.183     0.994531       166519       182.86
   32079.871     0.995313       166647       213.33
   32227.327     0.996094       166792       256.00
   32260.095     0.996484       166839       284.44
   32325.631     0.996875       166901       320.00
   32407.551     0.997266       166974       365.71
   32522.239     0.997656       167036       426.67
   32636.927     0.998047       167098       512.00
   32718.847     0.998242       167138       568.89
   32784.383     0.998437       167165       640.00
   32849.919     0.998633       167202       731.43
   32931.839     0.998828       167228       853.33
   33046.527     0.999023       167261      1024.00
   33095.679     0.999121       167280      1137.78
   33177.599     0.999219       167296      1280.00
   33243.135     0.999316       167312      1462.86
   33341.439     0.999414       167328      1706.67
   33488.895     0.999512       167343      2048.00
   33587.199     0.999561       167354      2275.56
   33619.967     0.999609       167363      2560.00
   33652.735     0.999658       167367      2925.71
   33783.807     0.999707       167377      3413.33
   33980.415     0.999756       167385      4096.00
   34078.719     0.999780       167390      4551.11
   34144.255     0.999805       167394      5120.00
   34275.327     0.999829       167396      5851.43
   34373.631     0.999854       167402      6826.67
   34439.167     0.999878       167407      8192.00
   34439.167     0.999890       167407      9102.22
   34471.935     0.999902       167412     10240.00
   34471.935     0.999915       167412     11702.86
   34471.935     0.999927       167412     13653.33
   34504.703     0.999939       167417     16384.00
   34504.703     0.999945       167417     18204.44
   34504.703     0.999951       167417     20480.00
   34504.703     0.999957       167417     23405.71
   34537.471     0.999963       167420     27306.67
   34537.471     0.999969       167420     32768.00
   34537.471     0.999973       167420     36408.89
   34537.471     0.999976       167420     40960.00
   34570.239     0.999979       167423     46811.43
   34570.239     0.999982       167423     54613.33
   34570.239     0.999985       167423     65536.00
   34570.239     0.999986       167423     72817.78
   34570.239     0.999988       167423     81920.00
   34570.239     0.999989       167423     93622.86
   34570.239     0.999991       167423    109226.67
   34570.239     0.999992       167423    131072.00
   34570.239     0.999993       167423    145635.56
   34570.239     0.999994       167423    163840.00
   34603.007     0.999995       167424    187245.71
   34603.007     1.000000       167424          inf
#[Mean    =    17686.993, StdDeviation   =     7752.127]
#[Max     =    34570.240, Total count    =       167424]
#[Buckets =           27, SubBuckets     =         2048]
-----------------------------------------------------------------------
  195467 requests in 1.17m, 478.16MB read
Requests/sec:   2792.10  
Transfer/sec:      6.83MB
