Running 1m test @ http://10.10.1.1:5000
  4 threads and 128 connections

  Thread calibration: mean lat.: 2269.462ms, rate sampling interval: 8298ms
  Thread calibration: mean lat.: 2284.405ms, rate sampling interval: 8040ms
  Thread calibration: mean lat.: 2376.589ms, rate sampling interval: 8269ms
  Thread calibration: mean lat.: 2353.252ms, rate sampling interval: 8323ms

-----------------------------------------------------------------------
Test Results @ http://10.10.1.1:5000 
  Thread Stats   Avg      Stdev     99%   +/- Stdev
    Latency    17.91s     7.76s   31.93s    58.39%
    Req/Sec   419.00      8.71   437.00     64.29%
  Latency Distribution (HdrHistogram - Recorded Latency)
 50.000%   18.06s 
 75.000%   24.54s 
 90.000%   28.38s 
 99.000%   31.93s 
 99.900%   33.75s 
 99.990%   34.50s 
 99.999%   34.77s 
100.000%   34.83s 

  Detailed Percentile spectrum:
       Value   Percentile   TotalCount 1/(1-Percentile)

    2738.175     0.000000            1         1.00
    7118.847     0.100000        10079         1.11
    9854.975     0.200000        20158         1.25
   12566.527     0.300000        30223         1.43
   15310.847     0.400000        40297         1.67
   18055.167     0.500000        50398         2.00
   19431.423     0.550000        55448         2.22
   20660.223     0.600000        60433         2.50
   21970.943     0.650000        65490         2.86
   23232.511     0.700000        70533         3.33
   24543.231     0.750000        75601         4.00
   25198.591     0.775000        78080         4.44
   25821.183     0.800000        80597         5.00
   26427.391     0.825000        83101         5.71
   27049.983     0.850000        85660         6.67
   27672.575     0.875000        88146         8.00
   28016.639     0.887500        89432         8.89
   28377.087     0.900000        90675        10.00
   28737.535     0.912500        91915        11.43
   29130.751     0.925000        93191        13.33
   29523.967     0.937500        94445        16.00
   29736.959     0.943750        95057        17.78
   29949.951     0.950000        95689        20.00
   30179.327     0.956250        96335        22.86
   30441.471     0.962500        96989        26.67
   30687.231     0.968750        97582        32.00
   30851.071     0.971875        97915        35.56
   30998.527     0.975000        98232        40.00
   31145.983     0.978125        98515        45.71
   31342.591     0.981250        98859        53.33
   31506.431     0.984375        99153        64.00
   31604.735     0.985938        99312        71.11
   31719.423     0.987500        99463        80.00
   31834.111     0.989062        99619        91.43
   31981.567     0.990625        99776       106.67
   32161.791     0.992188        99939       128.00
   32260.095     0.992969       100017       142.22
   32342.015     0.993750       100089       160.00
   32440.319     0.994531       100171       182.86
   32587.775     0.995313       100248       213.33
   32767.999     0.996094       100328       256.00
   32849.919     0.996484       100364       284.44
   32948.223     0.996875       100405       320.00
   33046.527     0.997266       100443       365.71
   33144.831     0.997656       100487       426.67
   33259.519     0.998047       100524       512.00
   33341.439     0.998242       100544       568.89
   33456.127     0.998437       100565       640.00
   33505.279     0.998633       100582       731.43
   33652.735     0.998828       100607       853.33
   33783.807     0.999023       100623      1024.00
   33849.343     0.999121       100631      1137.78
   33914.879     0.999219       100640      1280.00
   33980.415     0.999316       100650      1462.86
   34078.719     0.999414       100666      1706.67
   34111.487     0.999512       100669      2048.00
   34144.255     0.999561       100679      2275.56
   34144.255     0.999609       100679      2560.00
   34177.023     0.999658       100685      2925.71
   34242.559     0.999707       100689      3413.33
   34340.863     0.999756       100694      4096.00
   34406.399     0.999780       100699      4551.11
   34406.399     0.999805       100699      5120.00
   34439.167     0.999829       100703      5851.43
   34504.703     0.999854       100709      6826.67
   34504.703     0.999878       100709      8192.00
   34504.703     0.999890       100709      9102.22
   34504.703     0.999902       100709     10240.00
   34537.471     0.999915       100711     11702.86
   34537.471     0.999927       100711     13653.33
   34570.239     0.999939       100713     16384.00
   34570.239     0.999945       100713     18204.44
   34603.007     0.999951       100714     20480.00
   34603.007     0.999957       100714     23405.71
   34668.543     0.999963       100715     27306.67
   34668.543     0.999969       100715     32768.00
   34701.311     0.999973       100716     36408.89
   34701.311     0.999976       100716     40960.00
   34701.311     0.999979       100716     46811.43
   34766.847     0.999982       100717     54613.33
   34766.847     0.999985       100717     65536.00
   34766.847     0.999986       100717     72817.78
   34766.847     0.999988       100717     81920.00
   34766.847     0.999989       100717     93622.86
   34832.383     0.999991       100718    109226.67
   34832.383     1.000000       100718          inf
#[Mean    =    17914.058, StdDeviation   =     7762.201]
#[Max     =    34799.616, Total count    =       100718]
#[Buckets =           27, SubBuckets     =         2048]
-----------------------------------------------------------------------
  117189 requests in 1.17m, 286.40MB read
Requests/sec:   1674.15  
Transfer/sec:      4.09MB
