Running 1m test @ http://10.10.1.1:5000
  4 threads and 128 connections

  Thread calibration: mean lat.: 19.542ms, rate sampling interval: 81ms
  Thread calibration: mean lat.: 22.241ms, rate sampling interval: 90ms
  Thread calibration: mean lat.: 20.732ms, rate sampling interval: 89ms
  Thread calibration: mean lat.: 21.878ms, rate sampling interval: 87ms

-----------------------------------------------------------------------
Test Results @ http://10.10.1.1:5000 
  Thread Stats   Avg      Stdev     99%   +/- Stdev
    Latency    20.97ms   16.97ms  83.97ms   86.66%
    Req/Sec     2.77k   182.65     3.20k    69.14%
  Latency Distribution (HdrHistogram - Recorded Latency)
 50.000%   15.65ms
 75.000%   26.67ms
 90.000%   42.11ms
 99.000%   83.97ms
 99.900%  134.40ms
 99.990%  181.25ms
 99.999%  217.60ms
100.000%  251.01ms

  Detailed Percentile spectrum:
       Value   Percentile   TotalCount 1/(1-Percentile)

       1.695     0.000000            1         1.00
       6.759     0.100000        66003         1.11
       8.551     0.200000       132163         1.25
      10.479     0.300000       198087         1.43
      12.815     0.400000       264064         1.67
      15.655     0.500000       330075         2.00
      17.311     0.550000       363176         2.22
      19.167     0.600000       396112         2.50
      21.279     0.650000       429155         2.86
      23.727     0.700000       462045         3.33
      26.671     0.750000       495153         4.00
      28.367     0.775000       511546         4.44
      30.303     0.800000       528082         5.00
      32.511     0.825000       544577         5.71
      35.135     0.850000       561172         6.67
      38.239     0.875000       577540         8.00
      40.095     0.887500       585886         8.89
      42.111     0.900000       594007        10.00
      44.447     0.912500       602267        11.43
      47.199     0.925000       610494        13.33
      50.463     0.937500       618793        16.00
      52.319     0.943750       622933        17.78
      54.431     0.950000       627044        20.00
      56.831     0.956250       631141        22.86
      59.615     0.962500       635274        26.67
      62.879     0.968750       639380        32.00
      64.767     0.971875       641443        35.56
      66.879     0.975000       643512        40.00
      69.311     0.978125       645583        45.71
      72.127     0.981250       647643        53.33
      75.519     0.984375       649678        64.00
      77.567     0.985938       650716        71.11
      79.743     0.987500       651743        80.00
      82.239     0.989062       652791        91.43
      85.183     0.990625       653816       106.67
      88.511     0.992188       654846       128.00
      90.879     0.992969       655364       142.22
      93.375     0.993750       655871       160.00
      96.255     0.994531       656382       182.86
      99.583     0.995313       656902       213.33
     103.487     0.996094       657414       256.00
     105.855     0.996484       657671       284.44
     108.543     0.996875       657934       320.00
     111.871     0.997266       658191       365.71
     114.751     0.997656       658446       426.67
     119.039     0.998047       658703       512.00
     121.535     0.998242       658832       568.89
     123.967     0.998437       658959       640.00
     126.911     0.998633       659088       731.43
     130.111     0.998828       659221       853.33
     134.783     0.999023       659346      1024.00
     137.343     0.999121       659411      1137.78
     140.543     0.999219       659475      1280.00
     144.255     0.999316       659540      1462.86
     148.351     0.999414       659604      1706.67
     152.703     0.999512       659669      2048.00
     155.135     0.999561       659701      2275.56
     157.567     0.999609       659733      2560.00
     159.999     0.999658       659766      2925.71
     161.919     0.999707       659797      3413.33
     165.631     0.999756       659829      4096.00
     167.679     0.999780       659845      4551.11
     170.367     0.999805       659862      5120.00
     172.415     0.999829       659878      5851.43
     174.463     0.999854       659894      6826.67
     178.687     0.999878       659911      8192.00
     180.223     0.999890       659919      9102.22
     181.375     0.999902       659926     10240.00
     183.935     0.999915       659934     11702.86
     186.879     0.999927       659942     13653.33
     189.183     0.999939       659950     16384.00
     190.975     0.999945       659954     18204.44
     193.919     0.999951       659958     20480.00
     195.455     0.999957       659962     23405.71
     196.991     0.999963       659966     27306.67
     198.911     0.999969       659970     32768.00
     199.679     0.999973       659972     36408.89
     200.319     0.999976       659974     40960.00
     203.135     0.999979       659976     46811.43
     204.415     0.999982       659978     54613.33
     206.847     0.999985       659980     65536.00
     212.479     0.999986       659981     72817.78
     214.143     0.999988       659982     81920.00
     217.599     0.999989       659983     93622.86
     218.623     0.999991       659984    109226.67
     222.847     0.999992       659985    131072.00
     225.535     0.999993       659986    145635.56
     225.535     0.999994       659986    163840.00
     231.551     0.999995       659987    187245.71
     231.551     0.999995       659987    218453.33
     233.727     0.999996       659988    262144.00
     233.727     0.999997       659988    291271.11
     233.727     0.999997       659988    327680.00
     241.407     0.999997       659989    374491.43
     241.407     0.999998       659989    436906.67
     241.407     0.999998       659989    524288.00
     241.407     0.999998       659989    582542.22
     241.407     0.999998       659989    655360.00
     251.007     0.999999       659990    748982.86
     251.007     1.000000       659990          inf
#[Mean    =       20.975, StdDeviation   =       16.975]
#[Max     =      250.880, Total count    =       659990]
#[Buckets =           27, SubBuckets     =         2048]
-----------------------------------------------------------------------
  764712 requests in 1.17m, 205.58MB read
Requests/sec:  10924.60  
Transfer/sec:      2.94MB
