Running 1m test @ http://10.10.1.1:5000
  4 threads and 128 connections

  Thread calibration: mean lat.: 27.168ms, rate sampling interval: 115ms
  Thread calibration: mean lat.: 27.117ms, rate sampling interval: 114ms
  Thread calibration: mean lat.: 27.118ms, rate sampling interval: 115ms
  Thread calibration: mean lat.: 26.296ms, rate sampling interval: 107ms

-----------------------------------------------------------------------
Test Results @ http://10.10.1.1:5000 
  Thread Stats   Avg      Stdev     99%   +/- Stdev
    Latency    19.94ms   15.78ms  78.91ms   86.17%
    Req/Sec     2.76k   152.33     3.12k    68.34%
  Latency Distribution (HdrHistogram - Recorded Latency)
 50.000%   14.94ms
 75.000%   25.39ms
 90.000%   39.84ms
 99.000%   78.91ms
 99.900%  118.59ms
 99.990%  153.47ms
 99.999%  179.07ms
100.000%  194.82ms

  Detailed Percentile spectrum:
       Value   Percentile   TotalCount 1/(1-Percentile)

       1.660     0.000000            1         1.00
       6.587     0.100000        55057         1.11
       8.271     0.200000       110231         1.25
      10.079     0.300000       165100         1.43
      12.255     0.400000       220032         1.67
      14.943     0.500000       275128         2.00
      16.495     0.550000       302760         2.22
      18.239     0.600000       330019         2.50
      20.271     0.650000       357637         2.86
      22.591     0.700000       385094         3.33
      25.391     0.750000       412531         4.00
      27.023     0.775000       426291         4.44
      28.847     0.800000       440102         5.00
      30.943     0.825000       453841         5.71
      33.375     0.850000       467607         6.67
      36.255     0.875000       481390         8.00
      37.919     0.887500       488142         8.89
      39.839     0.900000       495020        10.00
      42.111     0.912500       501945        11.43
      44.671     0.925000       508813        13.33
      47.775     0.937500       515695        16.00
      49.567     0.943750       519079        17.78
      51.615     0.950000       522543        20.00
      53.855     0.956250       525956        22.86
      56.447     0.962500       529399        26.67
      59.455     0.968750       532853        32.00
      61.279     0.971875       534570        35.56
      63.295     0.975000       536288        40.00
      65.599     0.978125       538030        45.71
      68.095     0.981250       539743        53.33
      71.103     0.984375       541438        64.00
      72.959     0.985938       542301        71.11
      75.007     0.987500       543150        80.00
      77.311     0.989062       544007        91.43
      80.063     0.990625       544889       106.67
      83.199     0.992188       545725       128.00
      84.863     0.992969       546158       142.22
      86.719     0.993750       546586       160.00
      88.831     0.994531       547014       182.86
      91.327     0.995313       547451       213.33
      94.335     0.996094       547876       256.00
      95.999     0.996484       548090       284.44
      97.983     0.996875       548303       320.00
     100.351     0.997266       548518       365.71
     103.167     0.997656       548728       426.67
     106.367     0.998047       548944       512.00
     108.415     0.998242       549053       568.89
     110.335     0.998437       549162       640.00
     112.319     0.998633       549270       731.43
     115.519     0.998828       549374       853.33
     119.231     0.999023       549480      1024.00
     121.407     0.999121       549535      1137.78
     123.967     0.999219       549588      1280.00
     126.399     0.999316       549642      1462.86
     129.663     0.999414       549695      1706.67
     134.143     0.999512       549750      2048.00
     135.807     0.999561       549778      2275.56
     138.367     0.999609       549804      2560.00
     140.415     0.999658       549830      2925.71
     141.951     0.999707       549857      3413.33
     144.127     0.999756       549884      4096.00
     145.535     0.999780       549898      4551.11
     147.071     0.999805       549910      5120.00
     148.735     0.999829       549924      5851.43
     150.399     0.999854       549938      6826.67
     151.935     0.999878       549950      8192.00
     152.959     0.999890       549957      9102.22
     154.239     0.999902       549964     10240.00
     156.031     0.999915       549971     11702.86
     157.439     0.999927       549977     13653.33
     159.743     0.999939       549984     16384.00
     160.895     0.999945       549987     18204.44
     162.943     0.999951       549991     20480.00
     163.711     0.999957       549994     23405.71
     164.991     0.999963       549997     27306.67
     166.655     0.999969       550001     32768.00
     168.063     0.999973       550002     36408.89
     171.775     0.999976       550004     40960.00
     172.287     0.999979       550006     46811.43
     172.927     0.999982       550007     54613.33
     174.079     0.999985       550009     65536.00
     176.255     0.999986       550010     72817.78
     179.071     0.999988       550011     81920.00
     179.455     0.999989       550012     93622.86
     179.455     0.999991       550012    109226.67
     186.239     0.999992       550013    131072.00
     191.615     0.999993       550014    145635.56
     191.615     0.999994       550014    163840.00
     194.303     0.999995       550015    187245.71
     194.303     0.999995       550015    218453.33
     194.303     0.999996       550015    262144.00
     194.687     0.999997       550016    291271.11
     194.687     0.999997       550016    327680.00
     194.687     0.999997       550016    374491.43
     194.687     0.999998       550016    436906.67
     194.687     0.999998       550016    524288.00
     194.815     0.999998       550017    582542.22
     194.815     1.000000       550017          inf
#[Mean    =       19.939, StdDeviation   =       15.784]
#[Max     =      194.688, Total count    =       550017]
#[Buckets =           27, SubBuckets     =         2048]
-----------------------------------------------------------------------
  660192 requests in 1.00m, 176.26MB read
Requests/sec:  11003.43  
Transfer/sec:      2.94MB
