Running 1m test @ http://10.10.1.1:5000
  4 threads and 128 connections

  Thread calibration: mean lat.: 2.038ms, rate sampling interval: 10ms
  Thread calibration: mean lat.: 2.059ms, rate sampling interval: 10ms
  Thread calibration: mean lat.: 2.044ms, rate sampling interval: 10ms
  Thread calibration: mean lat.: 2.042ms, rate sampling interval: 10ms

-----------------------------------------------------------------------
Test Results @ http://10.10.1.1:5000 
  Thread Stats   Avg      Stdev     99%   +/- Stdev
    Latency     1.95ms  498.50us   3.74ms   77.93%
    Req/Sec   792.64    291.48     1.55k    63.22%
  Latency Distribution (HdrHistogram - Recorded Latency)
 50.000%    1.83ms
 75.000%    2.13ms
 90.000%    2.58ms
 99.000%    3.74ms
 99.900%    4.92ms
 99.990%    6.23ms
 99.999%    6.89ms
100.000%    7.68ms

  Detailed Percentile spectrum:
       Value   Percentile   TotalCount 1/(1-Percentile)

       1.099     0.000000            1         1.00
       1.460     0.100000        15044         1.11
       1.561     0.200000        30183         1.25
       1.655     0.300000        45115         1.43
       1.748     0.400000        60271         1.67
       1.834     0.500000        75174         2.00
       1.879     0.550000        82769         2.22
       1.926     0.600000        90276         2.50
       1.980     0.650000        97746         2.86
       2.045     0.700000       105254         3.33
       2.129     0.750000       112789         4.00
       2.181     0.775000       116605         4.44
       2.241     0.800000       120323         5.00
       2.309     0.825000       124062         5.71
       2.389     0.850000       127854         6.67
       2.475     0.875000       131585         8.00
       2.523     0.887500       133424         8.89
       2.581     0.900000       135303        10.00
       2.645     0.912500       137193        11.43
       2.719     0.925000       139095        13.33
       2.805     0.937500       140962        16.00
       2.855     0.943750       141884        17.78
       2.911     0.950000       142819        20.00
       2.971     0.956250       143773        22.86
       3.047     0.962500       144701        26.67
       3.137     0.968750       145643        32.00
       3.197     0.971875       146116        35.56
       3.251     0.975000       146590        40.00
       3.319     0.978125       147044        45.71
       3.401     0.981250       147519        53.33
       3.497     0.984375       147988        64.00
       3.555     0.985938       148221        71.11
       3.617     0.987500       148453        80.00
       3.693     0.989062       148688        91.43
       3.779     0.990625       148928       106.67
       3.875     0.992188       149159       128.00
       3.927     0.992969       149277       142.22
       3.983     0.993750       149394       160.00
       4.047     0.994531       149513       182.86
       4.127     0.995313       149631       213.33
       4.215     0.996094       149749       256.00
       4.267     0.996484       149804       284.44
       4.323     0.996875       149865       320.00
       4.403     0.997266       149923       365.71
       4.479     0.997656       149980       426.67
       4.571     0.998047       150040       512.00
       4.631     0.998242       150070       568.89
       4.679     0.998437       150098       640.00
       4.747     0.998633       150128       731.43
       4.815     0.998828       150156       853.33
       4.931     0.999023       150187      1024.00
       5.003     0.999121       150202      1137.78
       5.059     0.999219       150216      1280.00
       5.135     0.999316       150231      1462.86
       5.175     0.999414       150244      1706.67
       5.291     0.999512       150259      2048.00
       5.315     0.999561       150266      2275.56
       5.367     0.999609       150274      2560.00
       5.471     0.999658       150281      2925.71
       5.527     0.999707       150288      3413.33
       5.679     0.999756       150296      4096.00
       5.699     0.999780       150299      4551.11
       5.763     0.999805       150303      5120.00
       5.879     0.999829       150307      5851.43
       6.011     0.999854       150310      6826.67
       6.127     0.999878       150314      8192.00
       6.203     0.999890       150316      9102.22
       6.259     0.999902       150318     10240.00
       6.319     0.999915       150320     11702.86
       6.395     0.999927       150322     13653.33
       6.515     0.999939       150323     16384.00
       6.531     0.999945       150324     18204.44
       6.563     0.999951       150325     20480.00
       6.667     0.999957       150326     23405.71
       6.735     0.999963       150327     27306.67
       6.743     0.999969       150328     32768.00
       6.743     0.999973       150328     36408.89
       6.835     0.999976       150329     40960.00
       6.835     0.999979       150329     46811.43
       6.891     0.999982       150330     54613.33
       6.891     0.999985       150330     65536.00
       6.891     0.999986       150330     72817.78
       6.935     0.999988       150331     81920.00
       6.935     0.999989       150331     93622.86
       6.935     0.999991       150331    109226.67
       6.935     0.999992       150331    131072.00
       6.935     0.999993       150331    145635.56
       7.675     0.999994       150332    163840.00
       7.675     1.000000       150332          inf
#[Mean    =        1.946, StdDeviation   =        0.498]
#[Max     =        7.672, Total count    =       150332]
#[Buckets =           27, SubBuckets     =         2048]
-----------------------------------------------------------------------
  180341 requests in 1.00m, 47.36MB read
Requests/sec:   3005.69  
Transfer/sec:    808.20KB
