Running 1m test @ http://10.10.1.1:5000
  4 threads and 128 connections

  Thread calibration: mean lat.: 2.452ms, rate sampling interval: 10ms
  Thread calibration: mean lat.: 2.352ms, rate sampling interval: 10ms
  Thread calibration: mean lat.: 2.446ms, rate sampling interval: 10ms
  Thread calibration: mean lat.: 2.462ms, rate sampling interval: 10ms

-----------------------------------------------------------------------
Test Results @ http://10.10.1.1:5000 
  Thread Stats   Avg      Stdev     99%   +/- Stdev
    Latency     2.40ms  796.69us   5.24ms   78.54%
    Req/Sec     1.32k   388.98     2.33k    68.56%
  Latency Distribution (HdrHistogram - Recorded Latency)
 50.000%    2.19ms
 75.000%    2.73ms
 90.000%    3.40ms
 99.000%    5.24ms
 99.900%    7.09ms
 99.990%    9.15ms
 99.999%   11.56ms
100.000%   16.88ms

  Detailed Percentile spectrum:
       Value   Percentile   TotalCount 1/(1-Percentile)

       1.161     0.000000            1         1.00
       1.629     0.100000        30166         1.11
       1.781     0.200000        60248         1.25
       1.917     0.300000        90557         1.43
       2.045     0.400000       120544         1.67
       2.189     0.500000       150935         2.00
       2.271     0.550000       165698         2.22
       2.367     0.600000       180963         2.50
       2.473     0.650000       196024         2.86
       2.595     0.700000       211025         3.33
       2.733     0.750000       225919         4.00
       2.813     0.775000       233553         4.44
       2.899     0.800000       241128         5.00
       2.995     0.825000       248596         5.71
       3.105     0.850000       256149         6.67
       3.235     0.875000       263655         8.00
       3.313     0.887500       267331         8.89
       3.397     0.900000       271164        10.00
       3.493     0.912500       274867        11.43
       3.609     0.925000       278641        13.33
       3.747     0.937500       282391        16.00
       3.829     0.943750       284266        17.78
       3.923     0.950000       286149        20.00
       4.029     0.956250       288032        22.86
       4.155     0.962500       289959        26.67
       4.303     0.968750       291817        32.00
       4.391     0.971875       292741        35.56
       4.487     0.975000       293706        40.00
       4.591     0.978125       294625        45.71
       4.719     0.981250       295565        53.33
       4.871     0.984375       296521        64.00
       4.955     0.985938       296972        71.11
       5.047     0.987500       297436        80.00
       5.163     0.989062       297908        91.43
       5.295     0.990625       298392       106.67
       5.435     0.992188       298855       128.00
       5.527     0.992969       299095       142.22
       5.623     0.993750       299319       160.00
       5.727     0.994531       299556       182.86
       5.851     0.995313       299791       213.33
       6.003     0.996094       300026       256.00
       6.107     0.996484       300148       284.44
       6.187     0.996875       300265       320.00
       6.303     0.997266       300380       365.71
       6.415     0.997656       300498       426.67
       6.575     0.998047       300615       512.00
       6.667     0.998242       300672       568.89
       6.767     0.998437       300732       640.00
       6.835     0.998633       300790       731.43
       6.955     0.998828       300849       853.33
       7.111     0.999023       300909      1024.00
       7.171     0.999121       300938      1137.78
       7.255     0.999219       300966      1280.00
       7.347     0.999316       300996      1462.86
       7.539     0.999414       301025      1706.67
       7.659     0.999512       301054      2048.00
       7.759     0.999561       301069      2275.56
       7.903     0.999609       301084      2560.00
       8.035     0.999658       301099      2925.71
       8.155     0.999707       301113      3413.33
       8.255     0.999756       301130      4096.00
       8.295     0.999780       301136      4551.11
       8.391     0.999805       301143      5120.00
       8.487     0.999829       301150      5851.43
       8.663     0.999854       301157      6826.67
       9.015     0.999878       301165      8192.00
       9.079     0.999890       301168      9102.22
       9.215     0.999902       301172     10240.00
       9.351     0.999915       301176     11702.86
       9.439     0.999927       301179     13653.33
       9.599     0.999939       301183     16384.00
       9.631     0.999945       301185     18204.44
       9.791     0.999951       301187     20480.00
      10.375     0.999957       301189     23405.71
      10.415     0.999963       301190     27306.67
      10.783     0.999969       301192     32768.00
      10.855     0.999973       301193     36408.89
      11.063     0.999976       301194     40960.00
      11.223     0.999979       301195     46811.43
      11.407     0.999982       301196     54613.33
      11.423     0.999985       301197     65536.00
      11.423     0.999986       301197     72817.78
      11.559     0.999988       301198     81920.00
      11.559     0.999989       301198     93622.86
      11.695     0.999991       301199    109226.67
      11.695     0.999992       301199    131072.00
      11.695     0.999993       301199    145635.56
      11.719     0.999994       301200    163840.00
      11.719     0.999995       301200    187245.71
      11.719     0.999995       301200    218453.33
      11.719     0.999996       301200    262144.00
      11.719     0.999997       301200    291271.11
      16.879     0.999997       301201    327680.00
      16.879     1.000000       301201          inf
#[Mean    =        2.396, StdDeviation   =        0.797]
#[Max     =       16.864, Total count    =       301201]
#[Buckets =           27, SubBuckets     =         2048]
-----------------------------------------------------------------------
  349823 requests in 1.17m, 94.11MB read
Requests/sec:   4997.45  
Transfer/sec:      1.34MB
