Running 1m test @ http://10.10.1.1:5000
  4 threads and 128 connections

  Thread calibration: mean lat.: 789.123ms, rate sampling interval: 2885ms
  Thread calibration: mean lat.: 852.828ms, rate sampling interval: 3155ms
  Thread calibration: mean lat.: 784.187ms, rate sampling interval: 2930ms
  Thread calibration: mean lat.: 821.115ms, rate sampling interval: 3084ms

-----------------------------------------------------------------------
Test Results @ http://10.10.1.1:5000 
  Thread Stats   Avg      Stdev     99%   +/- Stdev
    Latency     5.10s     2.20s    9.70s    61.02%
    Req/Sec     1.50k    14.51     1.53k    69.23%
  Latency Distribution (HdrHistogram - Recorded Latency)
 50.000%    5.03s 
 75.000%    6.85s 
 90.000%    8.13s 
 99.000%    9.70s 
 99.900%   10.58s 
 99.990%   11.44s 
 99.999%   11.51s 
100.000%   11.53s 

  Detailed Percentile spectrum:
       Value   Percentile   TotalCount 1/(1-Percentile)

     466.431     0.000000            1         1.00
    2187.263     0.100000        30059         1.11
    2914.303     0.200000        60117         1.25
    3612.671     0.300000        90127         1.43
    4325.375     0.400000       120307         1.67
    5025.791     0.500000       150258         2.00
    5373.951     0.550000       165246         2.22
    5738.495     0.600000       180387         2.50
    6103.039     0.650000       195396         2.86
    6459.391     0.700000       210407         3.33
    6852.607     0.750000       225377         4.00
    7049.215     0.775000       232938         4.44
    7229.439     0.800000       240419         5.00
    7438.335     0.825000       247943         5.71
    7639.039     0.850000       255428         6.67
    7864.319     0.875000       262875         8.00
    8007.679     0.887500       266683         8.89
    8134.655     0.900000       270445        10.00
    8249.343     0.912500       274233        11.43
    8380.415     0.925000       277923        13.33
    8544.255     0.937500       281787        16.00
    8626.175     0.943750       283658        17.78
    8724.479     0.950000       285492        20.00
    8814.591     0.956250       287309        22.86
    8929.279     0.962500       289196        26.67
    9068.543     0.968750       291079        32.00
    9125.887     0.971875       291981        35.56
    9191.423     0.975000       292902        40.00
    9273.343     0.978125       293859        45.71
    9371.647     0.981250       294851        53.33
    9478.143     0.984375       295777        64.00
    9519.103     0.985938       296209        71.11
    9584.639     0.987500       296694        80.00
    9650.175     0.989062       297157        91.43
    9732.095     0.990625       297629       106.67
    9822.207     0.992188       298073       128.00
    9879.551     0.992969       298313       142.22
    9936.895     0.993750       298556       160.00
    9986.047     0.994531       298806       182.86
   10035.199     0.995313       299009       213.33
   10084.351     0.996094       299251       256.00
   10108.927     0.996484       299361       284.44
   10141.695     0.996875       299480       320.00
   10182.655     0.997266       299613       365.71
   10223.615     0.997656       299716       426.67
   10305.535     0.998047       299826       512.00
   10346.495     0.998242       299895       568.89
   10379.263     0.998437       299950       640.00
   10461.183     0.998633       300007       731.43
   10534.911     0.998828       300061       853.33
   10584.063     0.999023       300120      1024.00
   10608.639     0.999121       300150      1137.78
   10641.407     0.999219       300187      1280.00
   10682.367     0.999316       300207      1462.86
   10797.055     0.999414       300237      1706.67
   10919.935     0.999512       300266      2048.00
   11034.623     0.999561       300280      2275.56
   11149.311     0.999609       300295      2560.00
   11263.999     0.999658       300312      2925.71
   11362.303     0.999707       300325      3413.33
   11386.879     0.999756       300341      4096.00
   11395.071     0.999780       300346      4551.11
   11411.455     0.999805       300360      5120.00
   11419.647     0.999829       300365      5851.43
   11427.839     0.999854       300373      6826.67
   11436.031     0.999878       300383      8192.00
   11436.031     0.999890       300383      9102.22
   11436.031     0.999902       300383     10240.00
   11444.223     0.999915       300388     11702.86
   11452.415     0.999927       300392     13653.33
   11460.607     0.999939       300397     16384.00
   11460.607     0.999945       300397     18204.44
   11468.799     0.999951       300401     20480.00
   11468.799     0.999957       300401     23405.71
   11468.799     0.999963       300401     27306.67
   11476.991     0.999969       300404     32768.00
   11476.991     0.999973       300404     36408.89
   11485.183     0.999976       300406     40960.00
   11485.183     0.999979       300406     46811.43
   11493.375     0.999982       300407     54613.33
   11501.567     0.999985       300408     65536.00
   11501.567     0.999986       300408     72817.78
   11509.759     0.999988       300411     81920.00
   11509.759     0.999989       300411     93622.86
   11509.759     0.999991       300411    109226.67
   11509.759     0.999992       300411    131072.00
   11509.759     0.999993       300411    145635.56
   11509.759     0.999994       300411    163840.00
   11509.759     0.999995       300411    187245.71
   11509.759     0.999995       300411    218453.33
   11509.759     0.999996       300411    262144.00
   11509.759     0.999997       300411    291271.11
   11526.143     0.999997       300412    327680.00
   11526.143     1.000000       300412          inf
#[Mean    =     5102.186, StdDeviation   =     2197.310]
#[Max     =    11517.952, Total count    =       300412]
#[Buckets =           27, SubBuckets     =         2048]
-----------------------------------------------------------------------
  359778 requests in 1.00m, 95.59MB read
Requests/sec:   5996.08  
Transfer/sec:      1.59MB
