Running 1m test @ http://10.10.1.1:5000
  4 threads and 128 connections

  Thread calibration: mean lat.: 2.323ms, rate sampling interval: 10ms
  Thread calibration: mean lat.: 2.325ms, rate sampling interval: 10ms
  Thread calibration: mean lat.: 2.325ms, rate sampling interval: 10ms
  Thread calibration: mean lat.: 2.239ms, rate sampling interval: 10ms

-----------------------------------------------------------------------
Test Results @ http://10.10.1.1:5000 
  Thread Stats   Avg      Stdev     99%   +/- Stdev
    Latency     2.23ms  603.01us   4.40ms   77.56%
    Req/Sec   791.59    291.46     1.55k    68.94%
  Latency Distribution (HdrHistogram - Recorded Latency)
 50.000%    2.10ms
 75.000%    2.47ms
 90.000%    2.99ms
 99.000%    4.40ms
 99.900%    5.86ms
 99.990%    7.20ms
 99.999%    8.16ms
100.000%    9.18ms

  Detailed Percentile spectrum:
       Value   Percentile   TotalCount 1/(1-Percentile)

       1.189     0.000000            1         1.00
       1.640     0.100000        18047         1.11
       1.769     0.200000        36190         1.25
       1.883     0.300000        54184         1.43
       1.992     0.400000        72106         1.67
       2.103     0.500000        90399         2.00
       2.161     0.550000        99361         2.22
       2.223     0.600000       108228         2.50
       2.293     0.650000       117384         2.86
       2.373     0.700000       126169         3.33
       2.473     0.750000       135220         4.00
       2.533     0.775000       139810         4.44
       2.599     0.800000       144268         5.00
       2.677     0.825000       148774         5.71
       2.763     0.850000       153204         6.67
       2.865     0.875000       157735         8.00
       2.925     0.887500       160004         8.89
       2.989     0.900000       162248        10.00
       3.059     0.912500       164490        11.43
       3.143     0.925000       166722        13.33
       3.245     0.937500       169011        16.00
       3.303     0.943750       170112        17.78
       3.373     0.950000       171234        20.00
       3.453     0.956250       172370        22.86
       3.545     0.962500       173476        26.67
       3.657     0.968750       174615        32.00
       3.719     0.971875       175179        35.56
       3.793     0.975000       175742        40.00
       3.885     0.978125       176295        45.71
       3.983     0.981250       176872        53.33
       4.103     0.984375       177425        64.00
       4.175     0.985938       177713        71.11
       4.255     0.987500       177993        80.00
       4.339     0.989062       178269        91.43
       4.443     0.990625       178548       106.67
       4.559     0.992188       178829       128.00
       4.643     0.992969       178973       142.22
       4.727     0.993750       179108       160.00
       4.815     0.994531       179250       182.86
       4.903     0.995313       179393       213.33
       5.019     0.996094       179530       256.00
       5.087     0.996484       179602       284.44
       5.151     0.996875       179674       320.00
       5.227     0.997266       179743       365.71
       5.315     0.997656       179816       426.67
       5.415     0.998047       179883       512.00
       5.475     0.998242       179919       568.89
       5.547     0.998437       179953       640.00
       5.643     0.998633       179989       731.43
       5.739     0.998828       180024       853.33
       5.875     0.999023       180059      1024.00
       5.943     0.999121       180076      1137.78
       6.019     0.999219       180094      1280.00
       6.083     0.999316       180112      1462.86
       6.203     0.999414       180130      1706.67
       6.307     0.999512       180146      2048.00
       6.363     0.999561       180155      2275.56
       6.419     0.999609       180164      2560.00
       6.503     0.999658       180173      2925.71
       6.563     0.999707       180182      3413.33
       6.667     0.999756       180190      4096.00
       6.715     0.999780       180195      4551.11
       6.775     0.999805       180199      5120.00
       6.875     0.999829       180204      5851.43
       6.935     0.999854       180208      6826.67
       6.955     0.999878       180212      8192.00
       7.163     0.999890       180215      9102.22
       7.279     0.999902       180217     10240.00
       7.315     0.999915       180219     11702.86
       7.455     0.999927       180221     13653.33
       7.459     0.999939       180224     16384.00
       7.463     0.999945       180225     18204.44
       7.523     0.999951       180226     20480.00
       7.555     0.999957       180227     23405.71
       7.767     0.999963       180228     27306.67
       7.899     0.999969       180229     32768.00
       8.127     0.999973       180230     36408.89
       8.127     0.999976       180230     40960.00
       8.159     0.999979       180231     46811.43
       8.159     0.999982       180231     54613.33
       8.163     0.999985       180232     65536.00
       8.163     0.999986       180232     72817.78
       8.163     0.999988       180232     81920.00
       9.071     0.999989       180233     93622.86
       9.071     0.999991       180233    109226.67
       9.071     0.999992       180233    131072.00
       9.071     0.999993       180233    145635.56
       9.071     0.999994       180233    163840.00
       9.183     0.999995       180234    187245.71
       9.183     1.000000       180234          inf
#[Mean    =        2.234, StdDeviation   =        0.603]
#[Max     =        9.176, Total count    =       180234]
#[Buckets =           27, SubBuckets     =         2048]
-----------------------------------------------------------------------
  209485 requests in 1.17m, 56.35MB read
Requests/sec:   2992.62  
Transfer/sec:    824.31KB
