Running 1m test @ http://10.10.1.1:5000
  4 threads and 128 connections

  Thread calibration: mean lat.: 1551.563ms, rate sampling interval: 5849ms
  Thread calibration: mean lat.: 1502.918ms, rate sampling interval: 5451ms
  Thread calibration: mean lat.: 1522.740ms, rate sampling interval: 5615ms
  Thread calibration: mean lat.: 1607.757ms, rate sampling interval: 5861ms

-----------------------------------------------------------------------
Test Results @ http://10.10.1.1:5000 
  Thread Stats   Avg      Stdev     99%   +/- Stdev
    Latency    13.23s     5.83s   23.56s    57.84%
    Req/Sec     1.50k    11.56     1.52k    75.61%
  Latency Distribution (HdrHistogram - Recorded Latency)
 50.000%   13.21s 
 75.000%   18.28s 
 90.000%   21.25s 
 99.000%   23.56s 
 99.900%   24.59s 
 99.990%   25.26s 
 99.999%   25.53s 
100.000%   25.54s 

  Detailed Percentile spectrum:
       Value   Percentile   TotalCount 1/(1-Percentile)

    2256.895     0.000000            1         1.00
    5193.727     0.100000        36081         1.11
    7176.191     0.200000        72098         1.25
    9191.423     0.300000       108203         1.43
   11239.423     0.400000       144206         1.67
   13213.695     0.500000       180328         2.00
   14196.735     0.550000       198305         2.22
   15187.967     0.600000       216282         2.50
   16195.583     0.650000       234363         2.86
   17252.351     0.700000       252487         3.33
   18284.543     0.750000       270355         4.00
   18776.063     0.775000       279545         4.44
   19267.583     0.800000       288537         5.00
   19759.103     0.825000       297384         5.71
   20250.623     0.850000       306531         6.67
   20742.143     0.875000       315625         8.00
   20987.903     0.887500       320068         8.89
   21250.047     0.900000       324618        10.00
   21495.807     0.912500       328975        11.43
   21774.335     0.925000       333728        13.33
   22020.095     0.937500       338015        16.00
   22167.551     0.943750       340350        17.78
   22298.623     0.950000       342518        20.00
   22446.079     0.956250       344863        22.86
   22593.535     0.962500       346964        26.67
   22773.759     0.968750       349273        32.00
   22855.679     0.971875       350398        35.56
   22953.983     0.975000       351433        40.00
   23068.671     0.978125       352594        45.71
   23166.975     0.981250       353722        53.33
   23298.047     0.984375       354832        64.00
   23363.583     0.985938       355419        71.11
   23445.503     0.987500       356051        80.00
   23511.039     0.989062       356520        91.43
   23609.343     0.990625       357122       106.67
   23724.031     0.992188       357701       128.00
   23773.183     0.992969       357927       142.22
   23838.719     0.993750       358232       160.00
   23920.639     0.994531       358497       182.86
   24002.559     0.995313       358781       213.33
   24084.479     0.996094       359058       256.00
   24117.247     0.996484       359182       284.44
   24166.399     0.996875       359343       320.00
   24215.551     0.997266       359462       365.71
   24281.087     0.997656       359604       426.67
   24363.007     0.998047       359743       512.00
   24412.159     0.998242       359830       568.89
   24461.311     0.998437       359901       640.00
   24494.079     0.998633       359951       731.43
   24543.231     0.998828       360033       853.33
   24608.767     0.999023       360099      1024.00
   24641.535     0.999121       360135      1137.78
   24690.687     0.999219       360169      1280.00
   24739.839     0.999316       360211      1462.86
   24772.607     0.999414       360241      1706.67
   24838.143     0.999512       360271      2048.00
   24870.911     0.999561       360291      2275.56
   24903.679     0.999609       360304      2560.00
   24952.831     0.999658       360324      2925.71
   25034.751     0.999707       360342      3413.33
   25067.519     0.999756       360359      4096.00
   25100.287     0.999780       360365      4551.11
   25149.439     0.999805       360375      5120.00
   25198.591     0.999829       360388      5851.43
   25214.975     0.999854       360394      6826.67
   25231.359     0.999878       360400      8192.00
   25247.743     0.999890       360405      9102.22
   25264.127     0.999902       360411     10240.00
   25280.511     0.999915       360418     11702.86
   25280.511     0.999927       360418     13653.33
   25313.279     0.999939       360422     16384.00
   25378.815     0.999945       360424     18204.44
   25395.199     0.999951       360426     20480.00
   25427.967     0.999957       360429     23405.71
   25444.351     0.999963       360430     27306.67
   25493.503     0.999969       360436     32768.00
   25493.503     0.999973       360436     36408.89
   25493.503     0.999976       360436     40960.00
   25493.503     0.999979       360436     46811.43
   25509.887     0.999982       360438     54613.33
   25509.887     0.999985       360438     65536.00
   25526.271     0.999986       360439     72817.78
   25526.271     0.999988       360439     81920.00
   25542.655     0.999989       360443     93622.86
   25542.655     1.000000       360443          inf
#[Mean    =    13227.460, StdDeviation   =     5832.197]
#[Max     =    25526.272, Total count    =       360443]
#[Buckets =           27, SubBuckets     =         2048]
-----------------------------------------------------------------------
  419646 requests in 1.17m, 111.55MB read
Requests/sec:   5995.00  
Transfer/sec:      1.59MB
