Running 1m test @ http://10.10.1.2:5000
  4 threads and 128 connections

  Thread calibration: mean lat.: 0.453ms, rate sampling interval: 10ms
  Thread calibration: mean lat.: 0.425ms, rate sampling interval: 10ms
  Thread calibration: mean lat.: 0.447ms, rate sampling interval: 10ms
  Thread calibration: mean lat.: 0.448ms, rate sampling interval: 10ms

-----------------------------------------------------------------------
Test Results @ http://10.10.1.2:5000 
  Thread Stats   Avg      Stdev     99%   +/- Stdev
    Latency   387.10us  166.18us   1.07ms   90.12%
    Req/Sec     1.32k   374.95     2.30k    67.89%
  Latency Distribution (HdrHistogram - Recorded Latency)
 50.000%  343.00us
 75.000%  413.00us
 90.000%  551.00us
 99.000%    1.07ms
 99.900%    1.79ms
 99.990%    2.70ms
 99.999%    3.78ms
100.000%    4.06ms

  Detailed Percentile spectrum:
       Value   Percentile   TotalCount 1/(1-Percentile)

       0.176     0.000000            1         1.00
       0.266     0.100000        31038         1.11
       0.286     0.200000        61562         1.25
       0.304     0.300000        90849         1.43
       0.322     0.400000       120665         1.67
       0.343     0.500000       151780         2.00
       0.354     0.550000       166766         2.22
       0.366     0.600000       181586         2.50
       0.379     0.650000       196433         2.86
       0.394     0.700000       211136         3.33
       0.413     0.750000       226476         4.00
       0.424     0.775000       233599         4.44
       0.438     0.800000       241243         5.00
       0.456     0.825000       248840         5.71
       0.478     0.850000       256141         6.67
       0.509     0.875000       263650         8.00
       0.528     0.887500       267334         8.89
       0.551     0.900000       271201        10.00
       0.576     0.912500       274904        11.43
       0.608     0.925000       278705        13.33
       0.646     0.937500       282392        16.00
       0.670     0.943750       284283        17.78
       0.696     0.950000       286172        20.00
       0.724     0.956250       288046        22.86
       0.757     0.962500       289960        26.67
       0.793     0.968750       291795        32.00
       0.816     0.971875       292764        35.56
       0.840     0.975000       293683        40.00
       0.869     0.978125       294633        45.71
       0.904     0.981250       295575        53.33
       0.947     0.984375       296510        64.00
       0.973     0.985938       296978        71.11
       1.005     0.987500       297456        80.00
       1.040     0.989062       297925        91.43
       1.085     0.990625       298390       106.67
       1.135     0.992188       298856       128.00
       1.163     0.992969       299088       142.22
       1.195     0.993750       299327       160.00
       1.231     0.994531       299565       182.86
       1.270     0.995313       299795       213.33
       1.322     0.996094       300031       256.00
       1.350     0.996484       300151       284.44
       1.387     0.996875       300266       320.00
       1.425     0.997266       300382       365.71
       1.479     0.997656       300500       426.67
       1.548     0.998047       300617       512.00
       1.584     0.998242       300679       568.89
       1.628     0.998437       300736       640.00
       1.672     0.998633       300794       731.43
       1.739     0.998828       300853       853.33
       1.795     0.999023       300911      1024.00
       1.830     0.999121       300943      1137.78
       1.871     0.999219       300970      1280.00
       1.935     0.999316       301000      1462.86
       1.993     0.999414       301029      1706.67
       2.073     0.999512       301059      2048.00
       2.103     0.999561       301073      2275.56
       2.145     0.999609       301088      2560.00
       2.217     0.999658       301103      2925.71
       2.267     0.999707       301117      3413.33
       2.325     0.999756       301132      4096.00
       2.367     0.999780       301139      4551.11
       2.415     0.999805       301147      5120.00
       2.461     0.999829       301154      5851.43
       2.539     0.999854       301161      6826.67
       2.647     0.999878       301169      8192.00
       2.675     0.999890       301173      9102.22
       2.735     0.999902       301176     10240.00
       2.831     0.999915       301180     11702.86
       2.901     0.999927       301183     13653.33
       3.235     0.999939       301187     16384.00
       3.305     0.999945       301189     18204.44
       3.327     0.999951       301191     20480.00
       3.477     0.999957       301193     23405.71
       3.519     0.999963       301194     27306.67
       3.593     0.999969       301196     32768.00
       3.595     0.999973       301197     36408.89
       3.613     0.999976       301198     40960.00
       3.707     0.999979       301199     46811.43
       3.749     0.999982       301200     54613.33
       3.777     0.999985       301201     65536.00
       3.777     0.999986       301201     72817.78
       3.781     0.999988       301202     81920.00
       3.781     0.999989       301202     93622.86
       3.883     0.999991       301203    109226.67
       3.883     0.999992       301203    131072.00
       3.883     0.999993       301203    145635.56
       3.921     0.999994       301204    163840.00
       3.921     0.999995       301204    187245.71
       3.921     0.999995       301204    218453.33
       3.921     0.999996       301204    262144.00
       3.921     0.999997       301204    291271.11
       4.063     0.999997       301205    327680.00
       4.063     1.000000       301205          inf
#[Mean    =        0.387, StdDeviation   =        0.166]
#[Max     =        4.062, Total count    =       301205]
#[Buckets =           27, SubBuckets     =         2048]
-----------------------------------------------------------------------
  349836 requests in 1.17m, 71.06MB read
Requests/sec:   4997.74  
Transfer/sec:      1.02MB
