Running 1m test @ http://10.10.1.1:5000
  4 threads and 128 connections

  Thread calibration: mean lat.: 1997.463ms, rate sampling interval: 7057ms
  Thread calibration: mean lat.: 1981.847ms, rate sampling interval: 7036ms
  Thread calibration: mean lat.: 2011.249ms, rate sampling interval: 7045ms
  Thread calibration: mean lat.: 2022.588ms, rate sampling interval: 7065ms

-----------------------------------------------------------------------
Test Results @ http://10.10.1.1:5000 
  Thread Stats   Avg      Stdev     99%   +/- Stdev
    Latency    15.25s     6.53s   26.48s    57.83%
    Req/Sec     2.96k    15.18     2.99k    53.12%
  Latency Distribution (HdrHistogram - Recorded Latency)
 50.000%   15.29s 
 75.000%   20.92s 
 90.000%   24.26s 
 99.000%   26.48s 
 99.900%   27.10s 
 99.990%   27.53s 
 99.999%   27.82s 
100.000%   27.85s 

  Detailed Percentile spectrum:
       Value   Percentile   TotalCount 1/(1-Percentile)

    3330.047     0.000000            1         1.00
    6176.767     0.100000        71087         1.11
    8470.527     0.200000       142186         1.25
   10764.287     0.300000       213340         1.43
   13041.663     0.400000       284218         1.67
   15294.463     0.500000       355181         2.00
   16408.575     0.550000       390919         2.22
   17514.495     0.600000       426334         2.50
   18644.991     0.650000       461979         2.86
   19791.871     0.700000       497626         3.33
   20922.367     0.750000       533187         4.00
   21479.423     0.775000       550922         4.44
   22052.863     0.800000       568762         5.00
   22593.535     0.825000       586167         5.71
   23150.591     0.850000       603789         6.67
   23707.647     0.875000       621540         8.00
   23986.175     0.887500       630558         8.89
   24264.703     0.900000       639610        10.00
   24526.847     0.912500       648262        11.43
   24805.375     0.925000       657318        13.33
   25067.519     0.937500       666115        16.00
   25198.591     0.943750       670522        17.78
   25346.047     0.950000       674941        20.00
   25493.503     0.956250       679652        22.86
   25640.959     0.962500       684040        26.67
   25788.415     0.968750       688292        32.00
   25870.335     0.971875       690531        35.56
   25952.255     0.975000       692633        40.00
   26050.559     0.978125       695075        45.71
   26148.863     0.981250       697342        53.33
   26230.783     0.984375       699273        64.00
   26296.319     0.985938       700540        71.11
   26361.855     0.987500       701547        80.00
   26427.391     0.989062       702603        91.43
   26492.927     0.990625       703720       106.67
   26574.847     0.992188       704897       128.00
   26607.615     0.992969       705391       142.22
   26656.767     0.993750       706038       160.00
   26689.535     0.994531       706512       182.86
   26738.687     0.995313       707134       213.33
   26771.455     0.996094       707566       256.00
   26804.223     0.996484       707903       284.44
   26836.991     0.996875       708180       320.00
   26869.759     0.997266       708421       365.71
   26918.911     0.997656       708784       426.67
   26951.679     0.998047       709002       512.00
   26968.063     0.998242       709107       568.89
   27000.831     0.998437       709258       640.00
   27033.599     0.998633       709384       731.43
   27066.367     0.998828       709521       853.33
   27115.519     0.999023       709671      1024.00
   27131.903     0.999121       709705      1137.78
   27181.055     0.999219       709799      1280.00
   27197.439     0.999316       709855      1462.86
   27230.207     0.999414       709918      1706.67
   27262.975     0.999512       709981      2048.00
   27295.743     0.999561       710030      2275.56
   27312.127     0.999609       710053      2560.00
   27344.895     0.999658       710091      2925.71
   27377.663     0.999707       710125      3413.33
   27394.047     0.999756       710155      4096.00
   27410.431     0.999780       710183      4551.11
   27426.815     0.999805       710199      5120.00
   27443.199     0.999829       710218      5851.43
   27459.583     0.999854       710224      6826.67
   27492.351     0.999878       710242      8192.00
   27508.735     0.999890       710249      9102.22
   27541.503     0.999902       710258     10240.00
   27574.271     0.999915       710263     11702.86
   27623.423     0.999927       710274     13653.33
   27656.191     0.999939       710280     16384.00
   27688.959     0.999945       710286     18204.44
   27721.727     0.999951       710291     20480.00
   27738.111     0.999957       710294     23405.71
   27754.495     0.999963       710300     27306.67
   27770.879     0.999969       710304     32768.00
   27770.879     0.999973       710304     36408.89
   27787.263     0.999976       710307     40960.00
   27803.647     0.999979       710309     46811.43
   27820.031     0.999982       710317     54613.33
   27820.031     0.999985       710317     65536.00
   27820.031     0.999986       710317     72817.78
   27820.031     0.999988       710317     81920.00
   27820.031     0.999989       710317     93622.86
   27820.031     0.999991       710317    109226.67
   27836.415     0.999992       710322    131072.00
   27836.415     0.999993       710322    145635.56
   27836.415     0.999994       710322    163840.00
   27836.415     0.999995       710322    187245.71
   27836.415     0.999995       710322    218453.33
   27836.415     0.999996       710322    262144.00
   27836.415     0.999997       710322    291271.11
   27836.415     0.999997       710322    327680.00
   27836.415     0.999997       710322    374491.43
   27836.415     0.999998       710322    436906.67
   27836.415     0.999998       710322    524288.00
   27836.415     0.999998       710322    582542.22
   27836.415     0.999998       710322    655360.00
   27852.799     0.999999       710323    748982.86
   27852.799     1.000000       710323          inf
#[Mean    =    15252.998, StdDeviation   =     6532.511]
#[Max     =    27836.416, Total count    =       710323]
#[Buckets =           27, SubBuckets     =         2048]
-----------------------------------------------------------------------
  826803 requests in 1.17m, 222.38MB read
Requests/sec:  11811.60  
Transfer/sec:      3.18MB
