Running 1m test @ http://10.10.1.1:5000
  4 threads and 128 connections

  Thread calibration: mean lat.: 3162.684ms, rate sampling interval: 11534ms
  Thread calibration: mean lat.: 3008.222ms, rate sampling interval: 10838ms
  Thread calibration: mean lat.: 3106.858ms, rate sampling interval: 11370ms
  Thread calibration: mean lat.: 3135.455ms, rate sampling interval: 11386ms

-----------------------------------------------------------------------
Test Results @ http://10.10.1.1:5000 
  Thread Stats   Avg      Stdev     99%   +/- Stdev
    Latency    25.75s    11.29s   45.38s    57.79%
    Req/Sec   436.75      4.80   445.00     85.00%
  Latency Distribution (HdrHistogram - Recorded Latency)
 50.000%   25.76s 
 75.000%   35.52s 
 90.000%   41.32s 
 99.000%   45.38s 
 99.900%   46.73s 
 99.990%   47.78s 
 99.999%   48.27s 
100.000%   48.27s 

  Detailed Percentile spectrum:
       Value   Percentile   TotalCount 1/(1-Percentile)

    5300.223     0.000000            2         1.00
   10149.887     0.100000        10508         1.11
   14016.511     0.200000        20985         1.25
   17891.327     0.300000        31500         1.43
   21856.255     0.400000        41963         1.67
   25755.647     0.500000        52453         2.00
   27721.727     0.550000        57731         2.22
   29655.039     0.600000        62949         2.50
   31555.583     0.650000        68198         2.86
   33488.895     0.700000        73429         3.33
   35520.511     0.750000        78696         4.00
   36470.783     0.775000        81309         4.44
   37486.591     0.800000        83991         5.00
   38404.095     0.825000        86573         5.71
   39387.135     0.850000        89162         6.67
   40337.407     0.875000        91802         8.00
   40828.927     0.887500        93144         8.89
   41320.447     0.900000        94468        10.00
   41779.199     0.912500        95721        11.43
   42303.487     0.925000        97095        13.33
   42827.775     0.937500        98378        16.00
   43122.687     0.943750        99049        17.78
   43384.831     0.950000        99723        20.00
   43646.975     0.956250       100359        22.86
   43909.119     0.962500       101006        26.67
   44204.031     0.968750       101670        32.00
   44367.871     0.971875       101997        35.56
   44498.943     0.975000       102300        40.00
   44630.015     0.978125       102599        45.71
   44793.855     0.981250       102925        53.33
   44990.463     0.984375       103305        64.00
   45055.999     0.985938       103420        71.11
   45187.071     0.987500       103595        80.00
   45318.143     0.989062       103777        91.43
   45416.447     0.990625       103910       106.67
   45580.287     0.992188       104106       128.00
   45645.823     0.992969       104171       142.22
   45711.359     0.993750       104235       160.00
   45809.663     0.994531       104316       182.86
   45940.735     0.995313       104406       213.33
   46039.039     0.996094       104480       256.00
   46104.575     0.996484       104530       284.44
   46170.111     0.996875       104568       320.00
   46235.647     0.997266       104607       365.71
   46333.951     0.997656       104648       426.67
   46399.487     0.998047       104693       512.00
   46465.023     0.998242       104711       568.89
   46497.791     0.998437       104725       640.00
   46563.327     0.998633       104744       731.43
   46628.863     0.998828       104767       853.33
   46727.167     0.999023       104786      1024.00
   46792.703     0.999121       104797      1137.78
   46825.471     0.999219       104808      1280.00
   46891.007     0.999316       104819      1462.86
   46923.775     0.999414       104826      1706.67
   47054.847     0.999512       104839      2048.00
   47087.615     0.999561       104841      2275.56
   47153.151     0.999609       104847      2560.00
   47218.687     0.999658       104851      2925.71
   47251.455     0.999707       104856      3413.33
   47382.527     0.999756       104863      4096.00
   47382.527     0.999780       104863      4551.11
   47513.599     0.999805       104866      5120.00
   47579.135     0.999829       104869      5851.43
   47611.903     0.999854       104871      6826.67
   47742.975     0.999878       104874      8192.00
   47775.743     0.999890       104876      9102.22
   47775.743     0.999902       104876     10240.00
   47906.815     0.999915       104878     11702.86
   47939.583     0.999927       104880     13653.33
   47939.583     0.999939       104880     16384.00
   47972.351     0.999945       104881     18204.44
   47972.351     0.999951       104881     20480.00
   48103.423     0.999957       104882     23405.71
   48201.727     0.999963       104883     27306.67
   48201.727     0.999969       104883     32768.00
   48234.495     0.999973       104884     36408.89
   48234.495     0.999976       104884     40960.00
   48234.495     0.999979       104884     46811.43
   48267.263     0.999982       104886     54613.33
   48267.263     1.000000       104886          inf
#[Mean    =    25747.476, StdDeviation   =    11288.223]
#[Max     =    48234.496, Total count    =       104886]
#[Buckets =           27, SubBuckets     =         2048]
-----------------------------------------------------------------------
  122206 requests in 1.17m, 298.75MB read
Requests/sec:   1745.77  
Transfer/sec:      4.27MB
