Running 1m test @ http://10.10.1.1:5000
  4 threads and 128 connections

  Thread calibration: mean lat.: 1640.732ms, rate sampling interval: 5775ms
  Thread calibration: mean lat.: 1600.634ms, rate sampling interval: 5591ms
  Thread calibration: mean lat.: 1609.127ms, rate sampling interval: 5644ms
  Thread calibration: mean lat.: 1615.318ms, rate sampling interval: 5685ms

-----------------------------------------------------------------------
Test Results @ http://10.10.1.1:5000 
  Thread Stats   Avg      Stdev     99%   +/- Stdev
    Latency    12.19s     5.22s   21.32s    57.89%
    Req/Sec     2.97k    12.29     3.00k    65.00%
  Latency Distribution (HdrHistogram - Recorded Latency)
 50.000%   12.25s 
 75.000%   16.69s 
 90.000%   19.35s 
 99.000%   21.32s 
 99.900%   22.15s 
 99.990%   22.97s 
 99.999%   23.22s 
100.000%   23.23s 

  Detailed Percentile spectrum:
       Value   Percentile   TotalCount 1/(1-Percentile)

    2611.199     0.000000            1         1.00
    4964.351     0.100000        71462         1.11
    6746.111     0.200000       142720         1.25
    8593.407     0.300000       214285         1.43
   10428.415     0.400000       285605         1.67
   12247.039     0.500000       356786         2.00
   13148.159     0.550000       392575         2.22
   14016.511     0.600000       427992         2.50
   14893.055     0.650000       463743         2.86
   15785.983     0.700000       499428         3.33
   16687.103     0.750000       535288         4.00
   17137.663     0.775000       553254         4.44
   17580.031     0.800000       570802         5.00
   18038.783     0.825000       589057         5.71
   18464.767     0.850000       606888         6.67
   18907.135     0.875000       624455         8.00
   19136.511     0.887500       633612         8.89
   19349.503     0.900000       642143        10.00
   19578.879     0.912500       651335        11.43
   19808.255     0.925000       660250        13.33
   20054.015     0.937500       669335        16.00
   20168.703     0.943750       673641        17.78
   20283.391     0.950000       677969        20.00
   20414.463     0.956250       682607        22.86
   20545.535     0.962500       686961        26.67
   20692.991     0.968750       691417        32.00
   20758.527     0.971875       693353        35.56
   20840.447     0.975000       695769        40.00
   20922.367     0.978125       698033        45.71
   21004.287     0.981250       700205        53.33
   21102.591     0.984375       702345        64.00
   21151.743     0.985938       703298        71.11
   21217.279     0.987500       704657        80.00
   21282.815     0.989062       705714        91.43
   21348.351     0.990625       706693       106.67
   21430.271     0.992188       707777       128.00
   21479.423     0.992969       708358       142.22
   21528.575     0.993750       708902       160.00
   21577.727     0.994531       709479       182.86
   21643.263     0.995313       710077       213.33
   21708.799     0.996094       710640       256.00
   21741.567     0.996484       710914       284.44
   21774.335     0.996875       711177       320.00
   21807.103     0.997266       711376       365.71
   21872.639     0.997656       711691       426.67
   21938.175     0.998047       711972       512.00
   21970.943     0.998242       712090       568.89
   22003.711     0.998437       712206       640.00
   22052.863     0.998633       712398       731.43
   22085.631     0.998828       712501       853.33
   22167.551     0.999023       712631      1024.00
   22200.319     0.999121       712697      1137.78
   22249.471     0.999219       712767      1280.00
   22282.239     0.999316       712829      1462.86
   22315.007     0.999414       712898      1706.67
   22364.159     0.999512       712975      2048.00
   22396.927     0.999561       713007      2275.56
   22429.695     0.999609       713029      2560.00
   22495.231     0.999658       713068      2925.71
   22544.383     0.999707       713103      3413.33
   22626.303     0.999756       713132      4096.00
   22675.455     0.999780       713155      4551.11
   22724.607     0.999805       713169      5120.00
   22773.759     0.999829       713187      5851.43
   22888.447     0.999854       713209      6826.67
   22921.215     0.999878       713223      8192.00
   22953.983     0.999890       713232      9102.22
   22986.751     0.999902       713248     10240.00
   22986.751     0.999915       713248     11702.86
   23003.135     0.999927       713256     13653.33
   23068.671     0.999939       713264     16384.00
   23101.439     0.999945       713268     18204.44
   23134.207     0.999951       713274     20480.00
   23166.975     0.999957       713278     23405.71
   23183.359     0.999963       713287     27306.67
   23183.359     0.999969       713287     32768.00
   23183.359     0.999973       713287     36408.89
   23199.743     0.999976       713290     40960.00
   23216.127     0.999979       713302     46811.43
   23216.127     0.999982       713302     54613.33
   23216.127     0.999985       713302     65536.00
   23216.127     0.999986       713302     72817.78
   23216.127     0.999988       713302     81920.00
   23216.127     0.999989       713302     93622.86
   23216.127     0.999991       713302    109226.67
   23216.127     0.999992       713302    131072.00
   23216.127     0.999993       713302    145635.56
   23216.127     0.999994       713302    163840.00
   23232.511     0.999995       713306    187245.71
   23232.511     1.000000       713306          inf
#[Mean    =    12189.460, StdDeviation   =     5223.397]
#[Max     =    23216.128, Total count    =       713306]
#[Buckets =           27, SubBuckets     =         2048]
-----------------------------------------------------------------------
  830356 requests in 1.17m, 223.31MB read
Requests/sec:  11861.82  
Transfer/sec:      3.19MB
