Running 1m test @ http://10.10.1.2:5000
  4 threads and 128 connections

  Thread calibration: mean lat.: 0.579ms, rate sampling interval: 10ms
  Thread calibration: mean lat.: 0.586ms, rate sampling interval: 10ms
  Thread calibration: mean lat.: 0.579ms, rate sampling interval: 10ms
  Thread calibration: mean lat.: 0.587ms, rate sampling interval: 10ms

-----------------------------------------------------------------------
Test Results @ http://10.10.1.2:5000 
  Thread Stats   Avg      Stdev     99%   +/- Stdev
    Latency   538.31us  292.64us   1.67ms   87.63%
    Req/Sec     3.42k   620.93     5.00k    66.74%
  Latency Distribution (HdrHistogram - Recorded Latency)
 50.000%  440.00us
 75.000%  597.00us
 90.000%    0.90ms
 99.000%    1.67ms
 99.900%    2.55ms
 99.990%    3.77ms
 99.999%    4.81ms
100.000%    6.27ms

  Detailed Percentile spectrum:
       Value   Percentile   TotalCount 1/(1-Percentile)

       0.197     0.000000            1         1.00
       0.316     0.100000        78215         1.11
       0.349     0.200000       156683         1.25
       0.378     0.300000       235503         1.43
       0.407     0.400000       312796         1.67
       0.440     0.500000       389701         2.00
       0.460     0.550000       429029         2.22
       0.484     0.600000       468794         2.50
       0.512     0.650000       506740         2.86
       0.549     0.700000       546101         3.33
       0.597     0.750000       584948         4.00
       0.627     0.775000       604031         4.44
       0.664     0.800000       623854         5.00
       0.707     0.825000       643084         5.71
       0.759     0.850000       662516         6.67
       0.822     0.875000       682051         8.00
       0.859     0.887500       691708         8.89
       0.900     0.900000       701527        10.00
       0.945     0.912500       711162        11.43
       0.996     0.925000       720915        13.33
       1.056     0.937500       730627        16.00
       1.090     0.943750       735511        17.78
       1.128     0.950000       740366        20.00
       1.174     0.956250       745233        22.86
       1.226     0.962500       750170        26.67
       1.283     0.968750       754988        32.00
       1.317     0.971875       757412        35.56
       1.356     0.975000       759869        40.00
       1.399     0.978125       762295        45.71
       1.450     0.981250       764721        53.33
       1.511     0.984375       767172        64.00
       1.550     0.985938       768399        71.11
       1.591     0.987500       769606        80.00
       1.641     0.989062       770819        91.43
       1.699     0.990625       772034       106.67
       1.769     0.992188       773236       128.00
       1.813     0.992969       773856       142.22
       1.857     0.993750       774458       160.00
       1.909     0.994531       775063       182.86
       1.970     0.995313       775672       213.33
       2.046     0.996094       776282       256.00
       2.087     0.996484       776589       284.44
       2.131     0.996875       776894       320.00
       2.183     0.997266       777194       365.71
       2.243     0.997656       777504       426.67
       2.307     0.998047       777810       512.00
       2.347     0.998242       777961       568.89
       2.389     0.998437       778111       640.00
       2.435     0.998633       778265       731.43
       2.493     0.998828       778417       853.33
       2.559     0.999023       778563      1024.00
       2.601     0.999121       778644      1137.78
       2.649     0.999219       778717      1280.00
       2.711     0.999316       778793      1462.86
       2.767     0.999414       778872      1706.67
       2.835     0.999512       778944      2048.00
       2.891     0.999561       778983      2275.56
       2.941     0.999609       779021      2560.00
       3.005     0.999658       779058      2925.71
       3.093     0.999707       779097      3413.33
       3.191     0.999756       779134      4096.00
       3.253     0.999780       779154      4551.11
       3.293     0.999805       779172      5120.00
       3.381     0.999829       779191      5851.43
       3.483     0.999854       779210      6826.67
       3.609     0.999878       779229      8192.00
       3.661     0.999890       779239      9102.22
       3.775     0.999902       779248     10240.00
       3.909     0.999915       779259     11702.86
       3.941     0.999927       779267     13653.33
       4.025     0.999939       779277     16384.00
       4.073     0.999945       779283     18204.44
       4.091     0.999951       779286     20480.00
       4.135     0.999957       779291     23405.71
       4.215     0.999963       779296     27306.67
       4.351     0.999969       779301     32768.00
       4.407     0.999973       779303     36408.89
       4.539     0.999976       779305     40960.00
       4.647     0.999979       779308     46811.43
       4.707     0.999982       779310     54613.33
       4.759     0.999985       779313     65536.00
       4.799     0.999986       779314     72817.78
       4.807     0.999988       779316     81920.00
       4.807     0.999989       779316     93622.86
       4.867     0.999991       779317    109226.67
       5.095     0.999992       779319    131072.00
       5.095     0.999993       779319    145635.56
       5.171     0.999994       779320    163840.00
       5.171     0.999995       779320    187245.71
       5.267     0.999995       779321    218453.33
       5.327     0.999996       779322    262144.00
       5.327     0.999997       779322    291271.11
       5.327     0.999997       779322    327680.00
       5.327     0.999997       779322    374491.43
       5.695     0.999998       779323    436906.67
       5.695     0.999998       779323    524288.00
       5.695     0.999998       779323    582542.22
       5.695     0.999998       779323    655360.00
       5.695     0.999999       779323    748982.86
       6.267     0.999999       779324    873813.33
       6.267     1.000000       779324          inf
#[Mean    =        0.538, StdDeviation   =        0.293]
#[Max     =        6.264, Total count    =       779324]
#[Buckets =           27, SubBuckets     =         2048]
-----------------------------------------------------------------------
  909638 requests in 1.17m, 184.78MB read
Requests/sec:  12994.97  
Transfer/sec:      2.64MB
