Running 1m test @ http://10.10.1.1:5000
  4 threads and 128 connections

  Thread calibration: mean lat.: 3.197ms, rate sampling interval: 10ms
  Thread calibration: mean lat.: 3.129ms, rate sampling interval: 10ms
  Thread calibration: mean lat.: 3.142ms, rate sampling interval: 10ms
  Thread calibration: mean lat.: 3.137ms, rate sampling interval: 10ms

-----------------------------------------------------------------------
Test Results @ http://10.10.1.1:5000 
  Thread Stats   Avg      Stdev     99%   +/- Stdev
    Latency     3.10ms    1.27ms   7.67ms   79.26%
    Req/Sec     1.85k   477.64     3.10k    67.88%
  Latency Distribution (HdrHistogram - Recorded Latency)
 50.000%    2.80ms
 75.000%    3.60ms
 90.000%    4.67ms
 99.000%    7.67ms
 99.900%   10.79ms
 99.990%   14.34ms
 99.999%   17.14ms
100.000%   19.90ms

  Detailed Percentile spectrum:
       Value   Percentile   TotalCount 1/(1-Percentile)

       1.187     0.000000            1         1.00
       1.891     0.100000        42081         1.11
       2.123     0.200000        84135         1.25
       2.335     0.300000       126359         1.43
       2.557     0.400000       168319         1.67
       2.801     0.500000       210522         2.00
       2.931     0.550000       231317         2.22
       3.073     0.600000       252521         2.50
       3.227     0.650000       273343         2.86
       3.399     0.700000       294371         3.33
       3.599     0.750000       315348         4.00
       3.715     0.775000       325889         4.44
       3.847     0.800000       336347         5.00
       3.999     0.825000       346895         5.71
       4.179     0.850000       357406         6.67
       4.395     0.875000       367999         8.00
       4.523     0.887500       373219         8.89
       4.667     0.900000       378479        10.00
       4.831     0.912500       383695        11.43
       5.023     0.925000       388889        13.33
       5.255     0.937500       394178        16.00
       5.387     0.943750       396779        17.78
       5.535     0.950000       399401        20.00
       5.699     0.956250       401994        22.86
       5.903     0.962500       404652        26.67
       6.139     0.968750       407253        32.00
       6.279     0.971875       408556        35.56
       6.447     0.975000       409903        40.00
       6.623     0.978125       411206        45.71
       6.819     0.981250       412510        53.33
       7.055     0.984375       413825        64.00
       7.203     0.985938       414475        71.11
       7.351     0.987500       415126        80.00
       7.539     0.989062       415786        91.43
       7.751     0.990625       416439       106.67
       7.995     0.992188       417095       128.00
       8.143     0.992969       417430       142.22
       8.311     0.993750       417758       160.00
       8.511     0.994531       418081       182.86
       8.727     0.995313       418411       213.33
       8.975     0.996094       418735       256.00
       9.127     0.996484       418901       284.44
       9.279     0.996875       419070       320.00
       9.423     0.997266       419232       365.71
       9.623     0.997656       419392       426.67
       9.871     0.998047       419556       512.00
      10.015     0.998242       419641       568.89
      10.191     0.998437       419726       640.00
      10.375     0.998633       419805       731.43
      10.615     0.998828       419890       853.33
      10.823     0.999023       419967      1024.00
      10.975     0.999121       420009      1137.78
      11.143     0.999219       420049      1280.00
      11.311     0.999316       420092      1462.86
      11.495     0.999414       420132      1706.67
      11.743     0.999512       420172      2048.00
      11.943     0.999561       420194      2275.56
      12.103     0.999609       420213      2560.00
      12.263     0.999658       420234      2925.71
      12.487     0.999707       420254      3413.33
      12.823     0.999756       420276      4096.00
      12.975     0.999780       420285      4551.11
      13.151     0.999805       420296      5120.00
      13.295     0.999829       420306      5851.43
      13.519     0.999854       420316      6826.67
      13.823     0.999878       420326      8192.00
      14.015     0.999890       420331      9102.22
      14.383     0.999902       420336     10240.00
      14.527     0.999915       420342     11702.86
      14.751     0.999927       420347     13653.33
      15.031     0.999939       420352     16384.00
      15.079     0.999945       420354     18204.44
      15.319     0.999951       420357     20480.00
      15.415     0.999957       420360     23405.71
      15.543     0.999963       420362     27306.67
      15.855     0.999969       420365     32768.00
      15.887     0.999973       420366     36408.89
      15.927     0.999976       420367     40960.00
      16.415     0.999979       420369     46811.43
      16.511     0.999982       420370     54613.33
      16.639     0.999985       420371     65536.00
      16.943     0.999986       420372     72817.78
      16.943     0.999988       420372     81920.00
      17.135     0.999989       420373     93622.86
      18.095     0.999991       420374    109226.67
      18.095     0.999992       420374    131072.00
      18.751     0.999993       420375    145635.56
      18.751     0.999994       420375    163840.00
      18.751     0.999995       420375    187245.71
      18.927     0.999995       420376    218453.33
      18.927     0.999996       420376    262144.00
      18.927     0.999997       420376    291271.11
      18.927     0.999997       420376    327680.00
      18.927     0.999997       420376    374491.43
      19.903     0.999998       420377    436906.67
      19.903     1.000000       420377          inf
#[Mean    =        3.101, StdDeviation   =        1.265]
#[Max     =       19.888, Total count    =       420377]
#[Buckets =           27, SubBuckets     =         2048]
-----------------------------------------------------------------------
  488731 requests in 1.17m, 131.44MB read
Requests/sec:   6981.94  
Transfer/sec:      1.88MB
