Running 1m test @ http://10.10.1.1:5000
  4 threads and 128 connections

  Thread calibration: mean lat.: 6.086ms, rate sampling interval: 20ms
  Thread calibration: mean lat.: 6.065ms, rate sampling interval: 20ms
  Thread calibration: mean lat.: 6.092ms, rate sampling interval: 20ms
  Thread calibration: mean lat.: 6.153ms, rate sampling interval: 20ms

-----------------------------------------------------------------------
Test Results @ http://10.10.1.1:5000 
  Thread Stats   Avg      Stdev     99%   +/- Stdev
    Latency     5.42ms    2.95ms  16.36ms   82.05%
    Req/Sec     2.31k   380.45     3.25k    69.00%
  Latency Distribution (HdrHistogram - Recorded Latency)
 50.000%    4.61ms
 75.000%    6.43ms
 90.000%    9.06ms
 99.000%   16.36ms
 99.900%   24.67ms
 99.990%   34.62ms
 99.999%   41.12ms
100.000%   45.98ms

  Detailed Percentile spectrum:
       Value   Percentile   TotalCount 1/(1-Percentile)

       1.334     0.000000            1         1.00
       2.777     0.100000        45110         1.11
       3.277     0.200000        90118         1.25
       3.709     0.300000       135164         1.43
       4.143     0.400000       180431         1.67
       4.615     0.500000       225197         2.00
       4.887     0.550000       247885         2.22
       5.187     0.600000       270331         2.50
       5.535     0.650000       292867         2.86
       5.939     0.700000       315214         3.33
       6.427     0.750000       337684         4.00
       6.723     0.775000       348976         4.44
       7.043     0.800000       360182         5.00
       7.427     0.825000       371493         5.71
       7.863     0.850000       382710         6.67
       8.399     0.875000       394076         8.00
       8.703     0.887500       399600         8.89
       9.055     0.900000       405210        10.00
       9.463     0.912500       410840        11.43
       9.935     0.925000       416506        13.33
      10.471     0.937500       422096        16.00
      10.799     0.943750       424885        17.78
      11.167     0.950000       427731        20.00
      11.567     0.956250       430533        22.86
      12.063     0.962500       433320        26.67
      12.615     0.968750       436160        32.00
      12.959     0.971875       437547        35.56
      13.319     0.975000       438968        40.00
      13.743     0.978125       440355        45.71
      14.247     0.981250       441771        53.33
      14.855     0.984375       443170        64.00
      15.207     0.985938       443873        71.11
      15.623     0.987500       444580        80.00
      16.071     0.989062       445282        91.43
      16.559     0.990625       445991       106.67
      17.167     0.992188       446694       128.00
      17.519     0.992969       447043       142.22
      17.903     0.993750       447396       160.00
      18.367     0.994531       447747       182.86
      18.863     0.995313       448090       213.33
      19.535     0.996094       448443       256.00
      19.967     0.996484       448622       284.44
      20.335     0.996875       448796       320.00
      20.815     0.997266       448969       365.71
      21.407     0.997656       449147       426.67
      22.111     0.998047       449324       512.00
      22.431     0.998242       449411       568.89
      22.895     0.998437       449500       640.00
      23.407     0.998633       449586       731.43
      24.047     0.998828       449674       853.33
      24.783     0.999023       449761      1024.00
      25.327     0.999121       449806      1137.78
      25.743     0.999219       449852      1280.00
      26.271     0.999316       449893      1462.86
      26.991     0.999414       449937      1706.67
      27.791     0.999512       449981      2048.00
      28.207     0.999561       450003      2275.56
      28.623     0.999609       450025      2560.00
      29.119     0.999658       450047      2925.71
      29.807     0.999707       450069      3413.33
      30.863     0.999756       450091      4096.00
      31.439     0.999780       450102      4551.11
      31.679     0.999805       450113      5120.00
      32.367     0.999829       450124      5851.43
      33.023     0.999854       450136      6826.67
      33.759     0.999878       450146      8192.00
      34.271     0.999890       450151      9102.22
      34.655     0.999902       450157     10240.00
      35.039     0.999915       450162     11702.86
      35.839     0.999927       450168     13653.33
      36.767     0.999939       450173     16384.00
      37.055     0.999945       450176     18204.44
      37.343     0.999951       450179     20480.00
      37.471     0.999957       450181     23405.71
      37.599     0.999963       450184     27306.67
      38.559     0.999969       450187     32768.00
      38.751     0.999973       450188     36408.89
      39.135     0.999976       450190     40960.00
      40.255     0.999979       450191     46811.43
      40.415     0.999982       450192     54613.33
      40.767     0.999985       450194     65536.00
      40.767     0.999986       450194     72817.78
      41.119     0.999988       450195     81920.00
      42.655     0.999989       450196     93622.86
      42.655     0.999991       450196    109226.67
      43.359     0.999992       450197    131072.00
      43.359     0.999993       450197    145635.56
      43.423     0.999994       450198    163840.00
      43.423     0.999995       450198    187245.71
      43.423     0.999995       450198    218453.33
      44.287     0.999996       450199    262144.00
      44.287     0.999997       450199    291271.11
      44.287     0.999997       450199    327680.00
      44.287     0.999997       450199    374491.43
      44.287     0.999998       450199    436906.67
      45.983     0.999998       450200    524288.00
      45.983     1.000000       450200          inf
#[Mean    =        5.422, StdDeviation   =        2.953]
#[Max     =       45.952, Total count    =       450200]
#[Buckets =           27, SubBuckets     =         2048]
-----------------------------------------------------------------------
  540352 requests in 1.00m, 141.83MB read
Requests/sec:   9006.11  
Transfer/sec:      2.36MB
