Running 1m test @ http://10.10.1.1:5000
  4 threads and 128 connections

  Thread calibration: mean lat.: 2.333ms, rate sampling interval: 10ms
  Thread calibration: mean lat.: 2.351ms, rate sampling interval: 10ms
  Thread calibration: mean lat.: 2.335ms, rate sampling interval: 10ms
  Thread calibration: mean lat.: 2.267ms, rate sampling interval: 10ms

-----------------------------------------------------------------------
Test Results @ http://10.10.1.1:5000 
  Thread Stats   Avg      Stdev     99%   +/- Stdev
    Latency     2.25ms  599.31us   4.38ms   77.24%
    Req/Sec   792.95    290.35     1.55k    63.46%
  Latency Distribution (HdrHistogram - Recorded Latency)
 50.000%    2.12ms
 75.000%    2.49ms
 90.000%    3.00ms
 99.000%    4.38ms
 99.900%    5.73ms
 99.990%    7.25ms
 99.999%    7.95ms
100.000%    8.46ms

  Detailed Percentile spectrum:
       Value   Percentile   TotalCount 1/(1-Percentile)

       1.202     0.000000            1         1.00
       1.654     0.100000        15110         1.11
       1.780     0.200000        30103         1.25
       1.894     0.300000        45161         1.43
       2.005     0.400000        60213         1.67
       2.115     0.500000        75192         2.00
       2.173     0.550000        82751         2.22
       2.237     0.600000        90365         2.50
       2.305     0.650000        97779         2.86
       2.387     0.700000       105313         3.33
       2.489     0.750000       112872         4.00
       2.549     0.775000       116602         4.44
       2.615     0.800000       120303         5.00
       2.693     0.825000       124106         5.71
       2.779     0.850000       127809         6.67
       2.883     0.875000       131633         8.00
       2.939     0.887500       133487         8.89
       2.999     0.900000       135313        10.00
       3.071     0.912500       137228        11.43
       3.155     0.925000       139100        13.33
       3.253     0.937500       140959        16.00
       3.315     0.943750       141899        17.78
       3.385     0.950000       142853        20.00
       3.461     0.956250       143784        22.86
       3.547     0.962500       144707        26.67
       3.661     0.968750       145653        32.00
       3.725     0.971875       146120        35.56
       3.805     0.975000       146590        40.00
       3.887     0.978125       147065        45.71
       3.989     0.981250       147530        53.33
       4.103     0.984375       148003        64.00
       4.167     0.985938       148239        71.11
       4.243     0.987500       148468        80.00
       4.323     0.989062       148705        91.43
       4.423     0.990625       148939       106.67
       4.535     0.992188       149175       128.00
       4.615     0.992969       149290       142.22
       4.691     0.993750       149411       160.00
       4.771     0.994531       149525       182.86
       4.863     0.995313       149640       213.33
       4.987     0.996094       149757       256.00
       5.055     0.996484       149818       284.44
       5.123     0.996875       149875       320.00
       5.219     0.997266       149934       365.71
       5.303     0.997656       149992       426.67
       5.407     0.998047       150051       512.00
       5.455     0.998242       150082       568.89
       5.499     0.998437       150110       640.00
       5.567     0.998633       150139       731.43
       5.647     0.998828       150168       853.33
       5.739     0.999023       150199      1024.00
       5.799     0.999121       150212      1137.78
       5.867     0.999219       150228      1280.00
       5.923     0.999316       150242      1462.86
       6.007     0.999414       150256      1706.67
       6.107     0.999512       150271      2048.00
       6.207     0.999561       150279      2275.56
       6.291     0.999609       150286      2560.00
       6.359     0.999658       150293      2925.71
       6.459     0.999707       150300      3413.33
       6.591     0.999756       150308      4096.00
       6.623     0.999780       150311      4551.11
       6.767     0.999805       150315      5120.00
       6.899     0.999829       150319      5851.43
       7.063     0.999854       150322      6826.67
       7.139     0.999878       150326      8192.00
       7.243     0.999890       150328      9102.22
       7.307     0.999902       150330     10240.00
       7.455     0.999915       150332     11702.86
       7.503     0.999927       150333     13653.33
       7.623     0.999939       150335     16384.00
       7.663     0.999945       150336     18204.44
       7.779     0.999951       150337     20480.00
       7.783     0.999957       150338     23405.71
       7.791     0.999963       150339     27306.67
       7.919     0.999969       150340     32768.00
       7.919     0.999973       150340     36408.89
       7.927     0.999976       150341     40960.00
       7.927     0.999979       150341     46811.43
       7.951     0.999982       150342     54613.33
       7.951     0.999985       150342     65536.00
       7.951     0.999986       150342     72817.78
       8.015     0.999988       150343     81920.00
       8.015     0.999989       150343     93622.86
       8.015     0.999991       150343    109226.67
       8.015     0.999992       150343    131072.00
       8.015     0.999993       150343    145635.56
       8.463     0.999994       150344    163840.00
       8.463     1.000000       150344          inf
#[Mean    =        2.247, StdDeviation   =        0.599]
#[Max     =        8.456, Total count    =       150344]
#[Buckets =           27, SubBuckets     =         2048]
-----------------------------------------------------------------------
  179591 requests in 1.00m, 47.88MB read
Requests/sec:   2993.18  
Transfer/sec:    817.16KB
