Running 1m test @ http://10.10.1.1:5000
  4 threads and 128 connections

  Thread calibration: mean lat.: 2.086ms, rate sampling interval: 10ms
  Thread calibration: mean lat.: 2.002ms, rate sampling interval: 10ms
  Thread calibration: mean lat.: 2.093ms, rate sampling interval: 10ms
  Thread calibration: mean lat.: 2.118ms, rate sampling interval: 10ms

-----------------------------------------------------------------------
Test Results @ http://10.10.1.1:5000 
  Thread Stats   Avg      Stdev     99%   +/- Stdev
    Latency     1.96ms  518.40us   3.82ms   78.55%
    Req/Sec   791.83    290.72     1.55k    63.11%
  Latency Distribution (HdrHistogram - Recorded Latency)
 50.000%    1.84ms
 75.000%    2.15ms
 90.000%    2.61ms
 99.000%    3.82ms
 99.900%    5.15ms
 99.990%    6.54ms
 99.999%    8.62ms
100.000%    9.93ms

  Detailed Percentile spectrum:
       Value   Percentile   TotalCount 1/(1-Percentile)

       1.118     0.000000            1         1.00
       1.460     0.100000        18177         1.11
       1.564     0.200000        36141         1.25
       1.662     0.300000        54125         1.43
       1.756     0.400000        72166         1.67
       1.844     0.500000        90171         2.00
       1.889     0.550000        99233         2.22
       1.938     0.600000       108165         2.50
       1.994     0.650000       117180         2.86
       2.061     0.700000       126199         3.33
       2.147     0.750000       135369         4.00
       2.199     0.775000       139867         4.44
       2.257     0.800000       144211         5.00
       2.329     0.825000       148713         5.71
       2.411     0.850000       153297         6.67
       2.503     0.875000       157780         8.00
       2.555     0.887500       160032         8.89
       2.613     0.900000       162228        10.00
       2.681     0.912500       164522        11.43
       2.757     0.925000       166737        13.33
       2.845     0.937500       168991        16.00
       2.897     0.943750       170113        17.78
       2.955     0.950000       171235        20.00
       3.023     0.956250       172375        22.86
       3.103     0.962500       173492        26.67
       3.195     0.968750       174614        32.00
       3.253     0.971875       175181        35.56
       3.323     0.975000       175744        40.00
       3.393     0.978125       176298        45.71
       3.477     0.981250       176865        53.33
       3.575     0.984375       177422        64.00
       3.627     0.985938       177708        71.11
       3.689     0.987500       177989        80.00
       3.767     0.989062       178271        91.43
       3.859     0.990625       178551       106.67
       3.961     0.992188       178832       128.00
       4.019     0.992969       178971       142.22
       4.103     0.993750       179112       160.00
       4.195     0.994531       179259       182.86
       4.275     0.995313       179396       213.33
       4.375     0.996094       179536       256.00
       4.443     0.996484       179609       284.44
       4.499     0.996875       179675       320.00
       4.571     0.997266       179746       365.71
       4.663     0.997656       179818       426.67
       4.767     0.998047       179891       512.00
       4.835     0.998242       179922       568.89
       4.923     0.998437       179957       640.00
       4.991     0.998633       179992       731.43
       5.059     0.998828       180028       853.33
       5.159     0.999023       180063      1024.00
       5.235     0.999121       180080      1137.78
       5.307     0.999219       180098      1280.00
       5.415     0.999316       180115      1462.86
       5.491     0.999414       180133      1706.67
       5.583     0.999512       180150      2048.00
       5.639     0.999561       180159      2275.56
       5.687     0.999609       180168      2560.00
       5.775     0.999658       180177      2925.71
       5.831     0.999707       180186      3413.33
       5.955     0.999756       180194      4096.00
       6.035     0.999780       180199      4551.11
       6.115     0.999805       180203      5120.00
       6.199     0.999829       180209      5851.43
       6.219     0.999854       180212      6826.67
       6.435     0.999878       180216      8192.00
       6.503     0.999890       180219      9102.22
       6.559     0.999902       180221     10240.00
       6.743     0.999915       180223     11702.86
       6.823     0.999927       180225     13653.33
       6.847     0.999939       180227     16384.00
       7.119     0.999945       180229     18204.44
       7.211     0.999951       180230     20480.00
       7.235     0.999957       180231     23405.71
       7.675     0.999963       180232     27306.67
       7.847     0.999969       180233     32768.00
       8.327     0.999973       180234     36408.89
       8.327     0.999976       180234     40960.00
       8.495     0.999979       180235     46811.43
       8.495     0.999982       180235     54613.33
       8.623     0.999985       180236     65536.00
       8.623     0.999986       180236     72817.78
       8.623     0.999988       180236     81920.00
       9.183     0.999989       180237     93622.86
       9.183     0.999991       180237    109226.67
       9.183     0.999992       180237    131072.00
       9.183     0.999993       180237    145635.56
       9.183     0.999994       180237    163840.00
       9.927     0.999995       180238    187245.71
       9.927     1.000000       180238          inf
#[Mean    =        1.961, StdDeviation   =        0.518]
#[Max     =        9.920, Total count    =       180238]
#[Buckets =           27, SubBuckets     =         2048]
-----------------------------------------------------------------------
  209488 requests in 1.17m, 56.28MB read
Requests/sec:   2992.66  
Transfer/sec:    823.35KB
