Running 1m test @ http://10.10.1.1:5000
  4 threads and 128 connections

  Thread calibration: mean lat.: 4334.250ms, rate sampling interval: 15278ms
  Thread calibration: mean lat.: 4254.993ms, rate sampling interval: 15212ms
  Thread calibration: mean lat.: 4174.004ms, rate sampling interval: 15007ms
  Thread calibration: mean lat.: 4293.180ms, rate sampling interval: 15196ms

-----------------------------------------------------------------------
Test Results @ http://10.10.1.1:5000 
  Thread Stats   Avg      Stdev     99%   +/- Stdev
    Latency    33.69s    14.57s    0.97m    57.89%
    Req/Sec   436.25      4.55   444.00     75.00%
  Latency Distribution (HdrHistogram - Recorded Latency)
 50.000%   33.69s 
 75.000%   46.37s 
 90.000%    0.90m 
 99.000%    0.97m 
 99.900%    0.99m 
 99.990%    0.99m 
 99.999%    0.99m 
100.000%    1.00m 

  Detailed Percentile spectrum:
       Value   Percentile   TotalCount 1/(1-Percentile)

    7774.207     0.000000            1         1.00
   13492.223     0.100000        10500         1.11
   18661.375     0.200000        20980         1.25
   23674.879     0.300000        31493         1.43
   28606.463     0.400000        41988         1.67
   33685.503     0.500000        52497         2.00
   36143.103     0.550000        57716         2.22
   38666.239     0.600000        62975         2.50
   41222.143     0.650000        68168         2.86
   43778.047     0.700000        73439         3.33
   46366.719     0.750000        78695         4.00
   47611.903     0.775000        81313         4.44
   48824.319     0.800000        83905         5.00
   50167.807     0.825000        86543         5.71
   51478.527     0.850000        89144         6.67
   52690.943     0.875000        91807         8.00
   53280.767     0.887500        93076         8.89
   53936.127     0.900000        94432        10.00
   54558.719     0.912500        95755        11.43
   55181.311     0.925000        97035        13.33
   55803.903     0.937500        98314        16.00
   56098.815     0.943750        98972        17.78
   56426.495     0.950000        99675        20.00
   56721.407     0.956250       100310        22.86
   57016.319     0.962500       100946        26.67
   57343.999     0.968750       101658        32.00
   57475.071     0.971875       101940        35.56
   57638.911     0.975000       102288        40.00
   57769.983     0.978125       102575        45.71
   57933.823     0.981250       102901        53.33
   58097.663     0.984375       103243        64.00
   58195.967     0.985938       103435        71.11
   58261.503     0.987500       103559        80.00
   58359.807     0.989062       103744        91.43
   58458.111     0.990625       103939       106.67
   58523.647     0.992188       104048       128.00
   58589.183     0.992969       104162       142.22
   58621.951     0.993750       104213       160.00
   58687.487     0.994531       104293       182.86
   58753.023     0.995313       104376       213.33
   58851.327     0.996094       104495       256.00
   58851.327     0.996484       104495       284.44
   58916.863     0.996875       104569       320.00
   58949.631     0.997266       104592       365.71
   58982.399     0.997656       104619       426.67
   59047.935     0.998047       104660       512.00
   59080.703     0.998242       104688       568.89
   59113.471     0.998437       104709       640.00
   59146.239     0.998633       104725       731.43
   59179.007     0.998828       104742       853.33
   59244.543     0.999023       104769      1024.00
   59277.311     0.999121       104784      1137.78
   59277.311     0.999219       104784      1280.00
   59310.079     0.999316       104794      1462.86
   59342.847     0.999414       104803      1706.67
   59408.383     0.999512       104814      2048.00
   59441.151     0.999561       104824      2275.56
   59441.151     0.999609       104824      2560.00
   59473.919     0.999658       104835      2925.71
   59473.919     0.999707       104835      3413.33
   59506.687     0.999756       104842      4096.00
   59506.687     0.999780       104842      4551.11
   59539.455     0.999805       104847      5120.00
   59539.455     0.999829       104847      5851.43
   59572.223     0.999854       104854      6826.67
   59572.223     0.999878       104854      8192.00
   59572.223     0.999890       104854      9102.22
   59572.223     0.999902       104854     10240.00
   59604.991     0.999915       104860     11702.86
   59604.991     0.999927       104860     13653.33
   59604.991     0.999939       104860     16384.00
   59604.991     0.999945       104860     18204.44
   59604.991     0.999951       104860     20480.00
   59604.991     0.999957       104860     23405.71
   59604.991     0.999963       104860     27306.67
   59604.991     0.999969       104860     32768.00
   59637.759     0.999973       104862     36408.89
   59637.759     0.999976       104862     40960.00
   59637.759     0.999979       104862     46811.43
   59637.759     0.999982       104862     54613.33
   59637.759     0.999985       104862     65536.00
   59637.759     0.999986       104862     72817.78
   59637.759     0.999988       104862     81920.00
   59637.759     0.999989       104862     93622.86
   59736.063     0.999991       104863    109226.67
   59736.063     1.000000       104863          inf
#[Mean    =    33691.950, StdDeviation   =    14571.759]
#[Max     =    59703.296, Total count    =       104863]
#[Buckets =           27, SubBuckets     =         2048]
-----------------------------------------------------------------------
  122358 requests in 1.17m, 299.46MB read
  Socket errors: connect 0, read 0, write 0, timeout 187
Requests/sec:   1747.58  
Transfer/sec:      4.28MB
