Running 1m test @ http://10.10.1.1:5000
  4 threads and 128 connections

  Thread calibration: mean lat.: 4.162ms, rate sampling interval: 14ms
  Thread calibration: mean lat.: 4.095ms, rate sampling interval: 14ms
  Thread calibration: mean lat.: 4.128ms, rate sampling interval: 14ms
  Thread calibration: mean lat.: 4.115ms, rate sampling interval: 14ms

-----------------------------------------------------------------------
Test Results @ http://10.10.1.1:5000 
  Thread Stats   Avg      Stdev     99%   +/- Stdev
    Latency     3.89ms    2.17ms  10.54ms   74.58%
    Req/Sec   779.22    243.55     1.38k    70.45%
  Latency Distribution (HdrHistogram - Recorded Latency)
 50.000%    3.29ms
 75.000%    5.16ms
 90.000%    6.90ms
 99.000%   10.54ms
 99.900%   14.16ms
 99.990%   17.47ms
 99.999%   19.09ms
100.000%   23.77ms

  Detailed Percentile spectrum:
       Value   Percentile   TotalCount 1/(1-Percentile)

       1.196     0.000000            1         1.00
       1.738     0.100000        18099         1.11
       1.978     0.200000        36066         1.25
       2.269     0.300000        54109         1.43
       2.689     0.400000        72093         1.67
       3.289     0.500000        90095         2.00
       3.635     0.550000        99112         2.22
       3.987     0.600000       108123         2.50
       4.351     0.650000       117167         2.86
       4.743     0.700000       126239         3.33
       5.163     0.750000       135163         4.00
       5.395     0.775000       139670         4.44
       5.639     0.800000       144178         5.00
       5.895     0.825000       148658         5.71
       6.183     0.850000       153205         6.67
       6.519     0.875000       157707         8.00
       6.699     0.887500       159923         8.89
       6.903     0.900000       162193        10.00
       7.127     0.912500       164456        11.43
       7.379     0.925000       166685        13.33
       7.671     0.937500       168964        16.00
       7.847     0.943750       170052        17.78
       8.031     0.950000       171183        20.00
       8.247     0.956250       172319        22.86
       8.487     0.962500       173441        26.67
       8.783     0.968750       174558        32.00
       8.943     0.971875       175131        35.56
       9.135     0.975000       175697        40.00
       9.343     0.978125       176248        45.71
       9.583     0.981250       176824        53.33
       9.863     0.984375       177374        64.00
      10.015     0.985938       177655        71.11
      10.199     0.987500       177941        80.00
      10.407     0.989062       178221        91.43
      10.639     0.990625       178500       106.67
      10.927     0.992188       178785       128.00
      11.103     0.992969       178928       142.22
      11.295     0.993750       179066       160.00
      11.503     0.994531       179204       182.86
      11.711     0.995313       179343       213.33
      12.031     0.996094       179488       256.00
      12.247     0.996484       179559       284.44
      12.447     0.996875       179627       320.00
      12.695     0.997266       179697       365.71
      12.967     0.997656       179767       426.67
      13.231     0.998047       179842       512.00
      13.343     0.998242       179871       568.89
      13.567     0.998437       179906       640.00
      13.735     0.998633       179941       731.43
      13.967     0.998828       179976       853.33
      14.199     0.999023       180014      1024.00
      14.327     0.999121       180031      1137.78
      14.463     0.999219       180047      1280.00
      14.783     0.999316       180064      1462.86
      14.911     0.999414       180082      1706.67
      15.423     0.999512       180101      2048.00
      15.575     0.999561       180108      2275.56
      15.671     0.999609       180117      2560.00
      15.895     0.999658       180126      2925.71
      16.183     0.999707       180135      3413.33
      16.655     0.999756       180144      4096.00
      16.719     0.999780       180149      4551.11
      16.847     0.999805       180152      5120.00
      16.975     0.999829       180157      5851.43
      17.103     0.999854       180161      6826.67
      17.295     0.999878       180167      8192.00
      17.343     0.999890       180168      9102.22
      17.519     0.999902       180170     10240.00
      17.791     0.999915       180172     11702.86
      17.999     0.999927       180174     13653.33
      18.367     0.999939       180177     16384.00
      18.399     0.999945       180178     18204.44
      18.479     0.999951       180179     20480.00
      18.655     0.999957       180180     23405.71
      18.703     0.999963       180181     27306.67
      18.767     0.999969       180182     32768.00
      18.847     0.999973       180183     36408.89
      18.847     0.999976       180183     40960.00
      18.863     0.999979       180184     46811.43
      18.863     0.999982       180184     54613.33
      19.087     0.999985       180185     65536.00
      19.087     0.999986       180185     72817.78
      19.087     0.999988       180185     81920.00
      20.191     0.999989       180186     93622.86
      20.191     0.999991       180186    109226.67
      20.191     0.999992       180186    131072.00
      20.191     0.999993       180186    145635.56
      20.191     0.999994       180186    163840.00
      23.775     0.999995       180187    187245.71
      23.775     1.000000       180187          inf
#[Mean    =        3.889, StdDeviation   =        2.165]
#[Max     =       23.760, Total count    =       180187]
#[Buckets =           27, SubBuckets     =         2048]
-----------------------------------------------------------------------
  210186 requests in 1.17m, 55.97MB read
Requests/sec:   3002.60  
Transfer/sec:    818.78KB
