Running 1m test @ http://10.10.1.2:5000
  4 threads and 128 connections

  Thread calibration: mean lat.: 0.841ms, rate sampling interval: 10ms
  Thread calibration: mean lat.: 0.833ms, rate sampling interval: 10ms
  Thread calibration: mean lat.: 0.836ms, rate sampling interval: 10ms
  Thread calibration: mean lat.: 0.821ms, rate sampling interval: 10ms

-----------------------------------------------------------------------
Test Results @ http://10.10.1.2:5000 
  Thread Stats   Avg      Stdev     99%   +/- Stdev
    Latency   811.31us  527.34us   2.71ms   85.66%
    Req/Sec     5.54k     0.86k    7.67k    68.82%
  Latency Distribution (HdrHistogram - Recorded Latency)
 50.000%  624.00us
 75.000%    1.01ms
 90.000%    1.49ms
 99.000%    2.71ms
 99.900%    4.18ms
 99.990%    5.80ms
 99.999%    7.12ms
100.000%    7.99ms

  Detailed Percentile spectrum:
       Value   Percentile   TotalCount 1/(1-Percentile)

       0.210     0.000000            1         1.00
       0.372     0.100000       126007         1.11
       0.425     0.200000       252229         1.25
       0.478     0.300000       379690         1.43
       0.540     0.400000       504234         1.67
       0.624     0.500000       630886         2.00
       0.678     0.550000       692935         2.22
       0.744     0.600000       756297         2.50
       0.821     0.650000       819632         2.86
       0.910     0.700000       882271         3.33
       1.015     0.750000       945018         4.00
       1.074     0.775000       976670         4.44
       1.139     0.800000      1008241         5.00
       1.211     0.825000      1039601         5.71
       1.292     0.850000      1071039         6.67
       1.383     0.875000      1102414         8.00
       1.434     0.887500      1118111         8.89
       1.491     0.900000      1134038        10.00
       1.555     0.912500      1149624        11.43
       1.630     0.925000      1165409        13.33
       1.721     0.937500      1181217        16.00
       1.775     0.943750      1188987        17.78
       1.838     0.950000      1196883        20.00
       1.913     0.956250      1204790        22.86
       2.001     0.962500      1212640        26.67
       2.109     0.968750      1220525        32.00
       2.169     0.971875      1224497        35.56
       2.231     0.975000      1228388        40.00
       2.305     0.978125      1232337        45.71
       2.389     0.981250      1236251        53.33
       2.481     0.984375      1240146        64.00
       2.537     0.985938      1242137        71.11
       2.597     0.987500      1244109        80.00
       2.667     0.989062      1246074        91.43
       2.749     0.990625      1248016       106.67
       2.855     0.992188      1249985       128.00
       2.915     0.992969      1250966       142.22
       2.985     0.993750      1251952       160.00
       3.065     0.994531      1252951       182.86
       3.155     0.995313      1253930       213.33
       3.259     0.996094      1254900       256.00
       3.325     0.996484      1255401       284.44
       3.395     0.996875      1255885       320.00
       3.477     0.997266      1256381       365.71
       3.579     0.997656      1256871       426.67
       3.695     0.998047      1257367       512.00
       3.767     0.998242      1257609       568.89
       3.853     0.998437      1257854       640.00
       3.949     0.998633      1258099       731.43
       4.067     0.998828      1258348       853.33
       4.195     0.999023      1258592      1024.00
       4.263     0.999121      1258715      1137.78
       4.339     0.999219      1258837      1280.00
       4.431     0.999316      1258961      1462.86
       4.563     0.999414      1259085      1706.67
       4.687     0.999512      1259206      2048.00
       4.767     0.999561      1259269      2275.56
       4.839     0.999609      1259330      2560.00
       4.927     0.999658      1259391      2925.71
       5.047     0.999707      1259452      3413.33
       5.171     0.999756      1259515      4096.00
       5.239     0.999780      1259545      4551.11
       5.319     0.999805      1259576      5120.00
       5.399     0.999829      1259606      5851.43
       5.515     0.999854      1259637      6826.67
       5.663     0.999878      1259668      8192.00
       5.719     0.999890      1259683      9102.22
       5.803     0.999902      1259698     10240.00
       5.895     0.999915      1259715     11702.86
       6.003     0.999927      1259729     13653.33
       6.151     0.999939      1259745     16384.00
       6.211     0.999945      1259752     18204.44
       6.299     0.999951      1259760     20480.00
       6.407     0.999957      1259768     23405.71
       6.475     0.999963      1259775     27306.67
       6.571     0.999969      1259784     32768.00
       6.611     0.999973      1259787     36408.89
       6.643     0.999976      1259791     40960.00
       6.731     0.999979      1259795     46811.43
       6.751     0.999982      1259798     54613.33
       6.903     0.999985      1259802     65536.00
       6.983     0.999986      1259804     72817.78
       7.055     0.999988      1259806     81920.00
       7.123     0.999989      1259808     93622.86
       7.147     0.999991      1259810    109226.67
       7.219     0.999992      1259812    131072.00
       7.255     0.999993      1259813    145635.56
       7.279     0.999994      1259814    163840.00
       7.299     0.999995      1259815    187245.71
       7.367     0.999995      1259816    218453.33
       7.511     0.999996      1259817    262144.00
       7.511     0.999997      1259817    291271.11
       7.631     0.999997      1259818    327680.00
       7.631     0.999997      1259818    374491.43
       7.671     0.999998      1259819    436906.67
       7.671     0.999998      1259819    524288.00
       7.671     0.999998      1259819    582542.22
       7.771     0.999998      1259820    655360.00
       7.771     0.999999      1259820    748982.86
       7.771     0.999999      1259820    873813.33
       7.771     0.999999      1259820   1048576.00
       7.771     0.999999      1259820   1165084.44
       7.991     0.999999      1259821   1310720.00
       7.991     1.000000      1259821          inf
#[Mean    =        0.811, StdDeviation   =        0.527]
#[Max     =        7.988, Total count    =      1259821]
#[Buckets =           27, SubBuckets     =         2048]
-----------------------------------------------------------------------
  1465303 requests in 1.17m, 297.65MB read
Requests/sec:  20933.28  
Transfer/sec:      4.25MB
