Running 1m test @ http://10.10.1.1:5000
  4 threads and 128 connections

  Thread calibration: mean lat.: 1999.211ms, rate sampling interval: 7004ms
  Thread calibration: mean lat.: 1989.730ms, rate sampling interval: 6971ms
  Thread calibration: mean lat.: 1991.183ms, rate sampling interval: 6967ms
  Thread calibration: mean lat.: 2001.363ms, rate sampling interval: 6991ms

-----------------------------------------------------------------------
Test Results @ http://10.10.1.1:5000 
  Thread Stats   Avg      Stdev     99%   +/- Stdev
    Latency    13.23s     5.43s   22.68s    57.94%
    Req/Sec     2.97k    18.55     2.99k    60.71%
  Latency Distribution (HdrHistogram - Recorded Latency)
 50.000%   13.20s 
 75.000%   17.89s 
 90.000%   20.79s 
 99.000%   22.68s 
 99.900%   23.30s 
 99.990%   23.61s 
 99.999%   23.69s 
100.000%   23.71s 

  Detailed Percentile spectrum:
       Value   Percentile   TotalCount 1/(1-Percentile)

    3317.759     0.000000            1         1.00
    5734.399     0.100000        59388         1.11
    7602.175     0.200000       118622         1.25
    9502.719     0.300000       177826         1.43
   11362.303     0.400000       237324         1.67
   13197.311     0.500000       296512         2.00
   14106.623     0.550000       326071         2.22
   15032.319     0.600000       355882         2.50
   15990.783     0.650000       385345         2.86
   16957.439     0.700000       415450         3.33
   17891.327     0.750000       444539         4.00
   18382.847     0.775000       459603         4.44
   18874.367     0.800000       474599         5.00
   19365.887     0.825000       489389         5.71
   19841.023     0.850000       504202         6.67
   20316.159     0.875000       519095         8.00
   20561.919     0.887500       526511         8.89
   20791.295     0.900000       533959        10.00
   21020.671     0.912500       541059        11.43
   21250.047     0.925000       548361        13.33
   21479.423     0.937500       555785        16.00
   21594.111     0.943750       559391        17.78
   21725.183     0.950000       563427        20.00
   21839.871     0.956250       566892        22.86
   21970.943     0.962500       570673        26.67
   22102.015     0.968750       574514        32.00
   22167.551     0.971875       576307        35.56
   22233.087     0.975000       577947        40.00
   22315.007     0.978125       579941        45.71
   22396.927     0.981250       581779        53.33
   22495.231     0.984375       583748        64.00
   22544.383     0.985938       584647        71.11
   22593.535     0.987500       585553        80.00
   22642.687     0.989062       586399        91.43
   22691.839     0.990625       587181       106.67
   22757.375     0.992188       588134       128.00
   22790.143     0.992969       588621       142.22
   22839.295     0.993750       589229       160.00
   22872.063     0.994531       589597       182.86
   22904.831     0.995313       589960       213.33
   22953.983     0.996094       590417       256.00
   22986.751     0.996484       590698       284.44
   23019.519     0.996875       590918       320.00
   23052.287     0.997266       591137       365.71
   23101.439     0.997656       591364       426.67
   23150.591     0.998047       591592       512.00
   23183.359     0.998242       591746       568.89
   23199.743     0.998437       591828       640.00
   23232.511     0.998633       591935       731.43
   23265.279     0.998828       592026       853.33
   23298.047     0.999023       592137      1024.00
   23330.815     0.999121       592209      1137.78
   23363.583     0.999219       592282      1280.00
   23379.967     0.999316       592313      1462.86
   23412.735     0.999414       592370      1706.67
   23445.503     0.999512       592432      2048.00
   23461.887     0.999561       592452      2275.56
   23478.271     0.999609       592486      2560.00
   23494.655     0.999658       592517      2925.71
   23511.039     0.999707       592553      3413.33
   23527.423     0.999756       592581      4096.00
   23527.423     0.999780       592581      4551.11
   23543.807     0.999805       592599      5120.00
   23560.191     0.999829       592616      5851.43
   23576.575     0.999854       592629      6826.67
   23592.959     0.999878       592645      8192.00
   23592.959     0.999890       592645      9102.22
   23609.343     0.999902       592658     10240.00
   23625.727     0.999915       592670     11702.86
   23625.727     0.999927       592670     13653.33
   23642.111     0.999939       592679     16384.00
   23642.111     0.999945       592679     18204.44
   23658.495     0.999951       592689     20480.00
   23658.495     0.999957       592689     23405.71
   23658.495     0.999963       592689     27306.67
   23674.879     0.999969       592701     32768.00
   23674.879     0.999973       592701     36408.89
   23674.879     0.999976       592701     40960.00
   23674.879     0.999979       592701     46811.43
   23674.879     0.999982       592701     54613.33
   23674.879     0.999985       592701     65536.00
   23691.263     0.999986       592708     72817.78
   23691.263     0.999988       592708     81920.00
   23691.263     0.999989       592708     93622.86
   23691.263     0.999991       592708    109226.67
   23691.263     0.999992       592708    131072.00
   23691.263     0.999993       592708    145635.56
   23691.263     0.999994       592708    163840.00
   23691.263     0.999995       592708    187245.71
   23691.263     0.999995       592708    218453.33
   23691.263     0.999996       592708    262144.00
   23691.263     0.999997       592708    291271.11
   23707.647     0.999997       592710    327680.00
   23707.647     1.000000       592710          inf
#[Mean    =    13227.540, StdDeviation   =     5431.768]
#[Max     =    23691.264, Total count    =       592710]
#[Buckets =           27, SubBuckets     =         2048]
-----------------------------------------------------------------------
  710029 requests in 1.00m, 189.46MB read
Requests/sec:  11834.06  
Transfer/sec:      3.16MB
