Running 1m test @ http://10.10.1.1:5000
  4 threads and 128 connections

  Thread calibration: mean lat.: 1.856ms, rate sampling interval: 10ms
  Thread calibration: mean lat.: 1.977ms, rate sampling interval: 10ms
  Thread calibration: mean lat.: 2.015ms, rate sampling interval: 10ms
  Thread calibration: mean lat.: 1.838ms, rate sampling interval: 10ms

-----------------------------------------------------------------------
Test Results @ http://10.10.1.1:5000 
  Thread Stats   Avg      Stdev     99%   +/- Stdev
    Latency     1.73ms  480.07us   3.85ms   89.73%
    Req/Sec   264.04    166.62   700.00     75.20%
  Latency Distribution (HdrHistogram - Recorded Latency)
 50.000%    1.64ms
 75.000%    1.83ms
 90.000%    2.14ms
 99.000%    3.85ms
 99.900%    5.54ms
 99.990%    7.62ms
 99.999%    8.83ms
100.000%    9.65ms

  Detailed Percentile spectrum:
       Value   Percentile   TotalCount 1/(1-Percentile)

       0.916     0.000000            1         1.00
       1.352     0.100000         6027         1.11
       1.420     0.200000        12070         1.25
       1.487     0.300000        18090         1.43
       1.564     0.400000        24069         1.67
       1.642     0.500000        30109         2.00
       1.677     0.550000        33043         2.22
       1.712     0.600000        36088         2.50
       1.746     0.650000        39074         2.86
       1.784     0.700000        42092         3.33
       1.826     0.750000        45074         4.00
       1.851     0.775000        46566         4.44
       1.880     0.800000        48074         5.00
       1.916     0.825000        49588         5.71
       1.961     0.850000        51068         6.67
       2.029     0.875000        52586         8.00
       2.077     0.887500        53323         8.89
       2.145     0.900000        54087        10.00
       2.229     0.912500        54835        11.43
       2.331     0.925000        55578        13.33
       2.449     0.937500        56335        16.00
       2.519     0.943750        56709        17.78
       2.595     0.950000        57074        20.00
       2.687     0.956250        57452        22.86
       2.787     0.962500        57831        26.67
       2.915     0.968750        58201        32.00
       2.983     0.971875        58388        35.56
       3.087     0.975000        58578        40.00
       3.199     0.978125        58764        45.71
       3.335     0.981250        58953        53.33
       3.505     0.984375        59139        64.00
       3.587     0.985938        59234        71.11
       3.677     0.987500        59327        80.00
       3.795     0.989062        59423        91.43
       3.893     0.990625        59516       106.67
       3.997     0.992188        59610       128.00
       4.055     0.992969        59655       142.22
       4.127     0.993750        59706       160.00
       4.231     0.994531        59749       182.86
       4.339     0.995313        59798       213.33
       4.423     0.996094        59843       256.00
       4.511     0.996484        59867       284.44
       4.643     0.996875        59890       320.00
       4.755     0.997266        59913       365.71
       4.967     0.997656        59937       426.67
       5.099     0.998047        59960       512.00
       5.155     0.998242        59972       568.89
       5.227     0.998437        59984       640.00
       5.327     0.998633        59996       731.43
       5.447     0.998828        60007       853.33
       5.555     0.999023        60019      1024.00
       5.615     0.999121        60025      1137.78
       5.671     0.999219        60031      1280.00
       5.747     0.999316        60036      1462.86
       5.843     0.999414        60042      1706.67
       5.943     0.999512        60048      2048.00
       6.023     0.999561        60051      2275.56
       6.187     0.999609        60054      2560.00
       6.315     0.999658        60057      2925.71
       6.419     0.999707        60061      3413.33
       6.479     0.999756        60063      4096.00
       6.487     0.999780        60064      4551.11
       6.683     0.999805        60066      5120.00
       7.059     0.999829        60067      5851.43
       7.231     0.999854        60069      6826.67
       7.291     0.999878        60070      8192.00
       7.623     0.999890        60071      9102.22
       7.687     0.999902        60072     10240.00
       7.687     0.999915        60072     11702.86
       8.295     0.999927        60073     13653.33
       8.351     0.999939        60074     16384.00
       8.351     0.999945        60074     18204.44
       8.791     0.999951        60075     20480.00
       8.791     0.999957        60075     23405.71
       8.791     0.999963        60075     27306.67
       8.831     0.999969        60076     32768.00
       8.831     0.999973        60076     36408.89
       8.831     0.999976        60076     40960.00
       8.831     0.999979        60076     46811.43
       8.831     0.999982        60076     54613.33
       9.647     0.999985        60077     65536.00
       9.647     1.000000        60077          inf
#[Mean    =        1.734, StdDeviation   =        0.480]
#[Max     =        9.640, Total count    =        60077]
#[Buckets =           27, SubBuckets     =         2048]
-----------------------------------------------------------------------
  69531 requests in 1.17m, 18.70MB read
Requests/sec:    993.28  
Transfer/sec:    273.53KB
