Running 1m test @ http://10.10.1.2:5000
  4 threads and 128 connections

  Thread calibration: mean lat.: 3.958ms, rate sampling interval: 14ms
  Thread calibration: mean lat.: 3.920ms, rate sampling interval: 13ms
  Thread calibration: mean lat.: 3.912ms, rate sampling interval: 13ms
  Thread calibration: mean lat.: 4.118ms, rate sampling interval: 14ms

-----------------------------------------------------------------------
Test Results @ http://10.10.1.2:5000 
  Thread Stats   Avg      Stdev     99%   +/- Stdev
    Latency     3.94ms    2.39ms  12.85ms   81.91%
    Req/Sec     4.42k   684.68     6.08k    68.90%
  Latency Distribution (HdrHistogram - Recorded Latency)
 50.000%    3.29ms
 75.000%    4.74ms
 90.000%    6.88ms
 99.000%   12.85ms
 99.900%   19.55ms
 99.990%   25.69ms
 99.999%   31.28ms
100.000%   36.96ms

  Detailed Percentile spectrum:
       Value   Percentile   TotalCount 1/(1-Percentile)

       0.594     0.000000            1         1.00
       1.816     0.100000       102190         1.11
       2.235     0.200000       204375         1.25
       2.577     0.300000       306095         1.43
       2.915     0.400000       408032         1.67
       3.285     0.500000       510115         2.00
       3.493     0.550000       560897         2.22
       3.729     0.600000       612005         2.50
       4.011     0.650000       662967         2.86
       4.339     0.700000       714055         3.33
       4.739     0.750000       764926         4.00
       4.979     0.775000       790434         4.44
       5.247     0.800000       815872         5.00
       5.551     0.825000       841236         5.71
       5.915     0.850000       866957         6.67
       6.343     0.875000       892257         8.00
       6.599     0.887500       905137         8.89
       6.879     0.900000       917783        10.00
       7.199     0.912500       930456        11.43
       7.579     0.925000       943305        13.33
       8.023     0.937500       955974        16.00
       8.287     0.943750       962394        17.78
       8.575     0.950000       968726        20.00
       8.911     0.956250       975080        22.86
       9.311     0.962500       981512        26.67
       9.775     0.968750       987883        32.00
      10.055     0.971875       991050        35.56
      10.359     0.975000       994204        40.00
      10.711     0.978125       997381        45.71
      11.127     0.981250      1000605        53.33
      11.607     0.984375      1003763        64.00
      11.895     0.985938      1005354        71.11
      12.215     0.987500      1006951        80.00
      12.599     0.989062      1008555        91.43
      13.031     0.990625      1010141       106.67
      13.527     0.992188      1011725       128.00
      13.823     0.992969      1012515       142.22
      14.175     0.993750      1013311       160.00
      14.551     0.994531      1014107       182.86
      14.999     0.995313      1014906       213.33
      15.535     0.996094      1015693       256.00
      15.847     0.996484      1016094       284.44
      16.175     0.996875      1016489       320.00
      16.527     0.997266      1016888       365.71
      17.023     0.997656      1017292       426.67
      17.599     0.998047      1017693       512.00
      17.903     0.998242      1017883       568.89
      18.271     0.998437      1018083       640.00
      18.655     0.998633      1018283       731.43
      19.071     0.998828      1018481       853.33
      19.631     0.999023      1018687      1024.00
      19.919     0.999121      1018785      1137.78
      20.335     0.999219      1018886      1280.00
      20.639     0.999316      1018978      1462.86
      21.055     0.999414      1019078      1706.67
      21.535     0.999512      1019180      2048.00
      21.839     0.999561      1019231      2275.56
      22.143     0.999609      1019277      2560.00
      22.623     0.999658      1019327      2925.71
      23.071     0.999707      1019377      3413.33
      23.551     0.999756      1019429      4096.00
      23.807     0.999780      1019455      4551.11
      24.031     0.999805      1019476      5120.00
      24.447     0.999829      1019501      5851.43
      24.927     0.999854      1019529      6826.67
      25.407     0.999878      1019551      8192.00
      25.535     0.999890      1019563      9102.22
      25.791     0.999902      1019578     10240.00
      26.111     0.999915      1019588     11702.86
      26.703     0.999927      1019601     13653.33
      27.183     0.999939      1019613     16384.00
      27.487     0.999945      1019619     18204.44
      27.727     0.999951      1019626     20480.00
      28.319     0.999957      1019632     23405.71
      28.543     0.999963      1019638     27306.67
      29.055     0.999969      1019644     32768.00
      29.279     0.999973      1019647     36408.89
      29.535     0.999976      1019651     40960.00
      29.759     0.999979      1019654     46811.43
      30.015     0.999982      1019657     54613.33
      30.319     0.999985      1019660     65536.00
      30.335     0.999986      1019661     72817.78
      30.847     0.999988      1019663     81920.00
      31.279     0.999989      1019665     93622.86
      31.695     0.999991      1019666    109226.67
      32.159     0.999992      1019668    131072.00
      32.159     0.999993      1019668    145635.56
      32.959     0.999994      1019669    163840.00
      33.215     0.999995      1019670    187245.71
      33.599     0.999995      1019671    218453.33
      34.495     0.999996      1019672    262144.00
      34.495     0.999997      1019672    291271.11
      34.495     0.999997      1019672    327680.00
      35.647     0.999997      1019673    374491.43
      35.647     0.999998      1019673    436906.67
      36.415     0.999998      1019674    524288.00
      36.415     0.999998      1019674    582542.22
      36.415     0.999998      1019674    655360.00
      36.415     0.999999      1019674    748982.86
      36.415     0.999999      1019674    873813.33
      36.959     0.999999      1019675   1048576.00
      36.959     1.000000      1019675          inf
#[Mean    =        3.942, StdDeviation   =        2.387]
#[Max     =       36.928, Total count    =      1019675]
#[Buckets =           27, SubBuckets     =         2048]
-----------------------------------------------------------------------
  1186059 requests in 1.17m, 665.02MB read
Requests/sec:  16943.94  
Transfer/sec:      9.50MB
