Running 1m test @ http://10.10.1.1:5000
  4 threads and 128 connections

  Thread calibration: mean lat.: 3654.135ms, rate sampling interval: 13377ms
  Thread calibration: mean lat.: 3377.651ms, rate sampling interval: 12066ms
  Thread calibration: mean lat.: 3718.621ms, rate sampling interval: 13574ms
  Thread calibration: mean lat.: 3595.413ms, rate sampling interval: 13516ms

-----------------------------------------------------------------------
Test Results @ http://10.10.1.1:5000 
  Thread Stats   Avg      Stdev     99%   +/- Stdev
    Latency    29.84s    13.04s    0.87m    58.05%
    Req/Sec   436.62      4.62   446.00     68.75%
  Latency Distribution (HdrHistogram - Recorded Latency)
 50.000%   29.90s 
 75.000%   41.06s 
 90.000%   47.84s 
 99.000%    0.87m 
 99.900%    0.89m 
 99.990%    0.90m 
 99.999%    0.90m 
100.000%    0.90m 

  Detailed Percentile spectrum:
       Value   Percentile   TotalCount 1/(1-Percentile)

    6021.119     0.000000            1         1.00
   11698.175     0.100000        10502         1.11
   16343.039     0.200000        20978         1.25
   20922.367     0.300000        31481         1.43
   25296.895     0.400000        41959         1.67
   29900.799     0.500000        52470         2.00
   32178.175     0.550000        57713         2.22
   34340.863     0.600000        62948         2.50
   36601.855     0.650000        68227         2.86
   38862.847     0.700000        73427         3.33
   41058.303     0.750000        78677         4.00
   42205.183     0.775000        81357         4.44
   43352.063     0.800000        83943         5.00
   44498.943     0.825000        86565         5.71
   45613.055     0.850000        89173         6.67
   46727.167     0.875000        91784         8.00
   47316.991     0.887500        93156         8.89
   47841.279     0.900000        94397        10.00
   48431.103     0.912500        95747        11.43
   48988.159     0.925000        97024        13.33
   49577.983     0.937500        98360        16.00
   49872.895     0.943750        99052        17.78
   50135.039     0.950000        99646        20.00
   50429.951     0.956250       100334        22.86
   50724.863     0.962500       100999        26.67
   51019.775     0.968750       101621        32.00
   51183.615     0.971875       101938        35.56
   51347.455     0.975000       102283        40.00
   51511.295     0.978125       102610        45.71
   51675.135     0.981250       102960        53.33
   51838.975     0.984375       103248        64.00
   51937.279     0.985938       103424        71.11
   52035.583     0.987500       103597        80.00
   52133.887     0.989062       103757        91.43
   52264.959     0.990625       103933       106.67
   52396.031     0.992188       104086       128.00
   52461.567     0.992969       104189       142.22
   52527.103     0.993750       104249       160.00
   52625.407     0.994531       104329       182.86
   52723.711     0.995313       104422       213.33
   52789.247     0.996094       104491       256.00
   52822.015     0.996484       104515       284.44
   52887.551     0.996875       104567       320.00
   52953.087     0.997266       104623       365.71
   52985.855     0.997656       104648       426.67
   53051.391     0.998047       104680       512.00
   53084.159     0.998242       104699       568.89
   53149.695     0.998437       104726       640.00
   53215.231     0.998633       104744       731.43
   53280.767     0.998828       104767       853.33
   53346.303     0.999023       104786      1024.00
   53379.071     0.999121       104792      1137.78
   53411.839     0.999219       104804      1280.00
   53444.607     0.999316       104817      1462.86
   53477.375     0.999414       104827      1706.67
   53542.911     0.999512       104838      2048.00
   53542.911     0.999561       104838      2275.56
   53575.679     0.999609       104843      2560.00
   53641.215     0.999658       104853      2925.71
   53641.215     0.999707       104853      3413.33
   53673.983     0.999756       104859      4096.00
   53706.751     0.999780       104860      4551.11
   53739.519     0.999805       104868      5120.00
   53739.519     0.999829       104868      5851.43
   53739.519     0.999854       104868      6826.67
   53772.287     0.999878       104872      8192.00
   53772.287     0.999890       104872      9102.22
   53805.055     0.999902       104876     10240.00
   53805.055     0.999915       104876     11702.86
   53805.055     0.999927       104876     13653.33
   53837.823     0.999939       104877     16384.00
   53870.591     0.999945       104878     18204.44
   53870.591     0.999951       104878     20480.00
   53936.127     0.999957       104880     23405.71
   53936.127     0.999963       104880     27306.67
   53936.127     0.999969       104880     32768.00
   53968.895     0.999973       104881     36408.89
   53968.895     0.999976       104881     40960.00
   53968.895     0.999979       104881     46811.43
   54001.663     0.999982       104882     54613.33
   54001.663     0.999985       104882     65536.00
   54001.663     0.999986       104882     72817.78
   54001.663     0.999988       104882     81920.00
   54001.663     0.999989       104882     93622.86
   54034.431     0.999991       104883    109226.67
   54034.431     1.000000       104883          inf
#[Mean    =    29837.425, StdDeviation   =    13036.648]
#[Max     =    54001.664, Total count    =       104883]
#[Buckets =           27, SubBuckets     =         2048]
-----------------------------------------------------------------------
  121931 requests in 1.17m, 298.55MB read
  Socket errors: connect 0, read 0, write 0, timeout 2
Requests/sec:   1741.71  
Transfer/sec:      4.26MB
