Running for 60.0 seconds (120 samples at 0.5 second intervals).
Power measurements will start in 0 seconds time.

  Time    User  Nice   Sys  Idle    IO  Run Ctxt/s  IRQ/s Fork Exec Exit  Watts
07:43:17  14.0   0.0   5.8  80.2   0.0    7 230016  63900    2    1    1  30.81 
07:43:17  13.7   0.0   4.9  81.4   0.0    9 235922  65836    0    0    0  31.07 
07:43:18  13.3   0.0   5.6  81.1   0.0    5 231828  64950    1    0    0  30.89 
07:43:18  12.0   0.0   5.5  82.5   0.0   11 230300  63298    0    0    0  30.92 
07:43:19  11.6   0.0   5.1  83.3   0.0    5 217214  60640    2    0    0  30.29 
07:43:19  13.8   0.0   5.0  81.1   0.0    5 227800  65112    0    0    0  30.35 
07:43:20  14.3   0.0   4.6  81.0   0.0   11 236982  65452    0    0    0  31.02 
07:43:20  13.2   0.0   5.1  81.7   0.0    6 236992  67274    1    0    0  31.14 
07:43:21  13.9   0.0   5.3  80.8   0.0    8 233178  66896    1    0    0  32.32 
07:43:21  11.3   0.0   5.0  83.7   0.0   13 225890  62464    0    0    2  31.22 
07:43:22  13.1   0.0   5.3  81.6   0.0    6 230990  64612    0    0    0  30.14 
07:43:22  12.7   0.0   6.1  81.1   0.1    9 239860  68280    0    0    0  31.15 
07:43:23  13.8   0.0   5.9  80.4   0.0    7 237866  67484    0    0    0  31.06 
07:43:23  14.3   0.0   5.6  80.1   0.0    1 239908  67786    0    0    0  31.48 
07:43:24  13.9   0.0   5.4  80.6   0.0   10 233604  65958    1    0    0  31.62 
07:43:24  12.3   0.0   5.7  82.0   0.0    2 241184  68718    0    0    0  31.31 
07:43:25  11.9   0.0   4.6  83.5   0.0    5 220316  61260    1    0    0  31.50 
07:43:25  11.3   0.0   4.6  84.0   0.0    8 224568  61956    1    0    0  30.63 
07:43:26  12.7   0.0   5.9  81.4   0.0    3 232798  65848    0    0    0  30.44 
07:43:26  14.6   0.0   4.5  80.9   0.0   11 226598  64016    0    0    0  30.48 
07:43:27  14.5   0.0   5.8  79.7   0.0    8 232362  66662    0    0    0  31.45 
07:43:27  13.0   0.0   5.6  81.4   0.0   31 226964  65368    0    0    0  30.45 
07:43:28  14.0   0.0   5.7  80.3   0.0    2 231432  67046    0    0    0  30.47 
07:43:28  12.9   0.0   4.6  82.5   0.0    5 216956  62512    0    0    0  30.07 
07:43:29  13.0   0.0   5.1  81.9   0.0    4 221572  64304    0    0    0  30.26 
07:43:29  13.6   0.0   5.4  81.0   0.0    8 228282  63900    0    0    0  30.53 
07:43:30  13.6   0.0   4.9  81.5   0.0    6 220658  63678    0    0    0  30.81 
07:43:30  13.2   0.0   5.9  81.0   0.0   12 232960  66800    0    0    0  30.96 
07:43:31  13.5   0.0   6.3  80.3   0.0    9 242524  68904    0    0    0  31.13 
07:43:31  12.7   0.0   5.7  81.6   0.0    4 229426  65172    0    0    0  30.69 
07:43:32  14.4   0.0   5.5  80.1   0.0    9 241702  67336    0    0    0  31.01 
07:43:32  12.9   0.0   4.9  82.2   0.0    9 226026  64222    1    0    0  30.68 
07:43:33  14.6   0.0   5.6  79.8   0.0    9 240276  68834    0    0    0  31.60 
07:43:33  13.8   0.0   5.5  80.7   0.0    4 238796  67560    0    0    0  31.31 
07:43:34  14.2   0.0   5.5  80.3   0.0    3 230194  66024    0    0    0  30.82 
07:43:34  12.5   0.0   5.0  82.5   0.0   11 225106  63384    0    0    0  30.42 
07:43:35  14.4   0.0   5.2  80.4   0.1    1 228762  66494    0    0    0  30.49 
07:43:35  14.3   0.0   5.6  80.1   0.0    6 234134  66238    0    0    0  30.82 
07:43:36  13.8   0.0   5.6  80.6   0.0    2 230058  64662    0    0    0  30.61 
07:43:36  12.9   0.0   5.4  81.7   0.0    3 221146  62970    0    0    0  30.03 
07:43:37  14.9   0.0   6.1  79.1   0.0   11 235386  65970    0    0    0  31.43 
07:43:37  13.1   0.0   4.6  82.3   0.0    9 230282  64622    0    0    0  31.17 
07:43:38  14.7   0.0   5.8  79.5   0.0    5 246126  69214    0    0    0  31.28 
07:43:38  12.6   0.0   6.2  81.2   0.0    8 237904  69658    0    0    0  31.16 
07:43:39  15.0   0.0   4.7  80.2   0.0    9 236434  66420    0    0    0  31.10 
07:43:39  13.1   0.0   5.8  81.1   0.0    8 241516  68776    1    0    0  31.59 
07:43:40  14.3   0.0   5.1  80.7   0.0    6 228338  64524    0    0    0  30.74 
07:43:40  13.9   0.0   5.0  81.1   0.0    3 229466  64514    0    0    0  30.96 
07:43:41  12.7   0.0   5.9  81.3   0.1   10 224946  63952    0    0    0  30.40 
07:43:41  13.7   0.0   5.2  81.1   0.0   10 232002  66178    1    0    0  31.74 
07:43:42  13.1   0.0   5.0  81.9   0.0   12 225184  63696    0    0    0  31.20 
07:43:42  12.8   0.0   5.2  82.0   0.0    3 225712  64472    0    0    0  30.28 
07:43:43  14.5   0.0   6.2  79.3   0.0    9 247082  69392    0    0    0  31.62 
07:43:43  13.3   0.0   5.7  81.0   0.0    5 224246  62668    0    0    0  30.83 
07:43:44  13.0   0.0   5.2  81.8   0.0   10 220092  62714    0    0    0  30.17 
07:43:44  12.3   0.0   6.0  81.7   0.0    4 222820  63414    0    0    0  30.60 
07:43:45  12.9   0.0   4.4  82.7   0.0    7 222792  62472    1    0    0  31.08 
07:43:45  13.0   0.0   5.6  81.4   0.0    5 221446  63532    0    0    0  30.43 
07:43:46  15.0   0.0   5.5  79.5   0.0    6 233646  67828    0    0    0  30.90 
07:43:46  13.0   0.0   5.5  81.6   0.0    6 220138  62650    1    0    0  30.72 
07:43:47  14.7   0.0   5.7  79.5   0.1    6 236156  66824    0    0    0  31.23 
07:43:47  13.8   0.0   5.6  80.6   0.0    6 234692  66474    0    0    0  31.51 
07:43:48  12.3   0.0   4.4  83.2   0.0    3 227650  63540    3    0    0  32.54 
07:43:48  14.3   0.0   5.2  80.5   0.0    5 234912  66874    0    0    0  31.50 
07:43:49  13.3   0.0   5.2  81.4   0.0    3 239854  67376    1    0    0  32.14 
07:43:49  12.7   0.0   6.4  80.9   0.0    4 232578  66274    0    0    0  31.98 
07:43:50  14.5   0.0   5.7  79.9   0.0    1 236616  67584    0    0    0  31.78 
07:43:50  13.8   0.0   5.1  81.2   0.0    6 234686  66328    0    0    0  31.42 
07:43:51  14.7   0.0   5.4  79.9   0.0    6 226516  64562    0    0    0  30.91 
07:43:51  13.9   0.0   5.7  80.4   0.0    1 234448  66534    0    0    0  31.04 
07:43:52  14.7   0.0   5.8  79.4   0.0   13 234682  67912    0    0    0  30.92 
07:43:52  12.6   0.0   4.5  82.9   0.0    7 218938  62428    0    0    0  30.00 
07:43:53  13.2   0.0   5.9  80.8   0.0   11 224902  62888    0    0    0  30.44 
07:43:53  12.6   0.0   5.3  82.1   0.0    6 223200  63888    0    0    0  30.44 
07:43:54  13.8   0.0   5.2  81.0   0.0    7 224334  63250    0    0    0  30.31 
07:43:54  15.1   0.0   5.3  79.6   0.0    4 233756  67232    0    0    0  30.71 
07:43:55  13.4   0.0   5.7  80.8   0.0    6 231818  64772    0    0    0  30.43 
07:43:55  14.1   0.0   5.3  80.5   0.1    6 232008  67126    0    0    0  31.03 
07:43:56  12.4   0.0   4.9  82.6   0.0    6 223148  63392    1    0    0  30.76 
07:43:56  13.0   0.0   5.2  81.8   0.0   13 226414  64062    0    0    0  30.78 
07:43:57  13.7   0.0   6.0  80.2   0.0    4 229454  63814    0    0    0  31.12 
07:43:57  13.0   0.0   5.4  81.7   0.0    7 228212  63542    1    0    0  30.80 
07:43:58  13.4   0.0   5.3  81.3   0.0   12 233398  65506    0    0    0  30.73 
07:43:58  14.1   0.0   5.9  80.0   0.0    7 239002  69412    0    0    0  31.21 
07:43:59  13.8   0.0   5.2  81.0   0.0    5 238818  66400    0    0    0  31.00 
07:43:59  15.7   0.0   5.1  79.2   0.0    6 238844  69176    1    0    0  32.34 
07:44:00  15.2   0.0   5.3  79.6   0.0    5 237878  67988    0    0    0  31.55 
07:44:00  12.7   0.0   5.5  81.5   0.3   19 226282  64282    1    0    0  31.27 
07:44:01  12.9   0.0   5.3  81.8   0.0   10 231274  64968    0    0    0  31.74 
07:44:01  14.1   0.0   5.9  80.0   0.0    3 236232  67388    0    0    0  31.27 
07:44:02  14.0   0.0   5.1  80.8   0.0    8 229240  65184    0    0    0  30.73 
07:44:02  13.7   0.0   5.6  80.6   0.0    6 231762  67002    0    0    0  31.54 
07:44:03  13.8   0.0   5.0  81.2   0.0   11 233878  66520    0    0    0  30.66 
07:44:03  14.7   0.0   5.9  79.4   0.0    3 238526  68804    0    0    0  31.04 
07:44:04  12.9   0.0   5.5  81.6   0.0    1 228742  65482    0    0    0  31.02 
07:44:04  12.6   0.0   6.0  81.4   0.0    1 233316  66808    0    0    0  30.86 
07:44:05  12.0   0.0   5.1  82.9   0.0    7 225430  63906    0    0    0  31.11 
07:44:05  13.5   0.0   5.6  80.8   0.0    9 220988  62562    0    0    0  30.64 
07:44:06  14.2   0.0   5.4  80.4   0.0   11 231410  66426    0    0    0  31.28 
07:44:06  13.8   0.0   4.7  81.4   0.1    3 225206  62782    0    0    0  30.96 
07:44:07  14.7   0.0   5.7  79.6   0.0    4 239442  67426    2    1    0  31.70 
07:44:07  12.5   0.0   5.3  82.2   0.0    3 225042  64070    0    0    2  31.53 
07:44:08  13.0   0.0   5.6  81.4   0.0   11 224032  62964    0    0    0  30.99 
07:44:08  14.5   0.0   6.0  79.5   0.0    5 236514  67956    0    0    0  31.03 
07:44:09  13.1   0.0   5.4  81.5   0.0   11 229060  63928    0    0    0  30.40 
07:44:09  13.5   0.0   5.2  81.3   0.0    6 235064  67246    0    0    0  30.67 
07:44:10  14.5   0.0   5.6  79.9   0.0   14 233546  67678    0    0    0  30.99 
07:44:10  14.9   0.0   6.0  79.1   0.0    2 238314  68342    0    0    0  31.20 
07:44:11  14.1   0.0   4.7  81.2   0.0    7 236568  65858    2    1    0  31.33 
07:44:11  14.2   0.0   5.2  80.5   0.1    8 238324  66284    1    0    2  32.15 
07:44:12  13.8   0.0   5.9  80.3   0.0    7 238966  67702    2    1    0  32.17 
07:44:12  13.7   0.0   5.7  80.6   0.0    7 240898  67884    2    1    2  31.26 
07:44:13  14.3   0.0   5.8  79.9   0.0    9 245730  67966    0    0    0  32.46 
07:44:13  15.0   0.0   6.4  78.6   0.0    7 235470  66708    0    0    2  31.14 
07:44:14  13.0   0.0   5.8  81.2   0.0    3 234340  65868    2    1    0  31.62 
07:44:14  11.7   0.0   4.9  83.4   0.0   10 217096  61778    2    1    2  30.62 
07:44:15  13.1   0.0   5.1  81.9   0.0    4 225778  62470    0    0    2  31.50 
07:44:15  14.5   0.0   5.5  80.0   0.0   13 238266  67022    2    1    0  32.24 
07:44:16  14.1   0.0   5.9  80.0   0.0    7 236680  67440    2    1    2  31.71 
07:44:16  14.9   0.0   6.2  78.9   0.1   12 236574  67968    2    1    2  31.58 
-------- ----- ----- ----- ----- ----- ---- ------ ------ ---- ---- ---- ------ 
 Average  13.6   0.0   5.4  81.0   0.0  7.0 231446.8 65602.6  0.3  0.1  0.2  31.06 
 GeoMean  13.5   0.0   5.4  81.0   0.0  5.9 231349.8 65569.2  0.0  0.0  0.0  31.05 
  StdDev   0.9   0.0   0.4   1.1   0.0  4.0 6688.8 2088.5  0.7  0.3  0.5   0.54 
-------- ----- ----- ----- ----- ----- ---- ------ ------ ---- ---- ---- ------ 
 Minimum  11.3   0.0   4.4  78.6   0.0  1.0 216956.0 60640.0  0.0  0.0  0.0  30.00 
 Maximum  15.7   0.0   6.4  84.0   0.3 31.0 247082.0 69658.0  3.0  1.0  2.0  32.54 
-------- ----- ----- ----- ----- ----- ---- ------ ------ ---- ---- ---- ------ 
Summary:
CPU:  31.06 Watts on average with standard deviation 0.54  
Note: power read from RAPL domains: dram, package-0, dram, package-1.
These readings do not cover all the hardware in this device.
