Running 1m test @ http://10.10.1.2:5000
  4 threads and 128 connections

  Thread calibration: mean lat.: 1.955ms, rate sampling interval: 10ms
  Thread calibration: mean lat.: 2.013ms, rate sampling interval: 10ms
  Thread calibration: mean lat.: 1.976ms, rate sampling interval: 10ms
  Thread calibration: mean lat.: 2.021ms, rate sampling interval: 10ms

-----------------------------------------------------------------------
Test Results @ http://10.10.1.2:5000 
  Thread Stats   Avg      Stdev     99%   +/- Stdev
    Latency     1.94ms    0.96ms   5.28ms   75.85%
    Req/Sec     3.43k   672.98     5.11k    69.01%
  Latency Distribution (HdrHistogram - Recorded Latency)
 50.000%    1.75ms
 75.000%    2.35ms
 90.000%    3.12ms
 99.000%    5.28ms
 99.900%    7.65ms
 99.990%   10.34ms
 99.999%   13.38ms
100.000%   17.81ms

  Detailed Percentile spectrum:
       Value   Percentile   TotalCount 1/(1-Percentile)

       0.511     0.000000            1         1.00
       0.963     0.100000        78338         1.11
       1.150     0.200000       156016         1.25
       1.363     0.300000       233809         1.43
       1.558     0.400000       312112         1.67
       1.746     0.500000       389836         2.00
       1.846     0.550000       428798         2.22
       1.954     0.600000       467635         2.50
       2.073     0.650000       507016         2.86
       2.201     0.700000       545597         3.33
       2.353     0.750000       584797         4.00
       2.441     0.775000       604289         4.44
       2.537     0.800000       623422         5.00
       2.647     0.825000       643001         5.71
       2.775     0.850000       662383         6.67
       2.931     0.875000       681962         8.00
       3.021     0.887500       691643         8.89
       3.123     0.900000       701414        10.00
       3.237     0.912500       711092        11.43
       3.373     0.925000       720924        13.33
       3.537     0.937500       730603        16.00
       3.635     0.943750       735450        17.78
       3.745     0.950000       740318        20.00
       3.869     0.956250       745180        22.86
       4.013     0.962500       750062        26.67
       4.183     0.968750       754909        32.00
       4.287     0.971875       757368        35.56
       4.395     0.975000       759789        40.00
       4.523     0.978125       762236        45.71
       4.671     0.981250       764692        53.33
       4.847     0.984375       767093        64.00
       4.943     0.985938       768302        71.11
       5.059     0.987500       769539        80.00
       5.183     0.989062       770743        91.43
       5.339     0.990625       771979       106.67
       5.519     0.992188       773170       128.00
       5.635     0.992969       773791       142.22
       5.759     0.993750       774386       160.00
       5.899     0.994531       775007       182.86
       6.055     0.995313       775601       213.33
       6.223     0.996094       776212       256.00
       6.335     0.996484       776516       284.44
       6.467     0.996875       776821       320.00
       6.595     0.997266       777131       365.71
       6.751     0.997656       777427       426.67
       6.939     0.998047       777736       512.00
       7.051     0.998242       777885       568.89
       7.167     0.998437       778038       640.00
       7.311     0.998633       778188       731.43
       7.467     0.998828       778340       853.33
       7.671     0.999023       778497      1024.00
       7.771     0.999121       778570      1137.78
       7.883     0.999219       778644      1280.00
       8.043     0.999316       778721      1462.86
       8.231     0.999414       778797      1706.67
       8.399     0.999512       778873      2048.00
       8.503     0.999561       778910      2275.56
       8.631     0.999609       778949      2560.00
       8.807     0.999658       778986      2925.71
       9.055     0.999707       779025      3413.33
       9.287     0.999756       779063      4096.00
       9.407     0.999780       779081      4551.11
       9.559     0.999805       779100      5120.00
       9.727     0.999829       779119      5851.43
       9.927     0.999854       779138      6826.67
      10.111     0.999878       779158      8192.00
      10.255     0.999890       779168      9102.22
      10.359     0.999902       779177     10240.00
      10.671     0.999915       779187     11702.86
      10.895     0.999927       779196     13653.33
      11.271     0.999939       779205     16384.00
      11.415     0.999945       779210     18204.44
      11.519     0.999951       779214     20480.00
      11.671     0.999957       779219     23405.71
      12.151     0.999963       779225     27306.67
      12.255     0.999969       779229     32768.00
      12.367     0.999973       779231     36408.89
      12.495     0.999976       779233     40960.00
      12.567     0.999979       779236     46811.43
      12.583     0.999982       779238     54613.33
      12.967     0.999985       779241     65536.00
      13.063     0.999986       779242     72817.78
      13.095     0.999988       779243     81920.00
      13.375     0.999989       779244     93622.86
      13.415     0.999991       779245    109226.67
      13.767     0.999992       779247    131072.00
      13.767     0.999993       779247    145635.56
      13.775     0.999994       779248    163840.00
      13.775     0.999995       779248    187245.71
      13.871     0.999995       779249    218453.33
      14.359     0.999996       779250    262144.00
      14.359     0.999997       779250    291271.11
      14.359     0.999997       779250    327680.00
      14.359     0.999997       779250    374491.43
      15.143     0.999998       779251    436906.67
      15.143     0.999998       779251    524288.00
      15.143     0.999998       779251    582542.22
      15.143     0.999998       779251    655360.00
      15.143     0.999999       779251    748982.86
      17.807     0.999999       779252    873813.33
      17.807     1.000000       779252          inf
#[Mean    =        1.940, StdDeviation   =        0.956]
#[Max     =       17.792, Total count    =       779252]
#[Buckets =           27, SubBuckets     =         2048]
-----------------------------------------------------------------------
  903215 requests in 1.17m, 505.92MB read
Requests/sec:  12903.26  
Transfer/sec:      7.23MB
