Running 1m test @ http://10.10.1.1:5000
  4 threads and 128 connections

  Thread calibration: mean lat.: 4118.076ms, rate sampling interval: 14696ms
  Thread calibration: mean lat.: 4111.320ms, rate sampling interval: 14524ms
  Thread calibration: mean lat.: 4065.309ms, rate sampling interval: 14491ms
  Thread calibration: mean lat.: 4068.562ms, rate sampling interval: 14335ms

-----------------------------------------------------------------------
Test Results @ http://10.10.1.1:5000 
  Thread Stats   Avg      Stdev     99%   +/- Stdev
    Latency    32.33s    14.01s    0.93m    57.59%
    Req/Sec   434.81      4.95   442.00     62.50%
  Latency Distribution (HdrHistogram - Recorded Latency)
 50.000%   32.37s 
 75.000%   44.50s 
 90.000%    0.86m 
 99.000%    0.93m 
 99.900%    0.95m 
 99.990%    0.96m 
 99.999%    0.96m 
100.000%    0.96m 

  Detailed Percentile spectrum:
       Value   Percentile   TotalCount 1/(1-Percentile)

    7684.095     0.000000            1         1.00
   12967.935     0.100000        10459         1.11
   17760.255     0.200000        20931         1.25
   22659.071     0.300000        31376         1.43
   27426.815     0.400000        41822         1.67
   32374.783     0.500000        52269         2.00
   34799.615     0.550000        57525         2.22
   37257.215     0.600000        62765         2.50
   39649.279     0.650000        67958         2.86
   42139.647     0.700000        73177         3.33
   44498.943     0.750000        78391         4.00
   45744.127     0.775000        80979         4.44
   46956.543     0.800000        83587         5.00
   48201.727     0.825000        86236         5.71
   49348.607     0.850000        88855         6.67
   50528.255     0.875000        91484         8.00
   51085.311     0.887500        92750         8.89
   51675.135     0.900000        94036        10.00
   52297.727     0.912500        95355        11.43
   52887.551     0.925000        96649        13.33
   53477.375     0.937500        97959        16.00
   53805.055     0.943750        98668        17.78
   54067.199     0.950000        99279        20.00
   54394.879     0.956250        99979        22.86
   54689.791     0.962500       100612        26.67
   54951.935     0.968750       101221        32.00
   55115.775     0.971875       101587        35.56
   55279.615     0.975000       101936        40.00
   55410.687     0.978125       102245        45.71
   55541.759     0.981250       102528        53.33
   55705.599     0.984375       102870        64.00
   55803.903     0.985938       103048        71.11
   55902.207     0.987500       103209        80.00
   56000.511     0.989062       103368        91.43
   56098.815     0.990625       103519       106.67
   56197.119     0.992188       103680       128.00
   56262.655     0.992969       103770       142.22
   56328.191     0.993750       103865       160.00
   56360.959     0.994531       103910       182.86
   56426.495     0.995313       103993       213.33
   56524.799     0.996094       104089       256.00
   56557.567     0.996484       104120       284.44
   56623.103     0.996875       104168       320.00
   56655.871     0.997266       104196       365.71
   56721.407     0.997656       104239       426.67
   56786.943     0.998047       104280       512.00
   56852.479     0.998242       104319       568.89
   56852.479     0.998437       104319       640.00
   56918.015     0.998633       104350       731.43
   56950.783     0.998828       104359       853.33
   57016.319     0.999023       104380      1024.00
   57081.855     0.999121       104391      1137.78
   57147.391     0.999219       104407      1280.00
   57180.159     0.999316       104416      1462.86
   57212.927     0.999414       104419      1706.67
   57278.463     0.999512       104437      2048.00
   57278.463     0.999561       104437      2275.56
   57311.231     0.999609       104443      2560.00
   57343.999     0.999658       104451      2925.71
   57343.999     0.999707       104451      3413.33
   57409.535     0.999756       104457      4096.00
   57442.303     0.999780       104459      4551.11
   57475.071     0.999805       104463      5120.00
   57475.071     0.999829       104463      5851.43
   57507.839     0.999854       104466      6826.67
   57573.375     0.999878       104471      8192.00
   57573.375     0.999890       104471      9102.22
   57573.375     0.999902       104471     10240.00
   57638.911     0.999915       104473     11702.86
   57638.911     0.999927       104473     13653.33
   57671.679     0.999939       104475     16384.00
   57671.679     0.999945       104475     18204.44
   57671.679     0.999951       104475     20480.00
   57704.447     0.999957       104479     23405.71
   57704.447     0.999963       104479     27306.67
   57704.447     0.999969       104479     32768.00
   57704.447     0.999973       104479     36408.89
   57704.447     0.999976       104479     40960.00
   57704.447     0.999979       104479     46811.43
   57704.447     0.999982       104479     54613.33
   57704.447     0.999985       104479     65536.00
   57704.447     0.999986       104479     72817.78
   57704.447     0.999988       104479     81920.00
   57704.447     0.999989       104479     93622.86
   57868.287     0.999991       104480    109226.67
   57868.287     1.000000       104480          inf
#[Mean    =    32333.912, StdDeviation   =    14006.356]
#[Max     =    57835.520, Total count    =       104480]
#[Buckets =           27, SubBuckets     =         2048]
-----------------------------------------------------------------------
  121963 requests in 1.17m, 299.54MB read
  Socket errors: connect 0, read 0, write 0, timeout 3
Requests/sec:   1742.27  
Transfer/sec:      4.28MB
