Running 1m test @ http://10.10.1.2:5000
  4 threads and 128 connections

  Thread calibration: mean lat.: 0.837ms, rate sampling interval: 10ms
  Thread calibration: mean lat.: 0.833ms, rate sampling interval: 10ms
  Thread calibration: mean lat.: 0.825ms, rate sampling interval: 10ms
  Thread calibration: mean lat.: 0.848ms, rate sampling interval: 10ms

-----------------------------------------------------------------------
Test Results @ http://10.10.1.2:5000 
  Thread Stats   Avg      Stdev     99%   +/- Stdev
    Latency     0.86ms  398.98us   2.53ms   88.40%
    Req/Sec     1.32k   381.65     2.30k    69.91%
  Latency Distribution (HdrHistogram - Recorded Latency)
 50.000%  741.00us
 75.000%    0.86ms
 90.000%    1.34ms
 99.000%    2.53ms
 99.900%    3.80ms
 99.990%    5.03ms
 99.999%    6.20ms
100.000%    6.86ms

  Detailed Percentile spectrum:
       Value   Percentile   TotalCount 1/(1-Percentile)

       0.190     0.000000            1         1.00
       0.603     0.100000        30124         1.11
       0.646     0.200000        60618         1.25
       0.679     0.300000        90510         1.43
       0.710     0.400000       121035         1.67
       0.741     0.500000       151283         2.00
       0.758     0.550000       166449         2.22
       0.776     0.600000       180942         2.50
       0.797     0.650000       195892         2.86
       0.823     0.700000       210992         3.33
       0.858     0.750000       226159         4.00
       0.882     0.775000       233499         4.44
       0.916     0.800000       241048         5.00
       0.969     0.825000       248515         5.71
       1.071     0.850000       255973         6.67
       1.210     0.875000       263501         8.00
       1.272     0.887500       267316         8.89
       1.340     0.900000       271050        10.00
       1.418     0.912500       274825        11.43
       1.503     0.925000       278569        13.33
       1.600     0.937500       282327        16.00
       1.654     0.943750       284232        17.78
       1.712     0.950000       286117        20.00
       1.771     0.956250       287977        22.86
       1.842     0.962500       289862        26.67
       1.927     0.968750       291764        32.00
       1.974     0.971875       292676        35.56
       2.034     0.975000       293624        40.00
       2.101     0.978125       294580        45.71
       2.183     0.981250       295511        53.33
       2.283     0.984375       296456        64.00
       2.341     0.985938       296916        71.11
       2.407     0.987500       297380        80.00
       2.479     0.989062       297852        91.43
       2.565     0.990625       298329       106.67
       2.671     0.992188       298792       128.00
       2.731     0.992969       299030       142.22
       2.799     0.993750       299264       160.00
       2.873     0.994531       299504       182.86
       2.953     0.995313       299736       213.33
       3.049     0.996094       299973       256.00
       3.103     0.996484       300091       284.44
       3.167     0.996875       300208       320.00
       3.229     0.997266       300322       365.71
       3.301     0.997656       300442       426.67
       3.411     0.998047       300557       512.00
       3.493     0.998242       300617       568.89
       3.567     0.998437       300675       640.00
       3.627     0.998633       300734       731.43
       3.727     0.998828       300796       853.33
       3.803     0.999023       300851      1024.00
       3.865     0.999121       300881      1137.78
       3.937     0.999219       300909      1280.00
       4.019     0.999316       300939      1462.86
       4.099     0.999414       300968      1706.67
       4.183     0.999512       300999      2048.00
       4.207     0.999561       301012      2275.56
       4.267     0.999609       301027      2560.00
       4.319     0.999658       301045      2925.71
       4.379     0.999707       301056      3413.33
       4.507     0.999756       301071      4096.00
       4.571     0.999780       301078      4551.11
       4.631     0.999805       301086      5120.00
       4.775     0.999829       301093      5851.43
       4.819     0.999854       301100      6826.67
       4.919     0.999878       301109      8192.00
       4.967     0.999890       301111      9102.22
       5.063     0.999902       301115     10240.00
       5.103     0.999915       301119     11702.86
       5.187     0.999927       301122     13653.33
       5.331     0.999939       301126     16384.00
       5.407     0.999945       301128     18204.44
       5.431     0.999951       301130     20480.00
       5.627     0.999957       301132     23405.71
       5.663     0.999963       301133     27306.67
       5.791     0.999969       301135     32768.00
       5.935     0.999973       301136     36408.89
       5.975     0.999976       301137     40960.00
       6.135     0.999979       301138     46811.43
       6.143     0.999982       301139     54613.33
       6.187     0.999985       301140     65536.00
       6.187     0.999986       301140     72817.78
       6.195     0.999988       301141     81920.00
       6.195     0.999989       301141     93622.86
       6.527     0.999991       301142    109226.67
       6.527     0.999992       301142    131072.00
       6.527     0.999993       301142    145635.56
       6.551     0.999994       301143    163840.00
       6.551     0.999995       301143    187245.71
       6.551     0.999995       301143    218453.33
       6.551     0.999996       301143    262144.00
       6.551     0.999997       301143    291271.11
       6.863     0.999997       301144    327680.00
       6.863     1.000000       301144          inf
#[Mean    =        0.864, StdDeviation   =        0.399]
#[Max     =        6.860, Total count    =       301144]
#[Buckets =           27, SubBuckets     =         2048]
-----------------------------------------------------------------------
  351055 requests in 1.17m, 71.31MB read
Requests/sec:   5015.00  
Transfer/sec:      1.02MB
