Running 1m test @ http://10.10.1.1:5000
  4 threads and 128 connections

  Thread calibration: mean lat.: 2177.573ms, rate sampling interval: 7987ms
  Thread calibration: mean lat.: 2102.968ms, rate sampling interval: 7553ms
  Thread calibration: mean lat.: 2227.463ms, rate sampling interval: 8105ms
  Thread calibration: mean lat.: 2220.149ms, rate sampling interval: 8114ms

-----------------------------------------------------------------------
Test Results @ http://10.10.1.1:5000 
  Thread Stats   Avg      Stdev     99%   +/- Stdev
    Latency    15.80s     6.59s   27.28s    57.79%
    Req/Sec     1.50k     8.60     1.52k    66.67%
  Latency Distribution (HdrHistogram - Recorded Latency)
 50.000%   15.84s 
 75.000%   21.48s 
 90.000%   24.89s 
 99.000%   27.28s 
 99.900%   28.15s 
 99.990%   28.61s 
 99.999%   28.80s 
100.000%   28.82s 

  Detailed Percentile spectrum:
       Value   Percentile   TotalCount 1/(1-Percentile)

    3817.471     0.000000            1         1.00
    6684.671     0.100000        30126         1.11
    8962.047     0.200000        60233         1.25
   11239.423     0.300000        90290         1.43
   13574.143     0.400000       120423         1.67
   15835.135     0.500000       150515         2.00
   16957.439     0.550000       165527         2.22
   18055.167     0.600000       180510         2.50
   19234.815     0.650000       195715         2.86
   20332.543     0.700000       210670         3.33
   21479.423     0.750000       225762         4.00
   22052.863     0.775000       233171         4.44
   22642.687     0.800000       240833         5.00
   23199.743     0.825000       248355         5.71
   23756.799     0.850000       255779         6.67
   24313.855     0.875000       263400         8.00
   24575.999     0.887500       267011         8.89
   24887.295     0.900000       270892        10.00
   25182.207     0.912500       274686        11.43
   25477.119     0.925000       278400        13.33
   25755.647     0.937500       282097        16.00
   25903.103     0.943750       284015        17.78
   26050.559     0.950000       285942        20.00
   26198.015     0.956250       287806        22.86
   26361.855     0.962500       289727        26.67
   26525.695     0.968750       291614        32.00
   26607.615     0.971875       292521        35.56
   26689.535     0.975000       293376        40.00
   26787.839     0.978125       294326        45.71
   26886.143     0.981250       295226        53.33
   27017.215     0.984375       296186        64.00
   27082.751     0.985938       296612        71.11
   27164.671     0.987500       297160        80.00
   27230.207     0.989062       297588        91.43
   27312.127     0.990625       298084       106.67
   27394.047     0.992188       298530       128.00
   27443.199     0.992969       298715       142.22
   27508.735     0.993750       298981       160.00
   27574.271     0.994531       299213       182.86
   27639.807     0.995313       299455       213.33
   27705.343     0.996094       299669       256.00
   27738.111     0.996484       299788       284.44
   27787.263     0.996875       299915       320.00
   27836.415     0.997266       300025       365.71
   27885.567     0.997656       300120       426.67
   27967.487     0.998047       300262       512.00
   28000.255     0.998242       300308       568.89
   28033.023     0.998437       300367       640.00
   28082.175     0.998633       300437       731.43
   28114.943     0.998828       300484       853.33
   28164.095     0.999023       300549      1024.00
   28180.479     0.999121       300577      1137.78
   28196.863     0.999219       300601      1280.00
   28213.247     0.999316       300625      1462.86
   28229.631     0.999414       300649      1706.67
   28295.167     0.999512       300681      2048.00
   28327.935     0.999561       300696      2275.56
   28360.703     0.999609       300708      2560.00
   28393.471     0.999658       300725      2925.71
   28442.623     0.999707       300740      3413.33
   28491.775     0.999756       300761      4096.00
   28491.775     0.999780       300761      4551.11
   28508.159     0.999805       300768      5120.00
   28524.543     0.999829       300777      5851.43
   28540.927     0.999854       300784      6826.67
   28557.311     0.999878       300789      8192.00
   28590.079     0.999890       300794      9102.22
   28606.463     0.999902       300797     10240.00
   28622.847     0.999915       300801     11702.86
   28639.231     0.999927       300804     13653.33
   28655.615     0.999939       300807     16384.00
   28688.383     0.999945       300809     18204.44
   28737.535     0.999951       300813     20480.00
   28737.535     0.999957       300813     23405.71
   28770.303     0.999963       300814     27306.67
   28786.687     0.999969       300820     32768.00
   28786.687     0.999973       300820     36408.89
   28786.687     0.999976       300820     40960.00
   28786.687     0.999979       300820     46811.43
   28786.687     0.999982       300820     54613.33
   28803.071     0.999985       300822     65536.00
   28803.071     0.999986       300822     72817.78
   28803.071     0.999988       300822     81920.00
   28803.071     0.999989       300822     93622.86
   28819.455     0.999991       300825    109226.67
   28819.455     1.000000       300825          inf
#[Mean    =    15801.652, StdDeviation   =     6589.717]
#[Max     =    28803.072, Total count    =       300825]
#[Buckets =           27, SubBuckets     =         2048]
-----------------------------------------------------------------------
  359472 requests in 1.00m, 95.55MB read
Requests/sec:   5990.69  
Transfer/sec:      1.59MB
