Running 1m test @ http://10.10.1.2:5000
  4 threads and 128 connections

  Thread calibration: mean lat.: 2921.495ms, rate sampling interval: 10690ms
  Thread calibration: mean lat.: 2899.731ms, rate sampling interval: 10674ms
  Thread calibration: mean lat.: 2916.066ms, rate sampling interval: 10633ms
  Thread calibration: mean lat.: 2737.240ms, rate sampling interval: 9822ms

-----------------------------------------------------------------------
Test Results @ http://10.10.1.2:5000 
  Thread Stats   Avg      Stdev     99%   +/- Stdev
    Latency    24.00s    10.47s   41.91s    57.65%
    Req/Sec   694.10      7.37   713.00     80.95%
  Latency Distribution (HdrHistogram - Recorded Latency)
 50.000%   24.08s 
 75.000%   33.11s 
 90.000%   38.44s 
 99.000%   41.91s 
 99.900%   42.86s 
 99.990%   43.35s 
 99.999%   43.71s 
100.000%   43.75s 

  Detailed Percentile spectrum:
       Value   Percentile   TotalCount 1/(1-Percentile)

    4911.103     0.000000            1         1.00
    9437.183     0.100000        16703         1.11
   13058.047     0.200000        33344         1.25
   16793.599     0.300000        50035         1.43
   20512.767     0.400000        66722         1.67
   24084.479     0.500000        83413         2.00
   25853.951     0.550000        91704         2.22
   27639.807     0.600000       100031         2.50
   29442.047     0.650000       108359         2.86
   31309.823     0.700000       116754         3.33
   33112.063     0.750000       125025         4.00
   34013.183     0.775000       129313         4.44
   34865.151     0.800000       133403         5.00
   35717.119     0.825000       137581         5.71
   36601.855     0.850000       141734         6.67
   37519.359     0.875000       145980         8.00
   37945.343     0.887500       147993         8.89
   38436.863     0.900000       150149        10.00
   38862.847     0.912500       152140        11.43
   39321.599     0.925000       154283        13.33
   39780.351     0.937500       156384        16.00
   39976.959     0.943750       157353        17.78
   40239.103     0.950000       158505        20.00
   40435.711     0.956250       159454        22.86
   40697.855     0.962500       160524        26.67
   40927.231     0.968750       161554        32.00
   41058.303     0.971875       162067        35.56
   41189.375     0.975000       162604        40.00
   41320.447     0.978125       163089        45.71
   41451.519     0.981250       163579        53.33
   41615.359     0.984375       164178        64.00
   41680.895     0.985938       164404        71.11
   41779.199     0.987500       164730        80.00
   41844.735     0.989062       164906        91.43
   41943.039     0.990625       165155       106.67
   42041.343     0.992188       165418       128.00
   42106.879     0.992969       165575       142.22
   42172.415     0.993750       165729       160.00
   42205.183     0.994531       165791       182.86
   42303.487     0.995313       165940       213.33
   42401.791     0.996094       166093       256.00
   42434.559     0.996484       166135       284.44
   42467.327     0.996875       166183       320.00
   42532.863     0.997266       166290       365.71
   42565.631     0.997656       166329       426.67
   42631.167     0.998047       166395       512.00
   42663.935     0.998242       166423       568.89
   42696.703     0.998437       166454       640.00
   42729.471     0.998633       166470       731.43
   42795.007     0.998828       166516       853.33
   42860.543     0.999023       166546      1024.00
   42893.311     0.999121       166565      1137.78
   42926.079     0.999219       166579      1280.00
   42958.847     0.999316       166593      1462.86
   42991.615     0.999414       166605      1706.67
   43057.151     0.999512       166623      2048.00
   43089.919     0.999561       166632      2275.56
   43089.919     0.999609       166632      2560.00
   43122.687     0.999658       166641      2925.71
   43188.223     0.999707       166658      3413.33
   43188.223     0.999756       166658      4096.00
   43220.991     0.999780       166665      4551.11
   43220.991     0.999805       166665      5120.00
   43286.527     0.999829       166671      5851.43
   43319.295     0.999854       166677      6826.67
   43319.295     0.999878       166677      8192.00
   43352.063     0.999890       166682      9102.22
   43352.063     0.999902       166682     10240.00
   43384.831     0.999915       166683     11702.86
   43417.599     0.999927       166686     13653.33
   43450.367     0.999939       166688     16384.00
   43450.367     0.999945       166688     18204.44
   43515.903     0.999951       166689     20480.00
   43548.671     0.999957       166691     23405.71
   43548.671     0.999963       166691     27306.67
   43581.439     0.999969       166692     32768.00
   43614.207     0.999973       166693     36408.89
   43614.207     0.999976       166693     40960.00
   43646.975     0.999979       166694     46811.43
   43646.975     0.999982       166694     54613.33
   43712.511     0.999985       166696     65536.00
   43712.511     0.999986       166696     72817.78
   43712.511     0.999988       166696     81920.00
   43712.511     0.999989       166696     93622.86
   43712.511     0.999991       166696    109226.67
   43712.511     0.999992       166696    131072.00
   43712.511     0.999993       166696    145635.56
   43712.511     0.999994       166696    163840.00
   43745.279     0.999995       166697    187245.71
   43745.279     1.000000       166697          inf
#[Mean    =    23998.339, StdDeviation   =    10473.469]
#[Max     =    43712.512, Total count    =       166697]
#[Buckets =           27, SubBuckets     =         2048]
-----------------------------------------------------------------------
  194324 requests in 1.17m, 474.60MB read
Requests/sec:   2775.91  
Transfer/sec:      6.78MB
