Running 1m test @ http://10.10.1.1:5000
  4 threads and 128 connections

  Thread calibration: mean lat.: 11.153ms, rate sampling interval: 41ms
  Thread calibration: mean lat.: 11.290ms, rate sampling interval: 42ms
  Thread calibration: mean lat.: 11.538ms, rate sampling interval: 43ms
  Thread calibration: mean lat.: 11.402ms, rate sampling interval: 42ms

-----------------------------------------------------------------------
Test Results @ http://10.10.1.1:5000 
  Thread Stats   Avg      Stdev     99%   +/- Stdev
    Latency    11.56ms    8.24ms  42.08ms   83.26%
    Req/Sec     1.27k   178.94     1.70k    68.56%
  Latency Distribution (HdrHistogram - Recorded Latency)
 50.000%    9.30ms
 75.000%   14.50ms
 90.000%   21.58ms
 99.000%   42.08ms
 99.900%   65.66ms
 99.990%   91.07ms
 99.999%  133.89ms
100.000%  146.18ms

  Detailed Percentile spectrum:
       Value   Percentile   TotalCount 1/(1-Percentile)

       1.391     0.000000            1         1.00
       4.183     0.100000        30133         1.11
       5.399     0.200000        60299         1.25
       6.599     0.300000        90377         1.43
       7.871     0.400000       120533         1.67
       9.303     0.500000       150622         2.00
      10.111     0.550000       165764         2.22
      11.007     0.600000       180834         2.50
      12.015     0.650000       195857         2.86
      13.167     0.700000       210913         3.33
      14.503     0.750000       225934         4.00
      15.303     0.775000       233457         4.44
      16.207     0.800000       241022         5.00
      17.231     0.825000       248586         5.71
      18.383     0.850000       256123         6.67
      19.807     0.875000       263622         8.00
      20.639     0.887500       267394         8.89
      21.583     0.900000       271106        10.00
      22.639     0.912500       274892        11.43
      23.903     0.925000       278655        13.33
      25.455     0.937500       282414        16.00
      26.335     0.943750       284278        17.78
      27.407     0.950000       286175        20.00
      28.607     0.956250       288059        22.86
      29.887     0.962500       289935        26.67
      31.455     0.968750       291809        32.00
      32.383     0.971875       292760        35.56
      33.439     0.975000       293705        40.00
      34.655     0.978125       294630        45.71
      36.063     0.981250       295579        53.33
      37.791     0.984375       296519        64.00
      38.783     0.985938       296988        71.11
      39.999     0.987500       297464        80.00
      41.375     0.989062       297932        91.43
      42.687     0.990625       298399       106.67
      44.479     0.992188       298866       128.00
      45.535     0.992969       299104       142.22
      46.687     0.993750       299343       160.00
      48.127     0.994531       299576       182.86
      49.663     0.995313       299811       213.33
      51.455     0.996094       300047       256.00
      52.447     0.996484       300162       284.44
      53.599     0.996875       300281       320.00
      55.071     0.997266       300396       365.71
      56.543     0.997656       300515       426.67
      58.431     0.998047       300632       512.00
      59.487     0.998242       300693       568.89
      60.767     0.998437       300750       640.00
      62.303     0.998633       300808       731.43
      64.127     0.998828       300867       853.33
      65.919     0.999023       300925      1024.00
      67.199     0.999121       300956      1137.78
      68.351     0.999219       300984      1280.00
      69.759     0.999316       301014      1462.86
      71.743     0.999414       301045      1706.67
      73.727     0.999512       301072      2048.00
      75.007     0.999561       301087      2275.56
      76.479     0.999609       301102      2560.00
      78.399     0.999658       301117      2925.71
      80.511     0.999707       301131      3413.33
      82.815     0.999756       301146      4096.00
      83.583     0.999780       301154      4551.11
      84.799     0.999805       301162      5120.00
      85.695     0.999829       301168      5851.43
      86.463     0.999854       301175      6826.67
      89.023     0.999878       301183      8192.00
      90.495     0.999890       301186      9102.22
      92.031     0.999902       301190     10240.00
      93.631     0.999915       301194     11702.86
      95.103     0.999927       301197     13653.33
      99.583     0.999939       301201     16384.00
      99.839     0.999945       301203     18204.44
     103.871     0.999951       301205     20480.00
     113.215     0.999957       301207     23405.71
     119.103     0.999963       301208     27306.67
     124.927     0.999969       301210     32768.00
     125.311     0.999973       301211     36408.89
     125.695     0.999976       301212     40960.00
     129.407     0.999979       301213     46811.43
     129.535     0.999982       301214     54613.33
     130.559     0.999985       301215     65536.00
     130.559     0.999986       301215     72817.78
     133.887     0.999988       301217     81920.00
     133.887     0.999989       301217     93622.86
     133.887     0.999991       301217    109226.67
     133.887     0.999992       301217    131072.00
     133.887     0.999993       301217    145635.56
     137.983     0.999994       301218    163840.00
     137.983     0.999995       301218    187245.71
     137.983     0.999995       301218    218453.33
     137.983     0.999996       301218    262144.00
     137.983     0.999997       301218    291271.11
     146.175     0.999997       301219    327680.00
     146.175     1.000000       301219          inf
#[Mean    =       11.555, StdDeviation   =        8.244]
#[Max     =      146.048, Total count    =       301219]
#[Buckets =           27, SubBuckets     =         2048]
-----------------------------------------------------------------------
  349786 requests in 1.17m, 93.07MB read
Requests/sec:   4996.86  
Transfer/sec:      1.33MB
