Running 1m test @ http://10.10.1.1:5000
  4 threads and 128 connections

  Thread calibration: mean lat.: 7.139ms, rate sampling interval: 23ms
  Thread calibration: mean lat.: 7.139ms, rate sampling interval: 23ms
  Thread calibration: mean lat.: 7.045ms, rate sampling interval: 24ms
  Thread calibration: mean lat.: 7.099ms, rate sampling interval: 23ms

-----------------------------------------------------------------------
Test Results @ http://10.10.1.1:5000 
  Thread Stats   Avg      Stdev     99%   +/- Stdev
    Latency     5.81ms    3.25ms  17.79ms   82.58%
    Req/Sec     2.30k   347.97     3.14k    69.39%
  Latency Distribution (HdrHistogram - Recorded Latency)
 50.000%    4.91ms
 75.000%    6.90ms
 90.000%    9.80ms
 99.000%   17.79ms
 99.900%   27.23ms
 99.990%   41.41ms
 99.999%   55.87ms
100.000%   61.89ms

  Detailed Percentile spectrum:
       Value   Percentile   TotalCount 1/(1-Percentile)

       1.331     0.000000            1         1.00
       2.935     0.100000        54106         1.11
       3.467     0.200000       108197         1.25
       3.933     0.300000       162311         1.43
       4.399     0.400000       216571         1.67
       4.915     0.500000       270491         2.00
       5.207     0.550000       297312         2.22
       5.539     0.600000       324327         2.50
       5.923     0.650000       351382         2.86
       6.363     0.700000       378243         3.33
       6.903     0.750000       405309         4.00
       7.227     0.775000       418735         4.44
       7.591     0.800000       432363         5.00
       8.007     0.825000       445804         5.71
       8.503     0.850000       459440         6.67
       9.087     0.875000       472827         8.00
       9.423     0.887500       479607         8.89
       9.799     0.900000       486354        10.00
      10.239     0.912500       493072        11.43
      10.743     0.925000       499807        13.33
      11.343     0.937500       506570        16.00
      11.695     0.943750       509963        17.78
      12.103     0.950000       513333        20.00
      12.551     0.956250       516692        22.86
      13.079     0.962500       520079        26.67
      13.679     0.968750       523416        32.00
      14.039     0.971875       525116        35.56
      14.447     0.975000       526818        40.00
      14.927     0.978125       528494        45.71
      15.479     0.981250       530187        53.33
      16.167     0.984375       531867        64.00
      16.559     0.985938       532728        71.11
      16.975     0.987500       533566        80.00
      17.455     0.989062       534405        91.43
      18.031     0.990625       535248       106.67
      18.783     0.992188       536085       128.00
      19.167     0.992969       536511       142.22
      19.631     0.993750       536935       160.00
      20.127     0.994531       537352       182.86
      20.751     0.995313       537781       213.33
      21.391     0.996094       538192       256.00
      21.823     0.996484       538405       284.44
      22.287     0.996875       538616       320.00
      22.799     0.997266       538822       365.71
      23.455     0.997656       539038       426.67
      24.191     0.998047       539248       512.00
      24.575     0.998242       539352       568.89
      25.183     0.998437       539456       640.00
      25.823     0.998633       539562       731.43
      26.527     0.998828       539666       853.33
      27.391     0.999023       539773      1024.00
      27.823     0.999121       539825      1137.78
      28.287     0.999219       539877      1280.00
      28.767     0.999316       539931      1462.86
      29.535     0.999414       539983      1706.67
      30.543     0.999512       540036      2048.00
      31.055     0.999561       540062      2275.56
      31.743     0.999609       540089      2560.00
      32.511     0.999658       540115      2925.71
      33.727     0.999707       540141      3413.33
      34.751     0.999756       540169      4096.00
      35.391     0.999780       540181      4551.11
      36.479     0.999805       540194      5120.00
      37.695     0.999829       540207      5851.43
      38.463     0.999854       540220      6826.67
      39.647     0.999878       540234      8192.00
      40.191     0.999890       540240      9102.22
      41.887     0.999902       540247     10240.00
      42.847     0.999915       540253     11702.86
      43.775     0.999927       540260     13653.33
      46.207     0.999939       540267     16384.00
      47.519     0.999945       540270     18204.44
      48.031     0.999951       540273     20480.00
      48.799     0.999957       540276     23405.71
      49.887     0.999963       540280     27306.67
      51.551     0.999969       540283     32768.00
      52.607     0.999973       540285     36408.89
      52.767     0.999976       540286     40960.00
      53.055     0.999979       540288     46811.43
      53.887     0.999982       540290     54613.33
      53.983     0.999985       540291     65536.00
      54.399     0.999986       540292     72817.78
      55.615     0.999988       540293     81920.00
      55.871     0.999989       540294     93622.86
      56.639     0.999991       540295    109226.67
      56.639     0.999992       540295    131072.00
      58.271     0.999993       540296    145635.56
      58.271     0.999994       540296    163840.00
      59.071     0.999995       540297    187245.71
      59.071     0.999995       540297    218453.33
      59.071     0.999996       540297    262144.00
      59.647     0.999997       540298    291271.11
      59.647     0.999997       540298    327680.00
      59.647     0.999997       540298    374491.43
      59.647     0.999998       540298    436906.67
      59.647     0.999998       540298    524288.00
      61.887     0.999998       540299    582542.22
      61.887     1.000000       540299          inf
#[Mean    =        5.812, StdDeviation   =        3.252]
#[Max     =       61.856, Total count    =       540299]
#[Buckets =           27, SubBuckets     =         2048]
-----------------------------------------------------------------------
  630442 requests in 1.17m, 169.52MB read
Requests/sec:   9006.53  
Transfer/sec:      2.42MB
