Running 1m test @ http://10.10.1.2:5000
  4 threads and 128 connections

  Thread calibration: mean lat.: 3017.922ms, rate sampling interval: 10862ms
  Thread calibration: mean lat.: 3052.018ms, rate sampling interval: 10878ms
  Thread calibration: mean lat.: 2997.538ms, rate sampling interval: 10756ms
  Thread calibration: mean lat.: 3054.338ms, rate sampling interval: 10969ms

-----------------------------------------------------------------------
Test Results @ http://10.10.1.2:5000 
  Thread Stats   Avg      Stdev     99%   +/- Stdev
    Latency    24.09s    10.44s   42.11s    57.75%
    Req/Sec   699.10      4.24   708.00     80.00%
  Latency Distribution (HdrHistogram - Recorded Latency)
 50.000%   24.10s 
 75.000%   33.08s 
 90.000%   38.54s 
 99.000%   42.11s 
 99.900%   43.19s 
 99.990%   43.68s 
 99.999%   43.84s 
100.000%   43.88s 

  Detailed Percentile spectrum:
       Value   Percentile   TotalCount 1/(1-Percentile)

    5259.263     0.000000            1         1.00
    9560.063     0.100000        16804         1.11
   13213.695     0.200000        33570         1.25
   16891.903     0.300000        50326         1.43
   20479.999     0.400000        67130         1.67
   24100.863     0.500000        83854         2.00
   25952.255     0.550000        92284         2.22
   27754.495     0.600000       100677         2.50
   29523.967     0.650000       109048         2.86
   31244.287     0.700000       117412         3.33
   33079.295     0.750000       125777         4.00
   34045.951     0.775000       130118         4.44
   34930.687     0.800000       134245         5.00
   35848.191     0.825000       138482         5.71
   36765.695     0.850000       142649         6.67
   37650.431     0.875000       146855         8.00
   38076.415     0.887500       148840         8.89
   38535.167     0.900000       151062        10.00
   38961.151     0.912500       153125        11.43
   39419.903     0.925000       155243        13.33
   39845.887     0.937500       157245        16.00
   40075.263     0.943750       158400        17.78
   40304.639     0.950000       159420        20.00
   40534.015     0.956250       160459        22.86
   40763.391     0.962500       161491        26.67
   40992.767     0.968750       162500        32.00
   41123.839     0.971875       162987        35.56
   41287.679     0.975000       163608        40.00
   41418.751     0.978125       164061        45.71
   41582.591     0.981250       164591        53.33
   41746.431     0.984375       165103        64.00
   41844.735     0.985938       165389        71.11
   41943.039     0.987500       165653        80.00
   42041.343     0.989062       165906        91.43
   42139.647     0.990625       166148       106.67
   42270.719     0.992188       166446       128.00
   42336.255     0.992969       166573       142.22
   42401.791     0.993750       166678       160.00
   42467.327     0.994531       166793       182.86
   42565.631     0.995313       166935       213.33
   42663.935     0.996094       167079       256.00
   42696.703     0.996484       167136       284.44
   42762.239     0.996875       167224       320.00
   42795.007     0.997266       167259       365.71
   42860.543     0.997656       167323       426.67
   42958.847     0.998047       167396       512.00
   42991.615     0.998242       167416       568.89
   43057.151     0.998437       167448       640.00
   43089.919     0.998633       167477       731.43
   43155.455     0.998828       167514       853.33
   43220.991     0.999023       167555      1024.00
   43220.991     0.999121       167555      1137.78
   43253.759     0.999219       167577      1280.00
   43286.527     0.999316       167593      1462.86
   43319.295     0.999414       167608      1706.67
   43352.063     0.999512       167621      2048.00
   43417.599     0.999561       167639      2275.56
   43417.599     0.999609       167639      2560.00
   43483.135     0.999658       167651      2925.71
   43515.903     0.999707       167659      3413.33
   43548.671     0.999756       167664      4096.00
   43581.439     0.999780       167673      4551.11
   43581.439     0.999805       167673      5120.00
   43614.207     0.999829       167680      5851.43
   43614.207     0.999854       167680      6826.67
   43646.975     0.999878       167684      8192.00
   43646.975     0.999890       167684      9102.22
   43679.743     0.999902       167688     10240.00
   43679.743     0.999915       167688     11702.86
   43712.511     0.999927       167690     13653.33
   43745.279     0.999939       167693     16384.00
   43745.279     0.999945       167693     18204.44
   43778.047     0.999951       167696     20480.00
   43778.047     0.999957       167696     23405.71
   43778.047     0.999963       167696     27306.67
   43810.815     0.999969       167697     32768.00
   43843.583     0.999973       167701     36408.89
   43843.583     0.999976       167701     40960.00
   43843.583     0.999979       167701     46811.43
   43843.583     0.999982       167701     54613.33
   43843.583     0.999985       167701     65536.00
   43843.583     0.999986       167701     72817.78
   43843.583     0.999988       167701     81920.00
   43843.583     0.999989       167701     93622.86
   43843.583     0.999991       167701    109226.67
   43843.583     0.999992       167701    131072.00
   43843.583     0.999993       167701    145635.56
   43843.583     0.999994       167701    163840.00
   43876.351     0.999995       167702    187245.71
   43876.351     1.000000       167702          inf
#[Mean    =    24086.769, StdDeviation   =    10444.270]
#[Max     =    43843.584, Total count    =       167702]
#[Buckets =           27, SubBuckets     =         2048]
-----------------------------------------------------------------------
  195175 requests in 1.17m, 477.92MB read
Requests/sec:   2788.14  
Transfer/sec:      6.83MB
