Running 1m test @ http://10.10.1.1:5000
  4 threads and 128 connections

  Thread calibration: mean lat.: 2.567ms, rate sampling interval: 10ms
  Thread calibration: mean lat.: 2.542ms, rate sampling interval: 10ms
  Thread calibration: mean lat.: 2.551ms, rate sampling interval: 10ms
  Thread calibration: mean lat.: 2.544ms, rate sampling interval: 10ms

-----------------------------------------------------------------------
Test Results @ http://10.10.1.1:5000 
  Thread Stats   Avg      Stdev     99%   +/- Stdev
    Latency     2.42ms  804.37us   5.24ms   78.51%
    Req/Sec     1.32k   384.57     2.33k    69.37%
  Latency Distribution (HdrHistogram - Recorded Latency)
 50.000%    2.22ms
 75.000%    2.76ms
 90.000%    3.42ms
 99.000%    5.24ms
 99.900%    7.16ms
 99.990%   11.71ms
 99.999%   17.09ms
100.000%   24.58ms

  Detailed Percentile spectrum:
       Value   Percentile   TotalCount 1/(1-Percentile)

       1.192     0.000000            1         1.00
       1.644     0.100000        30236         1.11
       1.805     0.200000        60434         1.25
       1.943     0.300000        90565         1.43
       2.075     0.400000       120642         1.67
       2.221     0.500000       150623         2.00
       2.305     0.550000       165848         2.22
       2.397     0.600000       180734         2.50
       2.505     0.650000       195946         2.86
       2.623     0.700000       210995         3.33
       2.759     0.750000       226048         4.00
       2.835     0.775000       233503         4.44
       2.919     0.800000       241046         5.00
       3.015     0.825000       248529         5.71
       3.127     0.850000       256075         6.67
       3.255     0.875000       263535         8.00
       3.333     0.887500       267296         8.89
       3.419     0.900000       271083        10.00
       3.517     0.912500       274839        11.43
       3.631     0.925000       278575        13.33
       3.771     0.937500       282345        16.00
       3.853     0.943750       284233        17.78
       3.947     0.950000       286103        20.00
       4.053     0.956250       287974        22.86
       4.175     0.962500       289855        26.67
       4.319     0.968750       291733        32.00
       4.403     0.971875       292694        35.56
       4.507     0.975000       293640        40.00
       4.615     0.978125       294588        45.71
       4.739     0.981250       295516        53.33
       4.883     0.984375       296441        64.00
       4.963     0.985938       296907        71.11
       5.059     0.987500       297389        80.00
       5.167     0.989062       297847        91.43
       5.295     0.990625       298318       106.67
       5.451     0.992188       298795       128.00
       5.531     0.992969       299031       142.22
       5.619     0.993750       299261       160.00
       5.719     0.994531       299499       182.86
       5.839     0.995313       299733       213.33
       5.987     0.996094       299966       256.00
       6.075     0.996484       300082       284.44
       6.171     0.996875       300199       320.00
       6.291     0.997266       300320       365.71
       6.415     0.997656       300435       426.67
       6.583     0.998047       300552       512.00
       6.683     0.998242       300611       568.89
       6.787     0.998437       300671       640.00
       6.879     0.998633       300731       731.43
       7.019     0.998828       300789       853.33
       7.171     0.999023       300846      1024.00
       7.227     0.999121       300879      1137.78
       7.367     0.999219       300906      1280.00
       7.479     0.999316       300935      1462.86
       7.619     0.999414       300964      1706.67
       7.871     0.999512       300994      2048.00
       7.991     0.999561       301008      2275.56
       8.187     0.999609       301023      2560.00
       8.367     0.999658       301038      2925.71
       8.591     0.999707       301053      3413.33
       8.895     0.999756       301067      4096.00
       9.263     0.999780       301074      4551.11
       9.615     0.999805       301082      5120.00
       9.935     0.999829       301089      5851.43
      10.191     0.999854       301096      6826.67
      10.975     0.999878       301104      8192.00
      11.271     0.999890       301107      9102.22
      11.855     0.999902       301111     10240.00
      12.327     0.999915       301115     11702.86
      12.759     0.999927       301118     13653.33
      13.303     0.999939       301122     16384.00
      13.911     0.999945       301124     18204.44
      14.071     0.999951       301126     20480.00
      14.431     0.999957       301128     23405.71
      14.631     0.999963       301129     27306.67
      15.503     0.999969       301131     32768.00
      15.783     0.999973       301132     36408.89
      15.847     0.999976       301133     40960.00
      16.007     0.999979       301134     46811.43
      16.263     0.999982       301135     54613.33
      17.055     0.999985       301136     65536.00
      17.055     0.999986       301136     72817.78
      17.087     0.999988       301137     81920.00
      17.087     0.999989       301137     93622.86
      17.135     0.999991       301138    109226.67
      17.135     0.999992       301138    131072.00
      17.135     0.999993       301138    145635.56
      17.791     0.999994       301139    163840.00
      17.791     0.999995       301139    187245.71
      17.791     0.999995       301139    218453.33
      17.791     0.999996       301139    262144.00
      17.791     0.999997       301139    291271.11
      24.575     0.999997       301140    327680.00
      24.575     1.000000       301140          inf
#[Mean    =        2.421, StdDeviation   =        0.804]
#[Max     =       24.560, Total count    =       301140]
#[Buckets =           27, SubBuckets     =         2048]
-----------------------------------------------------------------------
  351048 requests in 1.17m, 95.48MB read
Requests/sec:   5015.02  
Transfer/sec:      1.36MB
