Running 1m test @ http://10.10.1.2:5000
  4 threads and 128 connections

  Thread calibration: mean lat.: 1.059ms, rate sampling interval: 10ms
  Thread calibration: mean lat.: 1.068ms, rate sampling interval: 10ms
  Thread calibration: mean lat.: 1.071ms, rate sampling interval: 10ms
  Thread calibration: mean lat.: 1.013ms, rate sampling interval: 10ms

-----------------------------------------------------------------------
Test Results @ http://10.10.1.2:5000 
  Thread Stats   Avg      Stdev     99%   +/- Stdev
    Latency     0.99ms  361.89us   2.31ms   83.72%
    Req/Sec     1.32k   381.15     2.30k    69.81%
  Latency Distribution (HdrHistogram - Recorded Latency)
 50.000%    0.86ms
 75.000%    1.08ms
 90.000%    1.50ms
 99.000%    2.31ms
 99.900%    3.11ms
 99.990%    3.90ms
 99.999%    4.39ms
100.000%    4.99ms

  Detailed Percentile spectrum:
       Value   Percentile   TotalCount 1/(1-Percentile)

       0.318     0.000000            1         1.00
       0.706     0.100000        30182         1.11
       0.752     0.200000        60812         1.25
       0.788     0.300000        90593         1.43
       0.824     0.400000       121142         1.67
       0.863     0.500000       151058         2.00
       0.885     0.550000       165670         2.22
       0.913     0.600000       181207         2.50
       0.946     0.650000       195883         2.86
       0.995     0.700000       211042         3.33
       1.076     0.750000       225963         4.00
       1.141     0.775000       233494         4.44
       1.214     0.800000       241045         5.00
       1.281     0.825000       248545         5.71
       1.347     0.850000       256046         6.67
       1.419     0.875000       263644         8.00
       1.456     0.887500       267338         8.89
       1.498     0.900000       271123        10.00
       1.544     0.912500       274898        11.43
       1.596     0.925000       278658        13.33
       1.658     0.937500       282408        16.00
       1.695     0.943750       284267        17.78
       1.740     0.950000       286154        20.00
       1.790     0.956250       288029        22.86
       1.848     0.962500       289924        26.67
       1.918     0.968750       291796        32.00
       1.958     0.971875       292738        35.56
       2.002     0.975000       293697        40.00
       2.049     0.978125       294630        45.71
       2.099     0.981250       295586        53.33
       2.157     0.984375       296499        64.00
       2.193     0.985938       296977        71.11
       2.231     0.987500       297438        80.00
       2.277     0.989062       297920        91.43
       2.331     0.990625       298391       106.67
       2.397     0.992188       298851       128.00
       2.435     0.992969       299098       142.22
       2.481     0.993750       299327       160.00
       2.531     0.994531       299556       182.86
       2.589     0.995313       299795       213.33
       2.651     0.996094       300027       256.00
       2.685     0.996484       300151       284.44
       2.725     0.996875       300263       320.00
       2.771     0.997266       300380       365.71
       2.827     0.997656       300498       426.67
       2.883     0.998047       300618       512.00
       2.921     0.998242       300676       568.89
       2.955     0.998437       300733       640.00
       2.997     0.998633       300793       731.43
       3.055     0.998828       300851       853.33
       3.121     0.999023       300910      1024.00
       3.163     0.999121       300940      1137.78
       3.211     0.999219       300968      1280.00
       3.253     0.999316       300999      1462.86
       3.333     0.999414       301027      1706.67
       3.387     0.999512       301057      2048.00
       3.425     0.999561       301071      2275.56
       3.471     0.999609       301086      2560.00
       3.511     0.999658       301101      2925.71
       3.555     0.999707       301115      3413.33
       3.645     0.999756       301130      4096.00
       3.665     0.999780       301137      4551.11
       3.709     0.999805       301146      5120.00
       3.769     0.999829       301152      5851.43
       3.793     0.999854       301159      6826.67
       3.829     0.999878       301167      8192.00
       3.841     0.999890       301170      9102.22
       3.913     0.999902       301174     10240.00
       3.933     0.999915       301178     11702.86
       3.981     0.999927       301181     13653.33
       4.039     0.999939       301185     16384.00
       4.081     0.999945       301187     18204.44
       4.103     0.999951       301189     20480.00
       4.115     0.999957       301191     23405.71
       4.131     0.999963       301192     27306.67
       4.171     0.999969       301194     32768.00
       4.191     0.999973       301195     36408.89
       4.223     0.999976       301196     40960.00
       4.259     0.999979       301197     46811.43
       4.311     0.999982       301198     54613.33
       4.375     0.999985       301199     65536.00
       4.375     0.999986       301199     72817.78
       4.391     0.999988       301200     81920.00
       4.391     0.999989       301200     93622.86
       4.563     0.999991       301201    109226.67
       4.563     0.999992       301201    131072.00
       4.563     0.999993       301201    145635.56
       4.591     0.999994       301202    163840.00
       4.591     0.999995       301202    187245.71
       4.591     0.999995       301202    218453.33
       4.591     0.999996       301202    262144.00
       4.591     0.999997       301202    291271.11
       4.987     0.999997       301203    327680.00
       4.987     1.000000       301203          inf
#[Mean    =        0.994, StdDeviation   =        0.362]
#[Max     =        4.984, Total count    =       301203]
#[Buckets =           27, SubBuckets     =         2048]
-----------------------------------------------------------------------
  349832 requests in 1.17m, 196.03MB read
Requests/sec:   4997.74  
Transfer/sec:      2.80MB
