Running 1m test @ http://10.10.1.1:5000
  4 threads and 128 connections

  Thread calibration: mean lat.: 2.420ms, rate sampling interval: 10ms
  Thread calibration: mean lat.: 2.380ms, rate sampling interval: 10ms
  Thread calibration: mean lat.: 2.423ms, rate sampling interval: 10ms
  Thread calibration: mean lat.: 2.428ms, rate sampling interval: 10ms

-----------------------------------------------------------------------
Test Results @ http://10.10.1.1:5000 
  Thread Stats   Avg      Stdev     99%   +/- Stdev
    Latency     2.38ms  777.49us   5.16ms   78.14%
    Req/Sec     1.32k   385.79     2.33k    69.14%
  Latency Distribution (HdrHistogram - Recorded Latency)
 50.000%    2.19ms
 75.000%    2.72ms
 90.000%    3.36ms
 99.000%    5.16ms
 99.900%    6.91ms
 99.990%    9.03ms
 99.999%   10.20ms
100.000%   12.06ms

  Detailed Percentile spectrum:
       Value   Percentile   TotalCount 1/(1-Percentile)

       1.156     0.000000            1         1.00
       1.628     0.100000        30187         1.11
       1.782     0.200000        60461         1.25
       1.916     0.300000        90477         1.43
       2.045     0.400000       120553         1.67
       2.189     0.500000       150838         2.00
       2.271     0.550000       165958         2.22
       2.363     0.600000       180981         2.50
       2.465     0.650000       195817         2.86
       2.583     0.700000       211018         3.33
       2.717     0.750000       226089         4.00
       2.791     0.775000       233584         4.44
       2.873     0.800000       241016         5.00
       2.965     0.825000       248612         5.71
       3.073     0.850000       256122         6.67
       3.199     0.875000       263603         8.00
       3.273     0.887500       267386         8.89
       3.357     0.900000       271147        10.00
       3.451     0.912500       274881        11.43
       3.563     0.925000       278636        13.33
       3.701     0.937500       282378        16.00
       3.783     0.943750       284284        17.78
       3.877     0.950000       286151        20.00
       3.981     0.956250       288036        22.86
       4.103     0.962500       289935        26.67
       4.247     0.968750       291799        32.00
       4.331     0.971875       292737        35.56
       4.431     0.975000       293675        40.00
       4.539     0.978125       294624        45.71
       4.663     0.981250       295562        53.33
       4.811     0.984375       296520        64.00
       4.883     0.985938       296969        71.11
       4.979     0.987500       297450        80.00
       5.091     0.989062       297923        91.43
       5.211     0.990625       298393       106.67
       5.351     0.992188       298854       128.00
       5.431     0.992969       299093       142.22
       5.523     0.993750       299325       160.00
       5.607     0.994531       299558       182.86
       5.711     0.995313       299795       213.33
       5.851     0.996094       300030       256.00
       5.943     0.996484       300149       284.44
       6.035     0.996875       300264       320.00
       6.131     0.997266       300386       365.71
       6.223     0.997656       300504       426.67
       6.387     0.998047       300615       512.00
       6.471     0.998242       300674       568.89
       6.539     0.998437       300734       640.00
       6.663     0.998633       300793       731.43
       6.795     0.998828       300852       853.33
       6.919     0.999023       300909      1024.00
       7.003     0.999121       300943      1137.78
       7.067     0.999219       300968      1280.00
       7.207     0.999316       300998      1462.86
       7.335     0.999414       301027      1706.67
       7.463     0.999512       301056      2048.00
       7.567     0.999561       301071      2275.56
       7.663     0.999609       301086      2560.00
       7.839     0.999658       301102      2925.71
       7.919     0.999707       301115      3413.33
       8.079     0.999756       301131      4096.00
       8.167     0.999780       301137      4551.11
       8.407     0.999805       301146      5120.00
       8.591     0.999829       301152      5851.43
       8.719     0.999854       301159      6826.67
       8.895     0.999878       301167      8192.00
       8.967     0.999890       301170      9102.22
       9.047     0.999902       301174     10240.00
       9.191     0.999915       301178     11702.86
       9.375     0.999927       301181     13653.33
       9.503     0.999939       301185     16384.00
       9.519     0.999945       301187     18204.44
       9.599     0.999951       301189     20480.00
       9.703     0.999957       301191     23405.71
       9.719     0.999963       301192     27306.67
       9.783     0.999969       301194     32768.00
       9.823     0.999973       301195     36408.89
       9.991     0.999976       301196     40960.00
      10.079     0.999979       301197     46811.43
      10.087     0.999982       301199     54613.33
      10.087     0.999985       301199     65536.00
      10.087     0.999986       301199     72817.78
      10.199     0.999988       301200     81920.00
      10.199     0.999989       301200     93622.86
      10.391     0.999991       301201    109226.67
      10.391     0.999992       301201    131072.00
      10.391     0.999993       301201    145635.56
      11.407     0.999994       301202    163840.00
      11.407     0.999995       301202    187245.71
      11.407     0.999995       301202    218453.33
      11.407     0.999996       301202    262144.00
      11.407     0.999997       301202    291271.11
      12.063     0.999997       301203    327680.00
      12.063     1.000000       301203          inf
#[Mean    =        2.384, StdDeviation   =        0.777]
#[Max     =       12.056, Total count    =       301203]
#[Buckets =           27, SubBuckets     =         2048]
-----------------------------------------------------------------------
  349821 requests in 1.17m, 94.05MB read
Requests/sec:   4997.57  
Transfer/sec:      1.34MB
