Running 1m test @ http://10.10.1.1:5000
  4 threads and 128 connections

  Thread calibration: mean lat.: 3.202ms, rate sampling interval: 10ms
  Thread calibration: mean lat.: 3.311ms, rate sampling interval: 10ms
  Thread calibration: mean lat.: 3.298ms, rate sampling interval: 10ms
  Thread calibration: mean lat.: 3.285ms, rate sampling interval: 10ms

-----------------------------------------------------------------------
Test Results @ http://10.10.1.1:5000 
  Thread Stats   Avg      Stdev     99%   +/- Stdev
    Latency     3.22ms    1.33ms   7.98ms   79.58%
    Req/Sec     1.85k   474.61     3.10k    68.72%
  Latency Distribution (HdrHistogram - Recorded Latency)
 50.000%    2.90ms
 75.000%    3.73ms
 90.000%    4.85ms
 99.000%    7.98ms
 99.900%   11.53ms
 99.990%   17.58ms
 99.999%   21.60ms
100.000%   24.94ms

  Detailed Percentile spectrum:
       Value   Percentile   TotalCount 1/(1-Percentile)

       1.183     0.000000            1         1.00
       1.947     0.100000        42054         1.11
       2.195     0.200000        84288         1.25
       2.421     0.300000       126173         1.43
       2.655     0.400000       168235         1.67
       2.903     0.500000       210424         2.00
       3.037     0.550000       231475         2.22
       3.181     0.600000       252490         2.50
       3.339     0.650000       273258         2.86
       3.519     0.700000       294435         3.33
       3.731     0.750000       315447         4.00
       3.853     0.775000       325855         4.44
       3.991     0.800000       336373         5.00
       4.151     0.825000       347023         5.71
       4.339     0.850000       357468         6.67
       4.563     0.875000       367825         8.00
       4.699     0.887500       373084         8.89
       4.851     0.900000       378426        10.00
       5.027     0.912500       383631        11.43
       5.227     0.925000       388879        13.33
       5.467     0.937500       394132        16.00
       5.607     0.943750       396735        17.78
       5.767     0.950000       399352        20.00
       5.955     0.956250       402027        22.86
       6.167     0.962500       404621        26.67
       6.407     0.968750       407269        32.00
       6.547     0.971875       408554        35.56
       6.711     0.975000       409876        40.00
       6.891     0.978125       411185        45.71
       7.115     0.981250       412507        53.33
       7.355     0.984375       413808        64.00
       7.495     0.985938       414464        71.11
       7.663     0.987500       415114        80.00
       7.843     0.989062       415771        91.43
       8.079     0.990625       416438       106.67
       8.343     0.992188       417095       128.00
       8.495     0.992969       417420       142.22
       8.663     0.993750       417757       160.00
       8.863     0.994531       418082       182.86
       9.095     0.995313       418401       213.33
       9.391     0.996094       418732       256.00
       9.559     0.996484       418891       284.44
       9.759     0.996875       419056       320.00
       9.983     0.997266       419219       365.71
      10.199     0.997656       419384       426.67
      10.471     0.998047       419547       512.00
      10.631     0.998242       419630       568.89
      10.823     0.998437       419712       640.00
      11.031     0.998633       419795       731.43
      11.279     0.998828       419879       853.33
      11.559     0.999023       419959      1024.00
      11.735     0.999121       419999      1137.78
      11.927     0.999219       420040      1280.00
      12.127     0.999316       420081      1462.86
      12.407     0.999414       420123      1706.67
      12.815     0.999512       420163      2048.00
      13.039     0.999561       420186      2275.56
      13.343     0.999609       420204      2560.00
      13.615     0.999658       420225      2925.71
      14.231     0.999707       420245      3413.33
      14.807     0.999756       420266      4096.00
      15.023     0.999780       420276      4551.11
      15.831     0.999805       420286      5120.00
      16.375     0.999829       420297      5851.43
      16.735     0.999854       420308      6826.67
      17.263     0.999878       420317      8192.00
      17.471     0.999890       420322      9102.22
      17.583     0.999902       420328     10240.00
      17.967     0.999915       420334     11702.86
      18.127     0.999927       420338     13653.33
      18.543     0.999939       420343     16384.00
      18.735     0.999945       420345     18204.44
      19.151     0.999951       420348     20480.00
      19.231     0.999957       420351     23405.71
      19.279     0.999963       420353     27306.67
      19.535     0.999969       420356     32768.00
      19.823     0.999973       420357     36408.89
      19.919     0.999976       420358     40960.00
      20.287     0.999979       420360     46811.43
      20.335     0.999982       420361     54613.33
      20.671     0.999985       420363     65536.00
      20.671     0.999986       420363     72817.78
      20.671     0.999988       420363     81920.00
      21.599     0.999989       420364     93622.86
      22.095     0.999991       420365    109226.67
      22.095     0.999992       420365    131072.00
      22.319     0.999993       420366    145635.56
      22.319     0.999994       420366    163840.00
      22.319     0.999995       420366    187245.71
      23.247     0.999995       420367    218453.33
      23.247     0.999996       420367    262144.00
      23.247     0.999997       420367    291271.11
      23.247     0.999997       420367    327680.00
      23.247     0.999997       420367    374491.43
      24.943     0.999998       420368    436906.67
      24.943     1.000000       420368          inf
#[Mean    =        3.216, StdDeviation   =        1.335]
#[Max     =       24.928, Total count    =       420368]
#[Buckets =           27, SubBuckets     =         2048]
-----------------------------------------------------------------------
  488727 requests in 1.17m, 131.54MB read
Requests/sec:   6981.84  
Transfer/sec:      1.88MB
