Running 1m test @ http://10.10.1.1:5000
  4 threads and 128 connections

  Thread calibration: mean lat.: 2.066ms, rate sampling interval: 10ms
  Thread calibration: mean lat.: 2.038ms, rate sampling interval: 10ms
  Thread calibration: mean lat.: 2.063ms, rate sampling interval: 10ms
  Thread calibration: mean lat.: 1.890ms, rate sampling interval: 10ms

-----------------------------------------------------------------------
Test Results @ http://10.10.1.1:5000 
  Thread Stats   Avg      Stdev     99%   +/- Stdev
    Latency     1.73ms  463.20us   3.83ms   89.49%
    Req/Sec   264.15    167.70   700.00     74.61%
  Latency Distribution (HdrHistogram - Recorded Latency)
 50.000%    1.64ms
 75.000%    1.83ms
 90.000%    2.11ms
 99.000%    3.83ms
 99.900%    5.37ms
 99.990%    6.73ms
 99.999%    7.63ms
100.000%    8.29ms

  Detailed Percentile spectrum:
       Value   Percentile   TotalCount 1/(1-Percentile)

       1.119     0.000000            1         1.00
       1.353     0.100000         6054         1.11
       1.422     0.200000        12053         1.25
       1.490     0.300000        18095         1.43
       1.568     0.400000        24081         1.67
       1.643     0.500000        30066         2.00
       1.678     0.550000        33112         2.22
       1.712     0.600000        36144         2.50
       1.746     0.650000        39080         2.86
       1.782     0.700000        42093         3.33
       1.825     0.750000        45141         4.00
       1.848     0.775000        46596         4.44
       1.876     0.800000        48120         5.00
       1.910     0.825000        49611         5.71
       1.953     0.850000        51117         6.67
       2.014     0.875000        52609         8.00
       2.057     0.887500        53379         8.89
       2.111     0.900000        54121        10.00
       2.183     0.912500        54863        11.43
       2.271     0.925000        55619        13.33
       2.379     0.937500        56361        16.00
       2.449     0.943750        56744        17.78
       2.521     0.950000        57122        20.00
       2.617     0.956250        57495        22.86
       2.725     0.962500        57868        26.67
       2.859     0.968750        58243        32.00
       2.943     0.971875        58433        35.56
       3.037     0.975000        58618        40.00
       3.157     0.978125        58805        45.71
       3.275     0.981250        58993        53.33
       3.441     0.984375        59180        64.00
       3.547     0.985938        59274        71.11
       3.643     0.987500        59367        80.00
       3.755     0.989062        59462        91.43
       3.871     0.990625        59557       106.67
       3.975     0.992188        59649       128.00
       4.023     0.992969        59696       142.22
       4.093     0.993750        59744       160.00
       4.167     0.994531        59790       182.86
       4.239     0.995313        59837       213.33
       4.359     0.996094        59885       256.00
       4.451     0.996484        59907       284.44
       4.543     0.996875        59931       320.00
       4.663     0.997266        59955       365.71
       4.811     0.997656        59978       426.67
       4.959     0.998047        60001       512.00
       5.019     0.998242        60013       568.89
       5.115     0.998437        60025       640.00
       5.203     0.998633        60036       731.43
       5.299     0.998828        60048       853.33
       5.367     0.999023        60060      1024.00
       5.463     0.999121        60066      1137.78
       5.579     0.999219        60072      1280.00
       5.647     0.999316        60077      1462.86
       5.871     0.999414        60083      1706.67
       6.007     0.999512        60090      2048.00
       6.027     0.999561        60092      2275.56
       6.119     0.999609        60095      2560.00
       6.159     0.999658        60098      2925.71
       6.307     0.999707        60101      3413.33
       6.403     0.999756        60104      4096.00
       6.447     0.999780        60105      4551.11
       6.591     0.999805        60107      5120.00
       6.619     0.999829        60108      5851.43
       6.667     0.999854        60110      6826.67
       6.687     0.999878        60111      8192.00
       6.731     0.999890        60112      9102.22
       6.807     0.999902        60113     10240.00
       6.807     0.999915        60113     11702.86
       6.823     0.999927        60114     13653.33
       7.455     0.999939        60115     16384.00
       7.455     0.999945        60115     18204.44
       7.507     0.999951        60116     20480.00
       7.507     0.999957        60116     23405.71
       7.507     0.999963        60116     27306.67
       7.627     0.999969        60117     32768.00
       7.627     0.999973        60117     36408.89
       7.627     0.999976        60117     40960.00
       7.627     0.999979        60117     46811.43
       7.627     0.999982        60117     54613.33
       8.287     0.999985        60118     65536.00
       8.287     1.000000        60118          inf
#[Mean    =        1.728, StdDeviation   =        0.463]
#[Max     =        8.280, Total count    =        60118]
#[Buckets =           27, SubBuckets     =         2048]
-----------------------------------------------------------------------
  69805 requests in 1.17m, 18.76MB read
Requests/sec:    997.21  
Transfer/sec:    274.44KB
