Running 1m test @ http://10.10.1.1:5000
  4 threads and 128 connections

  Thread calibration: mean lat.: 2.321ms, rate sampling interval: 10ms
  Thread calibration: mean lat.: 2.319ms, rate sampling interval: 10ms
  Thread calibration: mean lat.: 2.258ms, rate sampling interval: 10ms
  Thread calibration: mean lat.: 2.325ms, rate sampling interval: 10ms

-----------------------------------------------------------------------
Test Results @ http://10.10.1.1:5000 
  Thread Stats   Avg      Stdev     99%   +/- Stdev
    Latency     2.25ms  621.34us   4.45ms   77.55%
    Req/Sec   791.74    294.92     1.55k    68.65%
  Latency Distribution (HdrHistogram - Recorded Latency)
 50.000%    2.11ms
 75.000%    2.49ms
 90.000%    3.04ms
 99.000%    4.45ms
 99.900%    5.93ms
 99.990%    7.25ms
 99.999%    8.12ms
100.000%    8.65ms

  Detailed Percentile spectrum:
       Value   Percentile   TotalCount 1/(1-Percentile)

       1.200     0.000000            1         1.00
       1.641     0.100000        18140         1.11
       1.768     0.200000        36153         1.25
       1.884     0.300000        54073         1.43
       1.996     0.400000        72217         1.67
       2.107     0.500000        90408         2.00
       2.165     0.550000        99153         2.22
       2.231     0.600000       108247         2.50
       2.303     0.650000       117236         2.86
       2.389     0.700000       126251         3.33
       2.495     0.750000       135229         4.00
       2.559     0.775000       139746         4.44
       2.631     0.800000       144218         5.00
       2.713     0.825000       148781         5.71
       2.803     0.850000       153246         6.67
       2.909     0.875000       157740         8.00
       2.971     0.887500       160012         8.89
       3.037     0.900000       162226        10.00
       3.115     0.912500       164477        11.43
       3.207     0.925000       166742        13.33
       3.313     0.937500       168978        16.00
       3.373     0.943750       170107        17.78
       3.445     0.950000       171241        20.00
       3.519     0.956250       172365        22.86
       3.615     0.962500       173483        26.67
       3.725     0.968750       174608        32.00
       3.791     0.971875       175182        35.56
       3.869     0.975000       175742        40.00
       3.955     0.978125       176296        45.71
       4.053     0.981250       176861        53.33
       4.171     0.984375       177428        64.00
       4.243     0.985938       177712        71.11
       4.323     0.987500       177997        80.00
       4.399     0.989062       178271        91.43
       4.487     0.990625       178549       106.67
       4.607     0.992188       178828       128.00
       4.675     0.992969       178970       142.22
       4.747     0.993750       179110       160.00
       4.831     0.994531       179255       182.86
       4.927     0.995313       179397       213.33
       5.039     0.996094       179532       256.00
       5.123     0.996484       179603       284.44
       5.211     0.996875       179676       320.00
       5.303     0.997266       179746       365.71
       5.411     0.997656       179814       426.67
       5.535     0.998047       179885       512.00
       5.611     0.998242       179920       568.89
       5.659     0.998437       179957       640.00
       5.735     0.998633       179990       731.43
       5.827     0.998828       180026       853.33
       5.959     0.999023       180060      1024.00
       6.047     0.999121       180078      1137.78
       6.115     0.999219       180097      1280.00
       6.171     0.999316       180113      1462.86
       6.275     0.999414       180131      1706.67
       6.359     0.999512       180148      2048.00
       6.415     0.999561       180158      2275.56
       6.459     0.999609       180166      2560.00
       6.531     0.999658       180175      2925.71
       6.607     0.999707       180184      3413.33
       6.763     0.999756       180192      4096.00
       6.815     0.999780       180197      4551.11
       6.851     0.999805       180201      5120.00
       6.955     0.999829       180206      5851.43
       7.095     0.999854       180210      6826.67
       7.175     0.999878       180214      8192.00
       7.223     0.999890       180217      9102.22
       7.283     0.999902       180219     10240.00
       7.299     0.999915       180221     11702.86
       7.407     0.999927       180223     13653.33
       7.459     0.999939       180225     16384.00
       7.579     0.999945       180227     18204.44
       7.699     0.999951       180228     20480.00
       7.927     0.999957       180229     23405.71
       7.967     0.999963       180230     27306.67
       7.975     0.999969       180231     32768.00
       8.055     0.999973       180232     36408.89
       8.055     0.999976       180232     40960.00
       8.115     0.999979       180233     46811.43
       8.115     0.999982       180233     54613.33
       8.119     0.999985       180234     65536.00
       8.119     0.999986       180234     72817.78
       8.119     0.999988       180234     81920.00
       8.399     0.999989       180235     93622.86
       8.399     0.999991       180235    109226.67
       8.399     0.999992       180235    131072.00
       8.399     0.999993       180235    145635.56
       8.399     0.999994       180235    163840.00
       8.647     0.999995       180236    187245.71
       8.647     1.000000       180236          inf
#[Mean    =        2.249, StdDeviation   =        0.621]
#[Max     =        8.640, Total count    =       180236]
#[Buckets =           27, SubBuckets     =         2048]
-----------------------------------------------------------------------
  209484 requests in 1.17m, 56.33MB read
Requests/sec:   2992.52  
Transfer/sec:    823.99KB
