Running 1m test @ http://10.10.1.2:5000
  4 threads and 128 connections

  Thread calibration: mean lat.: 0.885ms, rate sampling interval: 10ms
  Thread calibration: mean lat.: 0.891ms, rate sampling interval: 10ms
  Thread calibration: mean lat.: 0.897ms, rate sampling interval: 10ms
  Thread calibration: mean lat.: 0.881ms, rate sampling interval: 10ms

-----------------------------------------------------------------------
Test Results @ http://10.10.1.2:5000 
  Thread Stats   Avg      Stdev     99%   +/- Stdev
    Latency     0.92ms  533.77us   2.98ms   86.55%
    Req/Sec     2.37k   534.25     3.70k    70.00%
  Latency Distribution (HdrHistogram - Recorded Latency)
 50.000%  718.00us
 75.000%    1.03ms
 90.000%    1.60ms
 99.000%    2.98ms
 99.900%    4.39ms
 99.990%    6.16ms
 99.999%    7.93ms
100.000%    8.49ms

  Detailed Percentile spectrum:
       Value   Percentile   TotalCount 1/(1-Percentile)

       0.255     0.000000            1         1.00
       0.525     0.100000        54514         1.11
       0.580     0.200000       108537         1.25
       0.625     0.300000       162947         1.43
       0.668     0.400000       216158         1.67
       0.718     0.500000       270501         2.00
       0.748     0.550000       297590         2.22
       0.785     0.600000       324479         2.50
       0.835     0.650000       351504         2.86
       0.912     0.700000       378339         3.33
       1.032     0.750000       405398         4.00
       1.105     0.775000       418754         4.44
       1.186     0.800000       432350         5.00
       1.272     0.825000       445907         5.71
       1.367     0.850000       459313         6.67
       1.478     0.875000       472880         8.00
       1.538     0.887500       479607         8.89
       1.604     0.900000       486345        10.00
       1.680     0.912500       493089        11.43
       1.769     0.925000       499840        13.33
       1.877     0.937500       506616        16.00
       1.936     0.943750       509953        17.78
       2.006     0.950000       513340        20.00
       2.083     0.956250       516757        22.86
       2.173     0.962500       520073        26.67
       2.277     0.968750       523441        32.00
       2.341     0.971875       525161        35.56
       2.411     0.975000       526823        40.00
       2.493     0.978125       528515        45.71
       2.587     0.981250       530203        53.33
       2.703     0.984375       531915        64.00
       2.769     0.985938       532747        71.11
       2.841     0.987500       533586        80.00
       2.927     0.989062       534425        91.43
       3.023     0.990625       535264       106.67
       3.141     0.992188       536109       128.00
       3.209     0.992969       536534       142.22
       3.283     0.993750       536952       160.00
       3.369     0.994531       537378       182.86
       3.473     0.995313       537797       213.33
       3.585     0.996094       538222       256.00
       3.653     0.996484       538434       284.44
       3.723     0.996875       538640       320.00
       3.813     0.997266       538851       365.71
       3.903     0.997656       539064       426.67
       4.031     0.998047       539276       512.00
       4.095     0.998242       539382       568.89
       4.155     0.998437       539484       640.00
       4.235     0.998633       539596       731.43
       4.319     0.998828       539696       853.33
       4.403     0.999023       539803      1024.00
       4.471     0.999121       539854      1137.78
       4.543     0.999219       539908      1280.00
       4.599     0.999316       539958      1462.86
       4.707     0.999414       540010      1706.67
       4.835     0.999512       540063      2048.00
       4.951     0.999561       540090      2275.56
       5.015     0.999609       540115      2560.00
       5.067     0.999658       540143      2925.71
       5.159     0.999707       540169      3413.33
       5.319     0.999756       540195      4096.00
       5.407     0.999780       540208      4551.11
       5.499     0.999805       540221      5120.00
       5.615     0.999829       540234      5851.43
       5.795     0.999854       540248      6826.67
       5.967     0.999878       540261      8192.00
       6.031     0.999890       540267      9102.22
       6.195     0.999902       540274     10240.00
       6.327     0.999915       540280     11702.86
       6.511     0.999927       540287     13653.33
       6.667     0.999939       540294     16384.00
       6.735     0.999945       540297     18204.44
       6.803     0.999951       540300     20480.00
       6.859     0.999957       540303     23405.71
       6.947     0.999963       540307     27306.67
       7.399     0.999969       540310     32768.00
       7.503     0.999973       540312     36408.89
       7.603     0.999976       540313     40960.00
       7.651     0.999979       540315     46811.43
       7.743     0.999982       540317     54613.33
       7.771     0.999985       540318     65536.00
       7.827     0.999986       540319     72817.78
       7.831     0.999988       540320     81920.00
       7.927     0.999989       540321     93622.86
       8.031     0.999991       540323    109226.67
       8.031     0.999992       540323    131072.00
       8.031     0.999993       540323    145635.56
       8.031     0.999994       540323    163840.00
       8.375     0.999995       540324    187245.71
       8.375     0.999995       540324    218453.33
       8.375     0.999996       540324    262144.00
       8.415     0.999997       540325    291271.11
       8.415     0.999997       540325    327680.00
       8.415     0.999997       540325    374491.43
       8.415     0.999998       540325    436906.67
       8.415     0.999998       540325    524288.00
       8.495     0.999998       540326    582542.22
       8.495     1.000000       540326          inf
#[Mean    =        0.917, StdDeviation   =        0.534]
#[Max     =        8.488, Total count    =       540326]
#[Buckets =           27, SubBuckets     =         2048]
-----------------------------------------------------------------------
  628311 requests in 1.17m, 127.63MB read
Requests/sec:   8976.09  
Transfer/sec:      1.82MB
