Running 1m test @ http://10.10.1.1:5000
  4 threads and 128 connections

  Thread calibration: mean lat.: 2.302ms, rate sampling interval: 10ms
  Thread calibration: mean lat.: 2.325ms, rate sampling interval: 10ms
  Thread calibration: mean lat.: 2.335ms, rate sampling interval: 10ms
  Thread calibration: mean lat.: 2.310ms, rate sampling interval: 10ms

-----------------------------------------------------------------------
Test Results @ http://10.10.1.1:5000 
  Thread Stats   Avg      Stdev     99%   +/- Stdev
    Latency     2.26ms  612.89us   4.46ms   77.51%
    Req/Sec   792.74    290.80     1.55k    63.77%
  Latency Distribution (HdrHistogram - Recorded Latency)
 50.000%    2.12ms
 75.000%    2.51ms
 90.000%    3.04ms
 99.000%    4.46ms
 99.900%    5.90ms
 99.990%    7.12ms
 99.999%    7.70ms
100.000%    8.15ms

  Detailed Percentile spectrum:
       Value   Percentile   TotalCount 1/(1-Percentile)

       1.211     0.000000            1         1.00
       1.659     0.100000        15097         1.11
       1.788     0.200000        30167         1.25
       1.902     0.300000        45231         1.43
       2.013     0.400000        60273         1.67
       2.123     0.500000        75275         2.00
       2.181     0.550000        82687         2.22
       2.247     0.600000        90360         2.50
       2.319     0.650000        97909         2.86
       2.403     0.700000       105341         3.33
       2.505     0.750000       112765         4.00
       2.567     0.775000       116612         4.44
       2.637     0.800000       120337         5.00
       2.713     0.825000       124035         5.71
       2.803     0.850000       127793         6.67
       2.911     0.875000       131601         8.00
       2.969     0.887500       133475         8.89
       3.035     0.900000       135342        10.00
       3.109     0.912500       137225        11.43
       3.193     0.925000       139082        13.33
       3.297     0.937500       140944        16.00
       3.361     0.943750       141898        17.78
       3.431     0.950000       142829        20.00
       3.511     0.956250       143775        22.86
       3.603     0.962500       144716        26.67
       3.719     0.968750       145652        32.00
       3.785     0.971875       146118        35.56
       3.861     0.975000       146582        40.00
       3.945     0.978125       147055        45.71
       4.053     0.981250       147531        53.33
       4.175     0.984375       147997        64.00
       4.247     0.985938       148232        71.11
       4.319     0.987500       148462        80.00
       4.407     0.989062       148700        91.43
       4.511     0.990625       148939       106.67
       4.619     0.992188       149166       128.00
       4.691     0.992969       149285       142.22
       4.767     0.993750       149399       160.00
       4.843     0.994531       149517       182.86
       4.935     0.995313       149639       213.33
       5.039     0.996094       149752       256.00
       5.111     0.996484       149810       284.44
       5.183     0.996875       149873       320.00
       5.259     0.997266       149927       365.71
       5.367     0.997656       149986       426.67
       5.495     0.998047       150045       512.00
       5.551     0.998242       150075       568.89
       5.611     0.998437       150106       640.00
       5.683     0.998633       150133       731.43
       5.767     0.998828       150162       853.33
       5.919     0.999023       150192      1024.00
       5.971     0.999121       150206      1137.78
       6.047     0.999219       150221      1280.00
       6.127     0.999316       150236      1462.86
       6.227     0.999414       150250      1706.67
       6.299     0.999512       150265      2048.00
       6.359     0.999561       150272      2275.56
       6.411     0.999609       150280      2560.00
       6.455     0.999658       150287      2925.71
       6.515     0.999707       150294      3413.33
       6.575     0.999756       150303      4096.00
       6.591     0.999780       150305      4551.11
       6.703     0.999805       150309      5120.00
       6.755     0.999829       150313      5851.43
       6.947     0.999854       150317      6826.67
       7.083     0.999878       150320      8192.00
       7.111     0.999890       150322      9102.22
       7.179     0.999902       150324     10240.00
       7.227     0.999915       150326     11702.86
       7.251     0.999927       150327     13653.33
       7.379     0.999939       150329     16384.00
       7.391     0.999945       150330     18204.44
       7.591     0.999951       150331     20480.00
       7.603     0.999957       150332     23405.71
       7.607     0.999963       150333     27306.67
       7.647     0.999969       150334     32768.00
       7.647     0.999973       150334     36408.89
       7.683     0.999976       150335     40960.00
       7.683     0.999979       150335     46811.43
       7.695     0.999982       150336     54613.33
       7.695     0.999985       150336     65536.00
       7.695     0.999986       150336     72817.78
       8.035     0.999988       150337     81920.00
       8.035     0.999989       150337     93622.86
       8.035     0.999991       150337    109226.67
       8.035     0.999992       150337    131072.00
       8.035     0.999993       150337    145635.56
       8.155     0.999994       150338    163840.00
       8.155     1.000000       150338          inf
#[Mean    =        2.261, StdDeviation   =        0.613]
#[Max     =        8.152, Total count    =       150338]
#[Buckets =           27, SubBuckets     =         2048]
-----------------------------------------------------------------------
  180342 requests in 1.00m, 47.28MB read
Requests/sec:   3005.65  
Transfer/sec:    806.90KB
