Running 1m test @ http://10.10.1.2:5000
  4 threads and 128 connections

  Thread calibration: mean lat.: 1.701ms, rate sampling interval: 10ms
  Thread calibration: mean lat.: 1.702ms, rate sampling interval: 10ms
  Thread calibration: mean lat.: 1.724ms, rate sampling interval: 10ms
  Thread calibration: mean lat.: 1.688ms, rate sampling interval: 10ms

-----------------------------------------------------------------------
Test Results @ http://10.10.1.2:5000 
  Thread Stats   Avg      Stdev     99%   +/- Stdev
    Latency     1.79ms  678.07us   4.19ms   82.34%
    Req/Sec   791.18    295.44     1.55k    68.21%
  Latency Distribution (HdrHistogram - Recorded Latency)
 50.000%    1.56ms
 75.000%    1.96ms
 90.000%    2.76ms
 99.000%    4.19ms
 99.900%    5.56ms
 99.990%    7.00ms
 99.999%    7.70ms
100.000%    8.45ms

  Detailed Percentile spectrum:
       Value   Percentile   TotalCount 1/(1-Percentile)

       0.745     0.000000            1         1.00
       1.233     0.100000        18088         1.11
       1.322     0.200000        36040         1.25
       1.400     0.300000        54274         1.43
       1.475     0.400000        72156         1.67
       1.556     0.500000        90219         2.00
       1.601     0.550000        99287         2.22
       1.651     0.600000       108201         2.50
       1.713     0.650000       117182         2.86
       1.804     0.700000       126143         3.33
       1.963     0.750000       135171         4.00
       2.085     0.775000       139679         4.44
       2.215     0.800000       144204         5.00
       2.343     0.825000       148724         5.71
       2.471     0.850000       153207         6.67
       2.605     0.875000       157672         8.00
       2.679     0.887500       159959         8.89
       2.757     0.900000       162198        10.00
       2.839     0.912500       164425        11.43
       2.937     0.925000       166677        13.33
       3.057     0.937500       168945        16.00
       3.125     0.943750       170063        17.78
       3.203     0.950000       171205        20.00
       3.291     0.956250       172325        22.86
       3.395     0.962500       173434        26.67
       3.515     0.968750       174566        32.00
       3.591     0.971875       175133        35.56
       3.661     0.975000       175684        40.00
       3.747     0.978125       176262        45.71
       3.837     0.981250       176820        53.33
       3.943     0.984375       177383        64.00
       3.997     0.985938       177657        71.11
       4.067     0.987500       177939        80.00
       4.139     0.989062       178222        91.43
       4.227     0.990625       178505       106.67
       4.335     0.992188       178791       128.00
       4.395     0.992969       178925       142.22
       4.463     0.993750       179062       160.00
       4.543     0.994531       179204       182.86
       4.639     0.995313       179346       213.33
       4.755     0.996094       179488       256.00
       4.811     0.996484       179557       284.44
       4.883     0.996875       179627       320.00
       4.951     0.997266       179699       365.71
       5.035     0.997656       179768       426.67
       5.147     0.998047       179838       512.00
       5.207     0.998242       179872       568.89
       5.271     0.998437       179909       640.00
       5.363     0.998633       179942       731.43
       5.455     0.998828       179978       853.33
       5.571     0.999023       180015      1024.00
       5.659     0.999121       180031      1137.78
       5.763     0.999219       180048      1280.00
       5.831     0.999316       180066      1462.86
       5.943     0.999414       180083      1706.67
       6.087     0.999512       180101      2048.00
       6.143     0.999561       180111      2275.56
       6.203     0.999609       180118      2560.00
       6.331     0.999658       180127      2925.71
       6.463     0.999707       180137      3413.33
       6.567     0.999756       180145      4096.00
       6.687     0.999780       180151      4551.11
       6.731     0.999805       180153      5120.00
       6.839     0.999829       180158      5851.43
       6.923     0.999854       180162      6826.67
       6.983     0.999878       180168      8192.00
       7.003     0.999890       180170      9102.22
       7.059     0.999902       180171     10240.00
       7.091     0.999915       180173     11702.86
       7.163     0.999927       180175     13653.33
       7.323     0.999939       180178     16384.00
       7.375     0.999945       180179     18204.44
       7.487     0.999951       180180     20480.00
       7.511     0.999957       180181     23405.71
       7.531     0.999963       180182     27306.67
       7.535     0.999969       180183     32768.00
       7.551     0.999973       180184     36408.89
       7.551     0.999976       180184     40960.00
       7.611     0.999979       180185     46811.43
       7.611     0.999982       180185     54613.33
       7.699     0.999985       180186     65536.00
       7.699     0.999986       180186     72817.78
       7.699     0.999988       180186     81920.00
       7.935     0.999989       180187     93622.86
       7.935     0.999991       180187    109226.67
       7.935     0.999992       180187    131072.00
       7.935     0.999993       180187    145635.56
       7.935     0.999994       180187    163840.00
       8.455     0.999995       180188    187245.71
       8.455     1.000000       180188          inf
#[Mean    =        1.790, StdDeviation   =        0.678]
#[Max     =        8.448, Total count    =       180188]
#[Buckets =           27, SubBuckets     =         2048]
-----------------------------------------------------------------------
  210190 requests in 1.17m, 117.76MB read
Requests/sec:   3002.77  
Transfer/sec:      1.68MB
