Running 1m test @ http://10.10.1.2:5000
  4 threads and 128 connections

  Thread calibration: mean lat.: 5.264ms, rate sampling interval: 20ms
  Thread calibration: mean lat.: 5.260ms, rate sampling interval: 19ms
  Thread calibration: mean lat.: 5.337ms, rate sampling interval: 20ms
  Thread calibration: mean lat.: 5.197ms, rate sampling interval: 19ms

-----------------------------------------------------------------------
Test Results @ http://10.10.1.2:5000 
  Thread Stats   Avg      Stdev     99%   +/- Stdev
    Latency     5.29ms    3.56ms  14.61ms   69.71%
    Req/Sec   257.04    117.27   578.00     72.06%
  Latency Distribution (HdrHistogram - Recorded Latency)
 50.000%    5.07ms
 75.000%    7.85ms
 90.000%   10.14ms
 99.000%   14.61ms
 99.900%   19.92ms
 99.990%   25.22ms
 99.999%   29.81ms
100.000%   34.62ms

  Detailed Percentile spectrum:
       Value   Percentile   TotalCount 1/(1-Percentile)

       1.234     0.000000            1         1.00
       1.676     0.100000         6035         1.11
       1.857     0.200000        12030         1.25
       2.115     0.300000        18051         1.43
       2.565     0.400000        24066         1.67
       5.075     0.500000        30076         2.00
       5.807     0.550000        33082         2.22
       6.331     0.600000        36093         2.50
       6.831     0.650000        39095         2.86
       7.319     0.700000        42090         3.33
       7.851     0.750000        45104         4.00
       8.147     0.775000        46614         4.44
       8.463     0.800000        48137         5.00
       8.799     0.825000        49627         5.71
       9.183     0.850000        51115         6.67
       9.623     0.875000        52624         8.00
       9.879     0.887500        53376         8.89
      10.135     0.900000        54130        10.00
      10.431     0.912500        54880        11.43
      10.751     0.925000        55628        13.33
      11.127     0.937500        56386        16.00
      11.351     0.943750        56756        17.78
      11.599     0.950000        57122        20.00
      11.863     0.956250        57503        22.86
      12.167     0.962500        57879        26.67
      12.511     0.968750        58251        32.00
      12.695     0.971875        58436        35.56
      12.911     0.975000        58633        40.00
      13.159     0.978125        58816        45.71
      13.415     0.981250        59000        53.33
      13.751     0.984375        59190        64.00
      13.911     0.985938        59284        71.11
      14.159     0.987500        59380        80.00
      14.431     0.989062        59474        91.43
      14.727     0.990625        59568       106.67
      15.023     0.992188        59658       128.00
      15.255     0.992969        59707       142.22
      15.479     0.993750        59752       160.00
      15.759     0.994531        59801       182.86
      16.119     0.995313        59847       213.33
      16.495     0.996094        59893       256.00
      16.687     0.996484        59919       284.44
      16.943     0.996875        59940       320.00
      17.247     0.997266        59964       365.71
      17.503     0.997656        59987       426.67
      17.871     0.998047        60010       512.00
      18.223     0.998242        60022       568.89
      18.591     0.998437        60035       640.00
      19.071     0.998633        60046       731.43
      19.343     0.998828        60059       853.33
      19.951     0.999023        60069      1024.00
      20.111     0.999121        60075      1137.78
      20.511     0.999219        60081      1280.00
      20.687     0.999316        60086      1462.86
      21.023     0.999414        60092      1706.67
      21.423     0.999512        60098      2048.00
      21.567     0.999561        60101      2275.56
      21.631     0.999609        60104      2560.00
      21.807     0.999658        60107      2925.71
      22.159     0.999707        60110      3413.33
      23.247     0.999756        60113      4096.00
      23.471     0.999780        60114      4551.11
      23.983     0.999805        60116      5120.00
      24.143     0.999829        60117      5851.43
      24.415     0.999854        60119      6826.67
      25.183     0.999878        60120      8192.00
      25.215     0.999890        60121      9102.22
      25.311     0.999902        60122     10240.00
      25.311     0.999915        60122     11702.86
      26.511     0.999927        60123     13653.33
      26.623     0.999939        60124     16384.00
      26.623     0.999945        60124     18204.44
      26.943     0.999951        60125     20480.00
      26.943     0.999957        60125     23405.71
      26.943     0.999963        60125     27306.67
      29.807     0.999969        60126     32768.00
      29.807     0.999973        60126     36408.89
      29.807     0.999976        60126     40960.00
      29.807     0.999979        60126     46811.43
      29.807     0.999982        60126     54613.33
      34.623     0.999985        60127     65536.00
      34.623     1.000000        60127          inf
#[Mean    =        5.292, StdDeviation   =        3.558]
#[Max     =       34.592, Total count    =        60127]
#[Buckets =           27, SubBuckets     =         2048]
-----------------------------------------------------------------------
  70057 requests in 1.17m, 171.69MB read
Requests/sec:   1000.70  
Transfer/sec:      2.45MB
