Running 1m test @ http://10.10.1.2:5000
  4 threads and 128 connections

  Thread calibration: mean lat.: 0.527ms, rate sampling interval: 10ms
  Thread calibration: mean lat.: 0.522ms, rate sampling interval: 10ms
  Thread calibration: mean lat.: 0.524ms, rate sampling interval: 10ms
  Thread calibration: mean lat.: 0.527ms, rate sampling interval: 10ms

-----------------------------------------------------------------------
Test Results @ http://10.10.1.2:5000 
  Thread Stats   Avg      Stdev     99%   +/- Stdev
    Latency   454.97us  131.16us   0.90ms   79.00%
    Req/Sec   264.11    166.63   700.00     74.84%
  Latency Distribution (HdrHistogram - Recorded Latency)
 50.000%  424.00us
 75.000%  508.00us
 90.000%  618.00us
 99.000%    0.90ms
 99.900%    1.41ms
 99.990%    2.03ms
 99.999%    2.56ms
100.000%    2.60ms

  Detailed Percentile spectrum:
       Value   Percentile   TotalCount 1/(1-Percentile)

       0.047     0.000000            1         1.00
       0.331     0.100000         6137         1.11
       0.360     0.200000        12301         1.25
       0.383     0.300000        18289         1.43
       0.403     0.400000        24282         1.67
       0.424     0.500000        30104         2.00
       0.437     0.550000        33187         2.22
       0.451     0.600000        36145         2.50
       0.467     0.650000        39149         2.86
       0.485     0.700000        42100         3.33
       0.508     0.750000        45105         4.00
       0.523     0.775000        46674         4.44
       0.538     0.800000        48138         5.00
       0.555     0.825000        49622         5.71
       0.574     0.850000        51137         6.67
       0.594     0.875000        52624         8.00
       0.606     0.887500        53383         8.89
       0.618     0.900000        54114        10.00
       0.631     0.912500        54888        11.43
       0.645     0.925000        55631        13.33
       0.661     0.937500        56391        16.00
       0.670     0.943750        56748        17.78
       0.681     0.950000        57154        20.00
       0.692     0.956250        57517        22.86
       0.705     0.962500        57872        26.67
       0.722     0.968750        58254        32.00
       0.732     0.971875        58440        35.56
       0.744     0.975000        58621        40.00
       0.761     0.978125        58815        45.71
       0.782     0.981250        58997        53.33
       0.807     0.984375        59189        64.00
       0.827     0.985938        59280        71.11
       0.851     0.987500        59375        80.00
       0.881     0.989062        59467        91.43
       0.911     0.990625        59561       106.67
       0.952     0.992188        59655       128.00
       0.978     0.992969        59702       142.22
       1.011     0.993750        59750       160.00
       1.040     0.994531        59797       182.86
       1.081     0.995313        59844       213.33
       1.115     0.996094        59890       256.00
       1.135     0.996484        59913       284.44
       1.157     0.996875        59938       320.00
       1.188     0.997266        59960       365.71
       1.214     0.997656        59986       426.67
       1.245     0.998047        60007       512.00
       1.257     0.998242        60019       568.89
       1.293     0.998437        60031       640.00
       1.335     0.998633        60042       731.43
       1.381     0.998828        60054       853.33
       1.431     0.999023        60066      1024.00
       1.449     0.999121        60072      1137.78
       1.472     0.999219        60078      1280.00
       1.582     0.999316        60083      1462.86
       1.668     0.999414        60089      1706.67
       1.708     0.999512        60095      2048.00
       1.731     0.999561        60098      2275.56
       1.764     0.999609        60101      2560.00
       1.779     0.999658        60104      2925.71
       1.819     0.999707        60107      3413.33
       1.907     0.999756        60110      4096.00
       1.912     0.999780        60111      4551.11
       1.955     0.999805        60113      5120.00
       1.979     0.999829        60114      5851.43
       2.008     0.999854        60116      6826.67
       2.024     0.999878        60117      8192.00
       2.025     0.999890        60118      9102.22
       2.033     0.999902        60119     10240.00
       2.033     0.999915        60119     11702.86
       2.249     0.999927        60120     13653.33
       2.373     0.999939        60121     16384.00
       2.373     0.999945        60121     18204.44
       2.427     0.999951        60122     20480.00
       2.427     0.999957        60122     23405.71
       2.427     0.999963        60122     27306.67
       2.563     0.999969        60123     32768.00
       2.563     0.999973        60123     36408.89
       2.563     0.999976        60123     40960.00
       2.563     0.999979        60123     46811.43
       2.563     0.999982        60123     54613.33
       2.597     0.999985        60124     65536.00
       2.597     1.000000        60124          inf
#[Mean    =        0.455, StdDeviation   =        0.131]
#[Max     =        2.596, Total count    =        60124]
#[Buckets =           27, SubBuckets     =         2048]
-----------------------------------------------------------------------
  70059 requests in 1.17m, 14.23MB read
Requests/sec:   1000.72  
Transfer/sec:    208.16KB
