Running 1m test @ http://10.10.1.1:5000
  4 threads and 128 connections

  Thread calibration: mean lat.: 2006.433ms, rate sampling interval: 7081ms
  Thread calibration: mean lat.: 2007.788ms, rate sampling interval: 7077ms
  Thread calibration: mean lat.: 1973.336ms, rate sampling interval: 6930ms
  Thread calibration: mean lat.: 1966.835ms, rate sampling interval: 6934ms

-----------------------------------------------------------------------
Test Results @ http://10.10.1.1:5000 
  Thread Stats   Avg      Stdev     99%   +/- Stdev
    Latency    15.20s     6.52s   26.38s    57.82%
    Req/Sec     2.96k    10.77     2.98k    71.88%
  Latency Distribution (HdrHistogram - Recorded Latency)
 50.000%   15.24s 
 75.000%   20.86s 
 90.000%   24.18s 
 99.000%   26.38s 
 99.900%   27.05s 
 99.990%   27.36s 
 99.999%   27.53s 
100.000%   27.56s 

  Detailed Percentile spectrum:
       Value   Percentile   TotalCount 1/(1-Percentile)

    3332.095     0.000000            1         1.00
    6152.191     0.100000        71169         1.11
    8421.375     0.200000       142348         1.25
   10747.903     0.300000       213630         1.43
   13017.087     0.400000       284753         1.67
   15237.119     0.500000       355861         2.00
   16351.231     0.550000       391354         2.22
   17448.959     0.600000       426839         2.50
   18579.455     0.650000       462455         2.86
   19726.335     0.700000       497913         3.33
   20856.831     0.750000       533832         4.00
   21413.887     0.775000       551782         4.44
   21970.943     0.800000       569398         5.00
   22511.615     0.825000       586903         5.71
   23085.055     0.850000       605080         6.67
   23625.727     0.875000       622449         8.00
   23920.639     0.887500       631626         8.89
   24182.783     0.900000       640339        10.00
   24461.311     0.912500       649108        11.43
   24739.839     0.925000       658244        13.33
   25018.367     0.937500       667127        16.00
   25149.439     0.943750       671393        17.78
   25296.895     0.950000       676086        20.00
   25427.967     0.956250       680267        22.86
   25575.423     0.962500       684711        26.67
   25739.263     0.968750       689387        32.00
   25821.183     0.971875       691664        35.56
   25903.103     0.975000       693872        40.00
   25985.023     0.978125       696052        45.71
   26066.943     0.981250       698199        53.33
   26148.863     0.984375       700246        64.00
   26198.015     0.985938       701359        71.11
   26263.551     0.987500       702563        80.00
   26329.087     0.989062       703662        91.43
   26394.623     0.990625       704736       106.67
   26460.159     0.992188       705789       128.00
   26509.311     0.992969       706457       142.22
   26542.079     0.993750       706943       160.00
   26591.231     0.994531       707585       182.86
   26640.383     0.995313       708056       213.33
   26705.919     0.996094       708667       256.00
   26722.303     0.996484       708840       284.44
   26755.071     0.996875       709123       320.00
   26804.223     0.997266       709431       365.71
   26853.375     0.997656       709705       426.67
   26886.143     0.998047       709920       512.00
   26918.911     0.998242       710085       568.89
   26951.679     0.998437       710235       640.00
   26984.447     0.998633       710397       731.43
   27000.831     0.998828       710469       853.33
   27049.983     0.999023       710622      1024.00
   27082.751     0.999121       710713      1137.78
   27099.135     0.999219       710762      1280.00
   27115.519     0.999316       710824      1462.86
   27131.903     0.999414       710887      1706.67
   27164.671     0.999512       710983      2048.00
   27181.055     0.999561       711019      2275.56
   27197.439     0.999609       711047      2560.00
   27213.823     0.999658       711074      2925.71
   27230.207     0.999707       711095      3413.33
   27262.975     0.999756       711137      4096.00
   27279.359     0.999780       711161      4551.11
   27295.743     0.999805       711181      5120.00
   27295.743     0.999829       711181      5851.43
   27312.127     0.999854       711201      6826.67
   27344.895     0.999878       711223      8192.00
   27344.895     0.999890       711223      9102.22
   27361.279     0.999902       711231     10240.00
   27377.663     0.999915       711241     11702.86
   27394.047     0.999927       711251     13653.33
   27410.431     0.999939       711257     16384.00
   27443.199     0.999945       711268     18204.44
   27443.199     0.999951       711268     20480.00
   27459.583     0.999957       711276     23405.71
   27459.583     0.999963       711276     27306.67
   27475.967     0.999969       711282     32768.00
   27475.967     0.999973       711282     36408.89
   27492.351     0.999976       711285     40960.00
   27492.351     0.999979       711285     46811.43
   27508.735     0.999982       711291     54613.33
   27508.735     0.999985       711291     65536.00
   27508.735     0.999986       711291     72817.78
   27525.119     0.999988       711296     81920.00
   27525.119     0.999989       711296     93622.86
   27525.119     0.999991       711296    109226.67
   27525.119     0.999992       711296    131072.00
   27525.119     0.999993       711296    145635.56
   27525.119     0.999994       711296    163840.00
   27541.503     0.999995       711299    187245.71
   27541.503     0.999995       711299    218453.33
   27541.503     0.999996       711299    262144.00
   27541.503     0.999997       711299    291271.11
   27541.503     0.999997       711299    327680.00
   27541.503     0.999997       711299    374491.43
   27541.503     0.999998       711299    436906.67
   27541.503     0.999998       711299    524288.00
   27541.503     0.999998       711299    582542.22
   27541.503     0.999998       711299    655360.00
   27557.887     0.999999       711300    748982.86
   27557.887     1.000000       711300          inf
#[Mean    =    15202.887, StdDeviation   =     6515.247]
#[Max     =    27541.504, Total count    =       711300]
#[Buckets =           27, SubBuckets     =         2048]
-----------------------------------------------------------------------
  828270 requests in 1.17m, 222.82MB read
Requests/sec:  11832.50  
Transfer/sec:      3.18MB
