Running 1m test @ http://10.10.1.1:5000
  4 threads and 128 connections

  Thread calibration: mean lat.: 1945.158ms, rate sampling interval: 6868ms
  Thread calibration: mean lat.: 1969.775ms, rate sampling interval: 6987ms
  Thread calibration: mean lat.: 2007.640ms, rate sampling interval: 7057ms
  Thread calibration: mean lat.: 1949.911ms, rate sampling interval: 6897ms

-----------------------------------------------------------------------
Test Results @ http://10.10.1.1:5000 
  Thread Stats   Avg      Stdev     99%   +/- Stdev
    Latency    13.30s     5.44s   22.68s    57.77%
    Req/Sec     2.96k    15.49     3.00k    71.43%
  Latency Distribution (HdrHistogram - Recorded Latency)
 50.000%   13.31s 
 75.000%   18.01s 
 90.000%   20.81s 
 99.000%   22.68s 
 99.900%   23.28s 
 99.990%   23.92s 
 99.999%   24.18s 
100.000%   24.22s 

  Detailed Percentile spectrum:
       Value   Percentile   TotalCount 1/(1-Percentile)

    3469.311     0.000000            1         1.00
    5763.071     0.100000        59334         1.11
    7622.655     0.200000       118539         1.25
    9535.487     0.300000       177934         1.43
   11452.415     0.400000       237081         1.67
   13311.999     0.500000       296336         2.00
   14254.079     0.550000       326212         2.22
   15187.967     0.600000       355641         2.50
   16154.623     0.650000       385435         2.86
   17072.127     0.700000       414963         3.33
   18006.015     0.750000       444949         4.00
   18464.767     0.775000       459360         4.44
   18939.903     0.800000       474235         5.00
   19415.039     0.825000       488893         5.71
   19890.175     0.850000       503813         6.67
   20348.927     0.875000       518990         8.00
   20578.303     0.887500       526258         8.89
   20807.679     0.900000       533802        10.00
   21037.055     0.912500       541079        11.43
   21266.431     0.925000       548144        13.33
   21495.807     0.937500       555571        16.00
   21626.879     0.943750       559637        17.78
   21741.567     0.950000       563305        20.00
   21856.255     0.956250       566899        22.86
   21970.943     0.962500       570400        26.67
   22102.015     0.968750       574060        32.00
   22183.935     0.971875       576334        35.56
   22249.471     0.975000       578159        40.00
   22315.007     0.978125       579751        45.71
   22396.927     0.981250       581559        53.33
   22495.231     0.984375       583521        64.00
   22544.383     0.985938       584492        71.11
   22593.535     0.987500       585368        80.00
   22642.687     0.989062       586233        91.43
   22708.223     0.990625       587252       106.67
   22757.375     0.992188       587960       128.00
   22790.143     0.992969       588414       142.22
   22839.295     0.993750       588988       160.00
   22872.063     0.994531       589399       182.86
   22921.215     0.995313       589934       213.33
   22953.983     0.996094       590319       256.00
   22986.751     0.996484       590622       284.44
   23003.135     0.996875       590768       320.00
   23035.903     0.997266       591031       365.71
   23068.671     0.997656       591257       426.67
   23101.439     0.998047       591448       512.00
   23134.207     0.998242       591547       568.89
   23183.359     0.998437       591709       640.00
   23216.127     0.998633       591822       731.43
   23248.895     0.998828       591924       853.33
   23298.047     0.999023       592016      1024.00
   23330.815     0.999121       592060      1137.78
   23379.967     0.999219       592139      1280.00
   23412.735     0.999316       592188      1462.86
   23461.887     0.999414       592237      1706.67
   23511.039     0.999512       592292      2048.00
   23543.807     0.999561       592321      2275.56
   23560.191     0.999609       592350      2560.00
   23592.959     0.999658       592384      2925.71
   23625.727     0.999707       592410      3413.33
   23691.263     0.999756       592434      4096.00
   23724.031     0.999780       592450      4551.11
   23773.183     0.999805       592467      5120.00
   23789.567     0.999829       592477      5851.43
   23822.335     0.999854       592496      6826.67
   23871.487     0.999878       592509      8192.00
   23887.871     0.999890       592514      9102.22
   23920.639     0.999902       592521     10240.00
   23953.407     0.999915       592529     11702.86
   23986.175     0.999927       592537     13653.33
   24018.943     0.999939       592542     16384.00
   24035.327     0.999945       592547     18204.44
   24051.711     0.999951       592549     20480.00
   24068.095     0.999957       592552     23405.71
   24100.863     0.999963       592556     27306.67
   24133.631     0.999969       592563     32768.00
   24133.631     0.999973       592563     36408.89
   24133.631     0.999976       592563     40960.00
   24166.399     0.999979       592568     46811.43
   24166.399     0.999982       592568     54613.33
   24166.399     0.999985       592568     65536.00
   24182.783     0.999986       592571     72817.78
   24182.783     0.999988       592571     81920.00
   24182.783     0.999989       592571     93622.86
   24199.167     0.999991       592575    109226.67
   24199.167     0.999992       592575    131072.00
   24199.167     0.999993       592575    145635.56
   24199.167     0.999994       592575    163840.00
   24199.167     0.999995       592575    187245.71
   24199.167     0.999995       592575    218453.33
   24199.167     0.999996       592575    262144.00
   24199.167     0.999997       592575    291271.11
   24215.551     0.999997       592577    327680.00
   24215.551     1.000000       592577          inf
#[Mean    =    13297.928, StdDeviation   =     5442.745]
#[Max     =    24199.168, Total count    =       592577]
#[Buckets =           27, SubBuckets     =         2048]
-----------------------------------------------------------------------
  709923 requests in 1.00m, 189.44MB read
Requests/sec:  11832.15  
Transfer/sec:      3.16MB
