Running 1m test @ http://10.10.1.1:5000
  4 threads and 128 connections

  Thread calibration: mean lat.: 2.409ms, rate sampling interval: 10ms
  Thread calibration: mean lat.: 2.403ms, rate sampling interval: 10ms
  Thread calibration: mean lat.: 2.361ms, rate sampling interval: 10ms
  Thread calibration: mean lat.: 2.395ms, rate sampling interval: 10ms

-----------------------------------------------------------------------
Test Results @ http://10.10.1.1:5000 
  Thread Stats   Avg      Stdev     99%   +/- Stdev
    Latency     2.37ms  761.65us   5.07ms   77.80%
    Req/Sec     1.32k   383.81     2.33k    70.03%
  Latency Distribution (HdrHistogram - Recorded Latency)
 50.000%    2.18ms
 75.000%    2.69ms
 90.000%    3.33ms
 99.000%    5.07ms
 99.900%    6.80ms
 99.990%    8.49ms
 99.999%    9.53ms
100.000%   10.73ms

  Detailed Percentile spectrum:
       Value   Percentile   TotalCount 1/(1-Percentile)

       1.099     0.000000            1         1.00
       1.624     0.100000        25191         1.11
       1.777     0.200000        50288         1.25
       1.908     0.300000        75343         1.43
       2.034     0.400000       100343         1.67
       2.177     0.500000       125578         2.00
       2.259     0.550000       138078         2.22
       2.349     0.600000       150519         2.50
       2.453     0.650000       163185         2.86
       2.565     0.700000       175561         3.33
       2.695     0.750000       188161         4.00
       2.769     0.775000       194367         4.44
       2.849     0.800000       200607         5.00
       2.943     0.825000       206947         5.71
       3.049     0.850000       213209         6.67
       3.173     0.875000       219434         8.00
       3.247     0.887500       222580         8.89
       3.327     0.900000       225725        10.00
       3.421     0.912500       228862        11.43
       3.529     0.925000       231937        13.33
       3.667     0.937500       235088        16.00
       3.749     0.943750       236671        17.78
       3.837     0.950000       238201        20.00
       3.939     0.956250       239781        22.86
       4.055     0.962500       241347        26.67
       4.199     0.968750       242933        32.00
       4.279     0.971875       243710        35.56
       4.371     0.975000       244481        40.00
       4.471     0.978125       245255        45.71
       4.591     0.981250       246047        53.33
       4.735     0.984375       246834        64.00
       4.811     0.985938       247233        71.11
       4.895     0.987500       247606        80.00
       4.999     0.989062       247994        91.43
       5.111     0.990625       248387       106.67
       5.255     0.992188       248781       128.00
       5.331     0.992969       248978       142.22
       5.419     0.993750       249171       160.00
       5.519     0.994531       249367       182.86
       5.627     0.995313       249566       213.33
       5.755     0.996094       249757       256.00
       5.839     0.996484       249856       284.44
       5.943     0.996875       249956       320.00
       6.051     0.997266       250051       365.71
       6.155     0.997656       250150       426.67
       6.295     0.998047       250247       512.00
       6.375     0.998242       250297       568.89
       6.471     0.998437       250345       640.00
       6.567     0.998633       250394       731.43
       6.683     0.998828       250445       853.33
       6.807     0.999023       250492      1024.00
       6.867     0.999121       250517      1137.78
       6.931     0.999219       250541      1280.00
       7.007     0.999316       250566      1462.86
       7.099     0.999414       250590      1706.67
       7.239     0.999512       250614      2048.00
       7.351     0.999561       250627      2275.56
       7.455     0.999609       250640      2560.00
       7.499     0.999658       250651      2925.71
       7.623     0.999707       250664      3413.33
       7.747     0.999756       250675      4096.00
       7.827     0.999780       250681      4551.11
       7.907     0.999805       250688      5120.00
       8.019     0.999829       250694      5851.43
       8.199     0.999854       250700      6826.67
       8.383     0.999878       250706      8192.00
       8.487     0.999890       250710      9102.22
       8.575     0.999902       250712     10240.00
       8.703     0.999915       250715     11702.86
       8.743     0.999927       250718     13653.33
       8.807     0.999939       250721     16384.00
       8.919     0.999945       250723     18204.44
       8.943     0.999951       250724     20480.00
       8.975     0.999957       250726     23405.71
       9.039     0.999963       250727     27306.67
       9.207     0.999969       250729     32768.00
       9.263     0.999973       250730     36408.89
       9.263     0.999976       250730     40960.00
       9.335     0.999979       250731     46811.43
       9.343     0.999982       250732     54613.33
       9.527     0.999985       250733     65536.00
       9.527     0.999986       250733     72817.78
       9.527     0.999988       250733     81920.00
       9.655     0.999989       250734     93622.86
       9.655     0.999991       250734    109226.67
      10.447     0.999992       250735    131072.00
      10.447     0.999993       250735    145635.56
      10.447     0.999994       250735    163840.00
      10.447     0.999995       250735    187245.71
      10.447     0.999995       250735    218453.33
      10.735     0.999996       250736    262144.00
      10.735     1.000000       250736          inf
#[Mean    =        2.368, StdDeviation   =        0.762]
#[Max     =       10.728, Total count    =       250736]
#[Buckets =           27, SubBuckets     =         2048]
-----------------------------------------------------------------------
  299356 requests in 1.00m, 78.66MB read
Requests/sec:   4989.36  
Transfer/sec:      1.31MB
