Running 1m test @ http://10.10.1.1:5000
  4 threads and 128 connections

  Thread calibration: mean lat.: 3.329ms, rate sampling interval: 10ms
  Thread calibration: mean lat.: 3.326ms, rate sampling interval: 10ms
  Thread calibration: mean lat.: 3.333ms, rate sampling interval: 10ms
  Thread calibration: mean lat.: 3.271ms, rate sampling interval: 10ms

-----------------------------------------------------------------------
Test Results @ http://10.10.1.1:5000 
  Thread Stats   Avg      Stdev     99%   +/- Stdev
    Latency     3.26ms    1.38ms   8.20ms   80.34%
    Req/Sec     1.85k   471.43     3.00k    68.66%
  Latency Distribution (HdrHistogram - Recorded Latency)
 50.000%    2.94ms
 75.000%    3.78ms
 90.000%    4.92ms
 99.000%    8.20ms
 99.900%   12.14ms
 99.990%   21.04ms
 99.999%   28.11ms
100.000%   32.90ms

  Detailed Percentile spectrum:
       Value   Percentile   TotalCount 1/(1-Percentile)

       1.241     0.000000            1         1.00
       1.967     0.100000        42090         1.11
       2.223     0.200000        84111         1.25
       2.455     0.300000       126163         1.43
       2.693     0.400000       168277         1.67
       2.945     0.500000       210275         2.00
       3.079     0.550000       231228         2.22
       3.225     0.600000       252375         2.50
       3.385     0.650000       273484         2.86
       3.567     0.700000       294459         3.33
       3.779     0.750000       315308         4.00
       3.905     0.775000       325896         4.44
       4.047     0.800000       336440         5.00
       4.207     0.825000       346826         5.71
       4.399     0.850000       357457         6.67
       4.627     0.875000       367833         8.00
       4.767     0.887500       373128         8.89
       4.919     0.900000       378420        10.00
       5.095     0.912500       383629        11.43
       5.303     0.925000       388894        13.33
       5.551     0.937500       394149        16.00
       5.695     0.943750       396751        17.78
       5.863     0.950000       399394        20.00
       6.047     0.956250       401994        22.86
       6.259     0.962500       404637        26.67
       6.519     0.968750       407252        32.00
       6.659     0.971875       408563        35.56
       6.839     0.975000       409884        40.00
       7.031     0.978125       411180        45.71
       7.243     0.981250       412488        53.33
       7.511     0.984375       413797        64.00
       7.671     0.985938       414463        71.11
       7.851     0.987500       415111        80.00
       8.051     0.989062       415772        91.43
       8.295     0.990625       416451       106.67
       8.567     0.992188       417099       128.00
       8.727     0.992969       417417       142.22
       8.887     0.993750       417740       160.00
       9.087     0.994531       418081       182.86
       9.311     0.995313       418398       213.33
       9.607     0.996094       418724       256.00
       9.799     0.996484       418893       284.44
       9.999     0.996875       419053       320.00
      10.231     0.997266       419216       365.71
      10.503     0.997656       419384       426.67
      10.823     0.998047       419546       512.00
      11.007     0.998242       419627       568.89
      11.223     0.998437       419710       640.00
      11.471     0.998633       419790       731.43
      11.743     0.998828       419872       853.33
      12.191     0.999023       419955      1024.00
      12.383     0.999121       419997      1137.78
      12.695     0.999219       420036      1280.00
      12.967     0.999316       420077      1462.86
      13.367     0.999414       420120      1706.67
      14.183     0.999512       420159      2048.00
      14.695     0.999561       420180      2275.56
      15.367     0.999609       420200      2560.00
      15.639     0.999658       420221      2925.71
      16.263     0.999707       420241      3413.33
      17.279     0.999756       420262      4096.00
      17.759     0.999780       420272      4551.11
      18.303     0.999805       420282      5120.00
      18.863     0.999829       420293      5851.43
      19.583     0.999854       420304      6826.67
      20.367     0.999878       420314      8192.00
      20.527     0.999890       420318      9102.22
      21.087     0.999902       420324     10240.00
      21.327     0.999915       420329     11702.86
      22.079     0.999927       420334     13653.33
      23.391     0.999939       420339     16384.00
      23.455     0.999945       420341     18204.44
      24.063     0.999951       420344     20480.00
      24.863     0.999957       420347     23405.71
      25.023     0.999963       420349     27306.67
      25.407     0.999969       420352     32768.00
      25.615     0.999973       420353     36408.89
      25.999     0.999976       420354     40960.00
      26.175     0.999979       420356     46811.43
      26.911     0.999982       420357     54613.33
      27.727     0.999985       420358     65536.00
      27.983     0.999986       420359     72817.78
      27.983     0.999988       420359     81920.00
      28.111     0.999989       420360     93622.86
      28.447     0.999991       420361    109226.67
      28.447     0.999992       420361    131072.00
      30.383     0.999993       420362    145635.56
      30.383     0.999994       420362    163840.00
      30.383     0.999995       420362    187245.71
      32.191     0.999995       420363    218453.33
      32.191     0.999996       420363    262144.00
      32.191     0.999997       420363    291271.11
      32.191     0.999997       420363    327680.00
      32.191     0.999997       420363    374491.43
      32.895     0.999998       420364    436906.67
      32.895     1.000000       420364          inf
#[Mean    =        3.263, StdDeviation   =        1.380]
#[Max     =       32.864, Total count    =       420364]
#[Buckets =           27, SubBuckets     =         2048]
-----------------------------------------------------------------------
  488724 requests in 1.17m, 133.02MB read
Requests/sec:   6981.94  
Transfer/sec:      1.90MB
