Running 1m test @ http://10.10.1.1:5000
  4 threads and 128 connections

  Thread calibration: mean lat.: 2.476ms, rate sampling interval: 10ms
  Thread calibration: mean lat.: 2.433ms, rate sampling interval: 10ms
  Thread calibration: mean lat.: 2.463ms, rate sampling interval: 10ms
  Thread calibration: mean lat.: 2.452ms, rate sampling interval: 10ms

-----------------------------------------------------------------------
Test Results @ http://10.10.1.1:5000 
  Thread Stats   Avg      Stdev     99%   +/- Stdev
    Latency     2.38ms  786.91us   5.18ms   78.71%
    Req/Sec     1.32k   383.92     2.30k    69.49%
  Latency Distribution (HdrHistogram - Recorded Latency)
 50.000%    2.18ms
 75.000%    2.71ms
 90.000%    3.36ms
 99.000%    5.18ms
 99.900%    7.14ms
 99.990%    9.96ms
 99.999%   11.59ms
100.000%   13.51ms

  Detailed Percentile spectrum:
       Value   Percentile   TotalCount 1/(1-Percentile)

       1.160     0.000000            2         1.00
       1.625     0.100000        25189         1.11
       1.778     0.200000        50160         1.25
       1.913     0.300000        75242         1.43
       2.040     0.400000       100321         1.67
       2.183     0.500000       125420         2.00
       2.265     0.550000       138071         2.22
       2.357     0.600000       150502         2.50
       2.461     0.650000       162987         2.86
       2.579     0.700000       175606         3.33
       2.715     0.750000       188137         4.00
       2.789     0.775000       194344         4.44
       2.875     0.800000       200639         5.00
       2.967     0.825000       206832         5.71
       3.073     0.850000       213119         6.67
       3.201     0.875000       219406         8.00
       3.273     0.887500       222527         8.89
       3.357     0.900000       225656        10.00
       3.453     0.912500       228742        11.43
       3.571     0.925000       231902        13.33
       3.715     0.937500       235041        16.00
       3.793     0.943750       236575        17.78
       3.885     0.950000       238172        20.00
       3.991     0.956250       239712        22.86
       4.115     0.962500       241308        26.67
       4.259     0.968750       242861        32.00
       4.347     0.971875       243634        35.56
       4.439     0.975000       244430        40.00
       4.539     0.978125       245192        45.71
       4.659     0.981250       245978        53.33
       4.823     0.984375       246766        64.00
       4.915     0.985938       247167        71.11
       5.003     0.987500       247551        80.00
       5.111     0.989062       247939        91.43
       5.231     0.990625       248329       106.67
       5.375     0.992188       248724       128.00
       5.463     0.992969       248913       142.22
       5.551     0.993750       249109       160.00
       5.663     0.994531       249308       182.86
       5.787     0.995313       249505       213.33
       5.919     0.996094       249696       256.00
       6.015     0.996484       249796       284.44
       6.111     0.996875       249896       320.00
       6.227     0.997266       249991       365.71
       6.359     0.997656       250090       426.67
       6.515     0.998047       250186       512.00
       6.639     0.998242       250236       568.89
       6.751     0.998437       250285       640.00
       6.871     0.998633       250333       731.43
       7.007     0.998828       250382       853.33
       7.175     0.999023       250431      1024.00
       7.295     0.999121       250457      1137.78
       7.419     0.999219       250480      1280.00
       7.575     0.999316       250505      1462.86
       7.715     0.999414       250529      1706.67
       7.903     0.999512       250553      2048.00
       7.971     0.999561       250565      2275.56
       8.115     0.999609       250578      2560.00
       8.255     0.999658       250590      2925.71
       8.335     0.999707       250602      3413.33
       8.559     0.999756       250614      4096.00
       8.719     0.999780       250620      4551.11
       9.087     0.999805       250627      5120.00
       9.295     0.999829       250633      5851.43
       9.439     0.999854       250639      6826.67
       9.663     0.999878       250646      8192.00
       9.823     0.999890       250648      9102.22
      10.095     0.999902       250651     10240.00
      10.343     0.999915       250656     11702.86
      10.423     0.999927       250657     13653.33
      10.607     0.999939       250660     16384.00
      10.679     0.999945       250662     18204.44
      10.751     0.999951       250663     20480.00
      11.007     0.999957       250665     23405.71
      11.071     0.999963       250666     27306.67
      11.151     0.999969       250668     32768.00
      11.183     0.999973       250669     36408.89
      11.183     0.999976       250669     40960.00
      11.231     0.999979       250670     46811.43
      11.255     0.999982       250671     54613.33
      11.591     0.999985       250672     65536.00
      11.591     0.999986       250672     72817.78
      11.591     0.999988       250672     81920.00
      12.311     0.999989       250673     93622.86
      12.311     0.999991       250673    109226.67
      12.935     0.999992       250674    131072.00
      12.935     0.999993       250674    145635.56
      12.935     0.999994       250674    163840.00
      12.935     0.999995       250674    187245.71
      12.935     0.999995       250674    218453.33
      13.511     0.999996       250675    262144.00
      13.511     1.000000       250675          inf
#[Mean    =        2.383, StdDeviation   =        0.787]
#[Max     =       13.504, Total count    =       250675]
#[Buckets =           27, SubBuckets     =         2048]
-----------------------------------------------------------------------
  300580 requests in 1.00m, 80.27MB read
Requests/sec:   5009.64  
Transfer/sec:      1.34MB
