Running 1m test @ http://10.10.1.1:5000
  4 threads and 128 connections

  Thread calibration: mean lat.: 1591.009ms, rate sampling interval: 5910ms
  Thread calibration: mean lat.: 1496.932ms, rate sampling interval: 5718ms
  Thread calibration: mean lat.: 1501.936ms, rate sampling interval: 5365ms
  Thread calibration: mean lat.: 1582.398ms, rate sampling interval: 5775ms

-----------------------------------------------------------------------
Test Results @ http://10.10.1.1:5000 
  Thread Stats   Avg      Stdev     99%   +/- Stdev
    Latency    11.53s     4.84s   20.22s    58.15%
    Req/Sec     1.50k    10.34     1.53k    69.70%
  Latency Distribution (HdrHistogram - Recorded Latency)
 50.000%   11.54s 
 75.000%   15.66s 
 90.000%   18.17s 
 99.000%   20.22s 
 99.900%   21.05s 
 99.990%   21.94s 
 99.999%   22.18s 
100.000%   22.22s 

  Detailed Percentile spectrum:
       Value   Percentile   TotalCount 1/(1-Percentile)

    2195.455     0.000000            1         1.00
    4870.143     0.100000        30130         1.11
    6516.735     0.200000        60200         1.25
    8191.999     0.300000        90338         1.43
    9879.551     0.400000       120402         1.67
   11542.527     0.500000       150505         2.00
   12353.535     0.550000       165637         2.22
   13205.503     0.600000       180632         2.50
   14032.895     0.650000       195595         2.86
   14827.519     0.700000       210658         3.33
   15663.103     0.750000       225700         4.00
   16080.895     0.775000       233220         4.44
   16498.687     0.800000       240846         5.00
   16924.671     0.825000       248397         5.71
   17334.271     0.850000       256033         6.67
   17743.871     0.875000       263369         8.00
   17940.479     0.887500       267080         8.89
   18169.855     0.900000       271045        10.00
   18399.231     0.912500       274728        11.43
   18628.607     0.925000       278481        13.33
   18841.599     0.937500       282179        16.00
   18956.287     0.943750       284033        17.78
   19070.975     0.950000       285916        20.00
   19202.047     0.956250       287971        22.86
   19333.119     0.962500       289707        26.67
   19480.575     0.968750       291590        32.00
   19562.495     0.971875       292510        35.56
   19660.799     0.975000       293530        40.00
   19742.719     0.978125       294349        45.71
   19841.023     0.981250       295272        53.33
   19955.711     0.984375       296237        64.00
   20021.247     0.985938       296754        71.11
   20086.783     0.987500       297216        80.00
   20168.703     0.989062       297668        91.43
   20250.623     0.990625       298082       106.67
   20348.927     0.992188       298607       128.00
   20398.079     0.992969       298833       142.22
   20447.231     0.993750       299068       160.00
   20512.767     0.994531       299291       182.86
   20578.303     0.995313       299534       213.33
   20643.839     0.996094       299758       256.00
   20676.607     0.996484       299848       284.44
   20725.759     0.996875       299990       320.00
   20758.527     0.997266       300087       365.71
   20807.679     0.997656       300214       426.67
   20856.831     0.998047       300336       512.00
   20889.599     0.998242       300398       568.89
   20922.367     0.998437       300453       640.00
   20971.519     0.998633       300506       731.43
   21004.287     0.998828       300551       853.33
   21053.439     0.999023       300609      1024.00
   21086.207     0.999121       300635      1137.78
   21135.359     0.999219       300668      1280.00
   21184.511     0.999316       300705      1462.86
   21217.279     0.999414       300726      1706.67
   21282.815     0.999512       300761      2048.00
   21315.583     0.999561       300767      2275.56
   21381.119     0.999609       300782      2560.00
   21463.039     0.999658       300799      2925.71
   21528.575     0.999707       300811      3413.33
   21594.111     0.999756       300826      4096.00
   21626.879     0.999780       300836      4551.11
   21676.031     0.999805       300841      5120.00
   21741.567     0.999829       300848      5851.43
   21807.103     0.999854       300856      6826.67
   21872.639     0.999878       300864      8192.00
   21889.023     0.999890       300866      9102.22
   21954.559     0.999902       300870     10240.00
   21987.327     0.999915       300874     11702.86
   22020.095     0.999927       300878     13653.33
   22069.247     0.999939       300885     16384.00
   22069.247     0.999945       300885     18204.44
   22069.247     0.999951       300885     20480.00
   22085.631     0.999957       300888     23405.71
   22085.631     0.999963       300888     27306.67
   22118.399     0.999969       300890     32768.00
   22151.167     0.999973       300891     36408.89
   22167.551     0.999976       300893     40960.00
   22167.551     0.999979       300893     46811.43
   22183.935     0.999982       300897     54613.33
   22183.935     0.999985       300897     65536.00
   22183.935     0.999986       300897     72817.78
   22183.935     0.999988       300897     81920.00
   22183.935     0.999989       300897     93622.86
   22183.935     0.999991       300897    109226.67
   22183.935     0.999992       300897    131072.00
   22183.935     0.999993       300897    145635.56
   22200.319     0.999994       300898    163840.00
   22200.319     0.999995       300898    187245.71
   22200.319     0.999995       300898    218453.33
   22200.319     0.999996       300898    262144.00
   22200.319     0.999997       300898    291271.11
   22216.703     0.999997       300899    327680.00
   22216.703     1.000000       300899          inf
#[Mean    =    11532.977, StdDeviation   =     4839.071]
#[Max     =    22200.320, Total count    =       300899]
#[Buckets =           27, SubBuckets     =         2048]
-----------------------------------------------------------------------
  360135 requests in 1.00m, 95.77MB read
Requests/sec:   6002.09  
Transfer/sec:      1.60MB
