Running 1m test @ http://10.10.1.2:5000
  4 threads and 128 connections

  Thread calibration: mean lat.: 0.414ms, rate sampling interval: 10ms
  Thread calibration: mean lat.: 0.450ms, rate sampling interval: 10ms
  Thread calibration: mean lat.: 0.457ms, rate sampling interval: 10ms
  Thread calibration: mean lat.: 0.412ms, rate sampling interval: 10ms

-----------------------------------------------------------------------
Test Results @ http://10.10.1.2:5000 
  Thread Stats   Avg      Stdev     99%   +/- Stdev
    Latency   393.30us  172.30us   1.09ms   90.06%
    Req/Sec     1.32k   376.79     2.30k    70.68%
  Latency Distribution (HdrHistogram - Recorded Latency)
 50.000%  347.00us
 75.000%  419.00us
 90.000%  564.00us
 99.000%    1.09ms
 99.900%    1.83ms
 99.990%    2.83ms
 99.999%    3.86ms
100.000%    4.12ms

  Detailed Percentile spectrum:
       Value   Percentile   TotalCount 1/(1-Percentile)

       0.189     0.000000            1         1.00
       0.267     0.100000        30184         1.11
       0.288     0.200000        61069         1.25
       0.307     0.300000        90776         1.43
       0.326     0.400000       120650         1.67
       0.347     0.500000       150794         2.00
       0.359     0.550000       166903         2.22
       0.371     0.600000       181755         2.50
       0.384     0.650000       196378         2.86
       0.399     0.700000       211127         3.33
       0.419     0.750000       226480         4.00
       0.431     0.775000       233836         4.44
       0.446     0.800000       241381         5.00
       0.464     0.825000       248726         5.71
       0.488     0.850000       256155         6.67
       0.520     0.875000       263683         8.00
       0.540     0.887500       267395         8.89
       0.564     0.900000       271216        10.00
       0.592     0.912500       274898        11.43
       0.625     0.925000       278683        13.33
       0.667     0.937500       282459        16.00
       0.691     0.943750       284286        17.78
       0.718     0.950000       286174        20.00
       0.747     0.956250       288044        22.86
       0.780     0.962500       289949        26.67
       0.818     0.968750       291811        32.00
       0.840     0.971875       292751        35.56
       0.865     0.975000       293682        40.00
       0.895     0.978125       294627        45.71
       0.931     0.981250       295582        53.33
       0.975     0.984375       296521        64.00
       1.000     0.985938       296978        71.11
       1.031     0.987500       297457        80.00
       1.064     0.989062       297918        91.43
       1.106     0.990625       298396       106.67
       1.156     0.992188       298865       128.00
       1.185     0.992969       299096       142.22
       1.217     0.993750       299333       160.00
       1.254     0.994531       299567       182.86
       1.297     0.995313       299800       213.33
       1.355     0.996094       300037       256.00
       1.398     0.996484       300153       284.44
       1.447     0.996875       300270       320.00
       1.494     0.997266       300388       365.71
       1.551     0.997656       300506       426.67
       1.614     0.998047       300624       512.00
       1.652     0.998242       300681       568.89
       1.697     0.998437       300742       640.00
       1.729     0.998633       300800       731.43
       1.782     0.998828       300858       853.33
       1.838     0.999023       300916      1024.00
       1.885     0.999121       300946      1137.78
       1.938     0.999219       300975      1280.00
       1.982     0.999316       301005      1462.86
       2.039     0.999414       301035      1706.67
       2.099     0.999512       301064      2048.00
       2.157     0.999561       301079      2275.56
       2.199     0.999609       301093      2560.00
       2.275     0.999658       301108      2925.71
       2.331     0.999707       301123      3413.33
       2.423     0.999756       301137      4096.00
       2.477     0.999780       301144      4551.11
       2.551     0.999805       301152      5120.00
       2.655     0.999829       301159      5851.43
       2.717     0.999854       301166      6826.67
       2.781     0.999878       301174      8192.00
       2.801     0.999890       301177      9102.22
       2.853     0.999902       301181     10240.00
       2.913     0.999915       301185     11702.86
       3.009     0.999927       301188     13653.33
       3.087     0.999939       301192     16384.00
       3.099     0.999945       301194     18204.44
       3.117     0.999951       301196     20480.00
       3.193     0.999957       301198     23405.71
       3.201     0.999963       301199     27306.67
       3.373     0.999969       301201     32768.00
       3.559     0.999973       301202     36408.89
       3.611     0.999976       301203     40960.00
       3.657     0.999979       301204     46811.43
       3.709     0.999982       301205     54613.33
       3.773     0.999985       301206     65536.00
       3.773     0.999986       301206     72817.78
       3.859     0.999988       301207     81920.00
       3.859     0.999989       301207     93622.86
       3.987     0.999991       301208    109226.67
       3.987     0.999992       301208    131072.00
       3.987     0.999993       301208    145635.56
       4.119     0.999994       301210    163840.00
       4.119     1.000000       301210          inf
#[Mean    =        0.393, StdDeviation   =        0.172]
#[Max     =        4.116, Total count    =       301210]
#[Buckets =           27, SubBuckets     =         2048]
-----------------------------------------------------------------------
  348610 requests in 1.17m, 70.81MB read
Requests/sec:   4980.21  
Transfer/sec:      1.01MB
