Running 1m test @ http://10.10.1.1:5000
  4 threads and 128 connections

  Thread calibration: mean lat.: 5.534ms, rate sampling interval: 18ms
  Thread calibration: mean lat.: 5.430ms, rate sampling interval: 17ms
  Thread calibration: mean lat.: 5.414ms, rate sampling interval: 18ms
  Thread calibration: mean lat.: 5.609ms, rate sampling interval: 18ms

-----------------------------------------------------------------------
Test Results @ http://10.10.1.1:5000 
  Thread Stats   Avg      Stdev     99%   +/- Stdev
    Latency     5.18ms    2.71ms  15.07ms   80.97%
    Req/Sec     2.32k   403.31     3.30k    69.61%
  Latency Distribution (HdrHistogram - Recorded Latency)
 50.000%    4.46ms
 75.000%    6.14ms
 90.000%    8.54ms
 99.000%   15.07ms
 99.900%   22.27ms
 99.990%   30.03ms
 99.999%   38.37ms
100.000%   49.89ms

  Detailed Percentile spectrum:
       Value   Percentile   TotalCount 1/(1-Percentile)

       1.340     0.000000            1         1.00
       2.693     0.100000        54193         1.11
       3.181     0.200000       108315         1.25
       3.597     0.300000       162100         1.43
       4.013     0.400000       216157         1.67
       4.463     0.500000       270182         2.00
       4.715     0.550000       297252         2.22
       5.003     0.600000       324478         2.50
       5.315     0.650000       351274         2.86
       5.683     0.700000       378227         3.33
       6.139     0.750000       405452         4.00
       6.399     0.775000       418807         4.44
       6.699     0.800000       432342         5.00
       7.051     0.825000       445873         5.71
       7.459     0.850000       459338         6.67
       7.947     0.875000       472813         8.00
       8.231     0.887500       479644         8.89
       8.543     0.900000       486318        10.00
       8.919     0.912500       493054        11.43
       9.335     0.925000       499803        13.33
       9.839     0.937500       506608        16.00
      10.127     0.943750       509944        17.78
      10.455     0.950000       513300        20.00
      10.839     0.956250       516685        22.86
      11.271     0.962500       520082        26.67
      11.799     0.968750       523421        32.00
      12.095     0.971875       525120        35.56
      12.423     0.975000       526811        40.00
      12.815     0.978125       528510        45.71
      13.255     0.981250       530198        53.33
      13.775     0.984375       531880        64.00
      14.087     0.985938       532725        71.11
      14.439     0.987500       533560        80.00
      14.815     0.989062       534398        91.43
      15.279     0.990625       535251       106.67
      15.855     0.992188       536084       128.00
      16.199     0.992969       536513       142.22
      16.559     0.993750       536936       160.00
      16.959     0.994531       537355       182.86
      17.455     0.995313       537789       213.33
      18.015     0.996094       538196       256.00
      18.335     0.996484       538406       284.44
      18.687     0.996875       538620       320.00
      19.023     0.997266       538828       365.71
      19.535     0.997656       539041       426.67
      20.159     0.998047       539254       512.00
      20.527     0.998242       539359       568.89
      20.895     0.998437       539465       640.00
      21.311     0.998633       539567       731.43
      21.807     0.998828       539679       853.33
      22.319     0.999023       539778      1024.00
      22.735     0.999121       539831      1137.78
      23.087     0.999219       539883      1280.00
      23.519     0.999316       539937      1462.86
      23.903     0.999414       539993      1706.67
      24.479     0.999512       540043      2048.00
      24.927     0.999561       540069      2275.56
      25.375     0.999609       540095      2560.00
      25.855     0.999658       540121      2925.71
      26.335     0.999707       540147      3413.33
      27.103     0.999756       540174      4096.00
      27.391     0.999780       540187      4551.11
      27.743     0.999805       540200      5120.00
      28.255     0.999829       540213      5851.43
      28.879     0.999854       540226      6826.67
      29.551     0.999878       540240      8192.00
      29.791     0.999890       540247      9102.22
      30.239     0.999902       540253     10240.00
      30.703     0.999915       540259     11702.86
      31.263     0.999927       540266     13653.33
      32.175     0.999939       540274     16384.00
      32.767     0.999945       540276     18204.44
      32.927     0.999951       540279     20480.00
      33.183     0.999957       540282     23405.71
      33.663     0.999963       540286     27306.67
      33.823     0.999969       540289     32768.00
      34.303     0.999973       540291     36408.89
      34.783     0.999976       540292     40960.00
      36.191     0.999979       540294     46811.43
      36.991     0.999982       540296     54613.33
      37.503     0.999985       540297     65536.00
      38.015     0.999986       540298     72817.78
      38.143     0.999988       540299     81920.00
      38.367     0.999989       540300     93622.86
      41.407     0.999991       540301    109226.67
      41.407     0.999992       540301    131072.00
      42.047     0.999993       540302    145635.56
      42.047     0.999994       540302    163840.00
      42.719     0.999995       540303    187245.71
      42.719     0.999995       540303    218453.33
      42.719     0.999996       540303    262144.00
      45.503     0.999997       540304    291271.11
      45.503     0.999997       540304    327680.00
      45.503     0.999997       540304    374491.43
      45.503     0.999998       540304    436906.67
      45.503     0.999998       540304    524288.00
      49.887     0.999998       540305    582542.22
      49.887     1.000000       540305          inf
#[Mean    =        5.179, StdDeviation   =        2.710]
#[Max     =       49.856, Total count    =       540305]
#[Buckets =           27, SubBuckets     =         2048]
-----------------------------------------------------------------------
  628279 requests in 1.17m, 168.90MB read
Requests/sec:   8975.58  
Transfer/sec:      2.41MB
