Running 1m test @ http://10.10.1.1:5000
  4 threads and 128 connections

  Thread calibration: mean lat.: 5.873ms, rate sampling interval: 20ms
  Thread calibration: mean lat.: 6.000ms, rate sampling interval: 20ms
  Thread calibration: mean lat.: 6.016ms, rate sampling interval: 20ms
  Thread calibration: mean lat.: 5.929ms, rate sampling interval: 20ms

-----------------------------------------------------------------------
Test Results @ http://10.10.1.1:5000 
  Thread Stats   Avg      Stdev     99%   +/- Stdev
    Latency     5.80ms    3.21ms  17.74ms   82.08%
    Req/Sec     2.31k   384.14     3.26k    68.81%
  Latency Distribution (HdrHistogram - Recorded Latency)
 50.000%    4.93ms
 75.000%    6.90ms
 90.000%    9.73ms
 99.000%   17.74ms
 99.900%   26.64ms
 99.990%   36.06ms
 99.999%   43.26ms
100.000%   47.52ms

  Detailed Percentile spectrum:
       Value   Percentile   TotalCount 1/(1-Percentile)

       1.344     0.000000            1         1.00
       2.925     0.100000        54139         1.11
       3.469     0.200000       108250         1.25
       3.941     0.300000       162345         1.43
       4.411     0.400000       216179         1.67
       4.935     0.500000       270297         2.00
       5.227     0.550000       297497         2.22
       5.551     0.600000       324317         2.50
       5.927     0.650000       351438         2.86
       6.367     0.700000       378377         3.33
       6.899     0.750000       405285         4.00
       7.215     0.775000       418945         4.44
       7.567     0.800000       432363         5.00
       7.975     0.825000       445787         5.71
       8.455     0.850000       459423         6.67
       9.023     0.875000       472919         8.00
       9.351     0.887500       479630         8.89
       9.735     0.900000       486415        10.00
      10.167     0.912500       493172        11.43
      10.671     0.925000       499909        13.33
      11.271     0.937500       506640        16.00
      11.631     0.943750       510032        17.78
      12.031     0.950000       513350        20.00
      12.487     0.956250       516743        22.86
      13.007     0.962500       520125        26.67
      13.639     0.968750       523508        32.00
      13.999     0.971875       525168        35.56
      14.415     0.975000       526871        40.00
      14.879     0.978125       528542        45.71
      15.423     0.981250       530228        53.33
      16.071     0.984375       531905        64.00
      16.479     0.985938       532763        71.11
      16.911     0.987500       533598        80.00
      17.407     0.989062       534443        91.43
      17.999     0.990625       535294       106.67
      18.639     0.992188       536142       128.00
      19.039     0.992969       536552       142.22
      19.503     0.993750       536980       160.00
      20.047     0.994531       537395       182.86
      20.607     0.995313       537812       213.33
      21.375     0.996094       538236       256.00
      21.807     0.996484       538454       284.44
      22.271     0.996875       538658       320.00
      22.751     0.997266       538872       365.71
      23.295     0.997656       539080       426.67
      24.063     0.998047       539289       512.00
      24.447     0.998242       539397       568.89
      24.879     0.998437       539504       640.00
      25.423     0.998633       539606       731.43
      26.111     0.998828       539711       853.33
      26.751     0.999023       539818      1024.00
      27.231     0.999121       539871      1137.78
      27.679     0.999219       539925      1280.00
      28.191     0.999316       539975      1462.86
      28.751     0.999414       540028      1706.67
      29.615     0.999512       540081      2048.00
      29.999     0.999561       540107      2275.56
      30.527     0.999609       540134      2560.00
      30.991     0.999658       540162      2925.71
      31.439     0.999707       540186      3413.33
      32.047     0.999756       540214      4096.00
      32.271     0.999780       540226      4551.11
      32.607     0.999805       540239      5120.00
      33.151     0.999829       540252      5851.43
      33.759     0.999854       540266      6826.67
      34.783     0.999878       540279      8192.00
      35.327     0.999890       540285      9102.22
      36.159     0.999902       540292     10240.00
      36.479     0.999915       540299     11702.86
      37.119     0.999927       540305     13653.33
      37.983     0.999939       540312     16384.00
      38.175     0.999945       540315     18204.44
      38.335     0.999951       540318     20480.00
      38.911     0.999957       540321     23405.71
      39.711     0.999963       540325     27306.67
      40.351     0.999969       540328     32768.00
      40.607     0.999973       540330     36408.89
      40.703     0.999976       540331     40960.00
      41.695     0.999979       540333     46811.43
      41.855     0.999982       540335     54613.33
      42.207     0.999985       540336     65536.00
      42.431     0.999986       540337     72817.78
      42.943     0.999988       540338     81920.00
      43.263     0.999989       540339     93622.86
      43.967     0.999991       540340    109226.67
      43.967     0.999992       540340    131072.00
      45.855     0.999993       540341    145635.56
      45.855     0.999994       540341    163840.00
      46.047     0.999995       540342    187245.71
      46.047     0.999995       540342    218453.33
      46.047     0.999996       540342    262144.00
      46.559     0.999997       540343    291271.11
      46.559     0.999997       540343    327680.00
      46.559     0.999997       540343    374491.43
      46.559     0.999998       540343    436906.67
      46.559     0.999998       540343    524288.00
      47.519     0.999998       540344    582542.22
      47.519     1.000000       540344          inf
#[Mean    =        5.803, StdDeviation   =        3.207]
#[Max     =       47.488, Total count    =       540344]
#[Buckets =           27, SubBuckets     =         2048]
-----------------------------------------------------------------------
  628273 requests in 1.17m, 171.06MB read
Requests/sec:   8975.33  
Transfer/sec:      2.44MB
