Running 1m test @ http://10.10.1.2:5000
  4 threads and 128 connections

  Thread calibration: mean lat.: 4.779ms, rate sampling interval: 16ms
  Thread calibration: mean lat.: 4.860ms, rate sampling interval: 16ms
  Thread calibration: mean lat.: 4.874ms, rate sampling interval: 16ms
  Thread calibration: mean lat.: 5.131ms, rate sampling interval: 17ms

-----------------------------------------------------------------------
Test Results @ http://10.10.1.2:5000 
  Thread Stats   Avg      Stdev     99%   +/- Stdev
    Latency     4.06ms    2.52ms  13.46ms   83.06%
    Req/Sec     4.39k   598.98     5.87k    67.97%
  Latency Distribution (HdrHistogram - Recorded Latency)
 50.000%    3.35ms
 75.000%    4.86ms
 90.000%    7.10ms
 99.000%   13.46ms
 99.900%   21.25ms
 99.990%   32.54ms
 99.999%   42.11ms
100.000%   45.98ms

  Detailed Percentile spectrum:
       Value   Percentile   TotalCount 1/(1-Percentile)

       0.588     0.000000            1         1.00
       1.859     0.100000       102156         1.11
       2.281     0.200000       204367         1.25
       2.627     0.300000       306353         1.43
       2.975     0.400000       408191         1.67
       3.353     0.500000       510352         2.00
       3.567     0.550000       561172         2.22
       3.817     0.600000       612259         2.50
       4.111     0.650000       663469         2.86
       4.447     0.700000       714462         3.33
       4.859     0.750000       764962         4.00
       5.115     0.775000       790749         4.44
       5.391     0.800000       816017         5.00
       5.719     0.825000       841654         5.71
       6.095     0.850000       866889         6.67
       6.539     0.875000       892371         8.00
       6.799     0.887500       905134         8.89
       7.099     0.900000       917890        10.00
       7.435     0.912500       930746        11.43
       7.831     0.925000       943437        13.33
       8.303     0.937500       956285        16.00
       8.575     0.943750       962523        17.78
       8.887     0.950000       968935        20.00
       9.247     0.956250       975339        22.86
       9.655     0.962500       981631        26.67
      10.159     0.968750       988047        32.00
      10.447     0.971875       991213        35.56
      10.775     0.975000       994395        40.00
      11.159     0.978125       997571        45.71
      11.607     0.981250      1000763        53.33
      12.127     0.984375      1003925        64.00
      12.439     0.985938      1005502        71.11
      12.791     0.987500      1007103        80.00
      13.207     0.989062      1008701        91.43
      13.655     0.990625      1010294       106.67
      14.223     0.992188      1011891       128.00
      14.551     0.992969      1012678       142.22
      14.927     0.993750      1013478       160.00
      15.343     0.994531      1014267       182.86
      15.831     0.995313      1015066       213.33
      16.415     0.996094      1015858       256.00
      16.751     0.996484      1016269       284.44
      17.135     0.996875      1016657       320.00
      17.631     0.997266      1017067       365.71
      18.111     0.997656      1017459       426.67
      18.735     0.998047      1017852       512.00
      19.119     0.998242      1018055       568.89
      19.519     0.998437      1018248       640.00
      20.047     0.998633      1018454       731.43
      20.623     0.998828      1018647       853.33
      21.359     0.999023      1018850      1024.00
      21.791     0.999121      1018947      1137.78
      22.271     0.999219      1019046      1280.00
      22.879     0.999316      1019149      1462.86
      23.615     0.999414      1019244      1706.67
      24.447     0.999512      1019344      2048.00
      24.863     0.999561      1019393      2275.56
      25.439     0.999609      1019444      2560.00
      26.063     0.999658      1019494      2925.71
      26.767     0.999707      1019543      3413.33
      27.775     0.999756      1019593      4096.00
      28.319     0.999780      1019617      4551.11
      28.735     0.999805      1019642      5120.00
      29.615     0.999829      1019667      5851.43
      30.303     0.999854      1019692      6826.67
      31.663     0.999878      1019718      8192.00
      32.175     0.999890      1019729      9102.22
      32.639     0.999902      1019742     10240.00
      33.695     0.999915      1019756     11702.86
      34.303     0.999927      1019767     13653.33
      34.783     0.999939      1019779     16384.00
      35.359     0.999945      1019785     18204.44
      35.839     0.999951      1019792     20480.00
      36.383     0.999957      1019798     23405.71
      36.863     0.999963      1019804     27306.67
      37.471     0.999969      1019810     32768.00
      38.239     0.999973      1019813     36408.89
      38.975     0.999976      1019818     40960.00
      39.519     0.999979      1019820     46811.43
      40.159     0.999982      1019823     54613.33
      41.183     0.999985      1019826     65536.00
      41.343     0.999986      1019827     72817.78
      41.791     0.999988      1019829     81920.00
      42.111     0.999989      1019831     93622.86
      42.431     0.999991      1019832    109226.67
      42.559     0.999992      1019834    131072.00
      42.559     0.999993      1019834    145635.56
      43.263     0.999994      1019836    163840.00
      43.263     0.999995      1019836    187245.71
      43.487     0.999995      1019837    218453.33
      43.967     0.999996      1019838    262144.00
      43.967     0.999997      1019838    291271.11
      43.967     0.999997      1019838    327680.00
      44.575     0.999997      1019839    374491.43
      44.575     0.999998      1019839    436906.67
      45.599     0.999998      1019840    524288.00
      45.599     0.999998      1019840    582542.22
      45.599     0.999998      1019840    655360.00
      45.599     0.999999      1019840    748982.86
      45.599     0.999999      1019840    873813.33
      45.983     0.999999      1019841   1048576.00
      45.983     1.000000      1019841          inf
#[Mean    =        4.055, StdDeviation   =        2.524]
#[Max     =       45.952, Total count    =      1019841]
#[Buckets =           27, SubBuckets     =         2048]
-----------------------------------------------------------------------
  1190281 requests in 1.17m, 666.87MB read
Requests/sec:  17004.40  
Transfer/sec:      9.53MB
