Running 1m test @ http://10.10.1.1:5000
  4 threads and 128 connections

  Thread calibration: mean lat.: 422.236ms, rate sampling interval: 1739ms
  Thread calibration: mean lat.: 390.365ms, rate sampling interval: 1660ms
  Thread calibration: mean lat.: 400.537ms, rate sampling interval: 1735ms
  Thread calibration: mean lat.: 423.849ms, rate sampling interval: 1791ms

-----------------------------------------------------------------------
Test Results @ http://10.10.1.1:5000 
  Thread Stats   Avg      Stdev     99%   +/- Stdev
    Latency     3.15s     1.38s    6.16s    62.17%
    Req/Sec     2.96k    24.68     3.02k    67.26%
  Latency Distribution (HdrHistogram - Recorded Latency)
 50.000%    3.14s 
 75.000%    4.21s 
 90.000%    5.04s 
 99.000%    6.16s 
 99.900%    6.68s 
 99.990%    6.99s 
 99.999%    7.05s 
100.000%    7.05s 

  Detailed Percentile spectrum:
       Value   Percentile   TotalCount 1/(1-Percentile)

      36.863     0.000000            1         1.00
    1317.887     0.100000        59217         1.11
    1773.567     0.200000       118452         1.25
    2244.607     0.300000       177527         1.43
    2713.599     0.400000       236690         1.67
    3141.631     0.500000       295972         2.00
    3368.959     0.550000       325609         2.22
    3547.135     0.600000       355237         2.50
    3756.031     0.650000       384682         2.86
    3987.455     0.700000       414368         3.33
    4210.687     0.750000       443901         4.00
    4337.663     0.775000       458816         4.44
    4448.255     0.800000       473405         5.00
    4567.039     0.825000       488354         5.71
    4718.591     0.850000       503036         6.67
    4870.143     0.875000       517897         8.00
    4956.159     0.887500       525378         8.89
    5038.079     0.900000       532548        10.00
    5132.287     0.912500       540086        11.43
    5230.591     0.925000       547403        13.33
    5337.087     0.937500       554877        16.00
    5390.335     0.943750       558452        17.78
    5447.679     0.950000       562123        20.00
    5513.215     0.956250       566031        22.86
    5578.751     0.962500       569520        26.67
    5668.863     0.968750       573318        32.00
    5718.015     0.971875       575123        35.56
    5767.167     0.975000       576969        40.00
    5824.511     0.978125       578820        45.71
    5885.951     0.981250       580603        53.33
    5967.871     0.984375       582474        64.00
    6012.927     0.985938       583414        71.11
    6078.463     0.987500       584308        80.00
    6131.711     0.989062       585266        91.43
    6172.671     0.990625       586174       106.67
    6217.727     0.992188       587145       128.00
    6246.399     0.992969       587538       142.22
    6283.263     0.993750       588035       160.00
    6320.127     0.994531       588484       182.86
    6365.183     0.995313       588957       213.33
    6406.143     0.996094       589387       256.00
    6426.623     0.996484       589620       284.44
    6451.199     0.996875       589866       320.00
    6479.871     0.997266       590084       365.71
    6512.639     0.997656       590311       426.67
    6569.983     0.998047       590545       512.00
    6598.655     0.998242       590653       568.89
    6623.231     0.998437       590788       640.00
    6639.615     0.998633       590900       731.43
    6655.999     0.998828       591009       853.33
    6684.671     0.999023       591121      1024.00
    6701.055     0.999121       591179      1137.78
    6721.535     0.999219       591232      1280.00
    6750.207     0.999316       591290      1462.86
    6774.783     0.999414       591348      1706.67
    6811.647     0.999512       591407      2048.00
    6844.415     0.999561       591432      2275.56
    6877.183     0.999609       591462      2560.00
    6897.663     0.999658       591492      2925.71
    6909.951     0.999707       591522      3413.33
    6922.239     0.999756       591547      4096.00
    6934.527     0.999780       591565      4551.11
    6942.719     0.999805       591583      5120.00
    6950.911     0.999829       591594      5851.43
    6963.199     0.999854       591608      6826.67
    6971.391     0.999878       591619      8192.00
    6979.583     0.999890       591626      9102.22
    6987.775     0.999902       591637     10240.00
    6995.967     0.999915       591647     11702.86
    7000.063     0.999927       591649     13653.33
    7008.255     0.999939       591658     16384.00
    7012.351     0.999945       591663     18204.44
    7012.351     0.999951       591663     20480.00
    7016.447     0.999957       591667     23405.71
    7020.543     0.999963       591670     27306.67
    7024.639     0.999969       591673     32768.00
    7028.735     0.999973       591676     36408.89
    7032.831     0.999976       591679     40960.00
    7032.831     0.999979       591679     46811.43
    7036.927     0.999982       591681     54613.33
    7041.023     0.999985       591684     65536.00
    7041.023     0.999986       591684     72817.78
    7041.023     0.999988       591684     81920.00
    7045.119     0.999989       591687     93622.86
    7045.119     0.999991       591687    109226.67
    7045.119     0.999992       591687    131072.00
    7045.119     0.999993       591687    145635.56
    7049.215     0.999994       591691    163840.00
    7049.215     1.000000       591691          inf
#[Mean    =     3154.664, StdDeviation   =     1384.593]
#[Max     =     7045.120, Total count    =       591691]
#[Buckets =           27, SubBuckets     =         2048]
-----------------------------------------------------------------------
  707553 requests in 1.00m, 185.80MB read
Requests/sec:  11792.73  
Transfer/sec:      3.10MB
