Running 1m test @ http://10.10.1.1:5000
  4 threads and 128 connections

  Thread calibration: mean lat.: 3055.315ms, rate sampling interval: 11780ms
  Thread calibration: mean lat.: 3102.031ms, rate sampling interval: 11190ms
  Thread calibration: mean lat.: 3076.225ms, rate sampling interval: 11870ms
  Thread calibration: mean lat.: 3138.160ms, rate sampling interval: 11231ms

-----------------------------------------------------------------------
Test Results @ http://10.10.1.1:5000 
  Thread Stats   Avg      Stdev     99%   +/- Stdev
    Latency    23.57s     9.88s   40.44s    57.83%
    Req/Sec     1.50k     5.30     1.51k    81.25%
  Latency Distribution (HdrHistogram - Recorded Latency)
 50.000%   23.59s 
 75.000%   32.10s 
 90.000%   37.26s 
 99.000%   40.44s 
 99.900%   41.16s 
 99.990%   41.45s 
 99.999%   41.65s 
100.000%   41.71s 

  Detailed Percentile spectrum:
       Value   Percentile   TotalCount 1/(1-Percentile)

    5947.391     0.000000            1         1.00
    9895.935     0.100000        30030         1.11
   13320.191     0.200000        60053         1.25
   16728.063     0.300000        90083         1.43
   20168.703     0.400000       120125         1.67
   23592.959     0.500000       150123         2.00
   25313.279     0.550000       165243         2.22
   26984.447     0.600000       180154         2.50
   28704.767     0.650000       195191         2.86
   30392.319     0.700000       210186         3.33
   32096.255     0.750000       225153         4.00
   32980.991     0.775000       232699         4.44
   33849.343     0.800000       240289         5.00
   34701.311     0.825000       247774         5.71
   35553.279     0.850000       255443         6.67
   36372.479     0.875000       262724         8.00
   36831.231     0.887500       266602         8.89
   37257.215     0.900000       270298        10.00
   37683.199     0.912500       273945        11.43
   38141.951     0.925000       277839        13.33
   38567.935     0.937500       281554        16.00
   38797.311     0.943750       283561        17.78
   38993.919     0.950000       285286        20.00
   39223.295     0.956250       287294        22.86
   39419.903     0.962500       289059        26.67
   39616.511     0.968750       290824        32.00
   39747.583     0.971875       291965        35.56
   39845.887     0.975000       292814        40.00
   39944.191     0.978125       293676        45.71
   40075.263     0.981250       294719        53.33
   40206.335     0.984375       295729        64.00
   40271.871     0.985938       296190        71.11
   40337.407     0.987500       296667        80.00
   40402.943     0.989062       297107        91.43
   40468.479     0.990625       297501       106.67
   40534.015     0.992188       297885       128.00
   40599.551     0.992969       298239       142.22
   40632.319     0.993750       298399       160.00
   40697.855     0.994531       298664       182.86
   40730.623     0.995313       298816       213.33
   40796.159     0.996094       299055       256.00
   40828.927     0.996484       299179       284.44
   40861.695     0.996875       299283       320.00
   40894.463     0.997266       299384       365.71
   40959.999     0.997656       299564       426.67
   40992.767     0.998047       299645       512.00
   41025.535     0.998242       299723       568.89
   41058.303     0.998437       299797       640.00
   41058.303     0.998633       299797       731.43
   41123.839     0.998828       299896       853.33
   41156.607     0.999023       299943      1024.00
   41156.607     0.999121       299943      1137.78
   41189.375     0.999219       299979      1280.00
   41222.143     0.999316       300011      1462.86
   41254.911     0.999414       300048      1706.67
   41287.679     0.999512       300080      2048.00
   41287.679     0.999561       300080      2275.56
   41320.447     0.999609       300103      2560.00
   41320.447     0.999658       300103      2925.71
   41353.215     0.999707       300130      3413.33
   41353.215     0.999756       300130      4096.00
   41385.983     0.999780       300157      4551.11
   41385.983     0.999805       300157      5120.00
   41385.983     0.999829       300157      5851.43
   41418.751     0.999854       300167      6826.67
   41418.751     0.999878       300167      8192.00
   41451.519     0.999890       300175      9102.22
   41451.519     0.999902       300175     10240.00
   41484.287     0.999915       300181     11702.86
   41484.287     0.999927       300181     13653.33
   41517.055     0.999939       300188     16384.00
   41517.055     0.999945       300188     18204.44
   41517.055     0.999951       300188     20480.00
   41549.823     0.999957       300194     23405.71
   41549.823     0.999963       300194     27306.67
   41549.823     0.999969       300194     32768.00
   41549.823     0.999973       300194     36408.89
   41582.591     0.999976       300197     40960.00
   41582.591     0.999979       300197     46811.43
   41582.591     0.999982       300197     54613.33
   41615.359     0.999985       300198     65536.00
   41615.359     0.999986       300198     72817.78
   41648.127     0.999988       300199     81920.00
   41648.127     0.999989       300199     93622.86
   41680.895     0.999991       300200    109226.67
   41680.895     0.999992       300200    131072.00
   41680.895     0.999993       300200    145635.56
   41713.663     0.999994       300202    163840.00
   41713.663     1.000000       300202          inf
#[Mean    =    23570.072, StdDeviation   =     9882.011]
#[Max     =    41680.896, Total count    =       300202]
#[Buckets =           27, SubBuckets     =         2048]
-----------------------------------------------------------------------
  358788 requests in 1.00m, 95.38MB read
  Socket errors: connect 0, read 0, write 0, timeout 2
Requests/sec:   5979.88  
Transfer/sec:      1.59MB
