Running 1m test @ http://10.10.1.2:5000
  4 threads and 128 connections

  Thread calibration: mean lat.: 1.149ms, rate sampling interval: 10ms
  Thread calibration: mean lat.: 1.157ms, rate sampling interval: 10ms
  Thread calibration: mean lat.: 1.126ms, rate sampling interval: 10ms
  Thread calibration: mean lat.: 1.157ms, rate sampling interval: 10ms

-----------------------------------------------------------------------
Test Results @ http://10.10.1.2:5000 
  Thread Stats   Avg      Stdev     99%   +/- Stdev
    Latency     1.11ms  447.87us   2.66ms   82.79%
    Req/Sec     1.85k   462.54     3.00k    69.98%
  Latency Distribution (HdrHistogram - Recorded Latency)
 50.000%    0.94ms
 75.000%    1.33ms
 90.000%    1.71ms
 99.000%    2.66ms
 99.900%    3.66ms
 99.990%    4.71ms
 99.999%    5.51ms
100.000%    6.18ms

  Detailed Percentile spectrum:
       Value   Percentile   TotalCount 1/(1-Percentile)

       0.512     0.000000            1         1.00
       0.734     0.100000        42468         1.11
       0.788     0.200000        84870         1.25
       0.833     0.300000       126669         1.43
       0.880     0.400000       168710         1.67
       0.938     0.500000       210250         2.00
       0.977     0.550000       231406         2.22
       1.030     0.600000       252235         2.50
       1.111     0.650000       273300         2.86
       1.223     0.700000       294299         3.33
       1.329     0.750000       315297         4.00
       1.382     0.775000       325895         4.44
       1.436     0.800000       336366         5.00
       1.493     0.825000       346869         5.71
       1.555     0.850000       357419         6.67
       1.625     0.875000       367911         8.00
       1.666     0.887500       373139         8.89
       1.712     0.900000       378376        10.00
       1.766     0.912500       383613        11.43
       1.833     0.925000       388925        13.33
       1.912     0.937500       394154        16.00
       1.958     0.943750       396767        17.78
       2.011     0.950000       399393        20.00
       2.069     0.956250       401983        22.86
       2.135     0.962500       404669        26.67
       2.211     0.968750       407268        32.00
       2.253     0.971875       408563        35.56
       2.299     0.975000       409898        40.00
       2.353     0.978125       411203        45.71
       2.415     0.981250       412510        53.33
       2.487     0.984375       413822        64.00
       2.529     0.985938       414492        71.11
       2.573     0.987500       415130        80.00
       2.629     0.989062       415811        91.43
       2.693     0.990625       416445       106.67
       2.773     0.992188       417103       128.00
       2.817     0.992969       417418       142.22
       2.871     0.993750       417756       160.00
       2.919     0.994531       418078       182.86
       2.983     0.995313       418408       213.33
       3.061     0.996094       418733       256.00
       3.109     0.996484       418896       284.44
       3.163     0.996875       419064       320.00
       3.219     0.997266       419227       365.71
       3.289     0.997656       419392       426.67
       3.369     0.998047       419554       512.00
       3.417     0.998242       419635       568.89
       3.473     0.998437       419719       640.00
       3.529     0.998633       419799       731.43
       3.597     0.998828       419881       853.33
       3.671     0.999023       419963      1024.00
       3.721     0.999121       420004      1137.78
       3.799     0.999219       420045      1280.00
       3.849     0.999316       420088      1462.86
       3.913     0.999414       420128      1706.67
       3.995     0.999512       420168      2048.00
       4.057     0.999561       420190      2275.56
       4.107     0.999609       420210      2560.00
       4.179     0.999658       420230      2925.71
       4.243     0.999707       420250      3413.33
       4.335     0.999756       420271      4096.00
       4.375     0.999780       420281      4551.11
       4.443     0.999805       420291      5120.00
       4.487     0.999829       420302      5851.43
       4.531     0.999854       420312      6826.67
       4.563     0.999878       420322      8192.00
       4.635     0.999890       420327      9102.22
       4.707     0.999902       420332     10240.00
       4.779     0.999915       420338     11702.86
       4.855     0.999927       420343     13653.33
       4.951     0.999939       420348     16384.00
       5.055     0.999945       420350     18204.44
       5.071     0.999951       420353     20480.00
       5.119     0.999957       420356     23405.71
       5.147     0.999963       420358     27306.67
       5.223     0.999969       420362     32768.00
       5.223     0.999973       420362     36408.89
       5.239     0.999976       420364     40960.00
       5.359     0.999979       420365     46811.43
       5.439     0.999982       420366     54613.33
       5.443     0.999985       420367     65536.00
       5.467     0.999986       420368     72817.78
       5.467     0.999988       420368     81920.00
       5.507     0.999989       420369     93622.86
       5.727     0.999991       420370    109226.67
       5.727     0.999992       420370    131072.00
       5.791     0.999993       420371    145635.56
       5.791     0.999994       420371    163840.00
       5.791     0.999995       420371    187245.71
       5.855     0.999995       420372    218453.33
       5.855     0.999996       420372    262144.00
       5.855     0.999997       420372    291271.11
       5.855     0.999997       420372    327680.00
       5.855     0.999997       420372    374491.43
       6.183     0.999998       420373    436906.67
       6.183     1.000000       420373          inf
#[Mean    =        1.114, StdDeviation   =        0.448]
#[Max     =        6.180, Total count    =       420373]
#[Buckets =           27, SubBuckets     =         2048]
-----------------------------------------------------------------------
  488752 requests in 1.17m, 273.86MB read
Requests/sec:   6982.30  
Transfer/sec:      3.91MB
