Running 1m test @ http://10.10.1.2:5000
  4 threads and 128 connections

  Thread calibration: mean lat.: 1.298ms, rate sampling interval: 10ms
  Thread calibration: mean lat.: 1.285ms, rate sampling interval: 10ms
  Thread calibration: mean lat.: 1.304ms, rate sampling interval: 10ms
  Thread calibration: mean lat.: 1.308ms, rate sampling interval: 10ms

-----------------------------------------------------------------------
Test Results @ http://10.10.1.2:5000 
  Thread Stats   Avg      Stdev     99%   +/- Stdev
    Latency     1.29ms  565.65us   3.23ms   81.42%
    Req/Sec     2.38k   531.89     3.70k    70.18%
  Latency Distribution (HdrHistogram - Recorded Latency)
 50.000%    1.10ms
 75.000%    1.57ms
 90.000%    2.04ms
 99.000%    3.23ms
 99.900%    4.45ms
 99.990%    5.80ms
 99.999%    7.93ms
100.000%    9.23ms

  Detailed Percentile spectrum:
       Value   Percentile   TotalCount 1/(1-Percentile)

       0.180     0.000000            1         1.00
       0.774     0.100000        54503         1.11
       0.842     0.200000       108920         1.25
       0.905     0.300000       162688         1.43
       0.982     0.400000       216360         1.67
       1.101     0.500000       270178         2.00
       1.192     0.550000       297195         2.22
       1.288     0.600000       324323         2.50
       1.379     0.650000       351246         2.86
       1.471     0.700000       378521         3.33
       1.566     0.750000       405404         4.00
       1.618     0.775000       418802         4.44
       1.676     0.800000       432348         5.00
       1.742     0.825000       445889         5.71
       1.820     0.850000       459375         6.67
       1.914     0.875000       472836         8.00
       1.972     0.887500       479601         8.89
       2.035     0.900000       486325        10.00
       2.105     0.912500       493060        11.43
       2.185     0.925000       499882        13.33
       2.279     0.937500       506686        16.00
       2.331     0.943750       510014        17.78
       2.391     0.950000       513324        20.00
       2.461     0.956250       516736        22.86
       2.539     0.962500       520117        26.67
       2.631     0.968750       523463        32.00
       2.687     0.971875       525173        35.56
       2.743     0.975000       526829        40.00
       2.813     0.978125       528539        45.71
       2.893     0.981250       530209        53.33
       2.991     0.984375       531893        64.00
       3.049     0.985938       532749        71.11
       3.109     0.987500       533595        80.00
       3.179     0.989062       534420        91.43
       3.263     0.990625       535278       106.67
       3.359     0.992188       536116       128.00
       3.415     0.992969       536540       142.22
       3.475     0.993750       536958       160.00
       3.549     0.994531       537384       182.86
       3.629     0.995313       537806       213.33
       3.721     0.996094       538221       256.00
       3.767     0.996484       538428       284.44
       3.829     0.996875       538639       320.00
       3.897     0.997266       538850       365.71
       3.977     0.997656       539062       426.67
       4.069     0.998047       539272       512.00
       4.131     0.998242       539386       568.89
       4.191     0.998437       539484       640.00
       4.279     0.998633       539594       731.43
       4.375     0.998828       539699       853.33
       4.467     0.999023       539802      1024.00
       4.523     0.999121       539855      1137.78
       4.587     0.999219       539907      1280.00
       4.663     0.999316       539960      1462.86
       4.739     0.999414       540013      1706.67
       4.859     0.999512       540065      2048.00
       4.931     0.999561       540090      2275.56
       4.991     0.999609       540117      2560.00
       5.079     0.999658       540143      2925.71
       5.171     0.999707       540169      3413.33
       5.311     0.999756       540196      4096.00
       5.363     0.999780       540210      4551.11
       5.407     0.999805       540222      5120.00
       5.487     0.999829       540235      5851.43
       5.599     0.999854       540248      6826.67
       5.683     0.999878       540262      8192.00
       5.719     0.999890       540268      9102.22
       5.807     0.999902       540275     10240.00
       5.887     0.999915       540281     11702.86
       6.035     0.999927       540288     13653.33
       6.151     0.999939       540295     16384.00
       6.171     0.999945       540298     18204.44
       6.247     0.999951       540301     20480.00
       6.279     0.999957       540304     23405.71
       6.419     0.999963       540308     27306.67
       6.579     0.999969       540311     32768.00
       6.723     0.999973       540313     36408.89
       6.759     0.999976       540314     40960.00
       7.147     0.999979       540316     46811.43
       7.291     0.999982       540318     54613.33
       7.487     0.999985       540319     65536.00
       7.551     0.999986       540320     72817.78
       7.695     0.999988       540321     81920.00
       7.935     0.999989       540322     93622.86
       8.135     0.999991       540323    109226.67
       8.135     0.999992       540323    131072.00
       8.799     0.999993       540324    145635.56
       8.799     0.999994       540324    163840.00
       8.903     0.999995       540325    187245.71
       8.903     0.999995       540325    218453.33
       8.903     0.999996       540325    262144.00
       9.175     0.999997       540326    291271.11
       9.175     0.999997       540326    327680.00
       9.175     0.999997       540326    374491.43
       9.175     0.999998       540326    436906.67
       9.175     0.999998       540326    524288.00
       9.231     0.999998       540327    582542.22
       9.231     1.000000       540327          inf
#[Mean    =        1.290, StdDeviation   =        0.566]
#[Max     =        9.224, Total count    =       540327]
#[Buckets =           27, SubBuckets     =         2048]
-----------------------------------------------------------------------
  628312 requests in 1.17m, 352.23MB read
Requests/sec:   8976.02  
Transfer/sec:      5.03MB
