Running 1m test @ http://10.10.1.1:5000
  4 threads and 128 connections

  Thread calibration: mean lat.: 2.474ms, rate sampling interval: 10ms
  Thread calibration: mean lat.: 2.478ms, rate sampling interval: 10ms
  Thread calibration: mean lat.: 2.478ms, rate sampling interval: 10ms
  Thread calibration: mean lat.: 2.465ms, rate sampling interval: 10ms

-----------------------------------------------------------------------
Test Results @ http://10.10.1.1:5000 
  Thread Stats   Avg      Stdev     99%   +/- Stdev
    Latency     2.37ms  786.43us   5.19ms   78.66%
    Req/Sec     1.32k   387.05     2.33k    68.69%
  Latency Distribution (HdrHistogram - Recorded Latency)
 50.000%    2.16ms
 75.000%    2.70ms
 90.000%    3.36ms
 99.000%    5.19ms
 99.900%    6.99ms
 99.990%    9.17ms
 99.999%   11.57ms
100.000%   13.00ms

  Detailed Percentile spectrum:
       Value   Percentile   TotalCount 1/(1-Percentile)

       1.187     0.000000            1         1.00
       1.617     0.100000        30225         1.11
       1.765     0.200000        60253         1.25
       1.898     0.300000        90382         1.43
       2.025     0.400000       120585         1.67
       2.163     0.500000       150668         2.00
       2.245     0.550000       165759         2.22
       2.339     0.600000       180884         2.50
       2.445     0.650000       196018         2.86
       2.565     0.700000       210803         3.33
       2.705     0.750000       225987         4.00
       2.783     0.775000       233542         4.44
       2.867     0.800000       241014         5.00
       2.963     0.825000       248443         5.71
       3.073     0.850000       256109         6.67
       3.199     0.875000       263513         8.00
       3.273     0.887500       267279         8.89
       3.357     0.900000       271056        10.00
       3.453     0.912500       274818        11.43
       3.567     0.925000       278587        13.33
       3.703     0.937500       282349        16.00
       3.785     0.943750       284262        17.78
       3.875     0.950000       286093        20.00
       3.981     0.956250       287992        22.86
       4.107     0.962500       289878        26.67
       4.255     0.968750       291744        32.00
       4.347     0.971875       292714        35.56
       4.443     0.975000       293623        40.00
       4.555     0.978125       294581        45.71
       4.679     0.981250       295523        53.33
       4.831     0.984375       296462        64.00
       4.919     0.985938       296930        71.11
       5.011     0.987500       297390        80.00
       5.123     0.989062       297852        91.43
       5.239     0.990625       298325       106.67
       5.379     0.992188       298795       128.00
       5.459     0.992969       299030       142.22
       5.559     0.993750       299266       160.00
       5.659     0.994531       299497       182.86
       5.771     0.995313       299742       213.33
       5.919     0.996094       299968       256.00
       6.007     0.996484       300086       284.44
       6.107     0.996875       300205       320.00
       6.207     0.997266       300325       365.71
       6.307     0.997656       300440       426.67
       6.455     0.998047       300558       512.00
       6.535     0.998242       300614       568.89
       6.627     0.998437       300673       640.00
       6.743     0.998633       300733       731.43
       6.867     0.998828       300793       853.33
       7.003     0.999023       300849      1024.00
       7.119     0.999121       300880      1137.78
       7.235     0.999219       300908      1280.00
       7.347     0.999316       300938      1462.86
       7.459     0.999414       300967      1706.67
       7.663     0.999512       300996      2048.00
       7.795     0.999561       301011      2275.56
       7.871     0.999609       301026      2560.00
       7.939     0.999658       301041      2925.71
       8.051     0.999707       301055      3413.33
       8.187     0.999756       301070      4096.00
       8.311     0.999780       301077      4551.11
       8.471     0.999805       301085      5120.00
       8.631     0.999829       301092      5851.43
       8.799     0.999854       301099      6826.67
       8.967     0.999878       301107      8192.00
       9.095     0.999890       301110      9102.22
       9.191     0.999902       301114     10240.00
       9.295     0.999915       301119     11702.86
       9.407     0.999927       301121     13653.33
       9.495     0.999939       301125     16384.00
       9.567     0.999945       301127     18204.44
       9.655     0.999951       301129     20480.00
       9.735     0.999957       301131     23405.71
      10.047     0.999963       301132     27306.67
      10.103     0.999969       301134     32768.00
      10.239     0.999973       301135     36408.89
      10.319     0.999976       301136     40960.00
      10.543     0.999979       301137     46811.43
      10.927     0.999982       301138     54613.33
      11.111     0.999985       301139     65536.00
      11.111     0.999986       301139     72817.78
      11.575     0.999988       301140     81920.00
      11.575     0.999989       301140     93622.86
      11.703     0.999991       301141    109226.67
      11.703     0.999992       301141    131072.00
      11.703     0.999993       301141    145635.56
      12.151     0.999994       301142    163840.00
      12.151     0.999995       301142    187245.71
      12.151     0.999995       301142    218453.33
      12.151     0.999996       301142    262144.00
      12.151     0.999997       301142    291271.11
      12.999     0.999997       301143    327680.00
      12.999     1.000000       301143          inf
#[Mean    =        2.371, StdDeviation   =        0.786]
#[Max     =       12.992, Total count    =       301143]
#[Buckets =           27, SubBuckets     =         2048]
-----------------------------------------------------------------------
  351048 requests in 1.17m, 94.47MB read
Requests/sec:   5014.90  
Transfer/sec:      1.35MB
