Running 1m test @ http://10.10.1.1:5000
  4 threads and 128 connections

  Thread calibration: mean lat.: 3142.295ms, rate sampling interval: 11436ms
  Thread calibration: mean lat.: 3170.851ms, rate sampling interval: 11558ms
  Thread calibration: mean lat.: 2924.901ms, rate sampling interval: 10502ms
  Thread calibration: mean lat.: 3196.934ms, rate sampling interval: 11575ms

-----------------------------------------------------------------------
Test Results @ http://10.10.1.1:5000 
  Thread Stats   Avg      Stdev     99%   +/- Stdev
    Latency    22.48s     9.36s   38.50s    57.72%
    Req/Sec     1.50k     4.09     1.51k    75.00%
  Latency Distribution (HdrHistogram - Recorded Latency)
 50.000%   22.45s 
 75.000%   30.64s 
 90.000%   35.45s 
 99.000%   38.50s 
 99.900%   39.29s 
 99.990%   39.71s 
 99.999%   39.88s 
100.000%   39.88s 

  Detailed Percentile spectrum:
       Value   Percentile   TotalCount 1/(1-Percentile)

    5627.903     0.000000            1         1.00
    9527.295     0.100000        29985         1.11
   12771.327     0.200000        59952         1.25
   16015.359     0.300000        89940         1.43
   19251.199     0.400000       119980         1.67
   22446.079     0.500000       149912         2.00
   24068.095     0.550000       164991         2.22
   25690.111     0.600000       179964         2.50
   27312.127     0.650000       194867         2.86
   28966.911     0.700000       209956         3.33
   30638.079     0.750000       224919         4.00
   31440.895     0.775000       232372         4.44
   32243.711     0.800000       239967         5.00
   33030.143     0.825000       247435         5.71
   33816.575     0.850000       254813         6.67
   34635.775     0.875000       262355         8.00
   35061.759     0.887500       266295         8.89
   35454.975     0.900000       269932        10.00
   35880.959     0.912500       273819        11.43
   36274.175     0.925000       277397        13.33
   36667.391     0.937500       281038        16.00
   36896.767     0.943750       283195        17.78
   37093.375     0.950000       285097        20.00
   37289.983     0.956250       286905        22.86
   37486.591     0.962500       288765        26.67
   37683.199     0.968750       290503        32.00
   37814.271     0.971875       291608        35.56
   37912.575     0.975000       292455        40.00
   38010.879     0.978125       293256        45.71
   38141.951     0.981250       294338        53.33
   38240.255     0.984375       295099        64.00
   38338.559     0.985938       295748        71.11
   38404.095     0.987500       296200        80.00
   38469.631     0.989062       296619        91.43
   38535.167     0.990625       297029       106.67
   38633.471     0.992188       297551       128.00
   38666.239     0.992969       297731       142.22
   38699.007     0.993750       297905       160.00
   38764.543     0.994531       298189       182.86
   38830.079     0.995313       298433       213.33
   38895.615     0.996094       298648       256.00
   38928.383     0.996484       298738       284.44
   38961.151     0.996875       298835       320.00
   39026.687     0.997266       298985       365.71
   39059.455     0.997656       299067       426.67
   39124.991     0.998047       299207       512.00
   39157.759     0.998242       299273       568.89
   39190.527     0.998437       299332       640.00
   39223.295     0.998633       299388       731.43
   39256.063     0.998828       299428       853.33
   39288.831     0.999023       299473      1024.00
   39321.599     0.999121       299512      1137.78
   39354.367     0.999219       299543      1280.00
   39387.135     0.999316       299571      1462.86
   39419.903     0.999414       299602      1706.67
   39452.671     0.999512       299631      2048.00
   39452.671     0.999561       299631      2275.56
   39485.439     0.999609       299658      2560.00
   39485.439     0.999658       299658      2925.71
   39518.207     0.999707       299677      3413.33
   39550.975     0.999756       299694      4096.00
   39550.975     0.999780       299694      4551.11
   39583.743     0.999805       299708      5120.00
   39583.743     0.999829       299708      5851.43
   39649.279     0.999854       299722      6826.67
   39682.047     0.999878       299728      8192.00
   39682.047     0.999890       299728      9102.22
   39714.815     0.999902       299734     10240.00
   39714.815     0.999915       299734     11702.86
   39747.583     0.999927       299739     13653.33
   39780.351     0.999939       299743     16384.00
   39780.351     0.999945       299743     18204.44
   39813.119     0.999951       299749     20480.00
   39813.119     0.999957       299749     23405.71
   39813.119     0.999963       299749     27306.67
   39845.887     0.999969       299755     32768.00
   39845.887     0.999973       299755     36408.89
   39845.887     0.999976       299755     40960.00
   39845.887     0.999979       299755     46811.43
   39845.887     0.999982       299755     54613.33
   39845.887     0.999985       299755     65536.00
   39845.887     0.999986       299755     72817.78
   39878.655     0.999988       299759     81920.00
   39878.655     1.000000       299759          inf
#[Mean    =    22482.688, StdDeviation   =     9361.063]
#[Max     =    39845.888, Total count    =       299759]
#[Buckets =           27, SubBuckets     =         2048]
-----------------------------------------------------------------------
  358989 requests in 1.00m, 95.36MB read
  Socket errors: connect 0, read 0, write 0, timeout 4
Requests/sec:   5982.86  
Transfer/sec:      1.59MB
