Running 1m test @ http://10.10.1.2:5000
  4 threads and 128 connections

  Thread calibration: mean lat.: 1.258ms, rate sampling interval: 10ms
  Thread calibration: mean lat.: 1.276ms, rate sampling interval: 10ms
  Thread calibration: mean lat.: 1.279ms, rate sampling interval: 10ms
  Thread calibration: mean lat.: 1.285ms, rate sampling interval: 10ms

-----------------------------------------------------------------------
Test Results @ http://10.10.1.2:5000 
  Thread Stats   Avg      Stdev     99%   +/- Stdev
    Latency     1.29ms  498.74us   3.03ms   81.40%
    Req/Sec     1.32k   389.89     2.33k    68.20%
  Latency Distribution (HdrHistogram - Recorded Latency)
 50.000%    1.12ms
 75.000%    1.48ms
 90.000%    1.98ms
 99.000%    3.03ms
 99.900%    4.12ms
 99.990%    5.13ms
 99.999%    5.70ms
100.000%    6.58ms

  Detailed Percentile spectrum:
       Value   Percentile   TotalCount 1/(1-Percentile)

       0.554     0.000000            1         1.00
       0.858     0.100000        30292         1.11
       0.930     0.200000        60625         1.25
       0.989     0.300000        90647         1.43
       1.048     0.400000       120820         1.67
       1.115     0.500000       150914         2.00
       1.154     0.550000       165976         2.22
       1.202     0.600000       180807         2.50
       1.262     0.650000       195761         2.86
       1.351     0.700000       210813         3.33
       1.480     0.750000       225934         4.00
       1.554     0.775000       233467         4.44
       1.628     0.800000       241022         5.00
       1.702     0.825000       248497         5.71
       1.782     0.850000       256017         6.67
       1.872     0.875000       263542         8.00
       1.923     0.887500       267280         8.89
       1.978     0.900000       271041        10.00
       2.039     0.912500       274810        11.43
       2.111     0.925000       278596        13.33
       2.197     0.937500       282391        16.00
       2.245     0.943750       284242        17.78
       2.299     0.950000       286105        20.00
       2.359     0.956250       287991        22.86
       2.429     0.962500       289854        26.67
       2.517     0.968750       291741        32.00
       2.569     0.971875       292703        35.56
       2.623     0.975000       293641        40.00
       2.683     0.978125       294580        45.71
       2.749     0.981250       295509        53.33
       2.831     0.984375       296453        64.00
       2.875     0.985938       296913        71.11
       2.925     0.987500       297381        80.00
       2.987     0.989062       297863        91.43
       3.061     0.990625       298322       106.67
       3.143     0.992188       298793       128.00
       3.189     0.992969       299039       142.22
       3.241     0.993750       299265       160.00
       3.303     0.994531       299508       182.86
       3.371     0.995313       299739       213.33
       3.457     0.996094       299969       256.00
       3.509     0.996484       300089       284.44
       3.573     0.996875       300204       320.00
       3.641     0.997266       300323       365.71
       3.713     0.997656       300440       426.67
       3.799     0.998047       300559       512.00
       3.851     0.998242       300617       568.89
       3.893     0.998437       300675       640.00
       3.951     0.998633       300734       731.43
       4.039     0.998828       300794       853.33
       4.135     0.999023       300851      1024.00
       4.187     0.999121       300882      1137.78
       4.243     0.999219       300911      1280.00
       4.303     0.999316       300940      1462.86
       4.379     0.999414       300970      1706.67
       4.467     0.999512       300998      2048.00
       4.543     0.999561       301013      2275.56
       4.635     0.999609       301028      2560.00
       4.699     0.999658       301043      2925.71
       4.755     0.999707       301057      3413.33
       4.851     0.999756       301073      4096.00
       4.887     0.999780       301079      4551.11
       4.943     0.999805       301087      5120.00
       4.991     0.999829       301094      5851.43
       5.039     0.999854       301101      6826.67
       5.103     0.999878       301109      8192.00
       5.119     0.999890       301113      9102.22
       5.127     0.999902       301116     10240.00
       5.215     0.999915       301120     11702.86
       5.255     0.999927       301123     13653.33
       5.327     0.999939       301127     16384.00
       5.351     0.999945       301129     18204.44
       5.371     0.999951       301131     20480.00
       5.403     0.999957       301133     23405.71
       5.411     0.999963       301134     27306.67
       5.443     0.999969       301136     32768.00
       5.475     0.999973       301138     36408.89
       5.475     0.999976       301138     40960.00
       5.539     0.999979       301139     46811.43
       5.599     0.999982       301140     54613.33
       5.635     0.999985       301141     65536.00
       5.635     0.999986       301141     72817.78
       5.703     0.999988       301142     81920.00
       5.703     0.999989       301142     93622.86
       5.935     0.999991       301143    109226.67
       5.935     0.999992       301143    131072.00
       5.935     0.999993       301143    145635.56
       6.571     0.999994       301144    163840.00
       6.571     0.999995       301144    187245.71
       6.571     0.999995       301144    218453.33
       6.571     0.999996       301144    262144.00
       6.571     0.999997       301144    291271.11
       6.583     0.999997       301145    327680.00
       6.583     1.000000       301145          inf
#[Mean    =        1.288, StdDeviation   =        0.499]
#[Max     =        6.580, Total count    =       301145]
#[Buckets =           27, SubBuckets     =         2048]
-----------------------------------------------------------------------
  351053 requests in 1.17m, 196.82MB read
Requests/sec:   5015.15  
Transfer/sec:      2.81MB
