Running 1m test @ http://10.10.1.1:5000
  4 threads and 128 connections

  Thread calibration: mean lat.: 2.297ms, rate sampling interval: 10ms
  Thread calibration: mean lat.: 2.295ms, rate sampling interval: 10ms
  Thread calibration: mean lat.: 2.300ms, rate sampling interval: 10ms
  Thread calibration: mean lat.: 2.298ms, rate sampling interval: 10ms

-----------------------------------------------------------------------
Test Results @ http://10.10.1.1:5000 
  Thread Stats   Avg      Stdev     99%   +/- Stdev
    Latency     2.26ms  620.52us   4.44ms   77.08%
    Req/Sec   791.84    290.35     1.55k    63.05%
  Latency Distribution (HdrHistogram - Recorded Latency)
 50.000%    2.12ms
 75.000%    2.51ms
 90.000%    3.04ms
 99.000%    4.44ms
 99.900%    5.92ms
 99.990%    7.47ms
 99.999%    8.54ms
100.000%   10.98ms

  Detailed Percentile spectrum:
       Value   Percentile   TotalCount 1/(1-Percentile)

       1.192     0.000000            1         1.00
       1.641     0.100000        18066         1.11
       1.772     0.200000        36131         1.25
       1.892     0.300000        54177         1.43
       2.004     0.400000        72095         1.67
       2.119     0.500000        90358         2.00
       2.179     0.550000        99265         2.22
       2.243     0.600000       108243         2.50
       2.317     0.650000       117210         2.86
       2.403     0.700000       126158         3.33
       2.509     0.750000       135195         4.00
       2.573     0.775000       139715         4.44
       2.645     0.800000       144254         5.00
       2.725     0.825000       148744         5.71
       2.815     0.850000       153213         6.67
       2.919     0.875000       157746         8.00
       2.979     0.887500       159954         8.89
       3.043     0.900000       162222        10.00
       3.115     0.912500       164430        11.43
       3.201     0.925000       166683        13.33
       3.305     0.937500       168942        16.00
       3.365     0.943750       170052        17.78
       3.435     0.950000       171185        20.00
       3.511     0.956250       172327        22.86
       3.599     0.962500       173437        26.67
       3.709     0.968750       174564        32.00
       3.777     0.971875       175128        35.56
       3.851     0.975000       175686        40.00
       3.935     0.978125       176247        45.71
       4.035     0.981250       176811        53.33
       4.159     0.984375       177382        64.00
       4.235     0.985938       177665        71.11
       4.303     0.987500       177944        80.00
       4.383     0.989062       178211        91.43
       4.479     0.990625       178503       106.67
       4.607     0.992188       178777       128.00
       4.679     0.992969       178922       142.22
       4.755     0.993750       179057       160.00
       4.843     0.994531       179199       182.86
       4.947     0.995313       179343       213.33
       5.071     0.996094       179478       256.00
       5.143     0.996484       179548       284.44
       5.223     0.996875       179618       320.00
       5.315     0.997266       179694       365.71
       5.403     0.997656       179763       426.67
       5.511     0.998047       179830       512.00
       5.583     0.998242       179866       568.89
       5.659     0.998437       179902       640.00
       5.723     0.998633       179935       731.43
       5.823     0.998828       179970       853.33
       5.943     0.999023       180006      1024.00
       6.031     0.999121       180023      1137.78
       6.111     0.999219       180041      1280.00
       6.195     0.999316       180058      1462.86
       6.287     0.999414       180076      1706.67
       6.363     0.999512       180094      2048.00
       6.415     0.999561       180102      2275.56
       6.539     0.999609       180111      2560.00
       6.595     0.999658       180120      2925.71
       6.663     0.999707       180129      3413.33
       6.767     0.999756       180139      4096.00
       6.855     0.999780       180142      4551.11
       6.931     0.999805       180146      5120.00
       7.087     0.999829       180151      5851.43
       7.235     0.999854       180155      6826.67
       7.403     0.999878       180160      8192.00
       7.443     0.999890       180162      9102.22
       7.491     0.999902       180164     10240.00
       7.503     0.999915       180166     11702.86
       7.563     0.999927       180168     13653.33
       7.755     0.999939       180171     16384.00
       7.771     0.999945       180172     18204.44
       7.791     0.999951       180173     20480.00
       8.091     0.999957       180174     23405.71
       8.119     0.999963       180175     27306.67
       8.463     0.999969       180176     32768.00
       8.487     0.999973       180177     36408.89
       8.487     0.999976       180177     40960.00
       8.535     0.999979       180178     46811.43
       8.535     0.999982       180178     54613.33
       8.543     0.999985       180179     65536.00
       8.543     0.999986       180179     72817.78
       8.543     0.999988       180179     81920.00
       8.575     0.999989       180180     93622.86
       8.575     0.999991       180180    109226.67
       8.575     0.999992       180180    131072.00
       8.575     0.999993       180180    145635.56
       8.575     0.999994       180180    163840.00
      10.983     0.999995       180181    187245.71
      10.983     1.000000       180181          inf
#[Mean    =        2.256, StdDeviation   =        0.621]
#[Max     =       10.976, Total count    =       180181]
#[Buckets =           27, SubBuckets     =         2048]
-----------------------------------------------------------------------
  210188 requests in 1.17m, 57.15MB read
Requests/sec:   3002.69  
Transfer/sec:    836.02KB
