Running 1m test @ http://10.10.1.2:5000
  4 threads and 128 connections

  Thread calibration: mean lat.: 0.828ms, rate sampling interval: 10ms
  Thread calibration: mean lat.: 0.828ms, rate sampling interval: 10ms
  Thread calibration: mean lat.: 0.817ms, rate sampling interval: 10ms
  Thread calibration: mean lat.: 0.822ms, rate sampling interval: 10ms

-----------------------------------------------------------------------
Test Results @ http://10.10.1.2:5000 
  Thread Stats   Avg      Stdev     99%   +/- Stdev
    Latency     0.88ms  538.49us   2.94ms   86.64%
    Req/Sec     2.90k   594.75     4.45k    67.24%
  Latency Distribution (HdrHistogram - Recorded Latency)
 50.000%  678.00us
 75.000%    1.03ms
 90.000%    1.56ms
 99.000%    2.94ms
 99.900%    4.42ms
 99.990%    6.26ms
 99.999%    8.13ms
100.000%   10.24ms

  Detailed Percentile spectrum:
       Value   Percentile   TotalCount 1/(1-Percentile)

       0.146     0.000000            1         1.00
       0.476     0.100000        66112         1.11
       0.531     0.200000       133154         1.25
       0.576     0.300000       198687         1.43
       0.622     0.400000       264307         1.67
       0.678     0.500000       330732         2.00
       0.713     0.550000       363029         2.22
       0.759     0.600000       396572         2.50
       0.821     0.650000       429263         2.86
       0.909     0.700000       462213         3.33
       1.026     0.750000       495149         4.00
       1.093     0.775000       511512         4.44
       1.167     0.800000       528027         5.00
       1.248     0.825000       544660         5.71
       1.338     0.850000       561124         6.67
       1.440     0.875000       577637         8.00
       1.496     0.887500       585764         8.89
       1.562     0.900000       594021        10.00
       1.635     0.912500       602310        11.43
       1.720     0.925000       610535        13.33
       1.825     0.937500       618791        16.00
       1.886     0.943750       622917        17.78
       1.953     0.950000       627011        20.00
       2.036     0.956250       631159        22.86
       2.127     0.962500       635259        26.67
       2.237     0.968750       639399        32.00
       2.303     0.971875       641478        35.56
       2.377     0.975000       643548        40.00
       2.459     0.978125       645596        45.71
       2.553     0.981250       647645        53.33
       2.665     0.984375       649721        64.00
       2.731     0.985938       650747        71.11
       2.801     0.987500       651758        80.00
       2.885     0.989062       652794        91.43
       2.993     0.990625       653823       106.67
       3.119     0.992188       654859       128.00
       3.193     0.992969       655384       142.22
       3.269     0.993750       655888       160.00
       3.359     0.994531       656400       182.86
       3.463     0.995313       656922       213.33
       3.581     0.996094       657437       256.00
       3.649     0.996484       657691       284.44
       3.727     0.996875       657948       320.00
       3.811     0.997266       658208       365.71
       3.917     0.997656       658467       426.67
       4.017     0.998047       658719       512.00
       4.085     0.998242       658852       568.89
       4.147     0.998437       658985       640.00
       4.227     0.998633       659108       731.43
       4.331     0.998828       659235       853.33
       4.439     0.999023       659371      1024.00
       4.495     0.999121       659429      1137.78
       4.599     0.999219       659494      1280.00
       4.667     0.999316       659559      1462.86
       4.747     0.999414       659623      1706.67
       4.879     0.999512       659688      2048.00
       4.955     0.999561       659718      2275.56
       5.039     0.999609       659751      2560.00
       5.147     0.999658       659783      2925.71
       5.267     0.999707       659816      3413.33
       5.399     0.999756       659847      4096.00
       5.475     0.999780       659863      4551.11
       5.595     0.999805       659880      5120.00
       5.743     0.999829       659896      5851.43
       5.955     0.999854       659912      6826.67
       6.119     0.999878       659928      8192.00
       6.179     0.999890       659936      9102.22
       6.267     0.999902       659944     10240.00
       6.459     0.999915       659952     11702.86
       6.611     0.999927       659960     13653.33
       6.799     0.999939       659969     16384.00
       6.879     0.999945       659972     18204.44
       6.927     0.999951       659976     20480.00
       6.959     0.999957       659980     23405.71
       7.091     0.999963       659984     27306.67
       7.323     0.999969       659988     32768.00
       7.395     0.999973       659990     36408.89
       7.707     0.999976       659992     40960.00
       7.831     0.999979       659994     46811.43
       7.911     0.999982       659996     54613.33
       7.955     0.999985       659998     65536.00
       8.043     0.999986       659999     72817.78
       8.127     0.999988       660000     81920.00
       8.131     0.999989       660001     93622.86
       8.231     0.999991       660002    109226.67
       8.687     0.999992       660003    131072.00
       8.799     0.999993       660004    145635.56
       8.799     0.999994       660004    163840.00
       9.007     0.999995       660005    187245.71
       9.007     0.999995       660005    218453.33
       9.039     0.999996       660006    262144.00
       9.039     0.999997       660006    291271.11
       9.039     0.999997       660006    327680.00
       9.471     0.999997       660007    374491.43
       9.471     0.999998       660007    436906.67
       9.471     0.999998       660007    524288.00
       9.471     0.999998       660007    582542.22
       9.471     0.999998       660007    655360.00
      10.239     0.999999       660008    748982.86
      10.239     1.000000       660008          inf
#[Mean    =        0.880, StdDeviation   =        0.538]
#[Max     =       10.232, Total count    =       660008]
#[Buckets =           27, SubBuckets     =         2048]
-----------------------------------------------------------------------
  770388 requests in 1.17m, 156.49MB read
Requests/sec:  11005.70  
Transfer/sec:      2.24MB
