Running 1m test @ http://10.10.1.2:5000
  4 threads and 128 connections

  Thread calibration: mean lat.: 0.740ms, rate sampling interval: 10ms
  Thread calibration: mean lat.: 0.732ms, rate sampling interval: 10ms
  Thread calibration: mean lat.: 0.736ms, rate sampling interval: 10ms
  Thread calibration: mean lat.: 0.733ms, rate sampling interval: 10ms

-----------------------------------------------------------------------
Test Results @ http://10.10.1.2:5000 
  Thread Stats   Avg      Stdev     99%   +/- Stdev
    Latency   740.76us  171.75us   1.63ms   93.26%
    Req/Sec   265.65    165.58   700.00     74.97%
  Latency Distribution (HdrHistogram - Recorded Latency)
 50.000%  711.00us
 75.000%  776.00us
 90.000%    0.85ms
 99.000%    1.63ms
 99.900%    2.29ms
 99.990%    2.91ms
 99.999%    3.65ms
100.000%    3.70ms

  Detailed Percentile spectrum:
       Value   Percentile   TotalCount 1/(1-Percentile)

       0.261     0.000000            1         1.00
       0.617     0.100000         6147         1.11
       0.645     0.200000        12164         1.25
       0.668     0.300000        18097         1.43
       0.690     0.400000        24174         1.67
       0.711     0.500000        30116         2.00
       0.723     0.550000        33307         2.22
       0.734     0.600000        36212         2.50
       0.746     0.650000        39138         2.86
       0.760     0.700000        42092         3.33
       0.776     0.750000        45224         4.00
       0.784     0.775000        46606         4.44
       0.794     0.800000        48177         5.00
       0.805     0.825000        49689         5.71
       0.818     0.850000        51196         6.67
       0.832     0.875000        52678         8.00
       0.840     0.887500        53404         8.89
       0.850     0.900000        54161        10.00
       0.861     0.912500        54901        11.43
       0.874     0.925000        55641        13.33
       0.892     0.937500        56381        16.00
       0.904     0.943750        56761        17.78
       0.918     0.950000        57131        20.00
       0.937     0.956250        57503        22.86
       0.967     0.962500        57879        26.67
       1.019     0.968750        58249        32.00
       1.084     0.971875        58435        35.56
       1.163     0.975000        58624        40.00
       1.234     0.978125        58811        45.71
       1.330     0.981250        58997        53.33
       1.433     0.984375        59187        64.00
       1.485     0.985938        59281        71.11
       1.546     0.987500        59373        80.00
       1.602     0.989062        59471        91.43
       1.660     0.990625        59561       106.67
       1.716     0.992188        59656       128.00
       1.746     0.992969        59702       142.22
       1.784     0.993750        59749       160.00
       1.817     0.994531        59796       182.86
       1.855     0.995313        59843       213.33
       1.909     0.996094        59890       256.00
       1.939     0.996484        59913       284.44
       1.969     0.996875        59938       320.00
       1.995     0.997266        59960       365.71
       2.038     0.997656        59984       426.67
       2.101     0.998047        60007       512.00
       2.153     0.998242        60019       568.89
       2.193     0.998437        60031       640.00
       2.225     0.998633        60042       731.43
       2.265     0.998828        60054       853.33
       2.297     0.999023        60066      1024.00
       2.315     0.999121        60072      1137.78
       2.345     0.999219        60078      1280.00
       2.389     0.999316        60083      1462.86
       2.431     0.999414        60089      1706.67
       2.491     0.999512        60095      2048.00
       2.501     0.999561        60098      2275.56
       2.543     0.999609        60101      2560.00
       2.559     0.999658        60104      2925.71
       2.579     0.999707        60107      3413.33
       2.707     0.999756        60110      4096.00
       2.731     0.999780        60111      4551.11
       2.779     0.999805        60113      5120.00
       2.781     0.999829        60115      5851.43
       2.843     0.999854        60116      6826.67
       2.873     0.999878        60117      8192.00
       2.907     0.999890        60118      9102.22
       3.247     0.999902        60119     10240.00
       3.247     0.999915        60119     11702.86
       3.291     0.999927        60120     13653.33
       3.299     0.999939        60121     16384.00
       3.299     0.999945        60121     18204.44
       3.363     0.999951        60122     20480.00
       3.363     0.999957        60122     23405.71
       3.363     0.999963        60122     27306.67
       3.653     0.999969        60123     32768.00
       3.653     0.999973        60123     36408.89
       3.653     0.999976        60123     40960.00
       3.653     0.999979        60123     46811.43
       3.653     0.999982        60123     54613.33
       3.703     0.999985        60124     65536.00
       3.703     1.000000        60124          inf
#[Mean    =        0.741, StdDeviation   =        0.172]
#[Max     =        3.702, Total count    =        60124]
#[Buckets =           27, SubBuckets     =         2048]
-----------------------------------------------------------------------
  69811 requests in 1.17m, 14.18MB read
Requests/sec:    997.28  
Transfer/sec:    207.44KB
