Running 1m test @ http://10.10.1.1:5000
  4 threads and 128 connections

  Thread calibration: mean lat.: 3.128ms, rate sampling interval: 10ms
  Thread calibration: mean lat.: 3.143ms, rate sampling interval: 10ms
  Thread calibration: mean lat.: 3.118ms, rate sampling interval: 10ms
  Thread calibration: mean lat.: 3.117ms, rate sampling interval: 10ms

-----------------------------------------------------------------------
Test Results @ http://10.10.1.1:5000 
  Thread Stats   Avg      Stdev     99%   +/- Stdev
    Latency     3.12ms    1.28ms   7.67ms   79.33%
    Req/Sec     1.85k   471.47     3.00k    68.49%
  Latency Distribution (HdrHistogram - Recorded Latency)
 50.000%    2.82ms
 75.000%    3.63ms
 90.000%    4.70ms
 99.000%    7.67ms
 99.900%   10.90ms
 99.990%   15.72ms
 99.999%   20.11ms
100.000%   25.63ms

  Detailed Percentile spectrum:
       Value   Percentile   TotalCount 1/(1-Percentile)

       1.216     0.000000            1         1.00
       1.901     0.100000        42162         1.11
       2.137     0.200000        84148         1.25
       2.351     0.300000       126222         1.43
       2.575     0.400000       168480         1.67
       2.819     0.500000       210472         2.00
       2.951     0.550000       231311         2.22
       3.095     0.600000       252476         2.50
       3.249     0.650000       273508         2.86
       3.425     0.700000       294408         3.33
       3.631     0.750000       315411         4.00
       3.749     0.775000       325858         4.44
       3.881     0.800000       336342         5.00
       4.033     0.825000       346962         5.71
       4.207     0.850000       357420         6.67
       4.423     0.875000       368003         8.00
       4.551     0.887500       373222         8.89
       4.695     0.900000       378507        10.00
       4.863     0.912500       383729        11.43
       5.059     0.925000       388956        13.33
       5.291     0.937500       394145        16.00
       5.431     0.943750       396779        17.78
       5.579     0.950000       399403        20.00
       5.751     0.956250       402031        22.86
       5.947     0.962500       404715        26.67
       6.187     0.968750       407308        32.00
       6.323     0.971875       408622        35.56
       6.479     0.975000       409911        40.00
       6.663     0.978125       411241        45.71
       6.863     0.981250       412554        53.33
       7.103     0.984375       413864        64.00
       7.239     0.985938       414517        71.11
       7.387     0.987500       415167        80.00
       7.551     0.989062       415830        91.43
       7.747     0.990625       416479       106.67
       7.995     0.992188       417137       128.00
       8.143     0.992969       417471       142.22
       8.287     0.993750       417798       160.00
       8.471     0.994531       418133       182.86
       8.679     0.995313       418454       213.33
       8.935     0.996094       418780       256.00
       9.079     0.996484       418945       284.44
       9.255     0.996875       419115       320.00
       9.439     0.997266       419274       365.71
       9.631     0.997656       419443       426.67
       9.879     0.998047       419602       512.00
      10.055     0.998242       419682       568.89
      10.223     0.998437       419769       640.00
      10.391     0.998633       419846       731.43
      10.647     0.998828       419928       853.33
      10.951     0.999023       420012      1024.00
      11.135     0.999121       420051      1137.78
      11.415     0.999219       420094      1280.00
      11.639     0.999316       420133      1462.86
      11.895     0.999414       420178      1706.67
      12.287     0.999512       420216      2048.00
      12.519     0.999561       420236      2275.56
      12.711     0.999609       420256      2560.00
      12.975     0.999658       420277      2925.71
      13.247     0.999707       420297      3413.33
      13.871     0.999756       420319      4096.00
      14.015     0.999780       420328      4551.11
      14.303     0.999805       420338      5120.00
      14.487     0.999829       420350      5851.43
      14.975     0.999854       420359      6826.67
      15.255     0.999878       420369      8192.00
      15.487     0.999890       420374      9102.22
      15.815     0.999902       420379     10240.00
      16.559     0.999915       420385     11702.86
      16.959     0.999927       420390     13653.33
      17.263     0.999939       420395     16384.00
      17.279     0.999945       420397     18204.44
      17.439     0.999951       420400     20480.00
      17.711     0.999957       420403     23405.71
      18.175     0.999963       420405     27306.67
      18.623     0.999969       420408     32768.00
      18.671     0.999973       420409     36408.89
      18.703     0.999976       420410     40960.00
      19.119     0.999979       420412     46811.43
      19.935     0.999982       420413     54613.33
      19.999     0.999985       420414     65536.00
      20.079     0.999986       420415     72817.78
      20.079     0.999988       420415     81920.00
      20.111     0.999989       420416     93622.86
      21.887     0.999991       420417    109226.67
      21.887     0.999992       420417    131072.00
      21.999     0.999993       420418    145635.56
      21.999     0.999994       420418    163840.00
      21.999     0.999995       420418    187245.71
      22.223     0.999995       420419    218453.33
      22.223     0.999996       420419    262144.00
      22.223     0.999997       420419    291271.11
      22.223     0.999997       420419    327680.00
      22.223     0.999997       420419    374491.43
      25.631     0.999998       420420    436906.67
      25.631     1.000000       420420          inf
#[Mean    =        3.122, StdDeviation   =        1.278]
#[Max     =       25.616, Total count    =       420420]
#[Buckets =           27, SubBuckets     =         2048]
-----------------------------------------------------------------------
  487017 requests in 1.17m, 130.78MB read
Requests/sec:   6957.54  
Transfer/sec:      1.87MB
