Running 1m test @ http://10.10.1.2:5000
  4 threads and 128 connections

  Thread calibration: mean lat.: 4.268ms, rate sampling interval: 16ms
  Thread calibration: mean lat.: 4.321ms, rate sampling interval: 16ms
  Thread calibration: mean lat.: 4.293ms, rate sampling interval: 16ms
  Thread calibration: mean lat.: 4.392ms, rate sampling interval: 16ms

-----------------------------------------------------------------------
Test Results @ http://10.10.1.2:5000 
  Thread Stats   Avg      Stdev     99%   +/- Stdev
    Latency     4.32ms    2.84ms  11.62ms   69.58%
    Req/Sec   258.60    129.06   600.00     67.15%
  Latency Distribution (HdrHistogram - Recorded Latency)
 50.000%    4.24ms
 75.000%    6.41ms
 90.000%    8.19ms
 99.000%   11.62ms
 99.900%   15.26ms
 99.990%   18.58ms
 99.999%   20.58ms
100.000%   24.61ms

  Detailed Percentile spectrum:
       Value   Percentile   TotalCount 1/(1-Percentile)

       1.134     0.000000            1         1.00
       1.449     0.100000         6016         1.11
       1.563     0.200000        12036         1.25
       1.732     0.300000        18057         1.43
       2.091     0.400000        24074         1.67
       4.235     0.500000        30063         2.00
       4.827     0.550000        33091         2.22
       5.247     0.600000        36110         2.50
       5.623     0.650000        39082         2.86
       6.011     0.700000        42111         3.33
       6.415     0.750000        45109         4.00
       6.647     0.775000        46616         4.44
       6.895     0.800000        48117         5.00
       7.163     0.825000        49613         5.71
       7.455     0.850000        51112         6.67
       7.803     0.875000        52630         8.00
       7.983     0.887500        53367         8.89
       8.191     0.900000        54112        10.00
       8.415     0.912500        54878        11.43
       8.671     0.925000        55640        13.33
       8.959     0.937500        56383        16.00
       9.111     0.943750        56743        17.78
       9.295     0.950000        57123        20.00
       9.495     0.956250        57501        22.86
       9.711     0.962500        57877        26.67
       9.975     0.968750        58253        32.00
      10.151     0.971875        58435        35.56
      10.327     0.975000        58631        40.00
      10.511     0.978125        58815        45.71
      10.743     0.981250        58997        53.33
      11.007     0.984375        59188        64.00
      11.159     0.985938        59287        71.11
      11.295     0.987500        59375        80.00
      11.511     0.989062        59468        91.43
      11.711     0.990625        59563       106.67
      11.935     0.992188        59655       128.00
      12.087     0.992969        59706       142.22
      12.271     0.993750        59749       160.00
      12.447     0.994531        59796       182.86
      12.679     0.995313        59846       213.33
      12.943     0.996094        59890       256.00
      13.127     0.996484        59913       284.44
      13.351     0.996875        59937       320.00
      13.543     0.997266        59960       365.71
      13.751     0.997656        59984       426.67
      13.983     0.998047        60007       512.00
      14.215     0.998242        60019       568.89
      14.527     0.998437        60031       640.00
      14.743     0.998633        60042       731.43
      14.967     0.998828        60054       853.33
      15.295     0.999023        60066      1024.00
      15.583     0.999121        60072      1137.78
      15.639     0.999219        60078      1280.00
      15.831     0.999316        60085      1462.86
      15.967     0.999414        60089      1706.67
      16.223     0.999512        60095      2048.00
      16.575     0.999561        60098      2275.56
      16.959     0.999609        60101      2560.00
      17.135     0.999658        60104      2925.71
      17.231     0.999707        60107      3413.33
      17.439     0.999756        60110      4096.00
      17.647     0.999780        60111      4551.11
      17.791     0.999805        60113      5120.00
      17.823     0.999829        60114      5851.43
      18.447     0.999854        60116      6826.67
      18.527     0.999878        60117      8192.00
      18.575     0.999890        60118      9102.22
      18.655     0.999902        60119     10240.00
      18.655     0.999915        60119     11702.86
      18.735     0.999927        60120     13653.33
      19.103     0.999939        60121     16384.00
      19.103     0.999945        60121     18204.44
      20.447     0.999951        60122     20480.00
      20.447     0.999957        60122     23405.71
      20.447     0.999963        60122     27306.67
      20.575     0.999969        60123     32768.00
      20.575     0.999973        60123     36408.89
      20.575     0.999976        60123     40960.00
      20.575     0.999979        60123     46811.43
      20.575     0.999982        60123     54613.33
      24.607     0.999985        60124     65536.00
      24.607     1.000000        60124          inf
#[Mean    =        4.323, StdDeviation   =        2.841]
#[Max     =       24.592, Total count    =        60124]
#[Buckets =           27, SubBuckets     =         2048]
-----------------------------------------------------------------------
  70057 requests in 1.17m, 170.70MB read
Requests/sec:   1000.58  
Transfer/sec:      2.44MB
