Running 1m test @ http://10.10.1.1:5000
  4 threads and 128 connections

  Thread calibration: mean lat.: 2.474ms, rate sampling interval: 10ms
  Thread calibration: mean lat.: 2.492ms, rate sampling interval: 10ms
  Thread calibration: mean lat.: 2.464ms, rate sampling interval: 10ms
  Thread calibration: mean lat.: 2.495ms, rate sampling interval: 10ms

-----------------------------------------------------------------------
Test Results @ http://10.10.1.1:5000 
  Thread Stats   Avg      Stdev     99%   +/- Stdev
    Latency     2.41ms  792.83us   5.23ms   78.69%
    Req/Sec     1.32k   382.17     2.33k    70.13%
  Latency Distribution (HdrHistogram - Recorded Latency)
 50.000%    2.21ms
 75.000%    2.74ms
 90.000%    3.39ms
 99.000%    5.23ms
 99.900%    7.24ms
 99.990%    9.41ms
 99.999%   11.33ms
100.000%   12.99ms

  Detailed Percentile spectrum:
       Value   Percentile   TotalCount 1/(1-Percentile)

       1.162     0.000000            1         1.00
       1.644     0.100000        30183         1.11
       1.800     0.200000        60243         1.25
       1.935     0.300000        90415         1.43
       2.065     0.400000       120667         1.67
       2.209     0.500000       150928         2.00
       2.289     0.550000       165678         2.22
       2.383     0.600000       180777         2.50
       2.489     0.650000       195955         2.86
       2.605     0.700000       211033         3.33
       2.737     0.750000       225959         4.00
       2.813     0.775000       233479         4.44
       2.895     0.800000       240922         5.00
       2.989     0.825000       248553         5.71
       3.097     0.850000       256080         6.67
       3.227     0.875000       263513         8.00
       3.301     0.887500       267290         8.89
       3.387     0.900000       271092        10.00
       3.485     0.912500       274821        11.43
       3.601     0.925000       278568        13.33
       3.741     0.937500       282324        16.00
       3.825     0.943750       284221        17.78
       3.921     0.950000       286119        20.00
       4.031     0.956250       287994        22.86
       4.159     0.962500       289867        26.67
       4.311     0.968750       291770        32.00
       4.395     0.971875       292703        35.56
       4.491     0.975000       293615        40.00
       4.599     0.978125       294583        45.71
       4.727     0.981250       295515        53.33
       4.871     0.984375       296451        64.00
       4.963     0.985938       296913        71.11
       5.063     0.987500       297392        80.00
       5.167     0.989062       297860        91.43
       5.283     0.990625       298329       106.67
       5.431     0.992188       298793       128.00
       5.527     0.992969       299034       142.22
       5.631     0.993750       299268       160.00
       5.747     0.994531       299503       182.86
       5.875     0.995313       299735       213.33
       6.031     0.996094       299968       256.00
       6.119     0.996484       300086       284.44
       6.211     0.996875       300202       320.00
       6.315     0.997266       300320       365.71
       6.455     0.997656       300439       426.67
       6.619     0.998047       300556       512.00
       6.707     0.998242       300613       568.89
       6.811     0.998437       300672       640.00
       6.959     0.998633       300732       731.43
       7.091     0.998828       300790       853.33
       7.247     0.999023       300849      1024.00
       7.355     0.999121       300880      1137.78
       7.483     0.999219       300907      1280.00
       7.643     0.999316       300937      1462.86
       7.771     0.999414       300968      1706.67
       8.007     0.999512       300996      2048.00
       8.115     0.999561       301010      2275.56
       8.223     0.999609       301025      2560.00
       8.375     0.999658       301040      2925.71
       8.471     0.999707       301054      3413.33
       8.575     0.999756       301069      4096.00
       8.759     0.999780       301076      4551.11
       8.863     0.999805       301084      5120.00
       9.055     0.999829       301091      5851.43
       9.175     0.999854       301098      6826.67
       9.367     0.999878       301106      8192.00
       9.399     0.999890       301111      9102.22
       9.455     0.999902       301113     10240.00
       9.591     0.999915       301117     11702.86
       9.623     0.999927       301120     13653.33
       9.799     0.999939       301124     16384.00
       9.943     0.999945       301126     18204.44
       9.983     0.999951       301129     20480.00
      10.071     0.999957       301130     23405.71
      10.199     0.999963       301131     27306.67
      10.431     0.999969       301133     32768.00
      10.775     0.999973       301134     36408.89
      10.959     0.999976       301135     40960.00
      10.983     0.999979       301136     46811.43
      11.127     0.999982       301137     54613.33
      11.271     0.999985       301138     65536.00
      11.271     0.999986       301138     72817.78
      11.327     0.999988       301139     81920.00
      11.327     0.999989       301139     93622.86
      11.543     0.999991       301140    109226.67
      11.543     0.999992       301140    131072.00
      11.543     0.999993       301140    145635.56
      11.967     0.999994       301141    163840.00
      11.967     0.999995       301141    187245.71
      11.967     0.999995       301141    218453.33
      11.967     0.999996       301141    262144.00
      11.967     0.999997       301141    291271.11
      12.991     0.999997       301142    327680.00
      12.991     1.000000       301142          inf
#[Mean    =        2.407, StdDeviation   =        0.793]
#[Max     =       12.984, Total count    =       301142]
#[Buckets =           27, SubBuckets     =         2048]
-----------------------------------------------------------------------
  351050 requests in 1.17m, 94.50MB read
Requests/sec:   5015.05  
Transfer/sec:      1.35MB
