Running 1m test @ http://10.10.1.1:5000
  4 threads and 128 connections

  Thread calibration: mean lat.: 600.976ms, rate sampling interval: 2144ms
  Thread calibration: mean lat.: 614.614ms, rate sampling interval: 2134ms
  Thread calibration: mean lat.: 576.300ms, rate sampling interval: 2136ms
  Thread calibration: mean lat.: 590.904ms, rate sampling interval: 2205ms

-----------------------------------------------------------------------
Test Results @ http://10.10.1.1:5000 
  Thread Stats   Avg      Stdev     99%   +/- Stdev
    Latency     3.25s     1.38s    6.21s    62.29%
    Req/Sec     2.97k    24.55     3.01k    69.23%
  Latency Distribution (HdrHistogram - Recorded Latency)
 50.000%    3.23s 
 75.000%    4.33s 
 90.000%    5.10s 
 99.000%    6.21s 
 99.900%    6.77s 
 99.990%    6.99s 
 99.999%    7.19s 
100.000%    7.20s 

  Detailed Percentile spectrum:
       Value   Percentile   TotalCount 1/(1-Percentile)

     243.199     0.000000            1         1.00
    1427.455     0.100000        59324         1.11
    1888.255     0.200000       118611         1.25
    2330.623     0.300000       177958         1.43
    2758.655     0.400000       237371         1.67
    3225.599     0.500000       296646         2.00
    3438.591     0.550000       326268         2.22
    3651.583     0.600000       355876         2.50
    3883.007     0.650000       385412         2.86
    4110.335     0.700000       415078         3.33
    4329.471     0.750000       445086         4.00
    4440.063     0.775000       459501         4.44
    4554.751     0.800000       474609         5.00
    4665.343     0.825000       489547         5.71
    4800.511     0.850000       504323         6.67
    4943.871     0.875000       518933         8.00
    5017.599     0.887500       526413         8.89
    5103.615     0.900000       533660        10.00
    5193.727     0.912500       541330        11.43
    5287.935     0.925000       548455        13.33
    5398.527     0.937500       555915        16.00
    5468.159     0.943750       559689        17.78
    5533.695     0.950000       563481        20.00
    5599.231     0.956250       567028        22.86
    5685.247     0.962500       570794        26.67
    5771.263     0.968750       574463        32.00
    5812.223     0.971875       576248        35.56
    5865.471     0.975000       578100        40.00
    5926.911     0.978125       580009        45.71
    5996.543     0.981250       581888        53.33
    6057.983     0.984375       583651        64.00
    6094.847     0.985938       584608        71.11
    6135.807     0.987500       585579        80.00
    6176.767     0.989062       586448        91.43
    6238.207     0.990625       587387       106.67
    6307.839     0.992188       588283       128.00
    6344.703     0.992969       588765       142.22
    6381.567     0.993750       589217       160.00
    6422.527     0.994531       589664       182.86
    6467.583     0.995313       590149       213.33
    6524.927     0.996094       590603       256.00
    6561.791     0.996484       590814       284.44
    6590.463     0.996875       591056       320.00
    6615.039     0.997266       591288       365.71
    6643.711     0.997656       591528       426.67
    6672.383     0.998047       591753       512.00
    6692.863     0.998242       591858       568.89
    6713.343     0.998437       591976       640.00
    6733.823     0.998633       592101       731.43
    6754.303     0.998828       592213       853.33
    6778.879     0.999023       592338      1024.00
    6791.167     0.999121       592379      1137.78
    6832.127     0.999219       592437      1280.00
    6852.607     0.999316       592508      1462.86
    6868.991     0.999414       592561      1706.67
    6889.471     0.999512       592616      2048.00
    6901.759     0.999561       592649      2275.56
    6914.047     0.999609       592668      2560.00
    6930.431     0.999658       592699      2925.71
    6946.815     0.999707       592735      3413.33
    6955.007     0.999756       592769      4096.00
    6955.007     0.999780       592769      4551.11
    6959.103     0.999805       592783      5120.00
    6967.295     0.999829       592803      5851.43
    6971.391     0.999854       592813      6826.67
    6979.583     0.999878       592830      8192.00
    6983.679     0.999890       592838      9102.22
    6987.775     0.999902       592844     10240.00
    6995.967     0.999915       592850     11702.86
    7024.639     0.999927       592855     13653.33
    7061.503     0.999939       592862     16384.00
    7073.791     0.999945       592866     18204.44
    7086.079     0.999951       592872     20480.00
    7090.175     0.999957       592873     23405.71
    7110.655     0.999963       592877     27306.67
    7135.231     0.999969       592880     32768.00
    7159.807     0.999973       592882     36408.89
    7163.903     0.999976       592884     40960.00
    7172.095     0.999979       592887     46811.43
    7176.191     0.999982       592889     54613.33
    7176.191     0.999985       592889     65536.00
    7180.287     0.999986       592890     72817.78
    7184.383     0.999988       592891     81920.00
    7192.575     0.999989       592893     93622.86
    7192.575     0.999991       592893    109226.67
    7196.671     0.999992       592896    131072.00
    7196.671     0.999993       592896    145635.56
    7196.671     0.999994       592896    163840.00
    7196.671     0.999995       592896    187245.71
    7196.671     0.999995       592896    218453.33
    7196.671     0.999996       592896    262144.00
    7196.671     0.999997       592896    291271.11
    7200.767     0.999997       592897    327680.00
    7200.767     0.999997       592897    374491.43
    7200.767     0.999998       592897    436906.67
    7200.767     0.999998       592897    524288.00
    7200.767     0.999998       592897    582542.22
    7204.863     0.999998       592898    655360.00
    7204.863     1.000000       592898          inf
#[Mean    =     3247.615, StdDeviation   =     1381.096]
#[Max     =     7200.768, Total count    =       592898]
#[Buckets =           27, SubBuckets     =         2048]
-----------------------------------------------------------------------
  709676 requests in 1.00m, 186.34MB read
Requests/sec:  11828.11  
Transfer/sec:      3.11MB
