Running 1m test @ http://10.10.1.2:5000
  4 threads and 128 connections

  Thread calibration: mean lat.: 1.216ms, rate sampling interval: 10ms
  Thread calibration: mean lat.: 1.219ms, rate sampling interval: 10ms
  Thread calibration: mean lat.: 1.189ms, rate sampling interval: 10ms
  Thread calibration: mean lat.: 1.224ms, rate sampling interval: 10ms

-----------------------------------------------------------------------
Test Results @ http://10.10.1.2:5000 
  Thread Stats   Avg      Stdev     99%   +/- Stdev
    Latency     1.19ms  484.90us   2.86ms   82.30%
    Req/Sec     1.85k   459.76     3.00k    70.05%
  Latency Distribution (HdrHistogram - Recorded Latency)
 50.000%    1.00ms
 75.000%    1.43ms
 90.000%    1.84ms
 99.000%    2.86ms
 99.900%    3.93ms
 99.990%    5.07ms
 99.999%    6.15ms
100.000%    7.03ms

  Detailed Percentile spectrum:
       Value   Percentile   TotalCount 1/(1-Percentile)

       0.233     0.000000            1         1.00
       0.770     0.100000        42506         1.11
       0.829     0.200000        84250         1.25
       0.880     0.300000       126219         1.43
       0.934     0.400000       168349         1.67
       1.003     0.500000       210549         2.00
       1.050     0.550000       231607         2.22
       1.114     0.600000       252372         2.50
       1.208     0.650000       273403         2.86
       1.317     0.700000       294391         3.33
       1.427     0.750000       315403         4.00
       1.482     0.775000       325807         4.44
       1.538     0.800000       336371         5.00
       1.598     0.825000       346839         5.71
       1.666     0.850000       357450         6.67
       1.741     0.875000       367844         8.00
       1.786     0.887500       373154         8.89
       1.838     0.900000       378439        10.00
       1.898     0.912500       383650        11.43
       1.969     0.925000       388896        13.33
       2.055     0.937500       394189        16.00
       2.105     0.943750       396832        17.78
       2.157     0.950000       399359        20.00
       2.217     0.956250       402017        22.86
       2.287     0.962500       404661        26.67
       2.369     0.968750       407254        32.00
       2.415     0.971875       408565        35.56
       2.463     0.975000       409901        40.00
       2.517     0.978125       411185        45.71
       2.585     0.981250       412512        53.33
       2.665     0.984375       413813        64.00
       2.711     0.985938       414464        71.11
       2.763     0.987500       415126        80.00
       2.823     0.989062       415806        91.43
       2.885     0.990625       416452       106.67
       2.967     0.992188       417102       128.00
       3.015     0.992969       417431       142.22
       3.071     0.993750       417748       160.00
       3.135     0.994531       418083       182.86
       3.207     0.995313       418413       213.33
       3.283     0.996094       418741       256.00
       3.329     0.996484       418903       284.44
       3.381     0.996875       419064       320.00
       3.445     0.997266       419229       365.71
       3.515     0.997656       419392       426.67
       3.599     0.998047       419560       512.00
       3.651     0.998242       419638       568.89
       3.711     0.998437       419721       640.00
       3.771     0.998633       419803       731.43
       3.847     0.998828       419885       853.33
       3.939     0.999023       419966      1024.00
       3.977     0.999121       420007      1137.78
       4.019     0.999219       420048      1280.00
       4.081     0.999316       420088      1462.86
       4.135     0.999414       420129      1706.67
       4.227     0.999512       420171      2048.00
       4.283     0.999561       420191      2275.56
       4.335     0.999609       420213      2560.00
       4.391     0.999658       420233      2925.71
       4.471     0.999707       420252      3413.33
       4.591     0.999756       420273      4096.00
       4.671     0.999780       420283      4551.11
       4.747     0.999805       420293      5120.00
       4.815     0.999829       420305      5851.43
       4.907     0.999854       420314      6826.67
       4.991     0.999878       420324      8192.00
       5.035     0.999890       420329      9102.22
       5.083     0.999902       420334     10240.00
       5.123     0.999915       420340     11702.86
       5.235     0.999927       420345     13653.33
       5.327     0.999939       420350     16384.00
       5.351     0.999945       420352     18204.44
       5.459     0.999951       420355     20480.00
       5.515     0.999957       420358     23405.71
       5.579     0.999963       420360     27306.67
       5.675     0.999969       420363     32768.00
       5.683     0.999973       420364     36408.89
       5.715     0.999976       420365     40960.00
       5.751     0.999979       420367     46811.43
       5.775     0.999982       420368     54613.33
       5.851     0.999985       420369     65536.00
       5.955     0.999986       420370     72817.78
       5.955     0.999988       420370     81920.00
       6.147     0.999989       420371     93622.86
       6.171     0.999991       420372    109226.67
       6.171     0.999992       420372    131072.00
       6.247     0.999993       420373    145635.56
       6.247     0.999994       420373    163840.00
       6.247     0.999995       420373    187245.71
       6.351     0.999995       420374    218453.33
       6.351     0.999996       420374    262144.00
       6.351     0.999997       420374    291271.11
       6.351     0.999997       420374    327680.00
       6.351     0.999997       420374    374491.43
       7.027     0.999998       420375    436906.67
       7.027     1.000000       420375          inf
#[Mean    =        1.190, StdDeviation   =        0.485]
#[Max     =        7.024, Total count    =       420375]
#[Buckets =           27, SubBuckets     =         2048]
-----------------------------------------------------------------------
  488753 requests in 1.17m, 274.09MB read
Requests/sec:   6982.27  
Transfer/sec:      3.92MB
