Running 1m test @ http://10.10.1.2:5000
  4 threads and 128 connections

  Thread calibration: mean lat.: 1.366ms, rate sampling interval: 10ms
  Thread calibration: mean lat.: 1.350ms, rate sampling interval: 10ms
  Thread calibration: mean lat.: 1.346ms, rate sampling interval: 10ms
  Thread calibration: mean lat.: 1.351ms, rate sampling interval: 10ms

-----------------------------------------------------------------------
Test Results @ http://10.10.1.2:5000 
  Thread Stats   Avg      Stdev     99%   +/- Stdev
    Latency     1.30ms  564.55us   3.22ms   80.80%
    Req/Sec     2.38k   531.71     3.70k    69.73%
  Latency Distribution (HdrHistogram - Recorded Latency)
 50.000%    1.11ms
 75.000%    1.57ms
 90.000%    2.05ms
 99.000%    3.22ms
 99.900%    4.38ms
 99.990%    5.48ms
 99.999%    6.57ms
100.000%    8.15ms

  Detailed Percentile spectrum:
       Value   Percentile   TotalCount 1/(1-Percentile)

       0.514     0.000000            1         1.00
       0.776     0.100000        54064         1.11
       0.844     0.200000       108109         1.25
       0.909     0.300000       162568         1.43
       0.989     0.400000       216655         1.67
       1.112     0.500000       270468         2.00
       1.200     0.550000       297242         2.22
       1.294     0.600000       324470         2.50
       1.385     0.650000       351470         2.86
       1.476     0.700000       378253         3.33
       1.574     0.750000       405479         4.00
       1.627     0.775000       418879         4.44
       1.687     0.800000       432427         5.00
       1.754     0.825000       445861         5.71
       1.833     0.850000       459428         6.67
       1.926     0.875000       472891         8.00
       1.981     0.887500       479561         8.89
       2.045     0.900000       486426        10.00
       2.115     0.912500       493111        11.43
       2.197     0.925000       499930        13.33
       2.287     0.937500       506618        16.00
       2.339     0.943750       510041        17.78
       2.397     0.950000       513350        20.00
       2.463     0.956250       516804        22.86
       2.541     0.962500       520157        26.67
       2.633     0.968750       523515        32.00
       2.687     0.971875       525202        35.56
       2.749     0.975000       526881        40.00
       2.815     0.978125       528530        45.71
       2.895     0.981250       530223        53.33
       2.989     0.984375       531911        64.00
       3.045     0.985938       532777        71.11
       3.105     0.987500       533606        80.00
       3.171     0.989062       534454        91.43
       3.253     0.990625       535287       106.67
       3.347     0.992188       536143       128.00
       3.395     0.992969       536549       142.22
       3.459     0.993750       536981       160.00
       3.525     0.994531       537396       182.86
       3.607     0.995313       537823       213.33
       3.693     0.996094       538240       256.00
       3.751     0.996484       538454       284.44
       3.815     0.996875       538662       320.00
       3.889     0.997266       538871       365.71
       3.973     0.997656       539081       426.67
       4.065     0.998047       539295       512.00
       4.115     0.998242       539399       568.89
       4.175     0.998437       539502       640.00
       4.247     0.998633       539614       731.43
       4.315     0.998828       539716       853.33
       4.387     0.999023       539820      1024.00
       4.427     0.999121       539873      1137.78
       4.499     0.999219       539925      1280.00
       4.559     0.999316       539977      1462.86
       4.639     0.999414       540030      1706.67
       4.739     0.999512       540084      2048.00
       4.807     0.999561       540109      2275.56
       4.859     0.999609       540135      2560.00
       4.939     0.999658       540163      2925.71
       5.031     0.999707       540188      3413.33
       5.107     0.999756       540215      4096.00
       5.171     0.999780       540230      4551.11
       5.195     0.999805       540242      5120.00
       5.235     0.999829       540254      5851.43
       5.307     0.999854       540267      6826.67
       5.395     0.999878       540281      8192.00
       5.435     0.999890       540288      9102.22
       5.519     0.999902       540295     10240.00
       5.547     0.999915       540300     11702.86
       5.647     0.999927       540309     13653.33
       5.731     0.999939       540314     16384.00
       5.759     0.999945       540317     18204.44
       5.863     0.999951       540320     20480.00
       5.983     0.999957       540323     23405.71
       6.115     0.999963       540327     27306.67
       6.239     0.999969       540330     32768.00
       6.259     0.999973       540332     36408.89
       6.263     0.999976       540333     40960.00
       6.279     0.999979       540335     46811.43
       6.383     0.999982       540337     54613.33
       6.395     0.999985       540338     65536.00
       6.535     0.999986       540339     72817.78
       6.551     0.999988       540340     81920.00
       6.567     0.999989       540341     93622.86
       6.775     0.999991       540342    109226.67
       6.775     0.999992       540342    131072.00
       6.843     0.999993       540343    145635.56
       6.843     0.999994       540343    163840.00
       6.863     0.999995       540344    187245.71
       6.863     0.999995       540344    218453.33
       6.863     0.999996       540344    262144.00
       7.187     0.999997       540345    291271.11
       7.187     0.999997       540345    327680.00
       7.187     0.999997       540345    374491.43
       7.187     0.999998       540345    436906.67
       7.187     0.999998       540345    524288.00
       8.155     0.999998       540346    582542.22
       8.155     1.000000       540346          inf
#[Mean    =        1.296, StdDeviation   =        0.565]
#[Max     =        8.152, Total count    =       540346]
#[Buckets =           27, SubBuckets     =         2048]
-----------------------------------------------------------------------
  630512 requests in 1.17m, 353.16MB read
Requests/sec:   9007.49  
Transfer/sec:      5.05MB
