Running 1m test @ http://10.10.1.1:5000
  4 threads and 128 connections

  Thread calibration: mean lat.: 3395.140ms, rate sampling interval: 12279ms
  Thread calibration: mean lat.: 3094.222ms, rate sampling interval: 11067ms
  Thread calibration: mean lat.: 3343.482ms, rate sampling interval: 12230ms
  Thread calibration: mean lat.: 3325.249ms, rate sampling interval: 12165ms

-----------------------------------------------------------------------
Test Results @ http://10.10.1.1:5000 
  Thread Stats   Avg      Stdev     99%   +/- Stdev
    Latency    23.78s     9.90s   40.70s    57.71%
    Req/Sec     1.50k     4.99     1.51k    68.75%
  Latency Distribution (HdrHistogram - Recorded Latency)
 50.000%   23.77s 
 75.000%   32.36s 
 90.000%   37.52s 
 99.000%   40.70s 
 99.900%   41.39s 
 99.990%   41.75s 
 99.999%   41.98s 
100.000%   42.01s 

  Detailed Percentile spectrum:
       Value   Percentile   TotalCount 1/(1-Percentile)

    5849.087     0.000000            1         1.00
   10117.119     0.100000        30007         1.11
   13475.839     0.200000        59942         1.25
   16924.671     0.300000        90026         1.43
   20332.543     0.400000       119911         1.67
   23773.183     0.500000       149887         2.00
   25493.503     0.550000       164895         2.22
   27213.823     0.600000       179837         2.50
   28934.143     0.650000       194865         2.86
   30670.847     0.700000       209872         3.33
   32358.399     0.750000       224818         4.00
   33210.367     0.775000       232355         4.44
   34078.719     0.800000       239791         5.00
   34930.687     0.825000       247238         5.71
   35782.655     0.850000       254772         6.67
   36634.623     0.875000       262183         8.00
   37093.375     0.887500       266088         8.89
   37519.359     0.900000       269776        10.00
   37945.343     0.912500       273579        11.43
   38371.327     0.925000       277389        13.33
   38797.311     0.937500       281140        16.00
   38993.919     0.943750       282821        17.78
   39223.295     0.950000       284800        20.00
   39419.903     0.956250       286563        22.86
   39649.279     0.962500       288596        26.67
   39845.887     0.968750       290283        32.00
   39976.959     0.971875       291402        35.56
   40075.263     0.975000       292224        40.00
   40206.335     0.978125       293295        45.71
   40304.639     0.981250       294065        53.33
   40435.711     0.984375       295035        64.00
   40501.247     0.985938       295508        71.11
   40566.783     0.987500       295989        80.00
   40632.319     0.989062       296398        91.43
   40730.623     0.990625       296981       106.67
   40796.159     0.992188       297350       128.00
   40861.695     0.992969       297697       142.22
   40894.463     0.993750       297862       160.00
   40927.231     0.994531       298016       182.86
   40992.767     0.995313       298303       213.33
   41058.303     0.996094       298565       256.00
   41091.071     0.996484       298683       284.44
   41123.839     0.996875       298791       320.00
   41156.607     0.997266       298905       365.71
   41189.375     0.997656       299007       426.67
   41222.143     0.998047       299085       512.00
   41254.911     0.998242       299155       568.89
   41287.679     0.998437       299213       640.00
   41320.447     0.998633       299270       731.43
   41353.215     0.998828       299323       853.33
   41385.983     0.999023       299366      1024.00
   41418.751     0.999121       299401      1137.78
   41418.751     0.999219       299401      1280.00
   41451.519     0.999316       299430      1462.86
   41484.287     0.999414       299462      1706.67
   41517.055     0.999512       299493      2048.00
   41549.823     0.999561       299521      2275.56
   41549.823     0.999609       299521      2560.00
   41582.591     0.999658       299542      2925.71
   41615.359     0.999707       299561      3413.33
   41615.359     0.999756       299561      4096.00
   41648.127     0.999780       299575      4551.11
   41680.895     0.999805       299585      5120.00
   41680.895     0.999829       299585      5851.43
   41713.663     0.999854       299595      6826.67
   41746.431     0.999878       299609      8192.00
   41746.431     0.999890       299609      9102.22
   41746.431     0.999902       299609     10240.00
   41746.431     0.999915       299609     11702.86
   41779.199     0.999927       299615     13653.33
   41811.967     0.999939       299621     16384.00
   41811.967     0.999945       299621     18204.44
   41811.967     0.999951       299621     20480.00
   41844.735     0.999957       299624     23405.71
   41844.735     0.999963       299624     27306.67
   41877.503     0.999969       299626     32768.00
   41877.503     0.999973       299626     36408.89
   41910.271     0.999976       299628     40960.00
   41910.271     0.999979       299628     46811.43
   41943.039     0.999982       299630     54613.33
   41943.039     0.999985       299630     65536.00
   41943.039     0.999986       299630     72817.78
   41975.807     0.999988       299632     81920.00
   41975.807     0.999989       299632     93622.86
   41975.807     0.999991       299632    109226.67
   41975.807     0.999992       299632    131072.00
   41975.807     0.999993       299632    145635.56
   42008.575     0.999994       299634    163840.00
   42008.575     1.000000       299634          inf
#[Mean    =    23783.427, StdDeviation   =     9899.221]
#[Max     =    41975.808, Total count    =       299634]
#[Buckets =           27, SubBuckets     =         2048]
-----------------------------------------------------------------------
  358572 requests in 1.00m, 95.38MB read
  Socket errors: connect 0, read 0, write 0, timeout 1
Requests/sec:   5976.02  
Transfer/sec:      1.59MB
