Running 1m test @ http://10.10.1.2:5000
  4 threads and 128 connections

  Thread calibration: mean lat.: 961.803ms, rate sampling interval: 3702ms
  Thread calibration: mean lat.: 975.965ms, rate sampling interval: 4048ms
  Thread calibration: mean lat.: 934.452ms, rate sampling interval: 3774ms
  Thread calibration: mean lat.: 1110.879ms, rate sampling interval: 4083ms

-----------------------------------------------------------------------
Test Results @ http://10.10.1.2:5000 
  Thread Stats   Avg      Stdev     99%   +/- Stdev
    Latency     8.56s     3.92s   16.50s    60.33%
    Req/Sec     0.98k    10.20     1.00k    69.49%
  Latency Distribution (HdrHistogram - Recorded Latency)
 50.000%    8.51s 
 75.000%   11.72s 
 90.000%   13.92s 
 99.000%   16.50s 
 99.900%   18.01s 
 99.990%   18.74s 
 99.999%   18.86s 
100.000%   18.87s 

  Detailed Percentile spectrum:
       Value   Percentile   TotalCount 1/(1-Percentile)

     799.231     0.000000            1         1.00
    3221.503     0.100000        23486         1.11
    4579.327     0.200000        46940         1.25
    5853.183     0.300000        70454         1.43
    7225.343     0.400000        93914         1.67
    8511.487     0.500000       117427         2.00
    9142.271     0.550000       129093         2.22
    9797.631     0.600000       140817         2.50
   10436.607     0.650000       152647         2.86
   11091.967     0.700000       164430         3.33
   11722.751     0.750000       176035         4.00
   12050.431     0.775000       181993         4.44
   12378.111     0.800000       187725         5.00
   12722.175     0.825000       193618         5.71
   13090.815     0.850000       199516         6.67
   13484.031     0.875000       205407         8.00
   13705.215     0.887500       208353         8.89
   13918.207     0.900000       211241        10.00
   14131.199     0.912500       214203        11.43
   14368.767     0.925000       217145        13.33
   14647.295     0.937500       220069        16.00
   14786.559     0.943750       221484        17.78
   14958.591     0.950000       223003        20.00
   15114.239     0.956250       224405        22.86
   15302.655     0.962500       225904        26.67
   15482.879     0.968750       227335        32.00
   15589.375     0.971875       228076        35.56
   15720.447     0.975000       228822        40.00
   15851.519     0.978125       229551        45.71
   15966.207     0.981250       230288        53.33
   16089.087     0.984375       231014        64.00
   16179.199     0.985938       231384        71.11
   16277.503     0.987500       231733        80.00
   16400.383     0.989062       232099        91.43
   16547.839     0.990625       232455       106.67
   16719.871     0.992188       232842       128.00
   16777.215     0.992969       233017       142.22
   16875.519     0.993750       233206       160.00
   16973.823     0.994531       233379       182.86
   17072.127     0.995313       233587       213.33
   17154.047     0.996094       233773       256.00
   17186.815     0.996484       233848       284.44
   17268.735     0.996875       233935       320.00
   17350.655     0.997266       234013       365.71
   17465.343     0.997656       234115       426.67
   17547.263     0.998047       234202       512.00
   17612.799     0.998242       234250       568.89
   17661.951     0.998437       234290       640.00
   17760.255     0.998633       234338       731.43
   17874.943     0.998828       234383       853.33
   18038.783     0.999023       234429      1024.00
   18071.551     0.999121       234448      1137.78
   18137.087     0.999219       234471      1280.00
   18251.775     0.999316       234496      1462.86
   18333.695     0.999414       234519      1706.67
   18415.615     0.999512       234542      2048.00
   18464.767     0.999561       234555      2275.56
   18497.535     0.999609       234562      2560.00
   18546.687     0.999658       234576      2925.71
   18579.455     0.999707       234596      3413.33
   18579.455     0.999756       234596      4096.00
   18595.839     0.999780       234602      4551.11
   18628.607     0.999805       234610      5120.00
   18661.375     0.999829       234614      5851.43
   18694.143     0.999854       234619      6826.67
   18743.295     0.999878       234633      8192.00
   18743.295     0.999890       234633      9102.22
   18743.295     0.999902       234633     10240.00
   18743.295     0.999915       234633     11702.86
   18759.679     0.999927       234637     13653.33
   18776.063     0.999939       234640     16384.00
   18792.447     0.999945       234643     18204.44
   18792.447     0.999951       234643     20480.00
   18792.447     0.999957       234643     23405.71
   18808.831     0.999963       234645     27306.67
   18825.215     0.999969       234648     32768.00
   18825.215     0.999973       234648     36408.89
   18825.215     0.999976       234648     40960.00
   18825.215     0.999979       234648     46811.43
   18841.599     0.999982       234650     54613.33
   18841.599     0.999985       234650     65536.00
   18841.599     0.999986       234650     72817.78
   18857.983     0.999988       234652     81920.00
   18857.983     0.999989       234652     93622.86
   18857.983     0.999991       234652    109226.67
   18857.983     0.999992       234652    131072.00
   18857.983     0.999993       234652    145635.56
   18857.983     0.999994       234652    163840.00
   18857.983     0.999995       234652    187245.71
   18857.983     0.999995       234652    218453.33
   18874.367     0.999996       234653    262144.00
   18874.367     1.000000       234653          inf
#[Mean    =     8561.620, StdDeviation   =     3922.909]
#[Max     =    18857.984, Total count    =       234653]
#[Buckets =           27, SubBuckets     =         2048]
-----------------------------------------------------------------------
  273160 requests in 1.17m, 669.71MB read
Requests/sec:   3902.37  
Transfer/sec:      9.57MB
