Running for 60.0 seconds (120 samples at 0.5 second intervals).
Power measurements will start in 0 seconds time.

  Time    User  Nice   Sys  Idle    IO  Run Ctxt/s  IRQ/s Fork Exec Exit  Watts
08:02:22  56.7   0.0  10.7  32.6   0.0   39 313350 226912    1    1    1  93.73 
08:02:23  57.7   0.0  10.2  32.1   0.0   40 313818 232822    0    0    0  94.02 
08:02:23  58.2   0.0   9.8  32.0   0.0   17 305834 226766    0    0    0  93.70 
08:02:24  56.3   0.0  10.4  33.3   0.0   17 315114 232122    0    0    0  94.02 
08:02:24  57.5   0.0   9.6  32.9   0.0   30 323580 229024    0    0    0  93.88 
08:02:25  55.3   0.0   9.8  34.9   0.0   37 317640 243438    0    0    0  93.49 
08:02:25  57.2   0.0   9.8  33.0   0.0   34 313320 217362    0    0    0  93.77 
08:02:26  57.8   0.0  10.3  31.9   0.0   35 320756 251820    0    0    0  94.70 
08:02:26  57.5   0.0   9.9  32.6   0.0   47 321404 243478    0    0    0  94.18 
08:02:27  55.5   0.0  10.0  34.4   0.0   26 321082 224332    0    0    0  93.32 
08:02:27  57.5   0.0   9.3  33.1   0.1   42 304704 210514    0    0    0  93.83 
08:02:28  57.5   0.0   9.6  32.9   0.0   35 312892 231932    0    0    0  93.59 
08:02:28  56.6   0.0  10.1  33.3   0.0   29 314966 230454    0    0    0  93.44 
08:02:29  58.2   0.0   9.8  31.9   0.0   13 316716 226420    0    0    0  94.29 
08:02:29  57.5   0.0  10.0  32.5   0.0   20 309242 218482    0    0    0  94.31 
08:02:30  57.5   0.0  10.2  32.4   0.0   21 316280 232218    0    0    0  93.86 
08:02:30  58.3   0.0  10.0  31.7   0.0   31 318406 221548    0    0    0  94.69 
08:02:31  55.4   0.0  10.3  34.3   0.0   34 311088 227620    0    0    0  93.26 
08:02:31  56.7   0.0  10.8  32.5   0.0   41 312612 230224    0    0    0  94.19 
08:02:32  59.0   0.0   9.6  31.4   0.0   34 320334 233436    0    0    0  94.36 
08:02:32  58.0   0.0  10.2  31.7   0.0   33 313194 221582    0    0    0  94.21 
08:02:33  57.5   0.0  11.5  31.0   0.0   27 314130 227914    0    0    0  94.63 
08:02:33  55.0   0.0  11.1  33.9   0.0   27 308618 207854    0    0    0  93.90 
08:02:34  57.8   0.0   9.4  32.8   0.0   34 311832 214752    0    0    0  94.12 
08:02:34  55.6   0.0   9.2  35.2   0.0   28 322682 239490    0    0    0  93.63 
08:02:35  54.7   0.0  10.5  34.8   0.0   15 310414 226668    0    0    0  93.80 
08:02:35  55.7   0.0  10.3  34.1   0.0   36 307712 220464    0    0    0  93.48 
08:02:36  57.8   0.0   9.9  32.3   0.0   43 321908 245034    0    0    1  93.99 
08:02:36  58.0   0.0   8.6  33.3   0.0   20 299598 230206    0    0    0  93.68 
08:02:37  57.7   0.0   9.3  33.0   0.0   42 321720 228300    0    0    0  93.86 
08:02:37  57.9   0.0   9.9  32.2   0.0   29 311696 239262    0    0    0  94.17 
08:02:38  56.9   0.0  10.2  32.9   0.0   19 322072 221628    0    0    0  93.97 
08:02:38  55.8   0.0  11.0  33.2   0.0   32 305558 218034    0    0    0  93.40 
08:02:39  57.7   0.0  10.2  32.1   0.0   39 317580 232126    0    0    0  94.51 
08:02:39  57.7   0.0   8.9  33.5   0.0   15 318694 222050    0    0    0  94.30 
08:02:40  57.2   0.0  10.6  32.2   0.0   36 308354 228056    0    0    3  95.06 
08:02:40  57.1   0.0   9.4  33.5   0.0   45 312452 232834    0    0    0  94.44 
08:02:41  57.9   0.0  10.9  31.3   0.0   24 310230 229892    0    0    0  94.80 
08:02:41  55.5   0.0   9.8  34.6   0.0   23 312840 228226    0    0    0  94.08 
08:02:42  56.1   0.0  10.6  33.4   0.0   12 315668 226956    0    0    0  94.25 
08:02:42  56.8   0.0  10.4  32.8   0.0   19 311488 228914    0    0    0  94.66 
08:02:43  58.1   0.0   9.6  32.4   0.0   32 318502 245628    0    0    0  94.86 
08:02:43  56.1   0.0  10.3  33.6   0.0   25 302932 216864    0    0    0  93.59 
08:02:44  55.3   0.0   9.8  34.9   0.0   38 317294 232566    0    0    0  93.35 
08:02:44  56.0   0.0  10.6  33.4   0.0   39 314802 228150    0    0    0  93.85 
08:02:45  58.7   0.0   9.6  31.7   0.1   38 326224 237794    0    0    0  94.44 
08:02:45  57.4   0.0  10.4  32.2   0.0    3 311854 229238    0    0    0  94.70 
08:02:46  57.4   0.0   9.8  32.7   0.0   27 309418 234358    1    0    0  94.10 
08:02:46  56.5   0.0  10.6  32.9   0.0   25 315836 229808    0    0    0  93.65 
08:02:47  56.7   0.0  11.3  32.0   0.0   20 315962 231844    0    0    0  94.59 
08:02:47  58.1   0.0   9.8  32.1   0.0   22 316634 224494    0    0    0  94.43 
08:02:48  57.1   0.0  10.4  32.5   0.0   26 309954 233122    0    0    0  93.83 
08:02:48  56.3   0.0  10.8  32.9   0.0   32 319776 230326    0    0    0  94.30 
08:02:49  56.0   0.0  10.1  33.9   0.0   12 315900 230286    0    0    0  93.58 
08:02:49  55.6   0.0  10.0  34.4   0.0   12 313430 243846    0    0    0  93.49 
08:02:50  58.0   0.0  11.6  30.4   0.0   22 320262 221488    0    0    0  95.11 
08:02:50  58.0   0.0   9.8  32.1   0.0   33 313512 228374    0    0    0  94.25 
08:02:51  56.8   0.0  10.3  32.9   0.0   12 305266 234100    0    0    0  93.99 
08:02:51  56.9   0.0   9.6  33.5   0.0   29 315526 222018    0    0    0  94.12 
08:02:52  56.5   0.0  10.4  33.1   0.0   53 311780 219502    0    0    0  93.80 
08:02:52  56.3   0.0  10.1  33.6   0.1   34 324022 235780    0    0    0  93.83 
08:02:53  58.4   0.0   9.0  32.6   0.0   17 316448 220228    0    0    0  94.13 
08:02:53  54.6   0.0   9.4  35.9   0.0   23 321940 230624    0    0    0  93.48 
08:02:54  56.2   0.0   9.6  34.3   0.0   47 314052 226680    0    0    0  93.41 
08:02:54  58.0   0.0   9.4  32.7   0.0   37 308156 223786    0    0    0  94.38 
08:02:55  56.7   0.0  10.3  33.0   0.0   42 313196 223018    0    0    0  93.93 
08:02:55  56.6   0.0  10.2  33.2   0.0    9 312872 228442    0    0    0  93.57 
08:02:56  54.6   0.0  10.6  34.8   0.0   25 308290 222642    0    0    0  93.69 
08:02:56  58.5   0.0   8.8  32.7   0.0   18 307412 227374    0    0    0  93.98 
08:02:57  54.4   0.0  10.4  35.3   0.0   25 308816 223264    0    0    0  93.42 
08:02:57  56.6   0.0   9.7  33.7   0.0   27 315050 213184    0    0    0  94.09 
08:02:58  58.0   0.0   9.4  32.5   0.1   14 318362 226154    0    0    0  94.04 
08:02:58  55.3   0.0  10.2  34.5   0.0    6 309628 229358    0    0    0  93.61 
08:02:59  57.0   0.0   9.1  34.0   0.0   27 319808 223628    0    0    0  94.09 
08:02:59  57.4   0.0  10.0  32.6   0.0   31 302412 219116    0    0    0  94.34 
08:03:00  57.6   0.0  10.6  31.7   0.0   36 324762 242368    1    0    0  94.94 
08:03:00  59.3   0.0  10.7  30.0   0.0   24 277754 202260    0    0    0  96.19 
08:03:01  56.1   0.0  10.7  33.2   0.0   26 308314 234136    0    0    0  94.53 
08:03:01  57.4   0.0   9.1  33.4   0.1   35 310212 226300    0    0    0  93.91 
08:03:02  56.3   0.0  10.6  33.1   0.0    8 310902 229314    0    0    0  94.08 
08:03:02  56.2   0.0  10.0  33.8   0.0   34 301980 222258    0    0    0  93.76 
08:03:03  56.0   0.0   9.5  34.5   0.0   33 310478 227152    0    0    0  93.28 
08:03:03  56.9   0.0   9.6  33.4   0.0   41 309886 223856    0    0    0  94.19 
08:03:04  56.6   0.0  10.5  32.9   0.0   10 311488 216284    0    0    0  93.80 
08:03:04  58.7   0.0  10.2  31.1   0.0   21 312964 234724    0    0    0  94.64 
08:03:05  57.1   0.0   9.9  33.0   0.0   25 303718 229286    0    0    0  94.60 
08:03:05  56.5   0.0   9.5  34.0   0.0   14 319532 219590    0    0    0  93.65 
08:03:06  58.5   0.0   9.9  31.6   0.0   14 317528 233014    0    0    0  94.47 
08:03:06  58.3   0.0  10.3  31.5   0.0   42 326590 227916    0    0    0  94.68 
08:03:07  55.7   0.0  10.3  33.9   0.1   27 307718 240796    0    0    0  93.43 
08:03:07  58.0   0.0   8.9  33.0   0.0   39 304714 224644    0    0    0  93.41 
08:03:08  58.4   0.0   9.0  32.6   0.0   27 302688 234418    0    0    0  94.57 
08:03:08  57.7   0.0  10.3  32.0   0.0   27 303478 222732    0    0    0  94.16 
08:03:09  57.6   0.0   9.6  32.8   0.0   45 302146 220156    0    0    0  94.08 
08:03:09  56.7   0.0  10.0  33.4   0.0   27 307624 221416    0    0    0  94.41 
08:03:10  57.2   0.0  10.0  32.7   0.0    4 318572 227532    0    0    0  94.45 
08:03:10  55.5   0.0   9.4  35.1   0.0   39 318656 226470    0    0    0  93.39 
08:03:11  56.9   0.0   9.8  33.3   0.0   26 309678 238634    0    0    0  94.77 
08:03:11  55.8   0.0  10.4  33.8   0.0   38 316810 217318    0    0    0  93.65 
08:03:12  56.0   0.0  10.2  33.7   0.0   23 316856 216544    0    0    0  93.54 
08:03:12  56.3   0.0   9.3  34.4   0.0   18 313708 218274    1    1    0  93.72 
08:03:13  57.2   0.0   8.8  34.0   0.0   23 304014 222886    0    0    0  93.23 
08:03:13  58.4   0.0  10.3  31.3   0.0   33 321004 226808    0    0    0  94.34 
08:03:14  57.2   0.0  11.2  31.6   0.0   45 316418 219194    0    0    0  94.52 
08:03:14  55.2   0.0   9.9  34.8   0.0   47 312792 217742    0    0    0  93.63 
08:03:15  56.5   0.0  10.5  33.0   0.0   35 308676 229384    0    0    0  93.61 
08:03:15  57.2   0.0   9.3  33.5   0.0   32 311926 215154    0    0    0  93.86 
08:03:16  56.4   0.0   9.9  33.8   0.0   19 321774 234716    0    0    0  93.25 
08:03:16  56.7   0.0   9.9  33.4   0.0   28 316322 220768    0    0    0  94.10 
08:03:17  57.3   0.0  10.7  32.0   0.0   38 310428 232560    0    0    0  94.36 
08:03:17  57.4   0.0   9.8  32.8   0.0    7 311836 221980    0    0    0  93.91 
08:03:18  58.3   0.0   9.2  32.5   0.0   24 307548 222304    0    0    0  94.06 
08:03:18  56.5   0.0  11.0  32.6   0.0   19 317186 226824    0    0    0  93.54 
08:03:19  58.7   0.0   9.8  31.5   0.0   40 306140 235338    0    0    0  94.11 
08:03:19  55.6   0.0   9.8  34.6   0.0    4 311854 221598    0    0    0  93.32 
08:03:20  57.7   0.0   9.8  32.5   0.0   14 318188 234618    0    0    0  93.70 
08:03:20  54.6   0.0  10.8  34.6   0.0   30 303414 220806    0    0    0  92.66 
08:03:21  56.7   0.0  10.3  32.9   0.1   31 309546 228334    0    0    0  93.71 
08:03:21  55.0   0.0  11.2  33.9   0.0   36 304748 223318    0    0    0  93.55 
08:03:22  58.3   0.0  10.2  31.5   0.0   17 313980 225228    0    0    0  94.27 
-------- ----- ----- ----- ----- ----- ---- ------ ------ ---- ---- ---- ------ 
 Average  56.9   0.0  10.0  33.0   0.0 27.7 312945.5 227210.0  0.0  0.0  0.0  94.01 
 GeoMean  56.9   0.0  10.0  33.0   0.0 24.9 312872.7 227071.1  0.0  0.0  0.0  94.01 
  StdDev   1.1   0.0   0.6   1.1   0.0 10.8 6689.7 7953.1  0.2  0.1  0.3   0.50 
-------- ----- ----- ----- ----- ----- ---- ------ ------ ---- ---- ---- ------ 
 Minimum  54.4   0.0   8.6  30.0   0.0  3.0 277754.0 202260.0  0.0  0.0  0.0  92.66 
 Maximum  59.3   0.0  11.6  35.9   0.1 53.0 326590.0 251820.0  1.0  1.0  3.0  96.19 
-------- ----- ----- ----- ----- ----- ---- ------ ------ ---- ---- ---- ------ 
Summary:
CPU:  94.01 Watts on average with standard deviation 0.50  
Note: power read from RAPL domains: dram, package-0, dram, package-1.
These readings do not cover all the hardware in this device.
