Running 1m test @ http://10.10.1.1:5000
  4 threads and 128 connections

  Thread calibration: mean lat.: 3295.455ms, rate sampling interval: 11747ms
  Thread calibration: mean lat.: 3289.836ms, rate sampling interval: 11739ms
  Thread calibration: mean lat.: 3323.516ms, rate sampling interval: 11845ms
  Thread calibration: mean lat.: 3301.862ms, rate sampling interval: 11739ms

-----------------------------------------------------------------------
Test Results @ http://10.10.1.1:5000 
  Thread Stats   Avg      Stdev     99%   +/- Stdev
    Latency    22.69s     9.36s   38.73s    57.89%
    Req/Sec     1.49k    10.12     1.51k    68.75%
  Latency Distribution (HdrHistogram - Recorded Latency)
 50.000%   22.63s 
 75.000%   30.79s 
 90.000%   35.75s 
 99.000%   38.73s 
 99.900%   39.42s 
 99.990%   39.85s 
 99.999%   40.04s 
100.000%   40.11s 

  Detailed Percentile spectrum:
       Value   Percentile   TotalCount 1/(1-Percentile)

    6004.735     0.000000            1         1.00
    9797.631     0.100000        29913         1.11
   13000.703     0.200000        59863         1.25
   16187.391     0.300000        89736         1.43
   19415.039     0.400000       119739         1.67
   22626.303     0.500000       149586         2.00
   24264.703     0.550000       164606         2.22
   25886.719     0.600000       179469         2.50
   27525.119     0.650000       194432         2.86
   29114.367     0.700000       209323         3.33
   30785.535     0.750000       224288         4.00
   31621.119     0.775000       231894         4.44
   32440.319     0.800000       239312         5.00
   33243.135     0.825000       246699         5.71
   34078.719     0.850000       254368         6.67
   34897.919     0.875000       261760         8.00
   35323.903     0.887500       265594         8.89
   35749.887     0.900000       269380        10.00
   36143.103     0.912500       272937        11.43
   36569.087     0.925000       276819        13.33
   36962.303     0.937500       280415        16.00
   37191.679     0.943750       282492        17.78
   37388.287     0.950000       284343        20.00
   37584.895     0.956250       286151        22.86
   37781.503     0.962500       288066        26.67
   37978.111     0.968750       289852        32.00
   38076.415     0.971875       290759        35.56
   38174.719     0.975000       291658        40.00
   38273.023     0.978125       292551        45.71
   38404.095     0.981250       293684        53.33
   38502.399     0.984375       294478        64.00
   38567.935     0.985938       294991        71.11
   38633.471     0.987500       295474        80.00
   38699.007     0.989062       295913        91.43
   38764.543     0.990625       296329       106.67
   38830.079     0.992188       296715       128.00
   38895.615     0.992969       297059       142.22
   38928.383     0.993750       297219       160.00
   38993.919     0.994531       297503       182.86
   39026.687     0.995313       297634       213.33
   39092.223     0.996094       297864       256.00
   39124.991     0.996484       297983       284.44
   39157.759     0.996875       298106       320.00
   39190.527     0.997266       298223       365.71
   39256.063     0.997656       298413       426.67
   39288.831     0.998047       298507       512.00
   39288.831     0.998242       298507       568.89
   39321.599     0.998437       298589       640.00
   39354.367     0.998633       298660       731.43
   39387.135     0.998828       298707       853.33
   39419.903     0.999023       298747      1024.00
   39452.671     0.999121       298786      1137.78
   39485.439     0.999219       298824      1280.00
   39485.439     0.999316       298824      1462.86
   39518.207     0.999414       298852      1706.67
   39583.743     0.999512       298899      2048.00
   39583.743     0.999561       298899      2275.56
   39616.511     0.999609       298921      2560.00
   39616.511     0.999658       298921      2925.71
   39682.047     0.999707       298944      3413.33
   39714.815     0.999756       298954      4096.00
   39747.583     0.999780       298966      4551.11
   39747.583     0.999805       298966      5120.00
   39780.351     0.999829       298976      5851.43
   39813.119     0.999854       298982      6826.67
   39845.887     0.999878       298994      8192.00
   39845.887     0.999890       298994      9102.22
   39845.887     0.999902       298994     10240.00
   39878.655     0.999915       298999     11702.86
   39911.423     0.999927       299003     13653.33
   39944.191     0.999939       299008     16384.00
   39944.191     0.999945       299008     18204.44
   39976.959     0.999951       299012     20480.00
   39976.959     0.999957       299012     23405.71
   40009.727     0.999963       299015     27306.67
   40009.727     0.999969       299015     32768.00
   40009.727     0.999973       299015     36408.89
   40042.495     0.999976       299020     40960.00
   40042.495     0.999979       299020     46811.43
   40042.495     0.999982       299020     54613.33
   40042.495     0.999985       299020     65536.00
   40042.495     0.999986       299020     72817.78
   40042.495     0.999988       299020     81920.00
   40042.495     0.999989       299020     93622.86
   40075.263     0.999991       299022    109226.67
   40075.263     0.999992       299022    131072.00
   40075.263     0.999993       299022    145635.56
   40075.263     0.999994       299022    163840.00
   40075.263     0.999995       299022    187245.71
   40075.263     0.999995       299022    218453.33
   40075.263     0.999996       299022    262144.00
   40075.263     0.999997       299022    291271.11
   40108.031     0.999997       299023    327680.00
   40108.031     1.000000       299023          inf
#[Mean    =    22690.359, StdDeviation   =     9364.053]
#[Max     =    40075.264, Total count    =       299023]
#[Buckets =           27, SubBuckets     =         2048]
-----------------------------------------------------------------------
  358475 requests in 1.00m, 95.32MB read
Requests/sec:   5974.43  
Transfer/sec:      1.59MB
