Running 1m test @ http://10.10.1.2:5000
  4 threads and 128 connections

  Thread calibration: mean lat.: 0.799ms, rate sampling interval: 10ms
  Thread calibration: mean lat.: 0.791ms, rate sampling interval: 10ms
  Thread calibration: mean lat.: 0.797ms, rate sampling interval: 10ms
  Thread calibration: mean lat.: 0.795ms, rate sampling interval: 10ms

-----------------------------------------------------------------------
Test Results @ http://10.10.1.2:5000 
  Thread Stats   Avg      Stdev     99%   +/- Stdev
    Latency   801.07us  484.27us   2.62ms   86.47%
    Req/Sec     3.42k   642.15     5.00k    68.42%
  Latency Distribution (HdrHistogram - Recorded Latency)
 50.000%  623.00us
 75.000%    0.94ms
 90.000%    1.42ms
 99.000%    2.62ms
 99.900%    3.98ms
 99.990%    6.08ms
 99.999%    8.19ms
100.000%    9.13ms

  Detailed Percentile spectrum:
       Value   Percentile   TotalCount 1/(1-Percentile)

       0.212     0.000000            1         1.00
       0.427     0.100000        78729         1.11
       0.478     0.200000       156919         1.25
       0.522     0.300000       235499         1.43
       0.567     0.400000       311835         1.67
       0.623     0.500000       390744         2.00
       0.658     0.550000       428987         2.22
       0.703     0.600000       468057         2.50
       0.762     0.650000       506752         2.86
       0.843     0.700000       545900         3.33
       0.943     0.750000       584576         4.00
       1.001     0.775000       604135         4.44
       1.065     0.800000       623750         5.00
       1.136     0.825000       642972         5.71
       1.216     0.850000       662535         6.67
       1.306     0.875000       681913         8.00
       1.358     0.887500       691687         8.89
       1.416     0.900000       701456        10.00
       1.483     0.912500       711174        11.43
       1.561     0.925000       720948        13.33
       1.653     0.937500       730694        16.00
       1.706     0.943750       735498        17.78
       1.768     0.950000       740361        20.00
       1.838     0.956250       745256        22.86
       1.919     0.962500       750104        26.67
       2.015     0.968750       754991        32.00
       2.073     0.971875       757468        35.56
       2.133     0.975000       759846        40.00
       2.209     0.978125       762325        45.71
       2.297     0.981250       764744        53.33
       2.389     0.984375       767145        64.00
       2.445     0.985938       768358        71.11
       2.505     0.987500       769582        80.00
       2.575     0.989062       770804        91.43
       2.659     0.990625       772014       106.67
       2.761     0.992188       773252       128.00
       2.811     0.992969       773841       142.22
       2.875     0.993750       774456       160.00
       2.947     0.994531       775057       182.86
       3.033     0.995313       775666       213.33
       3.135     0.996094       776293       256.00
       3.191     0.996484       776579       284.44
       3.257     0.996875       776887       320.00
       3.335     0.997266       777190       365.71
       3.427     0.997656       777492       426.67
       3.535     0.998047       777798       512.00
       3.593     0.998242       777953       568.89
       3.661     0.998437       778102       640.00
       3.765     0.998633       778255       731.43
       3.867     0.998828       778407       853.33
       3.997     0.999023       778561      1024.00
       4.073     0.999121       778634      1137.78
       4.151     0.999219       778710      1280.00
       4.247     0.999316       778788      1462.86
       4.331     0.999414       778861      1706.67
       4.471     0.999512       778939      2048.00
       4.559     0.999561       778977      2275.56
       4.671     0.999609       779013      2560.00
       4.775     0.999658       779051      2925.71
       4.939     0.999707       779089      3413.33
       5.119     0.999756       779128      4096.00
       5.235     0.999780       779146      4551.11
       5.351     0.999805       779165      5120.00
       5.439     0.999829       779184      5851.43
       5.623     0.999854       779203      6826.67
       5.891     0.999878       779223      8192.00
       5.987     0.999890       779233      9102.22
       6.107     0.999902       779241     10240.00
       6.319     0.999915       779252     11702.86
       6.507     0.999927       779260     13653.33
       6.627     0.999939       779271     16384.00
       6.743     0.999945       779275     18204.44
       6.851     0.999951       779279     20480.00
       7.075     0.999957       779284     23405.71
       7.203     0.999963       779290     27306.67
       7.423     0.999969       779294     32768.00
       7.519     0.999973       779296     36408.89
       7.575     0.999976       779298     40960.00
       7.699     0.999979       779301     46811.43
       7.783     0.999982       779303     54613.33
       7.959     0.999985       779306     65536.00
       8.035     0.999986       779307     72817.78
       8.079     0.999988       779308     81920.00
       8.191     0.999989       779309     93622.86
       8.279     0.999991       779310    109226.67
       8.527     0.999992       779312    131072.00
       8.527     0.999993       779312    145635.56
       8.791     0.999994       779313    163840.00
       8.791     0.999995       779313    187245.71
       8.847     0.999995       779314    218453.33
       8.871     0.999996       779315    262144.00
       8.871     0.999997       779315    291271.11
       8.871     0.999997       779315    327680.00
       8.871     0.999997       779315    374491.43
       9.023     0.999998       779316    436906.67
       9.023     0.999998       779316    524288.00
       9.023     0.999998       779316    582542.22
       9.023     0.999998       779316    655360.00
       9.023     0.999999       779316    748982.86
       9.127     0.999999       779317    873813.33
       9.127     1.000000       779317          inf
#[Mean    =        0.801, StdDeviation   =        0.484]
#[Max     =        9.120, Total count    =       779317]
#[Buckets =           27, SubBuckets     =         2048]
-----------------------------------------------------------------------
  909633 requests in 1.17m, 184.78MB read
Requests/sec:  12994.99  
Transfer/sec:      2.64MB
