Running 1m test @ http://10.10.1.1:5000
  4 threads and 128 connections

  Thread calibration: mean lat.: 3750.478ms, rate sampling interval: 13631ms
  Thread calibration: mean lat.: 3637.081ms, rate sampling interval: 13295ms
  Thread calibration: mean lat.: 3422.774ms, rate sampling interval: 12181ms
  Thread calibration: mean lat.: 3590.554ms, rate sampling interval: 13123ms

-----------------------------------------------------------------------
Test Results @ http://10.10.1.1:5000 
  Thread Stats   Avg      Stdev     99%   +/- Stdev
    Latency    29.86s    13.01s    0.87m    57.69%
    Req/Sec   437.62      6.48   449.00     75.00%
  Latency Distribution (HdrHistogram - Recorded Latency)
 50.000%   29.93s 
 75.000%   41.16s 
 90.000%   47.81s 
 99.000%    0.87m 
 99.900%    0.89m 
 99.990%    0.90m 
 99.999%    0.91m 
100.000%    0.91m 

  Detailed Percentile spectrum:
       Value   Percentile   TotalCount 1/(1-Percentile)

    6213.631     0.000000            2         1.00
   11730.943     0.100000        10538         1.11
   16318.463     0.200000        21056         1.25
   20889.599     0.300000        31591         1.43
   25395.199     0.400000        42123         1.67
   29933.567     0.500000        52655         2.00
   32145.407     0.550000        57887         2.22
   34471.935     0.600000        63209         2.50
   36700.159     0.650000        68452         2.86
   38928.383     0.700000        73722         3.33
   41156.607     0.750000        78989         4.00
   42303.487     0.775000        81613         4.44
   43450.367     0.800000        84254         5.00
   44498.943     0.825000        86845         5.71
   45580.287     0.850000        89518         6.67
   46661.631     0.875000        92134         8.00
   47251.455     0.887500        93440         8.89
   47808.511     0.900000        94757        10.00
   48365.567     0.912500        96066        11.43
   48889.855     0.925000        97362        13.33
   49446.911     0.937500        98738        16.00
   49709.055     0.943750        99369        17.78
   50003.967     0.950000       100042        20.00
   50266.111     0.956250       100672        22.86
   50561.023     0.962500       101343        26.67
   50855.935     0.968750       101995        32.00
   50987.007     0.971875       102299        35.56
   51150.847     0.975000       102640        40.00
   51314.687     0.978125       102997        45.71
   51478.527     0.981250       103289        53.33
   51675.135     0.984375       103631        64.00
   51773.439     0.985938       103788        71.11
   51871.743     0.987500       103943        80.00
   51970.047     0.989062       104111        91.43
   52101.119     0.990625       104292       106.67
   52199.423     0.992188       104415       128.00
   52297.727     0.992969       104517       142.22
   52363.263     0.993750       104583       160.00
   52461.567     0.994531       104673       182.86
   52559.871     0.995313       104755       213.33
   52658.175     0.996094       104828       256.00
   52723.711     0.996484       104871       284.44
   52789.247     0.996875       104914       320.00
   52854.783     0.997266       104953       365.71
   52920.319     0.997656       105002       426.67
   52985.855     0.998047       105033       512.00
   53018.623     0.998242       105054       568.89
   53084.159     0.998437       105084       640.00
   53116.927     0.998633       105095       731.43
   53215.231     0.998828       105118       853.33
   53280.767     0.999023       105148      1024.00
   53280.767     0.999121       105148      1137.78
   53313.535     0.999219       105162      1280.00
   53346.303     0.999316       105170      1462.86
   53379.071     0.999414       105175      1706.67
   53444.607     0.999512       105188      2048.00
   53477.375     0.999561       105194      2275.56
   53510.143     0.999609       105196      2560.00
   53575.679     0.999658       105208      2925.71
   53575.679     0.999707       105208      3413.33
   53608.447     0.999756       105215      4096.00
   53608.447     0.999780       105215      4551.11
   53641.215     0.999805       105217      5120.00
   53706.751     0.999829       105221      5851.43
   53706.751     0.999854       105221      6826.67
   53805.055     0.999878       105224      8192.00
   53870.591     0.999890       105225      9102.22
   53903.359     0.999902       105229     10240.00
   53903.359     0.999915       105229     11702.86
   53903.359     0.999927       105229     13653.33
   53936.127     0.999939       105230     16384.00
   54034.431     0.999945       105231     18204.44
   54034.431     0.999951       105231     20480.00
   54067.199     0.999957       105232     23405.71
   54231.039     0.999963       105233     27306.67
   54231.039     0.999969       105233     32768.00
   54296.575     0.999973       105234     36408.89
   54296.575     0.999976       105234     40960.00
   54296.575     0.999979       105234     46811.43
   54329.343     0.999982       105236     54613.33
   54329.343     1.000000       105236          inf
#[Mean    =    29855.063, StdDeviation   =    13014.967]
#[Max     =    54296.576, Total count    =       105236]
#[Buckets =           27, SubBuckets     =         2048]
-----------------------------------------------------------------------
  122538 requests in 1.17m, 299.86MB read
Requests/sec:   1750.58  
Transfer/sec:      4.28MB
