Running 1m test @ http://10.10.1.2:5000
  4 threads and 128 connections

  Thread calibration: mean lat.: 0.911ms, rate sampling interval: 10ms
  Thread calibration: mean lat.: 0.906ms, rate sampling interval: 10ms
  Thread calibration: mean lat.: 0.919ms, rate sampling interval: 10ms
  Thread calibration: mean lat.: 0.903ms, rate sampling interval: 10ms

-----------------------------------------------------------------------
Test Results @ http://10.10.1.2:5000 
  Thread Stats   Avg      Stdev     99%   +/- Stdev
    Latency     0.92ms  530.97us   2.98ms   86.65%
    Req/Sec     2.38k   529.30     3.70k    70.55%
  Latency Distribution (HdrHistogram - Recorded Latency)
 50.000%  723.00us
 75.000%    1.03ms
 90.000%    1.60ms
 99.000%    2.98ms
 99.900%    4.41ms
 99.990%    5.60ms
 99.999%    7.16ms
100.000%    8.23ms

  Detailed Percentile spectrum:
       Value   Percentile   TotalCount 1/(1-Percentile)

       0.210     0.000000            1         1.00
       0.532     0.100000        54467         1.11
       0.587     0.200000       108209         1.25
       0.631     0.300000       162230         1.43
       0.675     0.400000       217239         1.67
       0.723     0.500000       270170         2.00
       0.753     0.550000       297594         2.22
       0.790     0.600000       324742         2.50
       0.839     0.650000       351608         2.86
       0.914     0.700000       378485         3.33
       1.030     0.750000       405329         4.00
       1.102     0.775000       418843         4.44
       1.182     0.800000       432359         5.00
       1.268     0.825000       445926         5.71
       1.362     0.850000       459322         6.67
       1.474     0.875000       472883         8.00
       1.537     0.887500       479599         8.89
       1.604     0.900000       486344        10.00
       1.681     0.912500       493082        11.43
       1.772     0.925000       499849        13.33
       1.876     0.937500       506605        16.00
       1.938     0.943750       509943        17.78
       2.010     0.950000       513355        20.00
       2.091     0.956250       516776        22.86
       2.183     0.962500       520082        26.67
       2.295     0.968750       523449        32.00
       2.361     0.971875       525159        35.56
       2.433     0.975000       526856        40.00
       2.513     0.978125       528531        45.71
       2.603     0.981250       530237        53.33
       2.711     0.984375       531907        64.00
       2.777     0.985938       532745        71.11
       2.849     0.987500       533585        80.00
       2.927     0.989062       534426        91.43
       3.023     0.990625       535282       106.67
       3.129     0.992188       536110       128.00
       3.193     0.992969       536538       142.22
       3.269     0.993750       536960       160.00
       3.357     0.994531       537388       182.86
       3.455     0.995313       537800       213.33
       3.567     0.996094       538224       256.00
       3.641     0.996484       538432       284.44
       3.723     0.996875       538643       320.00
       3.829     0.997266       538855       365.71
       3.931     0.997656       539065       426.67
       4.041     0.998047       539275       512.00
       4.095     0.998242       539383       568.89
       4.155     0.998437       539486       640.00
       4.239     0.998633       539595       731.43
       4.323     0.998828       539700       853.33
       4.423     0.999023       539803      1024.00
       4.483     0.999121       539859      1137.78
       4.535     0.999219       539913      1280.00
       4.595     0.999316       539963      1462.86
       4.687     0.999414       540015      1706.67
       4.779     0.999512       540069      2048.00
       4.839     0.999561       540093      2275.56
       4.891     0.999609       540119      2560.00
       4.999     0.999658       540146      2925.71
       5.095     0.999707       540172      3413.33
       5.195     0.999756       540199      4096.00
       5.271     0.999780       540213      4551.11
       5.335     0.999805       540225      5120.00
       5.387     0.999829       540239      5851.43
       5.435     0.999854       540251      6826.67
       5.527     0.999878       540265      8192.00
       5.563     0.999890       540271      9102.22
       5.635     0.999902       540278     10240.00
       5.675     0.999915       540284     11702.86
       5.775     0.999927       540291     13653.33
       5.891     0.999939       540298     16384.00
       5.919     0.999945       540301     18204.44
       5.939     0.999951       540304     20480.00
       6.063     0.999957       540307     23405.71
       6.183     0.999963       540311     27306.67
       6.227     0.999969       540314     32768.00
       6.315     0.999973       540316     36408.89
       6.535     0.999976       540317     40960.00
       6.551     0.999979       540319     46811.43
       6.643     0.999982       540321     54613.33
       6.675     0.999985       540322     65536.00
       6.767     0.999986       540323     72817.78
       6.919     0.999988       540324     81920.00
       7.155     0.999989       540325     93622.86
       7.211     0.999991       540326    109226.67
       7.211     0.999992       540326    131072.00
       7.415     0.999993       540327    145635.56
       7.415     0.999994       540327    163840.00
       7.563     0.999995       540328    187245.71
       7.563     0.999995       540328    218453.33
       7.563     0.999996       540328    262144.00
       7.751     0.999997       540329    291271.11
       7.751     0.999997       540329    327680.00
       7.751     0.999997       540329    374491.43
       7.751     0.999998       540329    436906.67
       7.751     0.999998       540329    524288.00
       8.231     0.999998       540330    582542.22
       8.231     1.000000       540330          inf
#[Mean    =        0.921, StdDeviation   =        0.531]
#[Max     =        8.224, Total count    =       540330]
#[Buckets =           27, SubBuckets     =         2048]
-----------------------------------------------------------------------
  628317 requests in 1.17m, 127.63MB read
Requests/sec:   8976.14  
Transfer/sec:      1.82MB
