Running 1m test @ http://10.10.1.1:5000
  4 threads and 128 connections

  Thread calibration: mean lat.: 392.420ms, rate sampling interval: 1636ms
  Thread calibration: mean lat.: 443.476ms, rate sampling interval: 1750ms
  Thread calibration: mean lat.: 381.215ms, rate sampling interval: 1564ms
  Thread calibration: mean lat.: 361.962ms, rate sampling interval: 1554ms

-----------------------------------------------------------------------
Test Results @ http://10.10.1.1:5000 
  Thread Stats   Avg      Stdev     99%   +/- Stdev
    Latency     3.38s     1.60s    6.61s    59.99%
    Req/Sec     2.98k    31.43     3.05k    73.97%
  Latency Distribution (HdrHistogram - Recorded Latency)
 50.000%    3.35s 
 75.000%    4.65s 
 90.000%    5.57s 
 99.000%    6.61s 
 99.900%    7.85s 
 99.990%    8.63s 
 99.999%    8.76s 
100.000%    8.77s 

  Detailed Percentile spectrum:
       Value   Percentile   TotalCount 1/(1-Percentile)

     162.175     0.000000            1         1.00
    1233.919     0.100000        71399         1.11
    1747.967     0.200000       142835         1.25
    2310.143     0.300000       214280         1.43
    2826.239     0.400000       285546         1.67
    3348.479     0.500000       357012         2.00
    3598.335     0.550000       392628         2.22
    3862.527     0.600000       428343         2.50
    4122.623     0.650000       464058         2.86
    4386.815     0.700000       499702         3.33
    4648.959     0.750000       535421         4.00
    4796.415     0.775000       553355         4.44
    4952.063     0.800000       571407         5.00
    5083.135     0.825000       589163         5.71
    5234.687     0.850000       606872         6.67
    5398.527     0.875000       624808         8.00
    5484.543     0.887500       633422         8.89
    5570.559     0.900000       642445        10.00
    5668.863     0.912500       651396        11.43
    5775.359     0.925000       660445        13.33
    5881.855     0.937500       669261        16.00
    5939.199     0.943750       673903        17.78
    5988.351     0.950000       678251        20.00
    6053.887     0.956250       682620        22.86
    6135.807     0.962500       687080        26.67
    6234.111     0.968750       691542        32.00
    6275.071     0.971875       693826        35.56
    6316.031     0.975000       695897        40.00
    6365.183     0.978125       698175        45.71
    6418.431     0.981250       700336        53.33
    6488.063     0.984375       702564        64.00
    6524.927     0.985938       703808        71.11
    6553.599     0.987500       704809        80.00
    6590.463     0.989062       706014        91.43
    6635.519     0.990625       707036       106.67
    6713.343     0.992188       708177       128.00
    6762.495     0.992969       708707       142.22
    6844.415     0.993750       709283       160.00
    6901.759     0.994531       709836       182.86
    6967.295     0.995313       710391       213.33
    7041.023     0.996094       710924       256.00
    7086.079     0.996484       711215       284.44
    7114.751     0.996875       711481       320.00
    7167.999     0.997266       711767       365.71
    7217.151     0.997656       712060       426.67
    7266.303     0.998047       712332       512.00
    7299.071     0.998242       712474       568.89
    7340.031     0.998437       712596       640.00
    7393.279     0.998633       712737       731.43
    7548.927     0.998828       712876       853.33
    7884.799     0.999023       713019      1024.00
    7946.239     0.999121       713089      1137.78
    8011.775     0.999219       713163      1280.00
    8056.831     0.999316       713229      1462.86
    8089.599     0.999414       713298      1706.67
    8151.039     0.999512       713365      2048.00
    8204.287     0.999561       713402      2275.56
    8273.919     0.999609       713434      2560.00
    8335.359     0.999658       713474      2925.71
    8396.799     0.999707       713502      3413.33
    8486.911     0.999756       713537      4096.00
    8511.487     0.999780       713564      4551.11
    8527.871     0.999805       713572      5120.00
    8544.255     0.999829       713592      5851.43
    8560.639     0.999854       713610      6826.67
    8577.023     0.999878       713624      8192.00
    8617.983     0.999890       713636      9102.22
    8642.559     0.999902       713642     10240.00
    8683.519     0.999915       713652     11702.86
    8699.903     0.999927       713669     13653.33
    8699.903     0.999939       713669     16384.00
    8708.095     0.999945       713678     18204.44
    8708.095     0.999951       713678     20480.00
    8716.287     0.999957       713684     23405.71
    8724.479     0.999963       713691     27306.67
    8724.479     0.999969       713691     32768.00
    8740.863     0.999973       713697     36408.89
    8740.863     0.999976       713697     40960.00
    8740.863     0.999979       713697     46811.43
    8749.055     0.999982       713701     54613.33
    8749.055     0.999985       713701     65536.00
    8757.247     0.999986       713709     72817.78
    8757.247     0.999988       713709     81920.00
    8757.247     0.999989       713709     93622.86
    8757.247     0.999991       713709    109226.67
    8757.247     0.999992       713709    131072.00
    8757.247     0.999993       713709    145635.56
    8757.247     0.999994       713709    163840.00
    8757.247     0.999995       713709    187245.71
    8757.247     0.999995       713709    218453.33
    8757.247     0.999996       713709    262144.00
    8757.247     0.999997       713709    291271.11
    8757.247     0.999997       713709    327680.00
    8765.439     0.999997       713711    374491.43
    8765.439     1.000000       713711          inf
#[Mean    =     3382.448, StdDeviation   =     1601.939]
#[Max     =     8757.248, Total count    =       713711]
#[Buckets =           27, SubBuckets     =         2048]
-----------------------------------------------------------------------
  830240 requests in 1.17m, 223.22MB read
Requests/sec:  11860.80  
Transfer/sec:      3.19MB
