Running 1m test @ http://10.10.1.1:5000
  4 threads and 128 connections

  Thread calibration: mean lat.: 5.729ms, rate sampling interval: 19ms
  Thread calibration: mean lat.: 5.699ms, rate sampling interval: 19ms
  Thread calibration: mean lat.: 5.602ms, rate sampling interval: 18ms
  Thread calibration: mean lat.: 5.666ms, rate sampling interval: 19ms

-----------------------------------------------------------------------
Test Results @ http://10.10.1.1:5000 
  Thread Stats   Avg      Stdev     99%   +/- Stdev
    Latency     5.46ms    2.95ms  16.35ms   81.98%
    Req/Sec     2.32k   395.69     3.28k    68.07%
  Latency Distribution (HdrHistogram - Recorded Latency)
 50.000%    4.67ms
 75.000%    6.47ms
 90.000%    9.09ms
 99.000%   16.35ms
 99.900%   25.06ms
 99.990%   34.75ms
 99.999%   41.09ms
100.000%   44.45ms

  Detailed Percentile spectrum:
       Value   Percentile   TotalCount 1/(1-Percentile)

       1.302     0.000000            1         1.00
       2.817     0.100000        45012         1.11
       3.317     0.200000        90038         1.25
       3.757     0.300000       135225         1.43
       4.195     0.400000       180376         1.67
       4.667     0.500000       225307         2.00
       4.935     0.550000       247565         2.22
       5.243     0.600000       270332         2.50
       5.583     0.650000       292651         2.86
       5.983     0.700000       315121         3.33
       6.475     0.750000       337641         4.00
       6.767     0.775000       348872         4.44
       7.095     0.800000       360110         5.00
       7.471     0.825000       371423         5.71
       7.911     0.850000       382633         6.67
       8.439     0.875000       393988         8.00
       8.735     0.887500       399550         8.89
       9.087     0.900000       405166        10.00
       9.479     0.912500       410787        11.43
       9.935     0.925000       416363        13.33
      10.471     0.937500       421984        16.00
      10.807     0.943750       424858        17.78
      11.151     0.950000       427621        20.00
      11.551     0.956250       430424        22.86
      12.047     0.962500       433244        26.67
      12.615     0.968750       436060        32.00
      12.935     0.971875       437453        35.56
      13.295     0.975000       438857        40.00
      13.751     0.978125       440264        45.71
      14.247     0.981250       441670        53.33
      14.823     0.984375       443079        64.00
      15.191     0.985938       443787        71.11
      15.575     0.987500       444493        80.00
      16.031     0.989062       445192        91.43
      16.575     0.990625       445902       106.67
      17.199     0.992188       446593       128.00
      17.599     0.992969       446957       142.22
      18.047     0.993750       447301       160.00
      18.591     0.994531       447653       182.86
      19.151     0.995313       448000       213.33
      19.775     0.996094       448351       256.00
      20.175     0.996484       448529       284.44
      20.591     0.996875       448707       320.00
      21.087     0.997266       448879       365.71
      21.599     0.997656       449056       426.67
      22.271     0.998047       449231       512.00
      22.751     0.998242       449321       568.89
      23.167     0.998437       449406       640.00
      23.743     0.998633       449494       731.43
      24.399     0.998828       449585       853.33
      25.151     0.999023       449670      1024.00
      25.615     0.999121       449714      1137.78
      26.063     0.999219       449758      1280.00
      26.527     0.999316       449802      1462.86
      27.071     0.999414       449846      1706.67
      27.871     0.999512       449890      2048.00
      28.319     0.999561       449914      2275.56
      28.799     0.999609       449934      2560.00
      29.375     0.999658       449956      2925.71
      30.015     0.999707       449978      3413.33
      30.463     0.999756       450000      4096.00
      31.199     0.999780       450012      4551.11
      31.583     0.999805       450022      5120.00
      32.223     0.999829       450034      5851.43
      33.055     0.999854       450044      6826.67
      33.599     0.999878       450055      8192.00
      34.271     0.999890       450060      9102.22
      34.847     0.999902       450066     10240.00
      35.583     0.999915       450071     11702.86
      36.383     0.999927       450077     13653.33
      36.863     0.999939       450082     16384.00
      37.119     0.999945       450085     18204.44
      37.791     0.999951       450088     20480.00
      37.919     0.999957       450090     23405.71
      38.527     0.999963       450093     27306.67
      38.911     0.999969       450096     32768.00
      39.455     0.999973       450097     36408.89
      39.903     0.999976       450099     40960.00
      39.999     0.999979       450100     46811.43
      40.255     0.999982       450101     54613.33
      40.511     0.999985       450103     65536.00
      40.511     0.999986       450103     72817.78
      41.087     0.999988       450104     81920.00
      41.407     0.999989       450105     93622.86
      41.407     0.999991       450105    109226.67
      41.503     0.999992       450106    131072.00
      41.503     0.999993       450106    145635.56
      41.823     0.999994       450107    163840.00
      41.823     0.999995       450107    187245.71
      41.823     0.999995       450107    218453.33
      44.255     0.999996       450108    262144.00
      44.255     0.999997       450108    291271.11
      44.255     0.999997       450108    327680.00
      44.255     0.999997       450108    374491.43
      44.255     0.999998       450108    436906.67
      44.447     0.999998       450109    524288.00
      44.447     1.000000       450109          inf
#[Mean    =        5.464, StdDeviation   =        2.951]
#[Max     =       44.416, Total count    =       450109]
#[Buckets =           27, SubBuckets     =         2048]
-----------------------------------------------------------------------
  538075 requests in 1.00m, 143.64MB read
Requests/sec:   8968.18  
Transfer/sec:      2.39MB
