Running 1m test @ http://10.10.1.1:5000
  4 threads and 128 connections

  Thread calibration: mean lat.: 3.613ms, rate sampling interval: 10ms
  Thread calibration: mean lat.: 3.628ms, rate sampling interval: 10ms
  Thread calibration: mean lat.: 3.645ms, rate sampling interval: 10ms
  Thread calibration: mean lat.: 3.631ms, rate sampling interval: 10ms

-----------------------------------------------------------------------
Test Results @ http://10.10.1.1:5000 
  Thread Stats   Avg      Stdev     99%   +/- Stdev
    Latency     3.70ms  815.12us   6.53ms   77.29%
    Req/Sec   262.63    166.16   700.00     74.87%
  Latency Distribution (HdrHistogram - Recorded Latency)
 50.000%    3.56ms
 75.000%    4.04ms
 90.000%    4.71ms
 99.000%    6.53ms
 99.900%    8.38ms
 99.990%   10.53ms
 99.999%   12.41ms
100.000%   12.41ms

  Detailed Percentile spectrum:
       Value   Percentile   TotalCount 1/(1-Percentile)

       2.008     0.000000            1         1.00
       2.879     0.100000         5015         1.11
       3.047     0.200000        10009         1.25
       3.199     0.300000        14977         1.43
       3.369     0.400000        19956         1.67
       3.557     0.500000        24954         2.00
       3.649     0.550000        27457         2.22
       3.737     0.600000        29910         2.50
       3.829     0.650000        32444         2.86
       3.927     0.700000        34916         3.33
       4.039     0.750000        37413         4.00
       4.103     0.775000        38649         4.44
       4.183     0.800000        39934         5.00
       4.271     0.825000        41168         5.71
       4.383     0.850000        42414         6.67
       4.519     0.875000        43625         8.00
       4.607     0.887500        44260         8.89
       4.707     0.900000        44879        10.00
       4.823     0.912500        45503        11.43
       4.947     0.925000        46116        13.33
       5.103     0.937500        46751        16.00
       5.183     0.943750        47049        17.78
       5.275     0.950000        47361        20.00
       5.379     0.956250        47677        22.86
       5.483     0.962500        47982        26.67
       5.615     0.968750        48298        32.00
       5.679     0.971875        48451        35.56
       5.775     0.975000        48608        40.00
       5.887     0.978125        48767        45.71
       6.015     0.981250        48921        53.33
       6.147     0.984375        49073        64.00
       6.239     0.985938        49149        71.11
       6.323     0.987500        49227        80.00
       6.451     0.989062        49305        91.43
       6.583     0.990625        49383       106.67
       6.763     0.992188        49461       128.00
       6.847     0.992969        49500       142.22
       6.923     0.993750        49541       160.00
       7.051     0.994531        49578       182.86
       7.211     0.995313        49617       213.33
       7.315     0.996094        49657       256.00
       7.419     0.996484        49676       284.44
       7.511     0.996875        49697       320.00
       7.607     0.997266        49715       365.71
       7.731     0.997656        49734       426.67
       7.803     0.998047        49753       512.00
       7.939     0.998242        49763       568.89
       8.075     0.998437        49773       640.00
       8.143     0.998633        49783       731.43
       8.295     0.998828        49793       853.33
       8.431     0.999023        49803      1024.00
       8.479     0.999121        49807      1137.78
       8.551     0.999219        49812      1280.00
       8.599     0.999316        49816      1462.86
       8.719     0.999414        49821      1706.67
       8.991     0.999512        49826      2048.00
       9.271     0.999561        49830      2275.56
       9.295     0.999609        49831      2560.00
       9.359     0.999658        49833      2925.71
       9.495     0.999707        49836      3413.33
       9.679     0.999756        49838      4096.00
       9.719     0.999780        49840      4551.11
      10.015     0.999805        49841      5120.00
      10.087     0.999829        49842      5851.43
      10.407     0.999854        49843      6826.67
      10.471     0.999878        49844      8192.00
      10.535     0.999890        49846      9102.22
      10.535     0.999902        49846     10240.00
      10.535     0.999915        49846     11702.86
      10.583     0.999927        49847     13653.33
      10.583     0.999939        49847     16384.00
      11.039     0.999945        49848     18204.44
      11.039     0.999951        49848     20480.00
      11.039     0.999957        49848     23405.71
      11.239     0.999963        49849     27306.67
      11.239     0.999969        49849     32768.00
      11.239     0.999973        49849     36408.89
      11.239     0.999976        49849     40960.00
      11.239     0.999979        49849     46811.43
      12.415     0.999982        49850     54613.33
      12.415     1.000000        49850          inf
#[Mean    =        3.698, StdDeviation   =        0.815]
#[Max     =       12.408, Total count    =        49850]
#[Buckets =           27, SubBuckets     =         2048]
-----------------------------------------------------------------------
  59535 requests in 1.00m, 15.61MB read
Requests/sec:    992.20  
Transfer/sec:    266.46KB
