Running 1m test @ http://10.10.1.2:5000
  4 threads and 128 connections

  Thread calibration: mean lat.: 1.632ms, rate sampling interval: 10ms
  Thread calibration: mean lat.: 1.655ms, rate sampling interval: 10ms
  Thread calibration: mean lat.: 1.668ms, rate sampling interval: 10ms
  Thread calibration: mean lat.: 1.651ms, rate sampling interval: 10ms

-----------------------------------------------------------------------
Test Results @ http://10.10.1.2:5000 
  Thread Stats   Avg      Stdev     99%   +/- Stdev
    Latency     1.69ms  440.75us   3.63ms   89.38%
    Req/Sec   264.21    165.92   700.00     75.15%
  Latency Distribution (HdrHistogram - Recorded Latency)
 50.000%    1.59ms
 75.000%    1.74ms
 90.000%    2.01ms
 99.000%    3.63ms
 99.900%    4.74ms
 99.990%    5.69ms
 99.999%    5.90ms
100.000%    6.73ms

  Detailed Percentile spectrum:
       Value   Percentile   TotalCount 1/(1-Percentile)

       0.828     0.000000            1         1.00
       1.361     0.100000         6045         1.11
       1.438     0.200000        12096         1.25
       1.495     0.300000        18142         1.43
       1.545     0.400000        24075         1.67
       1.594     0.500000        30089         2.00
       1.619     0.550000        33072         2.22
       1.646     0.600000        36167         2.50
       1.674     0.650000        39115         2.86
       1.706     0.700000        42158         3.33
       1.742     0.750000        45140         4.00
       1.764     0.775000        46635         4.44
       1.788     0.800000        48111         5.00
       1.819     0.825000        49644         5.71
       1.857     0.850000        51114         6.67
       1.911     0.875000        52615         8.00
       1.952     0.887500        53360         8.89
       2.011     0.900000        54110        10.00
       2.131     0.912500        54863        11.43
       2.319     0.925000        55614        13.33
       2.509     0.937500        56372        16.00
       2.593     0.943750        56744        17.78
       2.667     0.950000        57122        20.00
       2.755     0.956250        57497        22.86
       2.839     0.962500        57875        26.67
       2.943     0.968750        58244        32.00
       3.007     0.971875        58431        35.56
       3.077     0.975000        58623        40.00
       3.149     0.978125        58810        45.71
       3.237     0.981250        58995        53.33
       3.345     0.984375        59183        64.00
       3.405     0.985938        59276        71.11
       3.479     0.987500        59372        80.00
       3.577     0.989062        59463        91.43
       3.659     0.990625        59559       106.67
       3.757     0.992188        59651       128.00
       3.819     0.992969        59700       142.22
       3.859     0.993750        59745       160.00
       3.935     0.994531        59793       182.86
       4.009     0.995313        59839       213.33
       4.093     0.996094        59888       256.00
       4.123     0.996484        59909       284.44
       4.167     0.996875        59934       320.00
       4.231     0.997266        59956       365.71
       4.295     0.997656        59980       426.67
       4.375     0.998047        60004       512.00
       4.435     0.998242        60016       568.89
       4.503     0.998437        60029       640.00
       4.607     0.998633        60038       731.43
       4.679     0.998828        60050       853.33
       4.751     0.999023        60062      1024.00
       4.847     0.999121        60068      1137.78
       4.907     0.999219        60074      1280.00
       4.943     0.999316        60079      1462.86
       5.043     0.999414        60085      1706.67
       5.175     0.999512        60091      2048.00
       5.239     0.999561        60094      2275.56
       5.271     0.999609        60097      2560.00
       5.323     0.999658        60100      2925.71
       5.347     0.999707        60103      3413.33
       5.459     0.999756        60107      4096.00
       5.459     0.999780        60107      4551.11
       5.491     0.999805        60109      5120.00
       5.523     0.999829        60110      5851.43
       5.603     0.999854        60112      6826.67
       5.615     0.999878        60113      8192.00
       5.691     0.999890        60114      9102.22
       5.699     0.999902        60115     10240.00
       5.699     0.999915        60115     11702.86
       5.711     0.999927        60116     13653.33
       5.795     0.999939        60117     16384.00
       5.795     0.999945        60117     18204.44
       5.819     0.999951        60118     20480.00
       5.819     0.999957        60118     23405.71
       5.819     0.999963        60118     27306.67
       5.903     0.999969        60119     32768.00
       5.903     0.999973        60119     36408.89
       5.903     0.999976        60119     40960.00
       5.903     0.999979        60119     46811.43
       5.903     0.999982        60119     54613.33
       6.731     0.999985        60120     65536.00
       6.731     1.000000        60120          inf
#[Mean    =        1.694, StdDeviation   =        0.441]
#[Max     =        6.728, Total count    =        60120]
#[Buckets =           27, SubBuckets     =         2048]
-----------------------------------------------------------------------
  69806 requests in 1.17m, 39.15MB read
Requests/sec:    997.13  
Transfer/sec:    572.61KB
