Running 1m test @ http://10.10.1.2:5000
  4 threads and 128 connections

  Thread calibration: mean lat.: 7.207ms, rate sampling interval: 28ms
  Thread calibration: mean lat.: 7.310ms, rate sampling interval: 29ms
  Thread calibration: mean lat.: 7.495ms, rate sampling interval: 29ms
  Thread calibration: mean lat.: 7.156ms, rate sampling interval: 28ms

-----------------------------------------------------------------------
Test Results @ http://10.10.1.2:5000 
  Thread Stats   Avg      Stdev     99%   +/- Stdev
    Latency     7.08ms    5.47ms  21.73ms   79.14%
    Req/Sec   254.77     95.55   500.00     67.37%
  Latency Distribution (HdrHistogram - Recorded Latency)
 50.000%    6.79ms
 75.000%   10.83ms
 90.000%   14.59ms
 99.000%   21.73ms
 99.900%   29.41ms
 99.990%   38.40ms
 99.999%   42.08ms
100.000%   42.91ms

  Detailed Percentile spectrum:
       Value   Percentile   TotalCount 1/(1-Percentile)

       1.251     0.000000            1         1.00
       1.732     0.100000         6033         1.11
       1.946     0.200000        12040         1.25
       2.227     0.300000        18045         1.43
       2.681     0.400000        24062         1.67
       6.791     0.500000        30065         2.00
       7.799     0.550000        33077         2.22
       8.527     0.600000        36077         2.50
       9.247     0.650000        39093         2.86
       9.983     0.700000        42108         3.33
      10.831     0.750000        45116         4.00
      11.295     0.775000        46622         4.44
      11.807     0.800000        48109         5.00
      12.375     0.825000        49612         5.71
      13.007     0.850000        51114         6.67
      13.727     0.875000        52613         8.00
      14.159     0.887500        53367         8.89
      14.591     0.900000        54117        10.00
      15.087     0.912500        54871        11.43
      15.671     0.925000        55622        13.33
      16.271     0.937500        56375        16.00
      16.655     0.943750        56755        17.78
      17.039     0.950000        57122        20.00
      17.503     0.956250        57501        22.86
      17.951     0.962500        57877        26.67
      18.495     0.968750        58255        32.00
      18.799     0.971875        58440        35.56
      19.183     0.975000        58627        40.00
      19.551     0.978125        58819        45.71
      19.951     0.981250        59004        53.33
      20.511     0.984375        59192        64.00
      20.847     0.985938        59281        71.11
      21.151     0.987500        59378        80.00
      21.535     0.989062        59471        91.43
      21.903     0.990625        59567       106.67
      22.511     0.992188        59659       128.00
      22.847     0.992969        59704       142.22
      23.215     0.993750        59751       160.00
      23.727     0.994531        59800       182.86
      24.223     0.995313        59848       213.33
      24.735     0.996094        59892       256.00
      25.055     0.996484        59915       284.44
      25.359     0.996875        59940       320.00
      25.823     0.997266        59964       365.71
      26.239     0.997656        59986       426.67
      26.895     0.998047        60010       512.00
      27.295     0.998242        60022       568.89
      27.775     0.998437        60033       640.00
      28.111     0.998633        60044       731.43
      29.055     0.998828        60056       853.33
      29.455     0.999023        60068      1024.00
      30.191     0.999121        60074      1137.78
      30.431     0.999219        60080      1280.00
      31.295     0.999316        60085      1462.86
      31.855     0.999414        60091      1706.67
      32.799     0.999512        60098      2048.00
      33.119     0.999561        60100      2275.56
      33.439     0.999609        60103      2560.00
      34.239     0.999658        60107      2925.71
      34.751     0.999707        60109      3413.33
      35.615     0.999756        60112      4096.00
      35.775     0.999780        60114      4551.11
      36.351     0.999805        60115      5120.00
      37.151     0.999829        60116      5851.43
      37.631     0.999854        60118      6826.67
      37.663     0.999878        60119      8192.00
      38.399     0.999890        60120      9102.22
      38.783     0.999902        60121     10240.00
      38.783     0.999915        60121     11702.86
      40.415     0.999927        60122     13653.33
      40.447     0.999939        60123     16384.00
      40.447     0.999945        60123     18204.44
      41.535     0.999951        60124     20480.00
      41.535     0.999957        60124     23405.71
      41.535     0.999963        60124     27306.67
      42.079     0.999969        60125     32768.00
      42.079     0.999973        60125     36408.89
      42.079     0.999976        60125     40960.00
      42.079     0.999979        60125     46811.43
      42.079     0.999982        60125     54613.33
      42.911     0.999985        60126     65536.00
      42.911     1.000000        60126          inf
#[Mean    =        7.080, StdDeviation   =        5.467]
#[Max     =       42.880, Total count    =        60126]
#[Buckets =           27, SubBuckets     =         2048]
-----------------------------------------------------------------------
  70055 requests in 1.17m, 170.45MB read
Requests/sec:   1000.74  
Transfer/sec:      2.43MB
