Running 1m test @ http://10.10.1.1:5000
  4 threads and 128 connections

  Thread calibration: mean lat.: 2.079ms, rate sampling interval: 10ms
  Thread calibration: mean lat.: 2.063ms, rate sampling interval: 10ms
  Thread calibration: mean lat.: 2.094ms, rate sampling interval: 10ms
  Thread calibration: mean lat.: 2.102ms, rate sampling interval: 10ms

-----------------------------------------------------------------------
Test Results @ http://10.10.1.1:5000 
  Thread Stats   Avg      Stdev     99%   +/- Stdev
    Latency     1.97ms  528.50us   3.87ms   78.46%
    Req/Sec   791.68    292.66     1.55k    68.38%
  Latency Distribution (HdrHistogram - Recorded Latency)
 50.000%    1.85ms
 75.000%    2.16ms
 90.000%    2.63ms
 99.000%    3.87ms
 99.900%    5.22ms
 99.990%    6.84ms
 99.999%    8.15ms
100.000%    9.98ms

  Detailed Percentile spectrum:
       Value   Percentile   TotalCount 1/(1-Percentile)

       1.130     0.000000            1         1.00
       1.457     0.100000        18024         1.11
       1.562     0.200000        36071         1.25
       1.664     0.300000        54060         1.43
       1.763     0.400000        72101         1.67
       1.853     0.500000        90168         2.00
       1.899     0.550000        99279         2.22
       1.948     0.600000       108111         2.50
       2.005     0.650000       117180         2.86
       2.075     0.700000       126347         3.33
       2.161     0.750000       135240         4.00
       2.215     0.775000       139742         4.44
       2.277     0.800000       144275         5.00
       2.347     0.825000       148717         5.71
       2.429     0.850000       153245         6.67
       2.523     0.875000       157735         8.00
       2.575     0.887500       159944         8.89
       2.635     0.900000       162208        10.00
       2.701     0.912500       164474        11.43
       2.775     0.925000       166679        13.33
       2.869     0.937500       168957        16.00
       2.921     0.943750       170053        17.78
       2.983     0.950000       171201        20.00
       3.051     0.956250       172305        22.86
       3.129     0.962500       173429        26.67
       3.227     0.968750       174558        32.00
       3.279     0.971875       175127        35.56
       3.347     0.975000       175683        40.00
       3.425     0.978125       176244        45.71
       3.515     0.981250       176811        53.33
       3.625     0.984375       177370        64.00
       3.685     0.985938       177652        71.11
       3.749     0.987500       177937        80.00
       3.823     0.989062       178216        91.43
       3.907     0.990625       178497       106.67
       4.011     0.992188       178778       128.00
       4.073     0.992969       178918       142.22
       4.147     0.993750       179062       160.00
       4.219     0.994531       179201       182.86
       4.315     0.995313       179345       213.33
       4.407     0.996094       179482       256.00
       4.471     0.996484       179552       284.44
       4.535     0.996875       179622       320.00
       4.607     0.997266       179695       365.71
       4.699     0.997656       179764       426.67
       4.815     0.998047       179834       512.00
       4.891     0.998242       179870       568.89
       4.979     0.998437       179903       640.00
       5.055     0.998633       179938       731.43
       5.131     0.998828       179974       853.33
       5.239     0.999023       180009      1024.00
       5.331     0.999121       180026      1137.78
       5.431     0.999219       180044      1280.00
       5.519     0.999316       180061      1462.86
       5.583     0.999414       180079      1706.67
       5.691     0.999512       180097      2048.00
       5.751     0.999561       180105      2275.56
       5.795     0.999609       180114      2560.00
       5.907     0.999658       180123      2925.71
       6.019     0.999707       180132      3413.33
       6.135     0.999756       180141      4096.00
       6.215     0.999780       180145      4551.11
       6.271     0.999805       180149      5120.00
       6.355     0.999829       180154      5851.43
       6.459     0.999854       180158      6826.67
       6.699     0.999878       180163      8192.00
       6.799     0.999890       180165      9102.22
       6.959     0.999902       180167     10240.00
       7.035     0.999915       180169     11702.86
       7.163     0.999927       180171     13653.33
       7.487     0.999939       180174     16384.00
       7.511     0.999945       180175     18204.44
       7.623     0.999951       180176     20480.00
       7.631     0.999957       180177     23405.71
       7.747     0.999963       180178     27306.67
       7.767     0.999969       180179     32768.00
       7.855     0.999973       180180     36408.89
       7.855     0.999976       180180     40960.00
       7.863     0.999979       180181     46811.43
       7.863     0.999982       180181     54613.33
       8.155     0.999985       180182     65536.00
       8.155     0.999986       180182     72817.78
       8.155     0.999988       180182     81920.00
       8.991     0.999989       180183     93622.86
       8.991     0.999991       180183    109226.67
       8.991     0.999992       180183    131072.00
       8.991     0.999993       180183    145635.56
       8.991     0.999994       180183    163840.00
       9.975     0.999995       180184    187245.71
       9.975     1.000000       180184          inf
#[Mean    =        1.970, StdDeviation   =        0.528]
#[Max     =        9.968, Total count    =       180184]
#[Buckets =           27, SubBuckets     =         2048]
-----------------------------------------------------------------------
  210188 requests in 1.17m, 57.24MB read
Requests/sec:   3002.68  
Transfer/sec:    837.31KB
