Running 1m test @ http://10.10.1.1:5000
  4 threads and 128 connections

  Thread calibration: mean lat.: 20.142ms, rate sampling interval: 84ms
  Thread calibration: mean lat.: 19.225ms, rate sampling interval: 78ms
  Thread calibration: mean lat.: 20.885ms, rate sampling interval: 84ms
  Thread calibration: mean lat.: 18.951ms, rate sampling interval: 77ms

-----------------------------------------------------------------------
Test Results @ http://10.10.1.1:5000 
  Thread Stats   Avg      Stdev     99%   +/- Stdev
    Latency    20.39ms   16.42ms  81.66ms   86.19%
    Req/Sec     2.77k   191.53     3.20k    69.43%
  Latency Distribution (HdrHistogram - Recorded Latency)
 50.000%   15.10ms
 75.000%   25.95ms
 90.000%   41.41ms
 99.000%   81.66ms
 99.900%  120.45ms
 99.990%  151.68ms
 99.999%  171.52ms
100.000%  181.38ms

  Detailed Percentile spectrum:
       Value   Percentile   TotalCount 1/(1-Percentile)

       1.496     0.000000            1         1.00
       6.575     0.100000        55077         1.11
       8.295     0.200000       110138         1.25
      10.127     0.300000       165096         1.43
      12.359     0.400000       220142         1.67
      15.103     0.500000       275122         2.00
      16.703     0.550000       302560         2.22
      18.511     0.600000       330228         2.50
      20.575     0.650000       357549         2.86
      23.007     0.700000       385070         3.33
      25.951     0.750000       412589         4.00
      27.679     0.775000       426372         4.44
      29.599     0.800000       440089         5.00
      31.839     0.825000       453825         5.71
      34.463     0.850000       467596         6.67
      37.567     0.875000       481362         8.00
      39.391     0.887500       488200         8.89
      41.407     0.900000       495082        10.00
      43.711     0.912500       501957        11.43
      46.431     0.925000       508834        13.33
      49.631     0.937500       515657        16.00
      51.519     0.943750       519079        17.78
      53.535     0.950000       522539        20.00
      55.903     0.956250       525979        22.86
      58.559     0.962500       529403        26.67
      61.823     0.968750       532849        32.00
      63.679     0.971875       534567        35.56
      65.727     0.975000       536279        40.00
      68.223     0.978125       537989        45.71
      70.975     0.981250       539734        53.33
      74.111     0.984375       541429        64.00
      75.839     0.985938       542279        71.11
      77.887     0.987500       543150        80.00
      80.063     0.989062       543998        91.43
      82.751     0.990625       544863       106.67
      85.695     0.992188       545727       128.00
      87.615     0.992969       546153       142.22
      89.471     0.993750       546586       160.00
      91.839     0.994531       547010       182.86
      94.655     0.995313       547445       213.33
      97.919     0.996094       547865       256.00
      99.839     0.996484       548090       284.44
     101.759     0.996875       548296       320.00
     104.255     0.997266       548510       365.71
     106.815     0.997656       548724       426.67
     110.015     0.998047       548939       512.00
     111.935     0.998242       549050       568.89
     113.727     0.998437       549154       640.00
     115.711     0.998633       549262       731.43
     118.079     0.998828       549369       853.33
     120.703     0.999023       549476      1024.00
     122.367     0.999121       549530      1137.78
     124.031     0.999219       549584      1280.00
     126.591     0.999316       549640      1462.86
     129.087     0.999414       549691      1706.67
     132.607     0.999512       549746      2048.00
     134.015     0.999561       549772      2275.56
     135.935     0.999609       549800      2560.00
     137.727     0.999658       549826      2925.71
     139.903     0.999707       549852      3413.33
     142.847     0.999756       549883      4096.00
     143.871     0.999780       549893      4551.11
     145.663     0.999805       549908      5120.00
     147.199     0.999829       549921      5851.43
     148.095     0.999854       549933      6826.67
     149.375     0.999878       549946      8192.00
     150.527     0.999890       549953      9102.22
     151.679     0.999902       549961     10240.00
     153.343     0.999915       549967     11702.86
     156.287     0.999927       549975     13653.33
     157.567     0.999939       549980     16384.00
     158.207     0.999945       549983     18204.44
     160.511     0.999951       549987     20480.00
     161.535     0.999957       549990     23405.71
     162.815     0.999963       549995     27306.67
     163.071     0.999969       549997     32768.00
     163.583     0.999973       549998     36408.89
     164.607     0.999976       550000     40960.00
     167.807     0.999979       550002     46811.43
     169.215     0.999982       550003     54613.33
     169.727     0.999985       550005     65536.00
     170.495     0.999986       550006     72817.78
     171.519     0.999988       550007     81920.00
     172.159     0.999989       550008     93622.86
     172.159     0.999991       550008    109226.67
     172.799     0.999992       550009    131072.00
     175.103     0.999993       550010    145635.56
     175.103     0.999994       550010    163840.00
     179.583     0.999995       550011    187245.71
     179.583     0.999995       550011    218453.33
     179.583     0.999996       550011    262144.00
     180.863     0.999997       550012    291271.11
     180.863     0.999997       550012    327680.00
     180.863     0.999997       550012    374491.43
     180.863     0.999998       550012    436906.67
     180.863     0.999998       550012    524288.00
     181.375     0.999998       550013    582542.22
     181.375     1.000000       550013          inf
#[Mean    =       20.395, StdDeviation   =       16.418]
#[Max     =      181.248, Total count    =       550013]
#[Buckets =           27, SubBuckets     =         2048]
-----------------------------------------------------------------------
  657489 requests in 1.00m, 172.57MB read
Requests/sec:  10958.08  
Transfer/sec:      2.88MB
