Running 1m test @ http://10.10.1.1:5000
  4 threads and 128 connections

  Thread calibration: mean lat.: 3.272ms, rate sampling interval: 10ms
  Thread calibration: mean lat.: 3.184ms, rate sampling interval: 10ms
  Thread calibration: mean lat.: 3.285ms, rate sampling interval: 10ms
  Thread calibration: mean lat.: 3.274ms, rate sampling interval: 10ms

-----------------------------------------------------------------------
Test Results @ http://10.10.1.1:5000 
  Thread Stats   Avg      Stdev     99%   +/- Stdev
    Latency     3.20ms    1.31ms   7.87ms   78.60%
    Req/Sec     1.85k   473.48     3.00k    68.37%
  Latency Distribution (HdrHistogram - Recorded Latency)
 50.000%    2.90ms
 75.000%    3.72ms
 90.000%    4.83ms
 99.000%    7.87ms
 99.900%   10.97ms
 99.990%   14.21ms
 99.999%   17.22ms
100.000%   21.84ms

  Detailed Percentile spectrum:
       Value   Percentile   TotalCount 1/(1-Percentile)

       1.205     0.000000            1         1.00
       1.940     0.100000        35052         1.11
       2.189     0.200000        70180         1.25
       2.415     0.300000       105283         1.43
       2.651     0.400000       140337         1.67
       2.899     0.500000       175354         2.00
       3.033     0.550000       192967         2.22
       3.173     0.600000       210342         2.50
       3.333     0.650000       228020         2.86
       3.513     0.700000       245502         3.33
       3.723     0.750000       262969         4.00
       3.847     0.775000       271770         4.44
       3.983     0.800000       280512         5.00
       4.143     0.825000       289275         5.71
       4.331     0.850000       298073         6.67
       4.551     0.875000       306782         8.00
       4.683     0.887500       311189         8.89
       4.827     0.900000       315511        10.00
       4.995     0.912500       319909        11.43
       5.191     0.925000       324247        13.33
       5.431     0.937500       328652        16.00
       5.571     0.943750       330821        17.78
       5.727     0.950000       332990        20.00
       5.915     0.956250       335210        22.86
       6.127     0.962500       337394        26.67
       6.371     0.968750       339589        32.00
       6.511     0.971875       340652        35.56
       6.663     0.975000       341745        40.00
       6.835     0.978125       342846        45.71
       7.039     0.981250       343951        53.33
       7.267     0.984375       345039        64.00
       7.407     0.985938       345592        71.11
       7.559     0.987500       346133        80.00
       7.739     0.989062       346677        91.43
       7.959     0.990625       347225       106.67
       8.215     0.992188       347781       128.00
       8.359     0.992969       348044       142.22
       8.535     0.993750       348317       160.00
       8.711     0.994531       348606       182.86
       8.903     0.995313       348875       213.33
       9.127     0.996094       349138       256.00
       9.271     0.996484       349283       284.44
       9.415     0.996875       349411       320.00
       9.583     0.997266       349553       365.71
       9.807     0.997656       349686       426.67
      10.047     0.998047       349822       512.00
      10.207     0.998242       349890       568.89
      10.375     0.998437       349961       640.00
      10.567     0.998633       350027       731.43
      10.759     0.998828       350096       853.33
      11.023     0.999023       350164      1024.00
      11.159     0.999121       350199      1137.78
      11.327     0.999219       350234      1280.00
      11.511     0.999316       350268      1462.86
      11.751     0.999414       350301      1706.67
      11.959     0.999512       350335      2048.00
      12.127     0.999561       350352      2275.56
      12.271     0.999609       350370      2560.00
      12.439     0.999658       350387      2925.71
      12.815     0.999707       350404      3413.33
      13.119     0.999756       350421      4096.00
      13.191     0.999780       350429      4551.11
      13.311     0.999805       350438      5120.00
      13.439     0.999829       350447      5851.43
      13.655     0.999854       350455      6826.67
      13.959     0.999878       350464      8192.00
      14.135     0.999890       350468      9102.22
      14.303     0.999902       350472     10240.00
      14.423     0.999915       350477     11702.86
      14.551     0.999927       350481     13653.33
      14.735     0.999939       350485     16384.00
      14.927     0.999945       350487     18204.44
      15.183     0.999951       350489     20480.00
      15.423     0.999957       350492     23405.71
      15.575     0.999963       350494     27306.67
      15.991     0.999969       350496     32768.00
      16.255     0.999973       350497     36408.89
      16.375     0.999976       350498     40960.00
      16.783     0.999979       350499     46811.43
      17.007     0.999982       350500     54613.33
      17.039     0.999985       350501     65536.00
      17.215     0.999986       350502     72817.78
      17.215     0.999988       350502     81920.00
      17.359     0.999989       350503     93622.86
      17.359     0.999991       350503    109226.67
      19.775     0.999992       350504    131072.00
      19.775     0.999993       350504    145635.56
      19.775     0.999994       350504    163840.00
      20.799     0.999995       350505    187245.71
      20.799     0.999995       350505    218453.33
      20.799     0.999996       350505    262144.00
      20.799     0.999997       350505    291271.11
      20.799     0.999997       350505    327680.00
      21.839     0.999997       350506    374491.43
      21.839     1.000000       350506          inf
#[Mean    =        3.203, StdDeviation   =        1.306]
#[Max     =       21.824, Total count    =       350506]
#[Buckets =           27, SubBuckets     =         2048]
-----------------------------------------------------------------------
  418863 requests in 1.00m, 111.72MB read
Requests/sec:   6981.27  
Transfer/sec:      1.86MB
