Running 1m test @ http://10.10.1.1:5000
  4 threads and 128 connections

  Thread calibration: mean lat.: 2248.375ms, rate sampling interval: 8011ms
  Thread calibration: mean lat.: 2076.924ms, rate sampling interval: 7684ms
  Thread calibration: mean lat.: 2184.120ms, rate sampling interval: 8015ms
  Thread calibration: mean lat.: 2159.976ms, rate sampling interval: 7880ms

-----------------------------------------------------------------------
Test Results @ http://10.10.1.1:5000 
  Thread Stats   Avg      Stdev     99%   +/- Stdev
    Latency    17.07s     7.44s   30.61s    58.69%
    Req/Sec   433.32      6.73   447.00     75.00%
  Latency Distribution (HdrHistogram - Recorded Latency)
 50.000%   17.10s 
 75.000%   23.41s 
 90.000%   27.20s 
 99.000%   30.61s 
 99.900%   32.18s 
 99.990%   33.18s 
 99.999%   33.52s 
100.000%   33.62s 

  Detailed Percentile spectrum:
       Value   Percentile   TotalCount 1/(1-Percentile)

    2181.119     0.000000            1         1.00
    6778.879     0.100000        10422         1.11
    9379.839     0.200000        20850         1.25
   11919.359     0.300000        31271         1.43
   14540.799     0.400000        41662         1.67
   17104.895     0.500000        52074         2.00
   18431.999     0.550000        57292         2.22
   19693.567     0.600000        62479         2.50
   20987.903     0.650000        67753         2.86
   22233.087     0.700000        72951         3.33
   23412.735     0.750000        78098         4.00
   24035.327     0.775000        80703         4.44
   24641.535     0.800000        83344         5.00
   25247.743     0.825000        85918         5.71
   25919.487     0.850000        88561         6.67
   26542.079     0.875000        91153         8.00
   26869.759     0.887500        92434         8.89
   27197.439     0.900000        93765        10.00
   27508.735     0.912500        95018        11.43
   27852.799     0.925000        96345        13.33
   28213.247     0.937500        97686        16.00
   28393.471     0.943750        98282        17.78
   28590.079     0.950000        98920        20.00
   28819.455     0.956250        99623        22.86
   29016.063     0.962500       100248        26.67
   29261.823     0.968750       100879        32.00
   29409.279     0.971875       101199        35.56
   29556.735     0.975000       101529        40.00
   29704.191     0.978125       101856        45.71
   29900.799     0.981250       102188        53.33
   30146.559     0.984375       102512        64.00
   30277.631     0.985938       102683        71.11
   30392.319     0.987500       102849        80.00
   30507.007     0.989062       103002        91.43
   30687.231     0.990625       103154       106.67
   30867.455     0.992188       103317       128.00
   30998.527     0.992969       103399       142.22
   31096.831     0.993750       103479       160.00
   31227.903     0.994531       103557       182.86
   31358.975     0.995313       103646       213.33
   31506.431     0.996094       103729       256.00
   31571.967     0.996484       103763       284.44
   31653.887     0.996875       103809       320.00
   31719.423     0.997266       103849       365.71
   31817.727     0.997656       103884       426.67
   31916.031     0.998047       103925       512.00
   31965.183     0.998242       103944       568.89
   32014.335     0.998437       103965       640.00
   32047.103     0.998633       103984       731.43
   32112.639     0.998828       104004       853.33
   32178.175     0.999023       104026      1024.00
   32227.327     0.999121       104039      1137.78
   32260.095     0.999219       104047      1280.00
   32309.247     0.999316       104055      1462.86
   32440.319     0.999414       104065      1706.67
   32522.239     0.999512       104077      2048.00
   32571.391     0.999561       104082      2275.56
   32620.543     0.999609       104086      2560.00
   32669.695     0.999658       104091      2925.71
   32751.615     0.999707       104096      3413.33
   32817.151     0.999756       104102      4096.00
   32882.687     0.999780       104105      4551.11
   32899.071     0.999805       104106      5120.00
   33013.759     0.999829       104109      5851.43
   33046.527     0.999854       104111      6826.67
   33112.063     0.999878       104114      8192.00
   33128.447     0.999890       104115      9102.22
   33177.599     0.999902       104117     10240.00
   33193.983     0.999915       104118     11702.86
   33292.287     0.999927       104120     13653.33
   33292.287     0.999939       104120     16384.00
   33325.055     0.999945       104121     18204.44
   33325.055     0.999951       104121     20480.00
   33341.439     0.999957       104122     23405.71
   33390.591     0.999963       104123     27306.67
   33390.591     0.999969       104123     32768.00
   33423.359     0.999973       104124     36408.89
   33423.359     0.999976       104124     40960.00
   33423.359     0.999979       104124     46811.43
   33521.663     0.999982       104125     54613.33
   33521.663     0.999985       104125     65536.00
   33521.663     0.999986       104125     72817.78
   33521.663     0.999988       104125     81920.00
   33521.663     0.999989       104125     93622.86
   33619.967     0.999991       104126    109226.67
   33619.967     1.000000       104126          inf
#[Mean    =    17074.108, StdDeviation   =     7442.785]
#[Max     =    33587.200, Total count    =       104126]
#[Buckets =           27, SubBuckets     =         2048]
-----------------------------------------------------------------------
  121191 requests in 1.17m, 296.53MB read
Requests/sec:   1731.16  
Transfer/sec:      4.24MB
