Running 1m test @ http://10.10.1.1:5000
  4 threads and 128 connections

  Thread calibration: mean lat.: 2767.327ms, rate sampling interval: 9895ms
  Thread calibration: mean lat.: 2753.315ms, rate sampling interval: 9879ms
  Thread calibration: mean lat.: 2784.460ms, rate sampling interval: 9805ms
  Thread calibration: mean lat.: 2725.364ms, rate sampling interval: 9732ms

-----------------------------------------------------------------------
Test Results @ http://10.10.1.1:5000 
  Thread Stats   Avg      Stdev     99%   +/- Stdev
    Latency    18.96s     7.83s   32.44s    57.86%
    Req/Sec     1.50k     9.16     1.51k    70.00%
  Latency Distribution (HdrHistogram - Recorded Latency)
 50.000%   18.94s 
 75.000%   25.74s 
 90.000%   29.77s 
 99.000%   32.44s 
 99.900%   33.19s 
 99.990%   33.52s 
 99.999%   33.75s 
100.000%   33.78s 

  Detailed Percentile spectrum:
       Value   Percentile   TotalCount 1/(1-Percentile)

    4878.335     0.000000            1         1.00
    8134.655     0.100000        29929         1.11
   10846.207     0.200000        59821         1.25
   13541.375     0.300000        89740         1.43
   16179.199     0.400000       119652         1.67
   18939.903     0.500000       149644         2.00
   20316.159     0.550000       164512         2.22
   21676.031     0.600000       179465         2.50
   23052.287     0.650000       194501         2.86
   24412.159     0.700000       209449         3.33
   25739.263     0.750000       224282         4.00
   26411.007     0.775000       231905         4.44
   27082.751     0.800000       239291         5.00
   27738.111     0.825000       246714         5.71
   28426.239     0.850000       254308         6.67
   29114.367     0.875000       261757         8.00
   29442.047     0.887500       265428         8.89
   29769.727     0.900000       269186        10.00
   30113.791     0.912500       272979        11.43
   30457.855     0.925000       276656        13.33
   30801.919     0.937500       280402        16.00
   30965.759     0.943750       282225        17.78
   31145.983     0.950000       284194        20.00
   31309.823     0.956250       285955        22.86
   31490.047     0.962500       287801        26.67
   31670.271     0.968750       289704        32.00
   31768.575     0.971875       290674        35.56
   31866.879     0.975000       291611        40.00
   31965.183     0.978125       292536        45.71
   32079.871     0.981250       293489        53.33
   32194.559     0.984375       294378        64.00
   32260.095     0.985938       294837        71.11
   32325.631     0.987500       295315        80.00
   32391.167     0.989062       295778        91.43
   32456.703     0.990625       296212       106.67
   32538.623     0.992188       296712       128.00
   32587.775     0.992969       296970       142.22
   32636.927     0.993750       297206       160.00
   32669.695     0.994531       297370       182.86
   32735.231     0.995313       297668       213.33
   32784.383     0.996094       297856       256.00
   32817.151     0.996484       297963       284.44
   32866.303     0.996875       298100       320.00
   32915.455     0.997266       298219       365.71
   32964.607     0.997656       298321       426.67
   33013.759     0.998047       298429       512.00
   33046.527     0.998242       298495       568.89
   33079.295     0.998437       298551       640.00
   33112.063     0.998633       298606       731.43
   33144.831     0.998828       298654       853.33
   33193.983     0.999023       298720      1024.00
   33226.751     0.999121       298755      1137.78
   33243.135     0.999219       298772      1280.00
   33275.903     0.999316       298812      1462.86
   33292.287     0.999414       298834      1706.67
   33325.055     0.999512       298867      2048.00
   33341.439     0.999561       298876      2275.56
   33374.207     0.999609       298899      2560.00
   33390.591     0.999658       298907      2925.71
   33423.359     0.999707       298923      3413.33
   33439.743     0.999756       298936      4096.00
   33456.127     0.999780       298947      4551.11
   33456.127     0.999805       298947      5120.00
   33472.511     0.999829       298960      5851.43
   33488.895     0.999854       298970      6826.67
   33488.895     0.999878       298970      8192.00
   33505.279     0.999890       298973      9102.22
   33521.663     0.999902       298975     10240.00
   33538.047     0.999915       298980     11702.86
   33554.431     0.999927       298983     13653.33
   33587.199     0.999939       298988     16384.00
   33587.199     0.999945       298988     18204.44
   33619.967     0.999951       298991     20480.00
   33652.735     0.999957       298993     23405.71
   33685.503     0.999963       298995     27306.67
   33685.503     0.999969       298995     32768.00
   33718.271     0.999973       298997     36408.89
   33718.271     0.999976       298997     40960.00
   33751.039     0.999979       299001     46811.43
   33751.039     0.999982       299001     54613.33
   33751.039     0.999985       299001     65536.00
   33751.039     0.999986       299001     72817.78
   33751.039     0.999988       299001     81920.00
   33751.039     0.999989       299001     93622.86
   33783.807     0.999991       299004    109226.67
   33783.807     1.000000       299004          inf
#[Mean    =    18955.990, StdDeviation   =     7825.187]
#[Max     =    33751.040, Total count    =       299004]
#[Buckets =           27, SubBuckets     =         2048]
-----------------------------------------------------------------------
  358263 requests in 1.00m, 95.37MB read
  Socket errors: connect 0, read 0, write 0, timeout 7
Requests/sec:   5970.98  
Transfer/sec:      1.59MB
