Running 1m test @ http://10.10.1.2:5000
  4 threads and 128 connections

  Thread calibration: mean lat.: 516.586ms, rate sampling interval: 2179ms
  Thread calibration: mean lat.: 563.954ms, rate sampling interval: 2373ms
  Thread calibration: mean lat.: 555.957ms, rate sampling interval: 2250ms
  Thread calibration: mean lat.: 541.786ms, rate sampling interval: 2252ms

-----------------------------------------------------------------------
Test Results @ http://10.10.1.2:5000 
  Thread Stats   Avg      Stdev     99%   +/- Stdev
    Latency     3.06s     1.75s    7.65s    66.17%
    Req/Sec   699.80     16.04   735.00     65.38%
  Latency Distribution (HdrHistogram - Recorded Latency)
 50.000%    2.82s 
 75.000%    4.18s 
 90.000%    5.57s 
 99.000%    7.65s 
 99.900%    8.84s 
 99.990%    9.22s 
 99.999%    9.33s 
100.000%    9.37s 

  Detailed Percentile spectrum:
       Value   Percentile   TotalCount 1/(1-Percentile)

       4.675     0.000000            1         1.00
     971.775     0.100000        16786         1.11
    1484.799     0.200000        33598         1.25
    1949.695     0.300000        50367         1.43
    2357.247     0.400000        67215         1.67
    2815.999     0.500000        83946         2.00
    3069.951     0.550000        92374         2.22
    3313.663     0.600000       100745         2.50
    3577.855     0.650000       109161         2.86
    3860.479     0.700000       117544         3.33
    4179.967     0.750000       125901         4.00
    4362.239     0.775000       130126         4.44
    4558.847     0.800000       134294         5.00
    4784.127     0.825000       138560         5.71
    5009.407     0.850000       142684         6.67
    5259.263     0.875000       146925         8.00
    5414.911     0.887500       148976         8.89
    5570.559     0.900000       151069        10.00
    5726.207     0.912500       153214        11.43
    5885.951     0.925000       155277        13.33
    6090.751     0.937500       157365        16.00
    6201.343     0.943750       158427        17.78
    6303.743     0.950000       159467        20.00
    6414.335     0.956250       160533        22.86
    6541.311     0.962500       161584        26.67
    6709.247     0.968750       162618        32.00
    6823.935     0.971875       163143        35.56
    6955.007     0.975000       163658        40.00
    7081.983     0.978125       164186        45.71
    7229.439     0.981250       164707        53.33
    7372.799     0.984375       165245        64.00
    7434.239     0.985938       165503        71.11
    7495.679     0.987500       165755        80.00
    7581.695     0.989062       166025        91.43
    7692.287     0.990625       166280       106.67
    7843.839     0.992188       166541       128.00
    7913.471     0.992969       166672       142.22
    7991.295     0.993750       166806       160.00
    8085.503     0.994531       166936       182.86
    8171.519     0.995313       167067       213.33
    8253.439     0.996094       167198       256.00
    8306.687     0.996484       167264       284.44
    8384.511     0.996875       167327       320.00
    8495.103     0.997266       167395       365.71
    8601.599     0.997656       167459       426.67
    8667.135     0.998047       167527       512.00
    8699.903     0.998242       167557       568.89
    8732.671     0.998437       167599       640.00
    8757.247     0.998633       167626       731.43
    8798.207     0.998828       167660       853.33
    8839.167     0.999023       167689      1024.00
    8871.935     0.999121       167705      1137.78
    8921.087     0.999219       167725      1280.00
    8945.663     0.999316       167742      1462.86
    8970.239     0.999414       167760      1706.67
    9003.007     0.999512       167770      2048.00
    9019.391     0.999561       167779      2275.56
    9043.967     0.999609       167787      2560.00
    9060.351     0.999658       167795      2925.71
    9101.311     0.999707       167803      3413.33
    9134.079     0.999756       167811      4096.00
    9150.463     0.999780       167818      4551.11
    9158.655     0.999805       167819      5120.00
    9183.231     0.999829       167826      5851.43
    9191.423     0.999854       167828      6826.67
    9207.807     0.999878       167831      8192.00
    9215.999     0.999890       167834      9102.22
    9232.383     0.999902       167836     10240.00
    9240.575     0.999915       167838     11702.86
    9248.767     0.999927       167840     13653.33
    9265.151     0.999939       167843     16384.00
    9265.151     0.999945       167843     18204.44
    9265.151     0.999951       167843     20480.00
    9273.343     0.999957       167844     23405.71
    9281.535     0.999963       167846     27306.67
    9281.535     0.999969       167846     32768.00
    9289.727     0.999973       167847     36408.89
    9289.727     0.999976       167847     40960.00
    9297.919     0.999979       167848     46811.43
    9297.919     0.999982       167848     54613.33
    9330.687     0.999985       167849     65536.00
    9330.687     0.999986       167849     72817.78
    9330.687     0.999988       167849     81920.00
    9355.263     0.999989       167850     93622.86
    9355.263     0.999991       167850    109226.67
    9355.263     0.999992       167850    131072.00
    9355.263     0.999993       167850    145635.56
    9355.263     0.999994       167850    163840.00
    9371.647     0.999995       167851    187245.71
    9371.647     1.000000       167851          inf
#[Mean    =     3063.173, StdDeviation   =     1748.516]
#[Max     =     9363.456, Total count    =       167851]
#[Buckets =           27, SubBuckets     =         2048]
-----------------------------------------------------------------------
  194720 requests in 1.17m, 478.14MB read
Requests/sec:   2781.74  
Transfer/sec:      6.83MB
