Running 1m test @ http://10.10.1.1:5000
  4 threads and 128 connections

  Thread calibration: mean lat.: 3.652ms, rate sampling interval: 10ms
  Thread calibration: mean lat.: 3.635ms, rate sampling interval: 10ms
  Thread calibration: mean lat.: 3.674ms, rate sampling interval: 10ms
  Thread calibration: mean lat.: 3.646ms, rate sampling interval: 10ms

-----------------------------------------------------------------------
Test Results @ http://10.10.1.1:5000 
  Thread Stats   Avg      Stdev     99%   +/- Stdev
    Latency     3.76ms    0.86ms   6.79ms   77.60%
    Req/Sec   263.94    166.77   700.00     75.22%
  Latency Distribution (HdrHistogram - Recorded Latency)
 50.000%    3.61ms
 75.000%    4.09ms
 90.000%    4.84ms
 99.000%    6.79ms
 99.900%    8.58ms
 99.990%   10.41ms
 99.999%   11.93ms
100.000%   12.98ms

  Detailed Percentile spectrum:
       Value   Percentile   TotalCount 1/(1-Percentile)

       2.165     0.000000            1         1.00
       2.909     0.100000         6020         1.11
       3.079     0.200000        12073         1.25
       3.235     0.300000        18095         1.43
       3.421     0.400000        24094         1.67
       3.613     0.500000        30122         2.00
       3.705     0.550000        33111         2.22
       3.795     0.600000        36140         2.50
       3.883     0.650000        39116         2.86
       3.979     0.700000        42131         3.33
       4.093     0.750000        45135         4.00
       4.159     0.775000        46652         4.44
       4.239     0.800000        48150         5.00
       4.335     0.825000        49619         5.71
       4.459     0.850000        51102         6.67
       4.631     0.875000        52634         8.00
       4.731     0.887500        53371         8.89
       4.843     0.900000        54112        10.00
       4.963     0.912500        54872        11.43
       5.103     0.925000        55611        13.33
       5.263     0.937500        56375        16.00
       5.351     0.943750        56750        17.78
       5.447     0.950000        57124        20.00
       5.559     0.956250        57499        22.86
       5.691     0.962500        57868        26.67
       5.843     0.968750        58245        32.00
       5.927     0.971875        58438        35.56
       6.023     0.975000        58617        40.00
       6.131     0.978125        58806        45.71
       6.259     0.981250        58995        53.33
       6.415     0.984375        59187        64.00
       6.499     0.985938        59280        71.11
       6.603     0.987500        59372        80.00
       6.715     0.989062        59467        91.43
       6.831     0.990625        59557       106.67
       6.983     0.992188        59652       128.00
       7.071     0.992969        59698       142.22
       7.187     0.993750        59746       160.00
       7.263     0.994531        59793       182.86
       7.407     0.995313        59839       213.33
       7.579     0.996094        59886       256.00
       7.647     0.996484        59909       284.44
       7.755     0.996875        59933       320.00
       7.835     0.997266        59957       365.71
       7.923     0.997656        59980       426.67
       8.019     0.998047        60003       512.00
       8.143     0.998242        60017       568.89
       8.247     0.998437        60028       640.00
       8.303     0.998633        60038       731.43
       8.463     0.998828        60051       853.33
       8.663     0.999023        60062      1024.00
       8.847     0.999121        60068      1137.78
       8.951     0.999219        60074      1280.00
       9.015     0.999316        60079      1462.86
       9.183     0.999414        60085      1706.67
       9.351     0.999512        60091      2048.00
       9.431     0.999561        60094      2275.56
       9.559     0.999609        60097      2560.00
       9.743     0.999658        60100      2925.71
       9.943     0.999707        60103      3413.33
      10.023     0.999756        60106      4096.00
      10.055     0.999780        60108      4551.11
      10.175     0.999805        60109      5120.00
      10.231     0.999829        60110      5851.43
      10.303     0.999854        60112      6826.67
      10.367     0.999878        60113      8192.00
      10.407     0.999890        60114      9102.22
      10.535     0.999902        60115     10240.00
      10.535     0.999915        60115     11702.86
      10.839     0.999927        60116     13653.33
      10.999     0.999939        60117     16384.00
      10.999     0.999945        60117     18204.44
      11.383     0.999951        60118     20480.00
      11.383     0.999957        60118     23405.71
      11.383     0.999963        60118     27306.67
      11.927     0.999969        60119     32768.00
      11.927     0.999973        60119     36408.89
      11.927     0.999976        60119     40960.00
      11.927     0.999979        60119     46811.43
      11.927     0.999982        60119     54613.33
      12.975     0.999985        60120     65536.00
      12.975     1.000000        60120          inf
#[Mean    =        3.763, StdDeviation   =        0.857]
#[Max     =       12.968, Total count    =        60120]
#[Buckets =           27, SubBuckets     =         2048]
-----------------------------------------------------------------------
  69805 requests in 1.17m, 18.77MB read
Requests/sec:    997.23  
Transfer/sec:    274.53KB
