Running 1m test @ http://10.10.1.1:5000
  4 threads and 128 connections

  Thread calibration: mean lat.: 33.966ms, rate sampling interval: 151ms
  Thread calibration: mean lat.: 34.685ms, rate sampling interval: 145ms
  Thread calibration: mean lat.: 31.344ms, rate sampling interval: 132ms
  Thread calibration: mean lat.: 32.270ms, rate sampling interval: 137ms

-----------------------------------------------------------------------
Test Results @ http://10.10.1.1:5000 
  Thread Stats   Avg      Stdev     99%   +/- Stdev
    Latency    20.56ms   17.05ms  86.33ms   87.32%
    Req/Sec     2.76k   139.73     3.10k    68.86%
  Latency Distribution (HdrHistogram - Recorded Latency)
 50.000%   15.14ms
 75.000%   26.01ms
 90.000%   41.38ms
 99.000%   86.33ms
 99.900%  131.33ms
 99.990%  181.89ms
 99.999%  228.99ms
100.000%  236.67ms

  Detailed Percentile spectrum:
       Value   Percentile   TotalCount 1/(1-Percentile)

       1.808     0.000000            1         1.00
       6.571     0.100000        55049         1.11
       8.303     0.200000       110098         1.25
      10.135     0.300000       165046         1.43
      12.375     0.400000       220049         1.67
      15.135     0.500000       275060         2.00
      16.735     0.550000       302639         2.22
      18.527     0.600000       330165         2.50
      20.623     0.650000       357611         2.86
      23.087     0.700000       385163         3.33
      26.015     0.750000       412653         4.00
      27.711     0.775000       426353         4.44
      29.631     0.800000       440117         5.00
      31.839     0.825000       453855         5.71
      34.399     0.850000       467572         6.67
      37.471     0.875000       481373         8.00
      39.295     0.887500       488234         8.89
      41.375     0.900000       495096        10.00
      43.743     0.912500       501987        11.43
      46.463     0.925000       508837        13.33
      49.727     0.937500       515736        16.00
      51.679     0.943750       519145        17.78
      53.887     0.950000       522578        20.00
      56.479     0.956250       526028        22.86
      59.423     0.962500       529455        26.67
      63.007     0.968750       532872        32.00
      65.087     0.971875       534598        35.56
      67.519     0.975000       536317        40.00
      70.143     0.978125       538034        45.71
      73.279     0.981250       539766        53.33
      77.183     0.984375       541491        64.00
      79.295     0.985938       542335        71.11
      81.599     0.987500       543191        80.00
      84.479     0.989062       544052        91.43
      87.679     0.990625       544920       106.67
      91.455     0.992188       545763       128.00
      93.567     0.992969       546202       142.22
      96.063     0.993750       546623       160.00
      98.943     0.994531       547051       182.86
     101.951     0.995313       547486       213.33
     105.535     0.996094       547913       256.00
     107.775     0.996484       548125       284.44
     110.271     0.996875       548341       320.00
     112.895     0.997266       548559       365.71
     115.775     0.997656       548769       426.67
     119.039     0.998047       548986       512.00
     121.023     0.998242       549092       568.89
     123.263     0.998437       549200       640.00
     126.143     0.998633       549307       731.43
     128.895     0.998828       549415       853.33
     131.711     0.999023       549521      1024.00
     134.015     0.999121       549576      1137.78
     136.319     0.999219       549631      1280.00
     138.751     0.999316       549682      1462.86
     141.695     0.999414       549737      1706.67
     145.663     0.999512       549790      2048.00
     147.967     0.999561       549817      2275.56
     150.527     0.999609       549845      2560.00
     154.879     0.999658       549870      2925.71
     158.591     0.999707       549899      3413.33
     163.455     0.999756       549924      4096.00
     167.039     0.999780       549938      4551.11
     170.367     0.999805       549951      5120.00
     173.183     0.999829       549965      5851.43
     175.999     0.999854       549978      6826.67
     178.943     0.999878       549991      8192.00
     180.735     0.999890       549999      9102.22
     182.783     0.999902       550005     10240.00
     184.831     0.999915       550011     11702.86
     186.623     0.999927       550018     13653.33
     188.799     0.999939       550026     16384.00
     190.207     0.999945       550028     18204.44
     192.511     0.999951       550032     20480.00
     194.559     0.999957       550035     23405.71
     198.783     0.999963       550038     27306.67
     204.927     0.999969       550042     32768.00
     205.439     0.999973       550043     36408.89
     208.255     0.999976       550045     40960.00
     211.967     0.999979       550047     46811.43
     214.783     0.999982       550048     54613.33
     222.975     0.999985       550050     65536.00
     225.151     0.999986       550051     72817.78
     228.991     0.999988       550052     81920.00
     229.887     0.999989       550053     93622.86
     229.887     0.999991       550053    109226.67
     231.167     0.999992       550054    131072.00
     231.807     0.999993       550056    145635.56
     231.807     0.999994       550056    163840.00
     231.807     0.999995       550056    187245.71
     231.807     0.999995       550056    218453.33
     231.807     0.999996       550056    262144.00
     236.543     0.999997       550057    291271.11
     236.543     0.999997       550057    327680.00
     236.543     0.999997       550057    374491.43
     236.543     0.999998       550057    436906.67
     236.543     0.999998       550057    524288.00
     236.671     0.999998       550058    582542.22
     236.671     1.000000       550058          inf
#[Mean    =       20.560, StdDeviation   =       17.052]
#[Max     =      236.544, Total count    =       550058]
#[Buckets =           27, SubBuckets     =         2048]
-----------------------------------------------------------------------
  660212 requests in 1.00m, 173.31MB read
Requests/sec:  11003.72  
Transfer/sec:      2.89MB
