Running 1m test @ http://10.10.1.2:5000
  4 threads and 128 connections

  Thread calibration: mean lat.: 3.077ms, rate sampling interval: 10ms
  Thread calibration: mean lat.: 3.048ms, rate sampling interval: 10ms
  Thread calibration: mean lat.: 3.119ms, rate sampling interval: 10ms
  Thread calibration: mean lat.: 3.035ms, rate sampling interval: 10ms

-----------------------------------------------------------------------
Test Results @ http://10.10.1.2:5000 
  Thread Stats   Avg      Stdev     99%   +/- Stdev
    Latency     2.70ms    1.45ms   7.98ms   78.67%
    Req/Sec     3.96k   757.30     5.89k    70.51%
  Latency Distribution (HdrHistogram - Recorded Latency)
 50.000%    2.37ms
 75.000%    3.24ms
 90.000%    4.48ms
 99.000%    7.98ms
 99.900%   11.97ms
 99.990%   15.69ms
 99.999%   19.17ms
100.000%   24.86ms

  Detailed Percentile spectrum:
       Value   Percentile   TotalCount 1/(1-Percentile)

       0.557     0.000000            1         1.00
       1.294     0.100000        90184         1.11
       1.614     0.200000       180200         1.25
       1.872     0.300000       269938         1.43
       2.117     0.400000       359883         1.67
       2.365     0.500000       449990         2.00
       2.501     0.550000       495120         2.22
       2.649     0.600000       539841         2.50
       2.815     0.650000       584884         2.86
       3.009     0.700000       629918         3.33
       3.237     0.750000       675047         4.00
       3.369     0.775000       697554         4.44
       3.521     0.800000       719927         5.00
       3.697     0.825000       742324         5.71
       3.909     0.850000       764901         6.67
       4.163     0.875000       787306         8.00
       4.311     0.887500       798713         8.89
       4.479     0.900000       809916        10.00
       4.667     0.912500       821012        11.43
       4.891     0.925000       832259        13.33
       5.159     0.937500       843519        16.00
       5.311     0.943750       849235        17.78
       5.479     0.950000       854709        20.00
       5.683     0.956250       860395        22.86
       5.915     0.962500       865949        26.67
       6.195     0.968750       871591        32.00
       6.359     0.971875       874439        35.56
       6.535     0.975000       877249        40.00
       6.739     0.978125       880019        45.71
       6.971     0.981250       882861        53.33
       7.263     0.984375       885634        64.00
       7.431     0.985938       887063        71.11
       7.607     0.987500       888459        80.00
       7.823     0.989062       889854        91.43
       8.079     0.990625       891270       106.67
       8.367     0.992188       892671       128.00
       8.551     0.992969       893381       142.22
       8.743     0.993750       894087       160.00
       8.959     0.994531       894788       182.86
       9.199     0.995313       895481       213.33
       9.511     0.996094       896184       256.00
       9.711     0.996484       896531       284.44
       9.927     0.996875       896891       320.00
      10.175     0.997266       897227       365.71
      10.439     0.997656       897587       426.67
      10.759     0.998047       897933       512.00
      10.959     0.998242       898115       568.89
      11.175     0.998437       898286       640.00
      11.407     0.998633       898457       731.43
      11.687     0.998828       898636       853.33
      12.007     0.999023       898808      1024.00
      12.167     0.999121       898900      1137.78
      12.327     0.999219       898985      1280.00
      12.535     0.999316       899072      1462.86
      12.783     0.999414       899159      1706.67
      13.087     0.999512       899247      2048.00
      13.239     0.999561       899291      2275.56
      13.407     0.999609       899335      2560.00
      13.607     0.999658       899379      2925.71
      13.831     0.999707       899423      3413.33
      14.151     0.999756       899468      4096.00
      14.327     0.999780       899490      4551.11
      14.567     0.999805       899511      5120.00
      14.807     0.999829       899533      5851.43
      15.119     0.999854       899555      6826.67
      15.431     0.999878       899577      8192.00
      15.527     0.999890       899588      9102.22
      15.767     0.999902       899599     10240.00
      16.047     0.999915       899610     11702.86
      16.311     0.999927       899621     13653.33
      16.623     0.999939       899632     16384.00
      16.783     0.999945       899637     18204.44
      17.055     0.999951       899643     20480.00
      17.279     0.999957       899648     23405.71
      17.503     0.999963       899654     27306.67
      17.823     0.999969       899659     32768.00
      17.903     0.999973       899662     36408.89
      18.015     0.999976       899665     40960.00
      18.303     0.999979       899667     46811.43
      18.415     0.999982       899670     54613.33
      18.639     0.999985       899673     65536.00
      18.767     0.999986       899674     72817.78
      18.895     0.999988       899676     81920.00
      19.167     0.999989       899677     93622.86
      19.311     0.999991       899679    109226.67
      19.423     0.999992       899680    131072.00
      19.423     0.999993       899680    145635.56
      19.743     0.999994       899681    163840.00
      20.303     0.999995       899682    187245.71
      20.303     0.999995       899682    218453.33
      20.383     0.999996       899683    262144.00
      20.383     0.999997       899683    291271.11
      20.479     0.999997       899684    327680.00
      20.479     0.999997       899684    374491.43
      20.479     0.999998       899684    436906.67
      20.719     0.999998       899685    524288.00
      20.719     0.999998       899685    582542.22
      20.719     0.999998       899685    655360.00
      20.719     0.999999       899685    748982.86
      20.719     0.999999       899685    873813.33
      24.863     0.999999       899686   1048576.00
      24.863     1.000000       899686          inf
#[Mean    =        2.700, StdDeviation   =        1.453]
#[Max     =       24.848, Total count    =       899686]
#[Buckets =           27, SubBuckets     =         2048]
-----------------------------------------------------------------------
  1050099 requests in 1.17m, 588.22MB read
Requests/sec:  15001.65  
Transfer/sec:      8.40MB
