Running 1m test @ http://10.10.1.1:5000
  4 threads and 128 connections

  Thread calibration: mean lat.: 4.625ms, rate sampling interval: 16ms
  Thread calibration: mean lat.: 4.830ms, rate sampling interval: 17ms
  Thread calibration: mean lat.: 4.785ms, rate sampling interval: 16ms
  Thread calibration: mean lat.: 4.813ms, rate sampling interval: 17ms

-----------------------------------------------------------------------
Test Results @ http://10.10.1.1:5000 
  Thread Stats   Avg      Stdev     99%   +/- Stdev
    Latency     4.73ms    2.56ms  12.13ms   77.57%
    Req/Sec   258.25    126.95   600.00     66.84%
  Latency Distribution (HdrHistogram - Recorded Latency)
 50.000%    3.80ms
 75.000%    6.36ms
 90.000%    8.47ms
 99.000%   12.13ms
 99.900%   15.53ms
 99.990%   18.72ms
 99.999%   22.11ms
100.000%   22.90ms

  Detailed Percentile spectrum:
       Value   Percentile   TotalCount 1/(1-Percentile)

       1.472     0.000000            1         1.00
       2.297     0.100000         6037         1.11
       2.515     0.200000        12087         1.25
       2.749     0.300000        18045         1.43
       3.091     0.400000        24068         1.67
       3.803     0.500000        30072         2.00
       4.383     0.550000        33079         2.22
       4.903     0.600000        36089         2.50
       5.375     0.650000        39099         2.86
       5.851     0.700000        42091         3.33
       6.363     0.750000        45117         4.00
       6.627     0.775000        46622         4.44
       6.915     0.800000        48102         5.00
       7.231     0.825000        49609         5.71
       7.579     0.850000        51112         6.67
       7.995     0.875000        52621         8.00
       8.223     0.887500        53370         8.89
       8.471     0.900000        54133        10.00
       8.735     0.912500        54871        11.43
       9.031     0.925000        55634        13.33
       9.359     0.937500        56372        16.00
       9.535     0.943750        56749        17.78
       9.727     0.950000        57124        20.00
       9.935     0.956250        57511        22.86
      10.167     0.962500        57876        26.67
      10.463     0.968750        58252        32.00
      10.615     0.971875        58436        35.56
      10.823     0.975000        58630        40.00
      11.015     0.978125        58815        45.71
      11.247     0.981250        59001        53.33
      11.503     0.984375        59191        64.00
      11.631     0.985938        59282        71.11
      11.807     0.987500        59379        80.00
      11.983     0.989062        59470        91.43
      12.223     0.990625        59564       106.67
      12.503     0.992188        59661       128.00
      12.647     0.992969        59705       142.22
      12.823     0.993750        59753       160.00
      13.039     0.994531        59800       182.86
      13.247     0.995313        59846       213.33
      13.535     0.996094        59893       256.00
      13.639     0.996484        59918       284.44
      13.799     0.996875        59940       320.00
      14.015     0.997266        59964       365.71
      14.255     0.997656        59987       426.67
      14.511     0.998047        60010       512.00
      14.679     0.998242        60022       568.89
      14.879     0.998437        60034       640.00
      15.031     0.998633        60045       731.43
      15.239     0.998828        60057       853.33
      15.607     0.999023        60069      1024.00
      15.983     0.999121        60075      1137.78
      16.183     0.999219        60081      1280.00
      16.447     0.999316        60086      1462.86
      16.687     0.999414        60092      1706.67
      16.911     0.999512        60098      2048.00
      16.991     0.999561        60101      2275.56
      17.135     0.999609        60104      2560.00
      17.391     0.999658        60108      2925.71
      17.567     0.999707        60110      3413.33
      17.823     0.999756        60113      4096.00
      17.951     0.999780        60114      4551.11
      18.063     0.999805        60116      5120.00
      18.079     0.999829        60117      5851.43
      18.303     0.999854        60119      6826.67
      18.639     0.999878        60120      8192.00
      18.719     0.999890        60121      9102.22
      19.471     0.999902        60122     10240.00
      19.471     0.999915        60122     11702.86
      19.903     0.999927        60123     13653.33
      20.159     0.999939        60124     16384.00
      20.159     0.999945        60124     18204.44
      20.767     0.999951        60125     20480.00
      20.767     0.999957        60125     23405.71
      20.767     0.999963        60125     27306.67
      22.111     0.999969        60126     32768.00
      22.111     0.999973        60126     36408.89
      22.111     0.999976        60126     40960.00
      22.111     0.999979        60126     46811.43
      22.111     0.999982        60126     54613.33
      22.895     0.999985        60127     65536.00
      22.895     1.000000        60127          inf
#[Mean    =        4.734, StdDeviation   =        2.559]
#[Max     =       22.880, Total count    =        60127]
#[Buckets =           27, SubBuckets     =         2048]
-----------------------------------------------------------------------
  70058 requests in 1.17m, 18.60MB read
Requests/sec:   1000.66  
Transfer/sec:    272.10KB
