Running 1m test @ http://10.10.1.1:5000
  4 threads and 128 connections

  Thread calibration: mean lat.: 2.542ms, rate sampling interval: 10ms
  Thread calibration: mean lat.: 2.539ms, rate sampling interval: 10ms
  Thread calibration: mean lat.: 2.514ms, rate sampling interval: 10ms
  Thread calibration: mean lat.: 2.505ms, rate sampling interval: 10ms

-----------------------------------------------------------------------
Test Results @ http://10.10.1.1:5000 
  Thread Stats   Avg      Stdev     99%   +/- Stdev
    Latency     2.39ms  777.29us   5.16ms   77.79%
    Req/Sec     1.32k   383.11     2.30k    69.72%
  Latency Distribution (HdrHistogram - Recorded Latency)
 50.000%    2.19ms
 75.000%    2.72ms
 90.000%    3.36ms
 99.000%    5.16ms
 99.900%    6.89ms
 99.990%    8.47ms
 99.999%    9.90ms
100.000%   12.52ms

  Detailed Percentile spectrum:
       Value   Percentile   TotalCount 1/(1-Percentile)

       1.142     0.000000            1         1.00
       1.626     0.100000        30265         1.11
       1.784     0.200000        60291         1.25
       1.921     0.300000        90395         1.43
       2.051     0.400000       120478         1.67
       2.195     0.500000       150712         2.00
       2.279     0.550000       165787         2.22
       2.371     0.600000       180764         2.50
       2.473     0.650000       195954         2.86
       2.589     0.700000       210934         3.33
       2.721     0.750000       225977         4.00
       2.797     0.775000       233485         4.44
       2.879     0.800000       240940         5.00
       2.971     0.825000       248542         5.71
       3.075     0.850000       255999         6.67
       3.201     0.875000       263519         8.00
       3.277     0.887500       267341         8.89
       3.357     0.900000       271055        10.00
       3.455     0.912500       274792        11.43
       3.571     0.925000       278609        13.33
       3.709     0.937500       282340        16.00
       3.789     0.943750       284229        17.78
       3.879     0.950000       286128        20.00
       3.983     0.956250       287972        22.86
       4.111     0.962500       289867        26.67
       4.259     0.968750       291753        32.00
       4.339     0.971875       292710        35.56
       4.431     0.975000       293618        40.00
       4.539     0.978125       294555        45.71
       4.663     0.981250       295502        53.33
       4.811     0.984375       296440        64.00
       4.895     0.985938       296927        71.11
       4.983     0.987500       297389        80.00
       5.087     0.989062       297865        91.43
       5.211     0.990625       298332       106.67
       5.347     0.992188       298798       128.00
       5.427     0.992969       299026       142.22
       5.527     0.993750       299266       160.00
       5.631     0.994531       299500       182.86
       5.759     0.995313       299736       213.33
       5.891     0.996094       299964       256.00
       5.967     0.996484       300083       284.44
       6.059     0.996875       300202       320.00
       6.159     0.997266       300322       365.71
       6.255     0.997656       300435       426.67
       6.395     0.998047       300556       512.00
       6.463     0.998242       300613       568.89
       6.543     0.998437       300670       640.00
       6.639     0.998633       300729       731.43
       6.763     0.998828       300788       853.33
       6.911     0.999023       300846      1024.00
       6.987     0.999121       300876      1137.78
       7.059     0.999219       300905      1280.00
       7.155     0.999316       300935      1462.86
       7.275     0.999414       300964      1706.67
       7.383     0.999512       300993      2048.00
       7.471     0.999561       301008      2275.56
       7.539     0.999609       301023      2560.00
       7.639     0.999658       301038      2925.71
       7.703     0.999707       301054      3413.33
       7.831     0.999756       301067      4096.00
       7.879     0.999780       301075      4551.11
       7.975     0.999805       301083      5120.00
       8.127     0.999829       301089      5851.43
       8.183     0.999854       301096      6826.67
       8.311     0.999878       301104      8192.00
       8.359     0.999890       301107      9102.22
       8.487     0.999902       301111     10240.00
       8.623     0.999915       301115     11702.86
       8.679     0.999927       301119     13653.33
       8.727     0.999939       301122     16384.00
       8.815     0.999945       301124     18204.44
       8.831     0.999951       301126     20480.00
       8.991     0.999957       301128     23405.71
       9.055     0.999963       301130     27306.67
       9.087     0.999969       301131     32768.00
       9.183     0.999973       301132     36408.89
       9.343     0.999976       301133     40960.00
       9.599     0.999979       301134     46811.43
       9.607     0.999982       301135     54613.33
       9.735     0.999985       301136     65536.00
       9.735     0.999986       301136     72817.78
       9.895     0.999988       301137     81920.00
       9.895     0.999989       301137     93622.86
      10.063     0.999991       301138    109226.67
      10.063     0.999992       301138    131072.00
      10.063     0.999993       301138    145635.56
      12.215     0.999994       301139    163840.00
      12.215     0.999995       301139    187245.71
      12.215     0.999995       301139    218453.33
      12.215     0.999996       301139    262144.00
      12.215     0.999997       301139    291271.11
      12.519     0.999997       301140    327680.00
      12.519     1.000000       301140          inf
#[Mean    =        2.388, StdDeviation   =        0.777]
#[Max     =       12.512, Total count    =       301140]
#[Buckets =           27, SubBuckets     =         2048]
-----------------------------------------------------------------------
  351048 requests in 1.17m, 95.55MB read
Requests/sec:   5015.10  
Transfer/sec:      1.37MB
