Running 1m test @ http://10.10.1.1:5000
  4 threads and 128 connections

  Thread calibration: mean lat.: 412.643ms, rate sampling interval: 1705ms
  Thread calibration: mean lat.: 390.647ms, rate sampling interval: 1545ms
  Thread calibration: mean lat.: 401.868ms, rate sampling interval: 1630ms
  Thread calibration: mean lat.: 448.787ms, rate sampling interval: 1815ms

-----------------------------------------------------------------------
Test Results @ http://10.10.1.1:5000 
  Thread Stats   Avg      Stdev     99%   +/- Stdev
    Latency     3.54s     1.62s    6.94s    60.83%
    Req/Sec     2.96k    29.58     3.03k    71.83%
  Latency Distribution (HdrHistogram - Recorded Latency)
 50.000%    3.48s 
 75.000%    4.81s 
 90.000%    5.75s 
 99.000%    6.94s 
 99.900%    7.93s 
 99.990%    8.68s 
 99.999%    8.72s 
100.000%    8.74s 

  Detailed Percentile spectrum:
       Value   Percentile   TotalCount 1/(1-Percentile)

     209.791     0.000000            1         1.00
    1367.039     0.100000        71117         1.11
    1934.335     0.200000       142221         1.25
    2508.799     0.300000       213433         1.43
    3008.511     0.400000       284458         1.67
    3479.551     0.500000       355435         2.00
    3725.311     0.550000       390899         2.22
    3993.599     0.600000       426611         2.50
    4255.743     0.650000       462447         2.86
    4517.887     0.700000       497589         3.33
    4808.703     0.750000       533502         4.00
    4964.351     0.775000       551219         4.44
    5124.095     0.800000       568817         5.00
    5275.647     0.825000       586477         5.71
    5419.007     0.850000       604288         6.67
    5582.847     0.875000       622196         8.00
    5668.863     0.887500       630880         8.89
    5754.879     0.900000       639761        10.00
    5861.375     0.912500       648680        11.43
    5955.583     0.925000       657596        13.33
    6062.079     0.937500       666349        16.00
    6135.807     0.943750       670958        17.78
    6209.535     0.950000       675301        20.00
    6287.359     0.956250       679653        22.86
    6373.375     0.962500       684200        26.67
    6459.391     0.968750       688560        32.00
    6520.831     0.971875       690813        35.56
    6590.463     0.975000       693000        40.00
    6651.903     0.978125       695293        45.71
    6705.151     0.981250       697445        53.33
    6778.879     0.984375       699660        64.00
    6815.743     0.985938       700747        71.11
    6856.703     0.987500       701842        80.00
    6905.855     0.989062       702967        91.43
    6959.103     0.990625       704065       106.67
    7020.543     0.992188       705190       128.00
    7057.407     0.992969       705730       142.22
    7098.367     0.993750       706297       160.00
    7143.423     0.994531       706829       182.86
    7192.575     0.995313       707387       213.33
    7254.015     0.996094       707946       256.00
    7286.783     0.996484       708237       284.44
    7335.935     0.996875       708500       320.00
    7376.895     0.997266       708778       365.71
    7413.759     0.997656       709072       426.67
    7503.871     0.998047       709328       512.00
    7577.599     0.998242       709469       568.89
    7626.751     0.998437       709610       640.00
    7679.999     0.998633       709744       731.43
    7802.879     0.998828       709882       853.33
    7938.047     0.999023       710017      1024.00
    8048.639     0.999121       710093      1137.78
    8146.943     0.999219       710158      1280.00
    8245.247     0.999316       710226      1462.86
    8364.031     0.999414       710297      1706.67
    8404.991     0.999512       710370      2048.00
    8462.335     0.999561       710399      2275.56
    8495.103     0.999609       710437      2560.00
    8519.679     0.999658       710475      2925.71
    8560.639     0.999707       710514      3413.33
    8577.023     0.999756       710555      4096.00
    8577.023     0.999780       710555      4551.11
    8593.407     0.999805       710576      5120.00
    8626.175     0.999829       710593      5851.43
    8650.751     0.999854       710610      6826.67
    8667.135     0.999878       710625      8192.00
    8683.519     0.999890       710649      9102.22
    8683.519     0.999902       710649     10240.00
    8691.711     0.999915       710666     11702.86
    8691.711     0.999927       710666     13653.33
    8699.903     0.999939       710683     16384.00
    8699.903     0.999945       710683     18204.44
    8699.903     0.999951       710683     20480.00
    8699.903     0.999957       710683     23405.71
    8708.095     0.999963       710695     27306.67
    8708.095     0.999969       710695     32768.00
    8708.095     0.999973       710695     36408.89
    8708.095     0.999976       710695     40960.00
    8716.287     0.999979       710704     46811.43
    8716.287     0.999982       710704     54613.33
    8716.287     0.999985       710704     65536.00
    8716.287     0.999986       710704     72817.78
    8716.287     0.999988       710704     81920.00
    8716.287     0.999989       710704     93622.86
    8724.479     0.999991       710706    109226.67
    8724.479     0.999992       710706    131072.00
    8732.671     0.999993       710710    145635.56
    8732.671     0.999994       710710    163840.00
    8732.671     0.999995       710710    187245.71
    8732.671     0.999995       710710    218453.33
    8732.671     0.999996       710710    262144.00
    8732.671     0.999997       710710    291271.11
    8732.671     0.999997       710710    327680.00
    8732.671     0.999997       710710    374491.43
    8732.671     0.999998       710710    436906.67
    8732.671     0.999998       710710    524288.00
    8732.671     0.999998       710710    582542.22
    8732.671     0.999998       710710    655360.00
    8740.863     0.999999       710711    748982.86
    8740.863     1.000000       710711          inf
#[Mean    =     3544.605, StdDeviation   =     1619.064]
#[Max     =     8732.672, Total count    =       710711]
#[Buckets =           27, SubBuckets     =         2048]
-----------------------------------------------------------------------
  826658 requests in 1.17m, 222.20MB read
Requests/sec:  11809.56  
Transfer/sec:      3.17MB
