Running 1m test @ http://10.10.1.2:5000
  4 threads and 128 connections

  Thread calibration: mean lat.: 0.925ms, rate sampling interval: 10ms
  Thread calibration: mean lat.: 0.939ms, rate sampling interval: 10ms
  Thread calibration: mean lat.: 0.940ms, rate sampling interval: 10ms
  Thread calibration: mean lat.: 0.946ms, rate sampling interval: 10ms

-----------------------------------------------------------------------
Test Results @ http://10.10.1.2:5000 
  Thread Stats   Avg      Stdev     99%   +/- Stdev
    Latency   847.65us  550.81us   2.82ms   85.42%
    Req/Sec     5.54k     0.87k    7.78k    68.39%
  Latency Distribution (HdrHistogram - Recorded Latency)
 50.000%  652.00us
 75.000%    1.07ms
 90.000%    1.56ms
 99.000%    2.82ms
 99.900%    4.35ms
 99.990%    6.02ms
 99.999%    7.37ms
100.000%    8.58ms

  Detailed Percentile spectrum:
       Value   Percentile   TotalCount 1/(1-Percentile)

       0.212     0.000000            1         1.00
       0.385     0.100000       127638         1.11
       0.440     0.200000       252826         1.25
       0.495     0.300000       378928         1.43
       0.561     0.400000       504187         1.67
       0.652     0.500000       630950         2.00
       0.712     0.550000       693786         2.22
       0.783     0.600000       756729         2.50
       0.865     0.650000       819327         2.86
       0.961     0.700000       882183         3.33
       1.072     0.750000       945203         4.00
       1.133     0.775000       976856         4.44
       1.198     0.800000      1008110         5.00
       1.272     0.825000      1039793         5.71
       1.353     0.850000      1071113         6.67
       1.446     0.875000      1102786         8.00
       1.498     0.887500      1118403         8.89
       1.556     0.900000      1134200        10.00
       1.622     0.912500      1149837        11.43
       1.702     0.925000      1165597        13.33
       1.799     0.937500      1181393        16.00
       1.856     0.943750      1189224        17.78
       1.922     0.950000      1197106        20.00
       1.998     0.956250      1204910        22.86
       2.087     0.962500      1212921        26.67
       2.191     0.968750      1220768        32.00
       2.251     0.971875      1224692        35.56
       2.315     0.975000      1228526        40.00
       2.391     0.978125      1232481        45.71
       2.473     0.981250      1236394        53.33
       2.571     0.984375      1240369        64.00
       2.625     0.985938      1242316        71.11
       2.691     0.987500      1244290        80.00
       2.763     0.989062      1246239        91.43
       2.849     0.990625      1248214       106.67
       2.957     0.992188      1250175       128.00
       3.021     0.992969      1251158       142.22
       3.093     0.993750      1252141       160.00
       3.171     0.994531      1253126       182.86
       3.265     0.995313      1254115       213.33
       3.377     0.996094      1255099       256.00
       3.445     0.996484      1255593       284.44
       3.523     0.996875      1256082       320.00
       3.613     0.997266      1256578       365.71
       3.727     0.997656      1257068       426.67
       3.849     0.998047      1257557       512.00
       3.931     0.998242      1257799       568.89
       4.013     0.998437      1258048       640.00
       4.111     0.998633      1258292       731.43
       4.239     0.998828      1258539       853.33
       4.363     0.999023      1258784      1024.00
       4.447     0.999121      1258906      1137.78
       4.539     0.999219      1259033      1280.00
       4.663     0.999316      1259157      1462.86
       4.791     0.999414      1259277      1706.67
       4.939     0.999512      1259399      2048.00
       5.003     0.999561      1259461      2275.56
       5.083     0.999609      1259521      2560.00
       5.211     0.999658      1259583      2925.71
       5.367     0.999707      1259645      3413.33
       5.495     0.999756      1259707      4096.00
       5.543     0.999780      1259739      4551.11
       5.611     0.999805      1259768      5120.00
       5.695     0.999829      1259801      5851.43
       5.751     0.999854      1259830      6826.67
       5.895     0.999878      1259862      8192.00
       5.943     0.999890      1259875      9102.22
       6.027     0.999902      1259890     10240.00
       6.091     0.999915      1259906     11702.86
       6.139     0.999927      1259921     13653.33
       6.247     0.999939      1259937     16384.00
       6.327     0.999945      1259944     18204.44
       6.455     0.999951      1259953     20480.00
       6.599     0.999957      1259960     23405.71
       6.683     0.999963      1259967     27306.67
       6.811     0.999969      1259975     32768.00
       6.851     0.999973      1259979     36408.89
       6.919     0.999976      1259983     40960.00
       7.027     0.999979      1259988     46811.43
       7.035     0.999982      1259990     54613.33
       7.207     0.999985      1259994     65536.00
       7.251     0.999986      1259996     72817.78
       7.331     0.999988      1259998     81920.00
       7.367     0.999989      1260000     93622.86
       7.399     0.999991      1260002    109226.67
       7.423     0.999992      1260004    131072.00
       7.427     0.999993      1260005    145635.56
       7.499     0.999994      1260006    163840.00
       7.579     0.999995      1260007    187245.71
       7.591     0.999995      1260008    218453.33
       7.959     0.999996      1260009    262144.00
       7.959     0.999997      1260009    291271.11
       7.963     0.999997      1260010    327680.00
       7.963     0.999997      1260010    374491.43
       8.023     0.999998      1260011    436906.67
       8.023     0.999998      1260011    524288.00
       8.023     0.999998      1260011    582542.22
       8.147     0.999998      1260012    655360.00
       8.147     0.999999      1260012    748982.86
       8.147     0.999999      1260012    873813.33
       8.147     0.999999      1260012   1048576.00
       8.147     0.999999      1260012   1165084.44
       8.583     0.999999      1260013   1310720.00
       8.583     1.000000      1260013          inf
#[Mean    =        0.848, StdDeviation   =        0.551]
#[Max     =        8.576, Total count    =      1260013]
#[Buckets =           27, SubBuckets     =         2048]
-----------------------------------------------------------------------
  1470584 requests in 1.17m, 298.72MB read
Requests/sec:  21008.75  
Transfer/sec:      4.27MB
