Running 1m test @ http://10.10.1.2:5000
  4 threads and 128 connections

  Thread calibration: mean lat.: 2.738ms, rate sampling interval: 10ms
  Thread calibration: mean lat.: 2.728ms, rate sampling interval: 10ms
  Thread calibration: mean lat.: 2.746ms, rate sampling interval: 10ms
  Thread calibration: mean lat.: 2.748ms, rate sampling interval: 10ms

-----------------------------------------------------------------------
Test Results @ http://10.10.1.2:5000 
  Thread Stats   Avg      Stdev     99%   +/- Stdev
    Latency     2.76ms    1.53ms   8.31ms   80.15%
    Req/Sec     3.96k   752.76     5.78k    68.65%
  Latency Distribution (HdrHistogram - Recorded Latency)
 50.000%    2.40ms
 75.000%    3.29ms
 90.000%    4.58ms
 99.000%    8.31ms
 99.900%   13.28ms
 99.990%   20.21ms
 99.999%   29.34ms
100.000%   36.70ms

  Detailed Percentile spectrum:
       Value   Percentile   TotalCount 1/(1-Percentile)

       0.569     0.000000            1         1.00
       1.320     0.100000        90161         1.11
       1.642     0.200000       180092         1.25
       1.903     0.300000       270166         1.43
       2.149     0.400000       360147         1.67
       2.401     0.500000       450454         2.00
       2.537     0.550000       494861         2.22
       2.689     0.600000       540095         2.50
       2.861     0.650000       585190         2.86
       3.061     0.700000       630134         3.33
       3.293     0.750000       674975         4.00
       3.429     0.775000       697296         4.44
       3.587     0.800000       719793         5.00
       3.769     0.825000       742266         5.71
       3.991     0.850000       764843         6.67
       4.255     0.875000       787471         8.00
       4.407     0.887500       798644         8.89
       4.583     0.900000       809944        10.00
       4.783     0.912500       821146        11.43
       5.015     0.925000       832262        13.33
       5.295     0.937500       843578        16.00
       5.451     0.943750       849130        17.78
       5.635     0.950000       854774        20.00
       5.843     0.956250       860435        22.86
       6.083     0.962500       866001        26.67
       6.371     0.968750       871614        32.00
       6.535     0.971875       874424        35.56
       6.723     0.975000       877223        40.00
       6.951     0.978125       880073        45.71
       7.203     0.981250       882859        53.33
       7.519     0.984375       885659        64.00
       7.707     0.985938       887076        71.11
       7.911     0.987500       888472        80.00
       8.147     0.989062       889893        91.43
       8.423     0.990625       891297       106.67
       8.767     0.992188       892699       128.00
       8.967     0.992969       893416       142.22
       9.191     0.993750       894105       160.00
       9.423     0.994531       894797       182.86
       9.727     0.995313       895499       213.33
      10.103     0.996094       896199       256.00
      10.311     0.996484       896553       284.44
      10.559     0.996875       896904       320.00
      10.871     0.997266       897254       365.71
      11.199     0.997656       897609       426.67
      11.631     0.998047       897954       512.00
      11.855     0.998242       898129       568.89
      12.143     0.998437       898313       640.00
      12.471     0.998633       898480       731.43
      12.887     0.998828       898656       853.33
      13.343     0.999023       898832      1024.00
      13.567     0.999121       898921      1137.78
      13.815     0.999219       899008      1280.00
      14.159     0.999316       899096      1462.86
      14.583     0.999414       899183      1706.67
      15.103     0.999512       899271      2048.00
      15.327     0.999561       899316      2275.56
      15.727     0.999609       899359      2560.00
      16.015     0.999658       899404      2925.71
      16.415     0.999707       899448      3413.33
      17.007     0.999756       899491      4096.00
      17.263     0.999780       899513      4551.11
      17.695     0.999805       899535      5120.00
      18.159     0.999829       899557      5851.43
      18.719     0.999854       899579      6826.67
      19.487     0.999878       899601      8192.00
      19.839     0.999890       899612      9102.22
      20.303     0.999902       899624     10240.00
      20.735     0.999915       899635     11702.86
      21.167     0.999927       899645     13653.33
      21.743     0.999939       899656     16384.00
      21.919     0.999945       899661     18204.44
      22.287     0.999951       899667     20480.00
      22.575     0.999957       899672     23405.71
      22.847     0.999963       899678     27306.67
      23.775     0.999969       899683     32768.00
      24.543     0.999973       899686     36408.89
      24.783     0.999976       899689     40960.00
      24.911     0.999979       899691     46811.43
      27.519     0.999982       899694     54613.33
      27.967     0.999985       899697     65536.00
      27.983     0.999986       899698     72817.78
      28.415     0.999988       899700     81920.00
      29.343     0.999989       899701     93622.86
      29.775     0.999991       899702    109226.67
      31.583     0.999992       899704    131072.00
      31.583     0.999993       899704    145635.56
      32.031     0.999994       899705    163840.00
      33.471     0.999995       899706    187245.71
      33.471     0.999995       899706    218453.33
      35.903     0.999996       899707    262144.00
      35.903     0.999997       899707    291271.11
      36.511     0.999997       899708    327680.00
      36.511     0.999997       899708    374491.43
      36.511     0.999998       899708    436906.67
      36.703     0.999998       899710    524288.00
      36.703     1.000000       899710          inf
#[Mean    =        2.758, StdDeviation   =        1.530]
#[Max     =       36.672, Total count    =       899710]
#[Buckets =           27, SubBuckets     =         2048]
-----------------------------------------------------------------------
  1046376 requests in 1.17m, 586.23MB read
Requests/sec:  14948.32  
Transfer/sec:      8.37MB
