Running 1m test @ http://10.10.1.1:5000
  4 threads and 128 connections

  Thread calibration: mean lat.: 3108.528ms, rate sampling interval: 10969ms
  Thread calibration: mean lat.: 3116.608ms, rate sampling interval: 11026ms
  Thread calibration: mean lat.: 3074.770ms, rate sampling interval: 10862ms
  Thread calibration: mean lat.: 3089.072ms, rate sampling interval: 10960ms

-----------------------------------------------------------------------
Test Results @ http://10.10.1.1:5000 
  Thread Stats   Avg      Stdev     99%   +/- Stdev
    Latency    21.17s     8.71s   36.08s    57.64%
    Req/Sec     1.49k     8.28     1.50k    68.75%
  Latency Distribution (HdrHistogram - Recorded Latency)
 50.000%   21.20s 
 75.000%   28.72s 
 90.000%   33.19s 
 99.000%   36.08s 
 99.900%   36.83s 
 99.990%   37.22s 
 99.999%   37.36s 
100.000%   37.39s 

  Detailed Percentile spectrum:
       Value   Percentile   TotalCount 1/(1-Percentile)

    5419.007     0.000000            1         1.00
    9117.695     0.100000        29926         1.11
   12091.391     0.200000        59784         1.25
   15138.815     0.300000        89737         1.43
   18186.239     0.400000       119600         1.67
   21200.895     0.500000       149467         2.00
   22691.839     0.550000       164450         2.22
   24199.167     0.600000       179349         2.50
   25690.111     0.650000       194295         2.86
   27213.823     0.700000       209364         3.33
   28721.151     0.750000       224186         4.00
   29474.815     0.775000       231629         4.44
   30228.479     0.800000       239228         5.00
   30949.375     0.825000       246687         5.71
   31670.271     0.850000       254118         6.67
   32440.319     0.875000       261624         8.00
   32817.151     0.887500       265313         8.89
   33193.983     0.900000       268978        10.00
   33587.199     0.912500       272775        11.43
   33980.415     0.925000       276644        13.33
   34373.631     0.937500       280465        16.00
   34537.471     0.943750       282115        17.78
   34734.079     0.950000       284073        20.00
   34930.687     0.956250       286013        22.86
   35127.295     0.962500       287981        26.67
   35291.135     0.968750       289600        32.00
   35389.439     0.971875       290536        35.56
   35487.743     0.975000       291468        40.00
   35586.047     0.978125       292340        45.71
   35717.119     0.981250       293482        53.33
   35815.423     0.984375       294270        64.00
   35880.959     0.985938       294764        71.11
   35946.495     0.987500       295196        80.00
   36012.031     0.989062       295610        91.43
   36110.335     0.990625       296250       106.67
   36175.871     0.992188       296590       128.00
   36241.407     0.992969       296913       142.22
   36274.175     0.993750       297075       160.00
   36306.943     0.994531       297239       182.86
   36372.479     0.995313       297528       213.33
   36438.015     0.996094       297785       256.00
   36470.783     0.996484       297884       284.44
   36503.551     0.996875       297982       320.00
   36536.319     0.997266       298054       365.71
   36601.855     0.997656       298200       426.67
   36667.391     0.998047       298325       512.00
   36700.159     0.998242       298386       568.89
   36732.927     0.998437       298433       640.00
   36765.695     0.998633       298484       731.43
   36798.463     0.998828       298538       853.33
   36831.231     0.999023       298578      1024.00
   36863.999     0.999121       298620      1137.78
   36896.767     0.999219       298654      1280.00
   36929.535     0.999316       298687      1462.86
   36929.535     0.999414       298687      1706.67
   36962.303     0.999512       298718      2048.00
   36995.071     0.999561       298750      2275.56
   36995.071     0.999609       298750      2560.00
   37027.839     0.999658       298775      2925.71
   37027.839     0.999707       298775      3413.33
   37060.607     0.999756       298789      4096.00
   37093.375     0.999780       298799      4551.11
   37126.143     0.999805       298813      5120.00
   37126.143     0.999829       298813      5851.43
   37158.911     0.999854       298820      6826.67
   37191.679     0.999878       298830      8192.00
   37191.679     0.999890       298830      9102.22
   37224.447     0.999902       298840     10240.00
   37224.447     0.999915       298840     11702.86
   37224.447     0.999927       298840     13653.33
   37257.215     0.999939       298844     16384.00
   37289.983     0.999945       298849     18204.44
   37289.983     0.999951       298849     20480.00
   37289.983     0.999957       298849     23405.71
   37322.751     0.999963       298854     27306.67
   37322.751     0.999969       298854     32768.00
   37322.751     0.999973       298854     36408.89
   37322.751     0.999976       298854     40960.00
   37355.519     0.999979       298858     46811.43
   37355.519     0.999982       298858     54613.33
   37355.519     0.999985       298858     65536.00
   37355.519     0.999986       298858     72817.78
   37355.519     0.999988       298858     81920.00
   37355.519     0.999989       298858     93622.86
   37388.287     0.999991       298861    109226.67
   37388.287     1.000000       298861          inf
#[Mean    =    21168.185, StdDeviation   =     8709.780]
#[Max     =    37355.520, Total count    =       298861]
#[Buckets =           27, SubBuckets     =         2048]
-----------------------------------------------------------------------
  357844 requests in 1.00m, 95.25MB read
  Socket errors: connect 0, read 0, write 0, timeout 12
Requests/sec:   5964.01  
Transfer/sec:      1.59MB
