Running 1m test @ http://10.10.1.1:5000
  4 threads and 128 connections

  Thread calibration: mean lat.: 709.829ms, rate sampling interval: 2394ms
  Thread calibration: mean lat.: 616.502ms, rate sampling interval: 2158ms
  Thread calibration: mean lat.: 589.559ms, rate sampling interval: 2125ms
  Thread calibration: mean lat.: 592.965ms, rate sampling interval: 2099ms

-----------------------------------------------------------------------
Test Results @ http://10.10.1.1:5000 
  Thread Stats   Avg      Stdev     99%   +/- Stdev
    Latency     4.05s     1.80s    7.87s    61.20%
    Req/Sec     2.93k    23.90     2.99k    71.30%
  Latency Distribution (HdrHistogram - Recorded Latency)
 50.000%    3.98s 
 75.000%    5.47s 
 90.000%    6.52s 
 99.000%    7.87s 
 99.900%    8.73s 
 99.990%    9.02s 
 99.999%    9.04s 
100.000%    9.05s 

  Detailed Percentile spectrum:
       Value   Percentile   TotalCount 1/(1-Percentile)

     549.375     0.000000            1         1.00
    1662.975     0.100000        70478         1.11
    2254.847     0.200000       140798         1.25
    2824.191     0.300000       211245         1.43
    3430.399     0.400000       281439         1.67
    3975.167     0.500000       351959         2.00
    4263.935     0.550000       387144         2.22
    4550.655     0.600000       422332         2.50
    4849.663     0.650000       457388         2.86
    5169.151     0.700000       492902         3.33
    5472.255     0.750000       528031         4.00
    5619.711     0.775000       545548         4.44
    5771.263     0.800000       563233         5.00
    5939.199     0.825000       580748         5.71
    6107.135     0.850000       598234         6.67
    6303.743     0.875000       615913         8.00
    6418.431     0.887500       624728         8.89
    6524.927     0.900000       633437        10.00
    6639.615     0.912500       642056        11.43
    6746.111     0.925000       650842        13.33
    6877.183     0.937500       659702        16.00
    6955.007     0.943750       664199        17.78
    7024.639     0.950000       668436        20.00
    7110.655     0.956250       673019        22.86
    7200.767     0.962500       677374        26.67
    7315.455     0.968750       681670        32.00
    7385.087     0.971875       683945        35.56
    7450.623     0.975000       686053        40.00
    7520.255     0.978125       688292        45.71
    7589.887     0.981250       690444        53.33
    7663.615     0.984375       692729        64.00
    7704.575     0.985938       693786        71.11
    7761.919     0.987500       694839        80.00
    7827.455     0.989062       695946        91.43
    7901.183     0.990625       697027       106.67
    7987.199     0.992188       698111       128.00
    8028.159     0.992969       698665       142.22
    8073.215     0.993750       699210       160.00
    8142.847     0.994531       699780       182.86
    8196.095     0.995313       700300       213.33
    8245.247     0.996094       700859       256.00
    8278.015     0.996484       701125       284.44
    8310.783     0.996875       701422       320.00
    8339.455     0.997266       701702       365.71
    8372.223     0.997656       701965       426.67
    8445.951     0.998047       702228       512.00
    8495.103     0.998242       702363       568.89
    8544.255     0.998437       702516       640.00
    8585.215     0.998633       702638       731.43
    8675.327     0.998828       702782       853.33
    8740.863     0.999023       702925      1024.00
    8757.247     0.999121       702993      1137.78
    8773.631     0.999219       703073      1280.00
    8790.015     0.999316       703119      1462.86
    8830.975     0.999414       703193      1706.67
    8863.743     0.999512       703252      2048.00
    8904.703     0.999561       703292      2275.56
    8945.663     0.999609       703331      2560.00
    8970.239     0.999658       703358      2925.71
    8978.431     0.999707       703390      3413.33
    8986.623     0.999756       703430      4096.00
    8994.815     0.999780       703461      4551.11
    8994.815     0.999805       703461      5120.00
    9003.007     0.999829       703482      5851.43
    9011.199     0.999854       703513      6826.67
    9011.199     0.999878       703513      8192.00
    9019.391     0.999890       703540      9102.22
    9019.391     0.999902       703540     10240.00
    9019.391     0.999915       703540     11702.86
    9027.583     0.999927       703561     13653.33
    9027.583     0.999939       703561     16384.00
    9027.583     0.999945       703561     18204.44
    9027.583     0.999951       703561     20480.00
    9035.775     0.999957       703581     23405.71
    9035.775     0.999963       703581     27306.67
    9035.775     0.999969       703581     32768.00
    9035.775     0.999973       703581     36408.89
    9035.775     0.999976       703581     40960.00
    9035.775     0.999979       703581     46811.43
    9043.967     0.999982       703592     54613.33
    9043.967     0.999985       703592     65536.00
    9043.967     0.999986       703592     72817.78
    9043.967     0.999988       703592     81920.00
    9043.967     0.999989       703592     93622.86
    9043.967     0.999991       703592    109226.67
    9043.967     0.999992       703592    131072.00
    9043.967     0.999993       703592    145635.56
    9043.967     0.999994       703592    163840.00
    9043.967     0.999995       703592    187245.71
    9043.967     0.999995       703592    218453.33
    9043.967     0.999996       703592    262144.00
    9043.967     0.999997       703592    291271.11
    9043.967     0.999997       703592    327680.00
    9052.159     0.999997       703594    374491.43
    9052.159     1.000000       703594          inf
#[Mean    =     4051.194, StdDeviation   =     1795.034]
#[Max     =     9043.968, Total count    =       703594]
#[Buckets =           27, SubBuckets     =         2048]
-----------------------------------------------------------------------
  819274 requests in 1.17m, 222.96MB read
Requests/sec:  11703.92  
Transfer/sec:      3.19MB
