Running 1m test @ http://10.10.1.1:5000
  4 threads and 128 connections

  Thread calibration: mean lat.: 587.018ms, rate sampling interval: 2168ms
  Thread calibration: mean lat.: 608.165ms, rate sampling interval: 2168ms
  Thread calibration: mean lat.: 674.991ms, rate sampling interval: 2398ms
  Thread calibration: mean lat.: 652.424ms, rate sampling interval: 2342ms

-----------------------------------------------------------------------
Test Results @ http://10.10.1.1:5000 
  Thread Stats   Avg      Stdev     99%   +/- Stdev
    Latency     4.12s     1.78s    7.79s    60.79%
    Req/Sec     2.93k    24.33     2.99k    67.31%
  Latency Distribution (HdrHistogram - Recorded Latency)
 50.000%    4.07s 
 75.000%    5.54s 
 90.000%    6.55s 
 99.000%    7.79s 
 99.900%    8.27s 
 99.990%    8.49s 
 99.999%    8.59s 
100.000%    8.60s 

  Detailed Percentile spectrum:
       Value   Percentile   TotalCount 1/(1-Percentile)

     319.487     0.000000            1         1.00
    1735.679     0.100000        70432         1.11
    2347.007     0.200000       140870         1.25
    2895.871     0.300000       211271         1.43
    3487.743     0.400000       281700         1.67
    4065.279     0.500000       352055         2.00
    4358.143     0.550000       387233         2.22
    4665.343     0.600000       422861         2.50
    4968.447     0.650000       457872         2.86
    5242.879     0.700000       492941         3.33
    5537.791     0.750000       528077         4.00
    5697.535     0.775000       545918         4.44
    5857.279     0.800000       563258         5.00
    6029.311     0.825000       581195         5.71
    6189.055     0.850000       598833         6.67
    6365.183     0.875000       616314         8.00
    6459.391     0.887500       625085         8.89
    6549.503     0.900000       633691        10.00
    6651.903     0.912500       642719        11.43
    6766.591     0.925000       651520        13.33
    6885.375     0.937500       660291        16.00
    6942.719     0.943750       664499        17.78
    7012.351     0.950000       668866        20.00
    7098.367     0.956250       673392        22.86
    7192.575     0.962500       677629        26.67
    7299.071     0.968750       682031        32.00
    7356.415     0.971875       684339        35.56
    7421.951     0.975000       686500        40.00
    7483.391     0.978125       688723        45.71
    7553.023     0.981250       690958        53.33
    7618.559     0.984375       693040        64.00
    7659.519     0.985938       694266        71.11
    7700.479     0.987500       695285        80.00
    7757.823     0.989062       696417        91.43
    7819.263     0.990625       697491       106.67
    7876.607     0.992188       698551       128.00
    7905.279     0.992969       699102       142.22
    7929.855     0.993750       699644       160.00
    7958.527     0.994531       700245       182.86
    7987.199     0.995313       700757       213.33
    8024.063     0.996094       701300       256.00
    8048.639     0.996484       701589       284.44
    8069.119     0.996875       701831       320.00
    8093.695     0.997266       702131       365.71
    8122.367     0.997656       702404       426.67
    8171.519     0.998047       702669       512.00
    8191.999     0.998242       702799       568.89
    8212.479     0.998437       702945       640.00
    8232.959     0.998633       703083       731.43
    8253.439     0.998828       703214       853.33
    8273.919     0.999023       703353      1024.00
    8286.207     0.999121       703440      1137.78
    8294.399     0.999219       703484      1280.00
    8310.783     0.999316       703548      1462.86
    8335.359     0.999414       703627      1706.67
    8359.935     0.999512       703689      2048.00
    8380.415     0.999561       703726      2275.56
    8396.799     0.999609       703761      2560.00
    8413.183     0.999658       703793      2925.71
    8437.759     0.999707       703849      3413.33
    8445.951     0.999756       703879      4096.00
    8445.951     0.999780       703879      4551.11
    8454.143     0.999805       703900      5120.00
    8462.335     0.999829       703916      5851.43
    8470.527     0.999854       703936      6826.67
    8478.719     0.999878       703956      8192.00
    8478.719     0.999890       703956      9102.22
    8486.911     0.999902       703971     10240.00
    8486.911     0.999915       703971     11702.86
    8495.103     0.999927       703982     13653.33
    8511.487     0.999939       703989     16384.00
    8519.679     0.999945       703998     18204.44
    8519.679     0.999951       703998     20480.00
    8527.871     0.999957       704002     23405.71
    8536.063     0.999963       704006     27306.67
    8544.255     0.999969       704009     32768.00
    8552.447     0.999973       704010     36408.89
    8560.639     0.999976       704014     40960.00
    8560.639     0.999979       704014     46811.43
    8568.831     0.999982       704017     54613.33
    8577.023     0.999985       704019     65536.00
    8585.215     0.999986       704023     72817.78
    8585.215     0.999988       704023     81920.00
    8585.215     0.999989       704023     93622.86
    8585.215     0.999991       704023    109226.67
    8593.407     0.999992       704025    131072.00
    8593.407     0.999993       704025    145635.56
    8593.407     0.999994       704025    163840.00
    8601.599     0.999995       704029    187245.71
    8601.599     1.000000       704029          inf
#[Mean    =     4119.488, StdDeviation   =     1779.331]
#[Max     =     8593.408, Total count    =       704029]
#[Buckets =           27, SubBuckets     =         2048]
-----------------------------------------------------------------------
  819286 requests in 1.17m, 222.83MB read
Requests/sec:  11704.28  
Transfer/sec:      3.18MB
