Running 1m test @ http://10.10.1.1:5000
  4 threads and 128 connections

  Thread calibration: mean lat.: 11.668ms, rate sampling interval: 44ms
  Thread calibration: mean lat.: 11.654ms, rate sampling interval: 44ms
  Thread calibration: mean lat.: 11.761ms, rate sampling interval: 45ms
  Thread calibration: mean lat.: 12.100ms, rate sampling interval: 46ms

-----------------------------------------------------------------------
Test Results @ http://10.10.1.1:5000 
  Thread Stats   Avg      Stdev     99%   +/- Stdev
    Latency    11.51ms    8.12ms  41.63ms   82.51%
    Req/Sec     1.27k   176.21     1.70k    67.88%
  Latency Distribution (HdrHistogram - Recorded Latency)
 50.000%    9.27ms
 75.000%   14.53ms
 90.000%   21.53ms
 99.000%   41.63ms
 99.900%   62.69ms
 99.990%   83.65ms
 99.999%   89.15ms
100.000%   94.72ms

  Detailed Percentile spectrum:
       Value   Percentile   TotalCount 1/(1-Percentile)

       1.310     0.000000            1         1.00
       4.155     0.100000        25112         1.11
       5.371     0.200000        50196         1.25
       6.543     0.300000        75216         1.43
       7.839     0.400000       100326         1.67
       9.271     0.500000       125460         2.00
      10.087     0.550000       137975         2.22
      10.983     0.600000       150463         2.50
      11.999     0.650000       163064         2.86
      13.143     0.700000       175498         3.33
      14.527     0.750000       188081         4.00
      15.303     0.775000       194321         4.44
      16.191     0.800000       200612         5.00
      17.215     0.825000       206887         5.71
      18.383     0.850000       213157         6.67
      19.807     0.875000       219428         8.00
      20.607     0.887500       222512         8.89
      21.535     0.900000       225656        10.00
      22.607     0.912500       228791        11.43
      23.855     0.925000       231941        13.33
      25.375     0.937500       235057        16.00
      26.271     0.943750       236612        17.78
      27.263     0.950000       238193        20.00
      28.431     0.956250       239748        22.86
      29.775     0.962500       241318        26.67
      31.343     0.968750       242886        32.00
      32.207     0.971875       243660        35.56
      33.247     0.975000       244455        40.00
      34.495     0.978125       245245        45.71
      35.935     0.981250       246027        53.33
      37.599     0.984375       246808        64.00
      38.559     0.985938       247194        71.11
      39.647     0.987500       247580        80.00
      40.831     0.989062       247969        91.43
      42.175     0.990625       248362       106.67
      43.807     0.992188       248757       128.00
      44.831     0.992969       248956       142.22
      45.887     0.993750       249146       160.00
      47.135     0.994531       249341       182.86
      48.479     0.995313       249537       213.33
      50.047     0.996094       249732       256.00
      51.039     0.996484       249836       284.44
      52.223     0.996875       249929       320.00
      53.471     0.997266       250026       365.71
      54.943     0.997656       250124       426.67
      56.607     0.998047       250222       512.00
      57.599     0.998242       250271       568.89
      58.911     0.998437       250320       640.00
      59.999     0.998633       250370       731.43
      61.215     0.998828       250418       853.33
      63.039     0.999023       250467      1024.00
      64.095     0.999121       250491      1137.78
      64.959     0.999219       250516      1280.00
      66.303     0.999316       250540      1462.86
      67.583     0.999414       250565      1706.67
      69.055     0.999512       250589      2048.00
      69.951     0.999561       250601      2275.56
      71.807     0.999609       250614      2560.00
      73.087     0.999658       250626      2925.71
      73.983     0.999707       250638      3413.33
      75.839     0.999756       250650      4096.00
      76.607     0.999780       250656      4551.11
      78.399     0.999805       250663      5120.00
      79.487     0.999829       250669      5851.43
      80.575     0.999854       250676      6826.67
      81.791     0.999878       250681      8192.00
      83.071     0.999890       250684      9102.22
      83.967     0.999902       250687     10240.00
      84.223     0.999915       250690     11702.86
      84.607     0.999927       250694     13653.33
      85.311     0.999939       250696     16384.00
      86.079     0.999945       250698     18204.44
      86.527     0.999951       250699     20480.00
      86.655     0.999957       250701     23405.71
      86.719     0.999963       250702     27306.67
      87.103     0.999969       250704     32768.00
      87.999     0.999973       250705     36408.89
      87.999     0.999976       250705     40960.00
      88.511     0.999979       250706     46811.43
      88.831     0.999982       250707     54613.33
      89.151     0.999985       250708     65536.00
      89.151     0.999986       250708     72817.78
      89.151     0.999988       250708     81920.00
      89.791     0.999989       250709     93622.86
      89.791     0.999991       250709    109226.67
      92.799     0.999992       250710    131072.00
      92.799     0.999993       250710    145635.56
      92.799     0.999994       250710    163840.00
      92.799     0.999995       250710    187245.71
      92.799     0.999995       250710    218453.33
      94.719     0.999996       250711    262144.00
      94.719     1.000000       250711          inf
#[Mean    =       11.508, StdDeviation   =        8.123]
#[Max     =       94.656, Total count    =       250711]
#[Buckets =           27, SubBuckets     =         2048]
-----------------------------------------------------------------------
  299290 requests in 1.00m, 79.59MB read
Requests/sec:   4988.18  
Transfer/sec:      1.33MB
