Running 1m test @ http://10.10.1.1:5000
  4 threads and 128 connections

  Thread calibration: mean lat.: 10.841ms, rate sampling interval: 40ms
  Thread calibration: mean lat.: 10.928ms, rate sampling interval: 40ms
  Thread calibration: mean lat.: 10.912ms, rate sampling interval: 40ms
  Thread calibration: mean lat.: 11.080ms, rate sampling interval: 41ms

-----------------------------------------------------------------------
Test Results @ http://10.10.1.1:5000 
  Thread Stats   Avg      Stdev     99%   +/- Stdev
    Latency    11.52ms    8.13ms  41.38ms   82.72%
    Req/Sec     1.27k   183.71     1.72k    68.90%
  Latency Distribution (HdrHistogram - Recorded Latency)
 50.000%    9.32ms
 75.000%   14.49ms
 90.000%   21.47ms
 99.000%   41.38ms
 99.900%   65.38ms
 99.990%   91.20ms
 99.999%  113.66ms
100.000%  135.29ms

  Detailed Percentile spectrum:
       Value   Percentile   TotalCount 1/(1-Percentile)

       1.357     0.000000            1         1.00
       4.195     0.100000        30175         1.11
       5.411     0.200000        60259         1.25
       6.599     0.300000        90386         1.43
       7.871     0.400000       120570         1.67
       9.319     0.500000       150686         2.00
      10.127     0.550000       165690         2.22
      11.023     0.600000       180865         2.50
      12.015     0.650000       195850         2.86
      13.159     0.700000       210918         3.33
      14.495     0.750000       225927         4.00
      15.271     0.775000       233510         4.44
      16.151     0.800000       240993         5.00
      17.167     0.825000       248540         5.71
      18.335     0.850000       256076         6.67
      19.727     0.875000       263584         8.00
      20.527     0.887500       267346         8.89
      21.471     0.900000       271135        10.00
      22.511     0.912500       274875        11.43
      23.775     0.925000       278660        13.33
      25.247     0.937500       282440        16.00
      26.111     0.943750       284294        17.78
      27.119     0.950000       286172        20.00
      28.239     0.956250       288075        22.86
      29.599     0.962500       289958        26.67
      31.167     0.968750       291824        32.00
      32.063     0.971875       292776        35.56
      33.087     0.975000       293718        40.00
      34.271     0.978125       294662        45.71
      35.583     0.981250       295586        53.33
      37.311     0.984375       296538        64.00
      38.303     0.985938       297005        71.11
      39.391     0.987500       297479        80.00
      40.575     0.989062       297940        91.43
      42.047     0.990625       298415       106.67
      43.647     0.992188       298881       128.00
      44.671     0.992969       299115       142.22
      45.855     0.993750       299355       160.00
      47.199     0.994531       299594       182.86
      48.575     0.995313       299821       213.33
      50.559     0.996094       300059       256.00
      51.583     0.996484       300174       284.44
      52.927     0.996875       300291       320.00
      54.303     0.997266       300409       365.71
      55.839     0.997656       300527       426.67
      57.663     0.998047       300647       512.00
      58.719     0.998242       300704       568.89
      60.159     0.998437       300763       640.00
      61.759     0.998633       300821       731.43
      63.327     0.998828       300882       853.33
      65.663     0.999023       300939      1024.00
      66.879     0.999121       300968      1137.78
      67.775     0.999219       300997      1280.00
      69.375     0.999316       301028      1462.86
      70.975     0.999414       301057      1706.67
      73.215     0.999512       301086      2048.00
      74.751     0.999561       301100      2275.56
      75.903     0.999609       301115      2560.00
      77.119     0.999658       301130      2925.71
      78.655     0.999707       301144      3413.33
      80.255     0.999756       301159      4096.00
      81.343     0.999780       301166      4551.11
      83.199     0.999805       301174      5120.00
      84.927     0.999829       301181      5851.43
      86.783     0.999854       301188      6826.67
      88.831     0.999878       301196      8192.00
      89.407     0.999890       301199      9102.22
      91.327     0.999902       301203     10240.00
      92.863     0.999915       301207     11702.86
      93.695     0.999927       301210     13653.33
      94.591     0.999939       301214     16384.00
      95.679     0.999945       301216     18204.44
      96.511     0.999951       301218     20480.00
      96.831     0.999957       301220     23405.71
      98.047     0.999963       301221     27306.67
     100.287     0.999969       301223     32768.00
     101.247     0.999973       301224     36408.89
     101.695     0.999976       301225     40960.00
     102.079     0.999979       301226     46811.43
     111.167     0.999982       301227     54613.33
     113.599     0.999985       301228     65536.00
     113.599     0.999986       301228     72817.78
     113.663     0.999988       301229     81920.00
     113.663     0.999989       301229     93622.86
     115.839     0.999991       301230    109226.67
     115.839     0.999992       301230    131072.00
     115.839     0.999993       301230    145635.56
     131.839     0.999994       301231    163840.00
     131.839     0.999995       301231    187245.71
     131.839     0.999995       301231    218453.33
     131.839     0.999996       301231    262144.00
     131.839     0.999997       301231    291271.11
     135.295     0.999997       301232    327680.00
     135.295     1.000000       301232          inf
#[Mean    =       11.520, StdDeviation   =        8.130]
#[Max     =      135.168, Total count    =       301232]
#[Buckets =           27, SubBuckets     =         2048]
-----------------------------------------------------------------------
  349809 requests in 1.17m, 93.13MB read
Requests/sec:   4997.31  
Transfer/sec:      1.33MB
