Running 1m test @ http://10.10.1.1:5000
  4 threads and 128 connections

  Thread calibration: mean lat.: 5.275ms, rate sampling interval: 17ms
  Thread calibration: mean lat.: 5.314ms, rate sampling interval: 17ms
  Thread calibration: mean lat.: 5.091ms, rate sampling interval: 16ms
  Thread calibration: mean lat.: 5.303ms, rate sampling interval: 17ms

-----------------------------------------------------------------------
Test Results @ http://10.10.1.1:5000 
  Thread Stats   Avg      Stdev     99%   +/- Stdev
    Latency     5.16ms    2.73ms  15.16ms   81.29%
    Req/Sec     2.32k   414.84     3.38k    68.72%
  Latency Distribution (HdrHistogram - Recorded Latency)
 50.000%    4.44ms
 75.000%    6.13ms
 90.000%    8.54ms
 99.000%   15.16ms
 99.900%   22.77ms
 99.990%   32.40ms
 99.999%   38.75ms
100.000%   42.81ms

  Detailed Percentile spectrum:
       Value   Percentile   TotalCount 1/(1-Percentile)

       1.293     0.000000            1         1.00
       2.679     0.100000        54083         1.11
       3.163     0.200000       108202         1.25
       3.577     0.300000       162133         1.43
       3.991     0.400000       216274         1.67
       4.439     0.500000       270272         2.00
       4.695     0.550000       297333         2.22
       4.975     0.600000       324301         2.50
       5.291     0.650000       351328         2.86
       5.671     0.700000       378351         3.33
       6.127     0.750000       405409         4.00
       6.391     0.775000       418853         4.44
       6.691     0.800000       432332         5.00
       7.039     0.825000       445836         5.71
       7.439     0.850000       459281         6.67
       7.939     0.875000       472863         8.00
       8.215     0.887500       479573         8.89
       8.543     0.900000       486402        10.00
       8.895     0.912500       493041        11.43
       9.327     0.925000       499833        13.33
       9.831     0.937500       506572        16.00
      10.127     0.943750       509988        17.78
      10.447     0.950000       513306        20.00
      10.823     0.956250       516691        22.86
      11.263     0.962500       520079        26.67
      11.791     0.968750       523447        32.00
      12.087     0.971875       525123        35.56
      12.447     0.975000       526809        40.00
      12.847     0.978125       528501        45.71
      13.295     0.981250       530194        53.33
      13.847     0.984375       531887        64.00
      14.151     0.985938       532725        71.11
      14.487     0.987500       533573        80.00
      14.887     0.989062       534413        91.43
      15.359     0.990625       535254       106.67
      15.919     0.992188       536104       128.00
      16.239     0.992969       536520       142.22
      16.607     0.993750       536947       160.00
      17.039     0.994531       537375       182.86
      17.487     0.995313       537785       213.33
      18.047     0.996094       538207       256.00
      18.383     0.996484       538421       284.44
      18.751     0.996875       538630       320.00
      19.135     0.997266       538838       365.71
      19.647     0.997656       539047       426.67
      20.303     0.998047       539259       512.00
      20.671     0.998242       539367       568.89
      21.119     0.998437       539470       640.00
      21.551     0.998633       539575       731.43
      22.143     0.998828       539680       853.33
      22.863     0.999023       539786      1024.00
      23.247     0.999121       539840      1137.78
      23.599     0.999219       539891      1280.00
      24.111     0.999316       539944      1462.86
      24.655     0.999414       539998      1706.67
      25.439     0.999512       540050      2048.00
      25.839     0.999561       540076      2275.56
      26.351     0.999609       540103      2560.00
      26.799     0.999658       540129      2925.71
      27.647     0.999707       540155      3413.33
      28.655     0.999756       540184      4096.00
      29.087     0.999780       540196      4551.11
      29.487     0.999805       540209      5120.00
      30.143     0.999829       540221      5851.43
      30.895     0.999854       540234      6826.67
      31.567     0.999878       540248      8192.00
      31.967     0.999890       540254      9102.22
      32.463     0.999902       540261     10240.00
      32.719     0.999915       540267     11702.86
      33.375     0.999927       540274     13653.33
      33.983     0.999939       540281     16384.00
      34.463     0.999945       540284     18204.44
      34.687     0.999951       540287     20480.00
      34.911     0.999957       540290     23405.71
      35.199     0.999963       540294     27306.67
      35.999     0.999969       540297     32768.00
      36.095     0.999973       540299     36408.89
      36.703     0.999976       540300     40960.00
      37.055     0.999979       540302     46811.43
      37.759     0.999982       540304     54613.33
      37.855     0.999985       540306     65536.00
      37.855     0.999986       540306     72817.78
      37.983     0.999988       540307     81920.00
      38.751     0.999989       540308     93622.86
      39.167     0.999991       540309    109226.67
      39.167     0.999992       540309    131072.00
      39.551     0.999993       540310    145635.56
      39.551     0.999994       540310    163840.00
      39.967     0.999995       540311    187245.71
      39.967     0.999995       540311    218453.33
      39.967     0.999996       540311    262144.00
      40.703     0.999997       540312    291271.11
      40.703     0.999997       540312    327680.00
      40.703     0.999997       540312    374491.43
      40.703     0.999998       540312    436906.67
      40.703     0.999998       540312    524288.00
      42.815     0.999998       540313    582542.22
      42.815     1.000000       540313          inf
#[Mean    =        5.165, StdDeviation   =        2.727]
#[Max     =       42.784, Total count    =       540313]
#[Buckets =           27, SubBuckets     =         2048]
-----------------------------------------------------------------------
  628282 requests in 1.17m, 168.87MB read
Requests/sec:   8975.66  
Transfer/sec:      2.41MB
