Running 1m test @ http://10.10.1.2:5000
  4 threads and 128 connections

  Thread calibration: mean lat.: 1223.546ms, rate sampling interval: 4485ms
  Thread calibration: mean lat.: 1210.566ms, rate sampling interval: 4505ms
  Thread calibration: mean lat.: 1072.607ms, rate sampling interval: 4028ms
  Thread calibration: mean lat.: 1085.658ms, rate sampling interval: 4198ms

-----------------------------------------------------------------------
Test Results @ http://10.10.1.2:5000 
  Thread Stats   Avg      Stdev     99%   +/- Stdev
    Latency     8.72s     3.88s   16.42s    59.71%
    Req/Sec     0.98k    12.30     1.00k    66.67%
  Latency Distribution (HdrHistogram - Recorded Latency)
 50.000%    8.59s 
 75.000%   11.85s 
 90.000%   14.11s 
 99.000%   16.42s 
 99.900%   17.40s 
 99.990%   18.12s 
 99.999%   18.28s 
100.000%   18.32s 

  Detailed Percentile spectrum:
       Value   Percentile   TotalCount 1/(1-Percentile)

     299.263     0.000000            1         1.00
    3520.511     0.100000        23556         1.11
    4792.319     0.200000        47125         1.25
    6090.751     0.300000        70692         1.43
    7331.839     0.400000        94213         1.67
    8593.407     0.500000       117740         2.00
    9215.999     0.550000       129556         2.22
    9887.743     0.600000       141385         2.50
   10567.679     0.650000       153181         2.86
   11198.463     0.700000       164872         3.33
   11845.631     0.750000       176718         4.00
   12206.079     0.775000       182525         4.44
   12591.103     0.800000       188416         5.00
   12943.359     0.825000       194306         5.71
   13336.575     0.850000       200261         6.67
   13705.215     0.875000       206163         8.00
   13893.631     0.887500       209082         8.89
   14114.815     0.900000       212010        10.00
   14311.423     0.912500       214864        11.43
   14524.415     0.925000       217854        13.33
   14770.175     0.937500       220827        16.00
   14901.247     0.943750       222307        17.78
   15032.319     0.950000       223775        20.00
   15171.583     0.956250       225218        22.86
   15327.231     0.962500       226678        26.67
   15515.647     0.968750       228147        32.00
   15630.335     0.971875       228876        35.56
   15720.447     0.975000       229575        40.00
   15843.327     0.978125       230335        45.71
   15974.399     0.981250       231065        53.33
   16113.663     0.984375       231796        64.00
   16195.583     0.985938       232169        71.11
   16277.503     0.987500       232530        80.00
   16375.807     0.989062       232904        91.43
   16457.727     0.990625       233279       106.67
   16547.839     0.992188       233633       128.00
   16596.991     0.992969       233798       142.22
   16670.719     0.993750       233984       160.00
   16752.639     0.994531       234176       182.86
   16842.751     0.995313       234365       213.33
   16924.671     0.996094       234538       256.00
   16990.207     0.996484       234636       284.44
   17039.359     0.996875       234725       320.00
   17088.511     0.997266       234830       365.71
   17137.663     0.997656       234914       426.67
   17186.815     0.998047       235001       512.00
   17219.583     0.998242       235050       568.89
   17252.351     0.998437       235089       640.00
   17285.119     0.998633       235134       731.43
   17350.655     0.998828       235178       853.33
   17399.807     0.999023       235223      1024.00
   17448.959     0.999121       235246      1137.78
   17498.111     0.999219       235272      1280.00
   17547.263     0.999316       235292      1462.86
   17612.799     0.999414       235316      1706.67
   17661.951     0.999512       235337      2048.00
   17694.719     0.999561       235352      2275.56
   17727.487     0.999609       235360      2560.00
   17776.639     0.999658       235373      2925.71
   17891.327     0.999707       235384      3413.33
   17940.479     0.999756       235396      4096.00
   17973.247     0.999780       235401      4551.11
   18006.015     0.999805       235408      5120.00
   18022.399     0.999829       235415      5851.43
   18038.783     0.999854       235419      6826.67
   18087.935     0.999878       235424      8192.00
   18104.319     0.999890       235426      9102.22
   18120.703     0.999902       235429     10240.00
   18153.471     0.999915       235431     11702.86
   18219.007     0.999927       235436     13653.33
   18235.391     0.999939       235439     16384.00
   18235.391     0.999945       235439     18204.44
   18251.775     0.999951       235443     20480.00
   18251.775     0.999957       235443     23405.71
   18251.775     0.999963       235443     27306.67
   18268.159     0.999969       235448     32768.00
   18268.159     0.999973       235448     36408.89
   18268.159     0.999976       235448     40960.00
   18268.159     0.999979       235448     46811.43
   18268.159     0.999982       235448     54613.33
   18268.159     0.999985       235448     65536.00
   18268.159     0.999986       235448     72817.78
   18284.543     0.999988       235449     81920.00
   18284.543     0.999989       235449     93622.86
   18284.543     0.999991       235449    109226.67
   18300.927     0.999992       235450    131072.00
   18300.927     0.999993       235450    145635.56
   18300.927     0.999994       235450    163840.00
   18300.927     0.999995       235450    187245.71
   18300.927     0.999995       235450    218453.33
   18317.311     0.999996       235451    262144.00
   18317.311     1.000000       235451          inf
#[Mean    =     8718.417, StdDeviation   =     3879.403]
#[Max     =    18300.928, Total count    =       235451]
#[Buckets =           27, SubBuckets     =         2048]
-----------------------------------------------------------------------
  274174 requests in 1.17m, 668.46MB read
Requests/sec:   3916.81  
Transfer/sec:      9.55MB
