Running 1m test @ http://10.10.1.2:5000
  4 threads and 128 connections

  Thread calibration: mean lat.: 0.807ms, rate sampling interval: 10ms
  Thread calibration: mean lat.: 0.842ms, rate sampling interval: 10ms
  Thread calibration: mean lat.: 0.827ms, rate sampling interval: 10ms
  Thread calibration: mean lat.: 0.827ms, rate sampling interval: 10ms

-----------------------------------------------------------------------
Test Results @ http://10.10.1.2:5000 
  Thread Stats   Avg      Stdev     99%   +/- Stdev
    Latency     0.85ms  391.34us   2.51ms   88.99%
    Req/Sec     1.32k   380.83     2.30k    69.85%
  Latency Distribution (HdrHistogram - Recorded Latency)
 50.000%  738.00us
 75.000%    0.85ms
 90.000%    1.29ms
 99.000%    2.51ms
 99.900%    3.77ms
 99.990%    5.20ms
 99.999%    6.67ms
100.000%    8.02ms

  Detailed Percentile spectrum:
       Value   Percentile   TotalCount 1/(1-Percentile)

       0.357     0.000000            1         1.00
       0.601     0.100000        30442         1.11
       0.644     0.200000        60855         1.25
       0.677     0.300000        91183         1.43
       0.707     0.400000       120954         1.67
       0.738     0.500000       151350         2.00
       0.754     0.550000       165875         2.22
       0.772     0.600000       180898         2.50
       0.793     0.650000       196298         2.86
       0.818     0.700000       211325         3.33
       0.850     0.750000       226084         4.00
       0.872     0.775000       233573         4.44
       0.901     0.800000       241002         5.00
       0.947     0.825000       248603         5.71
       1.029     0.850000       256046         6.67
       1.156     0.875000       263559         8.00
       1.226     0.887500       267350         8.89
       1.294     0.900000       271118        10.00
       1.369     0.912500       274869        11.43
       1.456     0.925000       278639        13.33
       1.561     0.937500       282389        16.00
       1.619     0.943750       284288        17.78
       1.680     0.950000       286164        20.00
       1.746     0.956250       288033        22.86
       1.823     0.962500       289914        26.67
       1.910     0.968750       291807        32.00
       1.962     0.971875       292751        35.56
       2.019     0.975000       293686        40.00
       2.083     0.978125       294626        45.71
       2.163     0.981250       295561        53.33
       2.267     0.984375       296518        64.00
       2.327     0.985938       296982        71.11
       2.391     0.987500       297453        80.00
       2.465     0.989062       297915        91.43
       2.549     0.990625       298385       106.67
       2.645     0.992188       298858       128.00
       2.709     0.992969       299094       142.22
       2.777     0.993750       299326       160.00
       2.851     0.994531       299561       182.86
       2.929     0.995313       299803       213.33
       3.019     0.996094       300032       256.00
       3.073     0.996484       300150       284.44
       3.133     0.996875       300268       320.00
       3.217     0.997266       300389       365.71
       3.297     0.997656       300504       426.67
       3.419     0.998047       300623       512.00
       3.481     0.998242       300681       568.89
       3.551     0.998437       300738       640.00
       3.605     0.998633       300798       731.43
       3.685     0.998828       300858       853.33
       3.775     0.999023       300914      1024.00
       3.819     0.999121       300946      1137.78
       3.857     0.999219       300973      1280.00
       3.905     0.999316       301003      1462.86
       3.989     0.999414       301032      1706.67
       4.075     0.999512       301061      2048.00
       4.111     0.999561       301076      2275.56
       4.175     0.999609       301091      2560.00
       4.255     0.999658       301106      2925.71
       4.347     0.999707       301120      3413.33
       4.515     0.999756       301135      4096.00
       4.619     0.999780       301142      4551.11
       4.695     0.999805       301150      5120.00
       4.779     0.999829       301157      5851.43
       4.863     0.999854       301164      6826.67
       5.027     0.999878       301172      8192.00
       5.119     0.999890       301175      9102.22
       5.263     0.999902       301179     10240.00
       5.427     0.999915       301183     11702.86
       5.539     0.999927       301186     13653.33
       6.043     0.999939       301190     16384.00
       6.091     0.999945       301192     18204.44
       6.135     0.999951       301194     20480.00
       6.419     0.999957       301196     23405.71
       6.459     0.999963       301197     27306.67
       6.567     0.999969       301199     32768.00
       6.579     0.999973       301200     36408.89
       6.591     0.999976       301201     40960.00
       6.595     0.999979       301202     46811.43
       6.619     0.999982       301203     54613.33
       6.647     0.999985       301204     65536.00
       6.647     0.999986       301204     72817.78
       6.667     0.999988       301205     81920.00
       6.667     0.999989       301205     93622.86
       6.735     0.999991       301206    109226.67
       6.735     0.999992       301206    131072.00
       6.735     0.999993       301206    145635.56
       7.519     0.999994       301207    163840.00
       7.519     0.999995       301207    187245.71
       7.519     0.999995       301207    218453.33
       7.519     0.999996       301207    262144.00
       7.519     0.999997       301207    291271.11
       8.015     0.999997       301208    327680.00
       8.015     1.000000       301208          inf
#[Mean    =        0.855, StdDeviation   =        0.391]
#[Max     =        8.012, Total count    =       301208]
#[Buckets =           27, SubBuckets     =         2048]
-----------------------------------------------------------------------
  349839 requests in 1.17m, 71.06MB read
Requests/sec:   4997.74  
Transfer/sec:      1.02MB
