Running for 60.0 seconds (120 samples at 0.5 second intervals).
Power measurements will start in 0 seconds time.

  Time    User  Nice   Sys  Idle    IO  Run Ctxt/s  IRQ/s Fork Exec Exit  Watts
08:40:30  41.4   0.0   9.2  49.4   0.0   14 503934 169262    1    1    1  86.64 
08:40:30  42.0   0.0  10.1  47.9   0.0   21 515896 171618    0    0    0  87.29 
08:40:31  46.0   0.0   9.8  44.1   0.0   11 505140 178408    0    0    0  89.28 
08:40:31  40.9   0.0   9.9  49.2   0.0   10 505164 164378    0    0    0  85.75 
08:40:32  41.5   0.0  10.9  47.6   0.0   19 515592 171660    0    0    0  86.91 
08:40:32  43.0   0.0  10.6  46.3   0.0   24 512978 176976    0    0    0  87.70 
08:40:33  41.6   0.0  10.3  48.1   0.0   22 513130 174774    0    0    0  86.97 
08:40:33  37.8   0.0  10.4  51.8   0.0   22 509668 171240    0    0    0  85.94 
08:40:34  41.6   0.0  10.4  48.0   0.0   17 505562 169508    0    0    0  87.24 
08:40:34  39.2   0.0   9.1  51.7   0.0   12 507422 165198    0    0    0  84.91 
08:40:35  40.0   0.0   8.9  51.1   0.0   19 506606 162868    0    0    0  85.49 
08:40:35  43.0   0.0   9.7  47.4   0.0   24 508444 169636    0    0    0  86.54 
08:40:36  42.1   0.0   9.4  48.5   0.0   23 514874 165886    0    0    0  86.88 
08:40:36  42.9   0.0  10.3  46.8   0.0   23 506294 170196    0    0    0  87.30 
08:40:37  41.7   0.0   9.8  48.5   0.0   12 510706 172840    0    0    0  86.38 
08:40:37  38.0   0.0   9.9  52.1   0.0   12 500822 165658    0    0    0  85.08 
08:40:38  41.1   0.0   9.3  49.6   0.0   39 506518 164376    0    0    0  86.12 
08:40:38  42.1   0.0  10.0  47.8   0.0   38 490792 166636    0    0    0  86.45 
08:40:39  40.0   0.0  10.6  49.3   0.0   22 508518 169254    0    0    0  86.68 
08:40:39  43.2   0.0  10.7  46.1   0.0   16 511104 178236    0    0    0  87.88 
08:40:40  41.3   0.0  11.1  47.6   0.0   26 504120 172998    0    0    0  86.62 
08:40:40  41.5   0.0  10.1  48.4   0.0   33 504038 169882    0    0    0  86.68 
08:40:41  41.5   0.0  10.6  47.9   0.0   27 518876 172038    0    0    0  87.08 
08:40:41  39.6   0.0  10.6  49.8   0.0    6 510490 170402    0    0    0  86.02 
08:40:42  41.9   0.0   9.4  48.7   0.0   23 511746 168944    0    0    0  86.83 
08:40:42  39.3   0.0   9.9  50.8   0.0   20 505504 162846    0    0    0  86.02 
08:40:43  41.6   0.0   9.9  48.4   0.1   17 521188 173276    0    0    0  86.82 
08:40:43  43.2   0.0  10.3  46.5   0.0   35 515846 178820    0    0    0  87.98 
08:40:44  43.5   0.0  10.4  46.1   0.0   24 516966 176832    0    0    0  88.42 
08:40:44  41.1   0.0   9.2  49.8   0.0   24 498082 166424    0    0    0  86.59 
08:40:45  41.6   0.0  10.0  48.4   0.0   14 515398 176552    0    0    0  86.76 
08:40:45  42.3   0.0  11.1  46.6   0.0   23 514638 180478    0    0    0  87.75 
08:40:46  43.1   0.0  10.4  46.5   0.0   15 515000 183562    0    0    0  87.85 
08:40:46  42.6   0.0  10.5  46.9   0.0   14 506722 175808    2    0    0  87.21 
08:40:47  38.9   0.0  10.6  50.5   0.0   47 517628 165948    0    0    0  86.15 
08:40:47  41.7   0.0   9.7  48.6   0.0    9 511816 164516    0    0    0  86.88 
08:40:48  41.9   0.0  10.6  47.5   0.0    8 512410 168284    0    0    0  86.58 
08:40:48  40.7   0.0   9.9  49.4   0.0   16 509556 166504    0    0    0  85.88 
08:40:49  39.9   0.0  10.5  49.5   0.0   27 509944 168076    0    0    0  86.74 
08:40:49  40.6   0.0  10.1  49.2   0.0    9 507218 170726    0    0    0  86.85 
08:40:50  39.9   0.0  10.3  49.8   0.0   16 507014 158990    0    0    0  86.27 
08:40:50  39.7   0.0  10.0  50.3   0.0   18 512990 168694    0    0    0  86.40 
08:40:51  39.9   0.0   9.2  51.0   0.0   41 518806 164392    0    0    0  86.12 
08:40:51  40.4   0.0  11.5  48.1   0.0   11 505340 175088    0    0    0  86.79 
08:40:52  40.7   0.0  10.7  48.6   0.0   25 513064 169780    0    0    0  86.97 
08:40:52  38.8   0.0  10.9  50.3   0.0   24 505934 170902    0    0    0  86.20 
08:40:53  40.5   0.0  10.1  49.4   0.0   16 508340 165456    0    0    0  86.58 
08:40:53  40.7   0.0   9.6  49.7   0.0   15 502272 167090    0    0    0  86.47 
08:40:54  42.8   0.0  10.3  46.8   0.1   26 513248 175362    0    0    0  87.65 
08:40:54  41.1   0.0   9.2  49.7   0.0   32 505692 172116    0    0    0  86.97 
08:40:55  40.4   0.0   9.7  49.9   0.0   22 508128 165272    0    0    0  86.22 
08:40:55  39.7   0.0  11.6  48.7   0.0   14 505930 172596    0    0    0  86.99 
08:40:56  41.5   0.0   9.9  48.6   0.0   49 511532 167916    0    0    0  87.32 
08:40:56  41.8   0.0  10.9  47.3   0.0   27 515112 174770    0    0    0  88.60 
08:40:57  39.8   0.0  10.1  50.1   0.0   11 512138 165924    0    0    0  86.37 
08:40:57  40.0   0.0   9.5  50.5   0.0   14 512182 164356    0    0    0  86.26 
08:40:58  40.5   0.0   9.8  49.6   0.0   25 504282 163674    1    0    0  86.10 
08:40:58  38.7   0.0  10.2  51.1   0.0   18 514602 171218    0    0    0  86.35 
08:40:59  40.9   0.0  10.7  48.4   0.0   16 513848 169248    1    0    0  87.24 
08:40:59  39.4   0.0   9.4  51.2   0.0   31 505976 165270    0    0    0  85.95 
08:41:00  41.6   0.0  10.0  48.4   0.0   28 508838 172668    0    0    0  87.05 
08:41:00  41.9   0.0  10.2  47.8   0.1   13 511822 168270    0    0    0  87.98 
08:41:01  40.3   0.0   9.8  49.9   0.0   26 510678 167158    0    0    0  86.41 
08:41:01  39.5   0.0   9.8  50.7   0.0   14 509572 168572    0    0    0  86.38 
08:41:02  40.6   0.0  10.8  48.5   0.0   12 508726 167114    2    0    0  86.31 
08:41:02  40.2   0.0   9.7  50.1   0.0   21 507188 165510    0    0    0  85.81 
08:41:03  40.7   0.0  10.6  48.7   0.0   12 506358 171614    0    0    0  86.95 
08:41:03  41.7   0.0  11.5  46.9   0.0   27 510302 170002    0    0    0  87.87 
08:41:04  40.0   0.0   9.3  50.7   0.0   16 518608 164564    0    0    0  86.53 
08:41:04  38.5   0.0   9.7  51.8   0.0   42 511864 162658    0    0    0  85.64 
08:41:05  41.4   0.0  10.0  48.6   0.0    9 511642 172674    0    0    0  86.94 
08:41:05  40.3   0.0   9.6  50.1   0.0   32 506822 169186    0    0    0  86.50 
08:41:06  43.6   0.0  10.6  45.8   0.0   14 509614 171398    0    0    0  87.88 
08:41:06  37.9   0.0  10.2  51.9   0.0   30 510926 168628    0    0    0  85.72 
08:41:07  42.6   0.0   9.7  47.7   0.1   29 511176 169064    0    0    0  87.28 
08:41:07  40.7   0.0  10.4  48.6   0.3   13 504820 168726    0    0    0  86.54 
08:41:08  39.8   0.0  10.5  49.7   0.0   13 514208 170288    0    0    0  86.77 
08:41:08  42.7   0.0  10.5  46.8   0.0   12 517750 171620    0    0    0  87.34 
08:41:09  41.6   0.0   9.8  48.7   0.0   24 514152 173178    0    0    0  87.07 
08:41:09  41.4   0.0  11.4  47.1   0.0   13 510588 169988    0    0    0  88.10 
08:41:10  41.8   0.0  10.1  48.1   0.0    7 511610 169720    0    0    0  87.08 
08:41:10  41.1   0.0   9.1  49.8   0.0   26 507546 163588    0    0    0  86.50 
08:41:11  37.7   0.0   9.8  52.6   0.0   15 508608 159416    0    0    0  84.72 
08:41:11  40.0   0.0  10.9  49.1   0.0   12 514532 171154    0    0    0  87.30 
08:41:12  41.5   0.0   9.5  49.0   0.0   11 504044 166076    0    0    0  86.08 
08:41:12  41.0   0.0  10.8  48.2   0.0   26 511732 171246    2    0    0  86.63 
08:41:13  44.4   0.0  11.4  44.2   0.0   27 504110 176692    0    0    0  88.20 
08:41:13  41.1   0.0  10.7  48.1   0.1   31 513252 172876    0    0    0  86.92 
08:41:14  44.0   0.0  11.4  44.6   0.0   14 515198 181102    0    0    0  88.54 
08:41:14  43.2   0.0  10.6  46.1   0.0   17 515668 172520    0    0    0  87.65 
08:41:15  42.0   0.0  10.8  47.2   0.0   15 511292 175724    0    0    0  87.43 
08:41:15  42.1   0.0  10.8  47.1   0.0   41 512756 171810    0    0    0  88.04 
08:41:16  42.0   0.0  10.6  47.4   0.0    8 508440 172554    0    0    0  87.03 
08:41:16  41.8   0.0  10.2  47.9   0.0   33 509212 165108    0    0    0  86.43 
08:41:17  39.0   0.0  10.5  50.5   0.0   25 513580 169656    0    0    0  86.22 
08:41:17  40.6   0.0  10.1  49.2   0.0   41 512874 168634    0    0    0  86.10 
08:41:18  41.1   0.0   9.5  49.4   0.0   21 514438 165990    0    0    0  86.10 
08:41:18  41.7   0.0   9.7  48.6   0.0   37 499564 165264    0    0    0  86.24 
08:41:19  38.8   0.0   9.4  51.8   0.0   12 502548 165410    0    0    0  85.39 
08:41:19  39.0   0.0   9.1  51.9   0.0   35 503154 157890    0    0    0  85.58 
08:41:20  43.0   0.0  10.8  46.2   0.0   10 521566 176982    0    0    0  88.58 
08:41:20  41.8   0.0   9.4  48.9   0.0   24 509796 167288    0    0    0  86.55 
08:41:21  37.7   0.0   9.2  53.1   0.0   18 497876 157382    0    0    0  84.45 
08:41:21  43.3   0.0   9.9  46.8   0.0   32 510326 171968    0    0    0  87.69 
08:41:22  41.3   0.0  10.1  48.6   0.0   19 516354 169046    0    0    0  86.93 
08:41:22  39.8   0.0  10.2  50.0   0.0    7 516760 167750    0    0    0  86.66 
08:41:23  40.4   0.0  10.4  49.1   0.0   19 508790 170320    0    0    0  86.94 
08:41:23  42.1   0.0  10.3  47.6   0.0   22 507394 173586    0    0    0  87.64 
08:41:24  41.3   0.0   9.7  49.0   0.0    9 498120 161488    0    0    0  85.77 
08:41:24  40.4   0.0   9.8  49.8   0.0   43 505924 160612    0    0    0  86.40 
08:41:25  39.8   0.0  10.4  49.8   0.0   20 515062 166104    0    0    0  85.87 
08:41:25  40.5   0.0  10.3  49.2   0.0   27 509836 166626    0    0    0  86.84 
08:41:26  41.2   0.0  10.1  48.7   0.0   14 517212 171460    0    0    0  86.95 
08:41:26  40.5   0.0  10.3  49.2   0.0   19 516826 169742    0    0    0  86.45 
08:41:27  41.0   0.0   9.3  49.7   0.0   11 506890 168150    0    0    0  86.68 
08:41:27  40.4   0.0  10.0  49.6   0.0   21 507890 167584    0    0    0  86.29 
08:41:28  39.2   0.0   8.7  52.1   0.0   18 515488 162412    0    0    0  85.87 
08:41:28  41.3   0.0  10.1  48.5   0.0   31 504634 171822    0    0    0  86.83 
08:41:29  41.6   0.0  11.2  47.1   0.1   22 521240 174692    0    0    0  87.68 
08:41:29  41.1   0.0  10.4  48.5   0.0   21 514378 169518    0    0    0  86.74 
-------- ----- ----- ----- ----- ----- ---- ------ ------ ---- ---- ---- ------ 
 Average  41.0   0.0  10.2  48.8   0.0 21.1 510124.6 169412.3  0.1  0.0  0.0  86.75 
 GeoMean  41.0   0.0  10.1  48.8   0.0 19.1 510097.3 169345.0  0.0  0.0  0.0  86.75 
  StdDev   1.5   0.0   0.6   1.7   0.0  9.3 5269.7 4780.3  0.3  0.1  0.1   0.82 
-------- ----- ----- ----- ----- ----- ---- ------ ------ ---- ---- ---- ------ 
 Minimum  37.7   0.0   8.7  44.1   0.0  6.0 490792.0 157382.0  0.0  0.0  0.0  84.45 
 Maximum  46.0   0.0  11.6  53.1   0.3 49.0 521566.0 183562.0  2.0  1.0  1.0  89.28 
-------- ----- ----- ----- ----- ----- ---- ------ ------ ---- ---- ---- ------ 
Summary:
CPU:  86.75 Watts on average with standard deviation 0.82  
Note: power read from RAPL domains: dram, package-0, dram, package-1.
These readings do not cover all the hardware in this device.
