Running 1m test @ http://10.10.1.2:5000
  4 threads and 128 connections

  Thread calibration: mean lat.: 0.433ms, rate sampling interval: 10ms
  Thread calibration: mean lat.: 0.435ms, rate sampling interval: 10ms
  Thread calibration: mean lat.: 0.443ms, rate sampling interval: 10ms
  Thread calibration: mean lat.: 0.442ms, rate sampling interval: 10ms

-----------------------------------------------------------------------
Test Results @ http://10.10.1.2:5000 
  Thread Stats   Avg      Stdev     99%   +/- Stdev
    Latency   390.31us  143.24us   0.96ms   87.54%
    Req/Sec   791.57    290.61     1.55k    69.15%
  Latency Distribution (HdrHistogram - Recorded Latency)
 50.000%  356.00us
 75.000%  422.00us
 90.000%  545.00us
 99.000%    0.96ms
 99.900%    1.53ms
 99.990%    2.32ms
 99.999%    2.85ms
100.000%    3.04ms

  Detailed Percentile spectrum:
       Value   Percentile   TotalCount 1/(1-Percentile)

       0.204     0.000000            2         1.00
       0.273     0.100000        18480         1.11
       0.294     0.200000        36132         1.25
       0.316     0.300000        54729         1.43
       0.335     0.400000        72440         1.67
       0.356     0.500000        90864         2.00
       0.366     0.550000        99327         2.22
       0.378     0.600000       108758         2.50
       0.390     0.650000       117377         2.86
       0.404     0.700000       126325         3.33
       0.422     0.750000       135496         4.00
       0.433     0.775000       139997         4.44
       0.446     0.800000       144351         5.00
       0.462     0.825000       148717         5.71
       0.483     0.850000       153226         6.67
       0.510     0.875000       157760         8.00
       0.526     0.887500       160002         8.89
       0.545     0.900000       162251        10.00
       0.566     0.912500       164567        11.43
       0.589     0.925000       166733        13.33
       0.617     0.937500       169009        16.00
       0.633     0.943750       170161        17.78
       0.651     0.950000       171258        20.00
       0.672     0.956250       172358        22.86
       0.698     0.962500       173510        26.67
       0.728     0.968750       174637        32.00
       0.745     0.971875       175168        35.56
       0.768     0.975000       175741        40.00
       0.795     0.978125       176312        45.71
       0.826     0.981250       176860        53.33
       0.863     0.984375       177420        64.00
       0.888     0.985938       177710        71.11
       0.913     0.987500       177985        80.00
       0.943     0.989062       178264        91.43
       0.978     0.990625       178546       106.67
       1.015     0.992188       178831       128.00
       1.039     0.992969       178968       142.22
       1.066     0.993750       179112       160.00
       1.095     0.994531       179251       182.86
       1.131     0.995313       179392       213.33
       1.170     0.996094       179531       256.00
       1.194     0.996484       179603       284.44
       1.220     0.996875       179672       320.00
       1.247     0.997266       179743       365.71
       1.278     0.997656       179813       426.67
       1.324     0.998047       179883       512.00
       1.352     0.998242       179920       568.89
       1.382     0.998437       179954       640.00
       1.426     0.998633       179989       731.43
       1.468     0.998828       180024       853.33
       1.537     0.999023       180059      1024.00
       1.578     0.999121       180077      1137.78
       1.611     0.999219       180095      1280.00
       1.658     0.999316       180112      1462.86
       1.700     0.999414       180130      1706.67
       1.761     0.999512       180147      2048.00
       1.820     0.999561       180156      2275.56
       1.856     0.999609       180165      2560.00
       1.912     0.999658       180174      2925.71
       1.969     0.999707       180183      3413.33
       2.019     0.999756       180191      4096.00
       2.051     0.999780       180196      4551.11
       2.073     0.999805       180200      5120.00
       2.155     0.999829       180205      5851.43
       2.195     0.999854       180210      6826.67
       2.205     0.999878       180213      8192.00
       2.267     0.999890       180216      9102.22
       2.331     0.999902       180218     10240.00
       2.365     0.999915       180220     11702.86
       2.399     0.999927       180222     13653.33
       2.417     0.999939       180224     16384.00
       2.449     0.999945       180226     18204.44
       2.487     0.999951       180227     20480.00
       2.489     0.999957       180228     23405.71
       2.585     0.999963       180229     27306.67
       2.589     0.999969       180230     32768.00
       2.599     0.999973       180231     36408.89
       2.599     0.999976       180231     40960.00
       2.625     0.999979       180232     46811.43
       2.625     0.999982       180232     54613.33
       2.851     0.999985       180233     65536.00
       2.851     0.999986       180233     72817.78
       2.851     0.999988       180233     81920.00
       2.897     0.999989       180234     93622.86
       2.897     0.999991       180234    109226.67
       2.897     0.999992       180234    131072.00
       2.897     0.999993       180234    145635.56
       2.897     0.999994       180234    163840.00
       3.039     0.999995       180235    187245.71
       3.039     1.000000       180235          inf
#[Mean    =        0.390, StdDeviation   =        0.143]
#[Max     =        3.038, Total count    =       180235]
#[Buckets =           27, SubBuckets     =         2048]
-----------------------------------------------------------------------
  209488 requests in 1.17m, 42.55MB read
Requests/sec:   2992.73  
Transfer/sec:    622.51KB
