Running 1m test @ http://10.10.1.2:5000
  4 threads and 128 connections

  Thread calibration: mean lat.: 6.973ms, rate sampling interval: 29ms
  Thread calibration: mean lat.: 7.514ms, rate sampling interval: 30ms
  Thread calibration: mean lat.: 7.021ms, rate sampling interval: 28ms
  Thread calibration: mean lat.: 7.339ms, rate sampling interval: 29ms

-----------------------------------------------------------------------
Test Results @ http://10.10.1.2:5000 
  Thread Stats   Avg      Stdev     99%   +/- Stdev
    Latency     7.14ms    5.48ms  21.66ms   77.05%
    Req/Sec   254.72     94.32   500.00     70.06%
  Latency Distribution (HdrHistogram - Recorded Latency)
 50.000%    6.95ms
 75.000%   10.93ms
 90.000%   14.71ms
 99.000%   21.66ms
 99.900%   29.07ms
 99.990%   37.31ms
 99.999%   40.29ms
100.000%   41.92ms

  Detailed Percentile spectrum:
       Value   Percentile   TotalCount 1/(1-Percentile)

       1.225     0.000000            1         1.00
       1.738     0.100000         6015         1.11
       1.959     0.200000        12037         1.25
       2.237     0.300000        18063         1.43
       2.705     0.400000        24064         1.67
       6.947     0.500000        30076         2.00
       7.903     0.550000        33085         2.22
       8.631     0.600000        36112         2.50
       9.335     0.650000        39097         2.86
      10.087     0.700000        42111         3.33
      10.927     0.750000        45129         4.00
      11.399     0.775000        46609         4.44
      11.919     0.800000        48122         5.00
      12.479     0.825000        49620         5.71
      13.135     0.850000        51117         6.67
      13.871     0.875000        52622         8.00
      14.287     0.887500        53374         8.89
      14.711     0.900000        54127        10.00
      15.207     0.912500        54872        11.43
      15.759     0.925000        55629        13.33
      16.367     0.937500        56374        16.00
      16.735     0.943750        56766        17.78
      17.087     0.950000        57128        20.00
      17.487     0.956250        57502        22.86
      17.967     0.962500        57886        26.67
      18.511     0.968750        58262        32.00
      18.847     0.971875        58440        35.56
      19.183     0.975000        58630        40.00
      19.535     0.978125        58824        45.71
      19.951     0.981250        59004        53.33
      20.431     0.984375        59192        64.00
      20.671     0.985938        59288        71.11
      21.007     0.987500        59382        80.00
      21.439     0.989062        59479        91.43
      21.823     0.990625        59568       106.67
      22.319     0.992188        59665       128.00
      22.671     0.992969        59710       142.22
      23.167     0.993750        59756       160.00
      23.535     0.994531        59803       182.86
      23.983     0.995313        59852       213.33
      24.431     0.996094        59897       256.00
      24.783     0.996484        59921       284.44
      25.215     0.996875        59945       320.00
      25.567     0.997266        59967       365.71
      26.207     0.997656        59991       426.67
      27.023     0.998047        60014       512.00
      27.311     0.998242        60026       568.89
      27.839     0.998437        60038       640.00
      28.079     0.998633        60049       731.43
      28.463     0.998828        60061       853.33
      29.295     0.999023        60073      1024.00
      29.487     0.999121        60079      1137.78
      29.791     0.999219        60086      1280.00
      29.919     0.999316        60090      1462.86
      30.287     0.999414        60096      1706.67
      31.295     0.999512        60102      2048.00
      31.583     0.999561        60106      2275.56
      31.631     0.999609        60108      2560.00
      31.887     0.999658        60111      2925.71
      32.543     0.999707        60114      3413.33
      33.023     0.999756        60117      4096.00
      33.151     0.999780        60118      4551.11
      33.375     0.999805        60120      5120.00
      33.663     0.999829        60121      5851.43
      34.591     0.999854        60123      6826.67
      36.607     0.999878        60124      8192.00
      37.311     0.999890        60125      9102.22
      37.599     0.999902        60127     10240.00
      37.599     0.999915        60127     11702.86
      37.599     0.999927        60127     13653.33
      38.463     0.999939        60128     16384.00
      38.463     0.999945        60128     18204.44
      38.527     0.999951        60129     20480.00
      38.527     0.999957        60129     23405.71
      38.527     0.999963        60129     27306.67
      40.287     0.999969        60130     32768.00
      40.287     0.999973        60130     36408.89
      40.287     0.999976        60130     40960.00
      40.287     0.999979        60130     46811.43
      40.287     0.999982        60130     54613.33
      41.919     0.999985        60131     65536.00
      41.919     1.000000        60131          inf
#[Mean    =        7.139, StdDeviation   =        5.479]
#[Max     =       41.888, Total count    =        60131]
#[Buckets =           27, SubBuckets     =         2048]
-----------------------------------------------------------------------
  70058 requests in 1.17m, 170.73MB read
Requests/sec:   1000.61  
Transfer/sec:      2.44MB
