Running 1m test @ http://10.10.1.1:5000
  4 threads and 128 connections

  Thread calibration: mean lat.: 4124.333ms, rate sampling interval: 14712ms
  Thread calibration: mean lat.: 4118.269ms, rate sampling interval: 14647ms
  Thread calibration: mean lat.: 4142.804ms, rate sampling interval: 14647ms
  Thread calibration: mean lat.: 4145.803ms, rate sampling interval: 14540ms

-----------------------------------------------------------------------
Test Results @ http://10.10.1.1:5000 
  Thread Stats   Avg      Stdev     99%   +/- Stdev
    Latency    32.32s    13.97s    0.94m    57.81%
    Req/Sec   433.12      4.78   445.00     68.75%
  Latency Distribution (HdrHistogram - Recorded Latency)
 50.000%   32.31s 
 75.000%   44.40s 
 90.000%    0.86m 
 99.000%    0.94m 
 99.900%    0.95m 
 99.990%    0.96m 
 99.999%    0.96m 
100.000%    0.96m 

  Detailed Percentile spectrum:
       Value   Percentile   TotalCount 1/(1-Percentile)

    7540.735     0.000000            1         1.00
   12951.551     0.100000        10405         1.11
   17858.559     0.200000        20827         1.25
   22675.455     0.300000        31194         1.43
   27426.815     0.400000        41610         1.67
   32309.247     0.500000        51989         2.00
   34766.847     0.550000        57204         2.22
   37158.911     0.600000        62439         2.50
   39550.975     0.650000        67580         2.86
   42008.575     0.700000        72787         3.33
   44400.639     0.750000        78001         4.00
   45678.591     0.775000        80634         4.44
   46891.007     0.800000        83238         5.00
   48070.655     0.825000        85777         5.71
   49250.303     0.850000        88375         6.67
   50495.487     0.875000        91007         8.00
   51085.311     0.887500        92299         8.89
   51707.903     0.900000        93590        10.00
   52297.727     0.912500        94906        11.43
   52887.551     0.925000        96203        13.33
   53477.375     0.937500        97488        16.00
   53805.055     0.943750        98180        17.78
   54099.967     0.950000        98782        20.00
   54394.879     0.956250        99420        22.86
   54722.559     0.962500       100098        26.67
   55017.471     0.968750       100723        32.00
   55181.311     0.971875       101086        35.56
   55345.151     0.975000       101428        40.00
   55476.223     0.978125       101713        45.71
   55640.063     0.981250       102045        53.33
   55803.903     0.984375       102364        64.00
   55902.207     0.985938       102544        71.11
   55967.743     0.987500       102665        80.00
   56066.047     0.989062       102847        91.43
   56164.351     0.990625       103027       106.67
   56262.655     0.992188       103190       128.00
   56295.423     0.992969       103234       142.22
   56360.959     0.993750       103317       160.00
   56426.495     0.994531       103400       182.86
   56492.031     0.995313       103485       213.33
   56557.567     0.996094       103558       256.00
   56623.103     0.996484       103622       284.44
   56655.871     0.996875       103647       320.00
   56721.407     0.997266       103701       365.71
   56754.175     0.997656       103732       426.67
   56819.711     0.998047       103765       512.00
   56885.247     0.998242       103793       568.89
   56918.015     0.998437       103806       640.00
   56983.551     0.998633       103828       731.43
   57049.087     0.998828       103849       853.33
   57081.855     0.999023       103864      1024.00
   57114.623     0.999121       103874      1137.78
   57147.391     0.999219       103883      1280.00
   57212.927     0.999316       103898      1462.86
   57245.695     0.999414       103908      1706.67
   57278.463     0.999512       103917      2048.00
   57311.231     0.999561       103923      2275.56
   57343.999     0.999609       103926      2560.00
   57376.767     0.999658       103935      2925.71
   57376.767     0.999707       103935      3413.33
   57409.535     0.999756       103939      4096.00
   57540.607     0.999780       103944      4551.11
   57540.607     0.999805       103944      5120.00
   57606.143     0.999829       103947      5851.43
   57638.911     0.999854       103952      6826.67
   57638.911     0.999878       103952      8192.00
   57671.679     0.999890       103956      9102.22
   57671.679     0.999902       103956     10240.00
   57671.679     0.999915       103956     11702.86
   57704.447     0.999927       103958     13653.33
   57704.447     0.999939       103958     16384.00
   57737.215     0.999945       103960     18204.44
   57737.215     0.999951       103960     20480.00
   57737.215     0.999957       103960     23405.71
   57769.983     0.999963       103964     27306.67
   57769.983     1.000000       103964          inf
#[Mean    =    32320.997, StdDeviation   =    13969.266]
#[Max     =    57737.216, Total count    =       103964]
#[Buckets =           27, SubBuckets     =         2048]
-----------------------------------------------------------------------
  121031 requests in 1.17m, 295.67MB read
  Socket errors: connect 0, read 0, write 0, timeout 3
Requests/sec:   1728.91  
Transfer/sec:      4.22MB
