Running 1m test @ http://10.10.1.1:5000
  4 threads and 128 connections

  Thread calibration: mean lat.: 3.386ms, rate sampling interval: 10ms
  Thread calibration: mean lat.: 3.259ms, rate sampling interval: 10ms
  Thread calibration: mean lat.: 3.349ms, rate sampling interval: 10ms
  Thread calibration: mean lat.: 3.348ms, rate sampling interval: 10ms

-----------------------------------------------------------------------
Test Results @ http://10.10.1.1:5000 
  Thread Stats   Avg      Stdev     99%   +/- Stdev
    Latency     3.21ms    1.32ms   7.95ms   79.59%
    Req/Sec     1.85k   470.80     3.00k    68.77%
  Latency Distribution (HdrHistogram - Recorded Latency)
 50.000%    2.90ms
 75.000%    3.72ms
 90.000%    4.83ms
 99.000%    7.95ms
 99.900%   11.67ms
 99.990%   16.27ms
 99.999%   20.67ms
100.000%   25.49ms

  Detailed Percentile spectrum:
       Value   Percentile   TotalCount 1/(1-Percentile)

       1.141     0.000000            1         1.00
       1.952     0.100000        42037         1.11
       2.201     0.200000        84130         1.25
       2.427     0.300000       126329         1.43
       2.657     0.400000       168335         1.67
       2.903     0.500000       210453         2.00
       3.035     0.550000       231434         2.22
       3.175     0.600000       252359         2.50
       3.331     0.650000       273467         2.86
       3.509     0.700000       294298         3.33
       3.721     0.750000       315459         4.00
       3.841     0.775000       325807         4.44
       3.977     0.800000       336387         5.00
       4.135     0.825000       346928         5.71
       4.319     0.850000       357343         6.67
       4.543     0.875000       367869         8.00
       4.679     0.887500       373199         8.89
       4.827     0.900000       378451        10.00
       4.995     0.912500       383587        11.43
       5.199     0.925000       388863        13.33
       5.443     0.937500       394174        16.00
       5.583     0.943750       396769        17.78
       5.735     0.950000       399351        20.00
       5.923     0.956250       402020        22.86
       6.127     0.962500       404611        26.67
       6.371     0.968750       407255        32.00
       6.511     0.971875       408564        35.56
       6.675     0.975000       409871        40.00
       6.851     0.978125       411186        45.71
       7.055     0.981250       412502        53.33
       7.303     0.984375       413809        64.00
       7.455     0.985938       414466        71.11
       7.631     0.987500       415119        80.00
       7.815     0.989062       415769        91.43
       8.031     0.990625       416430       106.67
       8.279     0.992188       417090       128.00
       8.423     0.992969       417414       142.22
       8.599     0.993750       417739       160.00
       8.799     0.994531       418070       182.86
       9.023     0.995313       418396       213.33
       9.327     0.996094       418725       256.00
       9.479     0.996484       418890       284.44
       9.647     0.996875       419056       320.00
       9.855     0.997266       419220       365.71
      10.103     0.997656       419384       426.67
      10.415     0.998047       419545       512.00
      10.655     0.998242       419632       568.89
      10.831     0.998437       419712       640.00
      11.087     0.998633       419793       731.43
      11.407     0.998828       419875       853.33
      11.751     0.999023       419956      1024.00
      11.919     0.999121       419997      1137.78
      12.135     0.999219       420038      1280.00
      12.455     0.999316       420079      1462.86
      12.807     0.999414       420121      1706.67
      13.103     0.999512       420163      2048.00
      13.327     0.999561       420183      2275.56
      13.567     0.999609       420202      2560.00
      13.839     0.999658       420223      2925.71
      14.135     0.999707       420244      3413.33
      14.487     0.999756       420264      4096.00
      14.727     0.999780       420274      4551.11
      14.975     0.999805       420284      5120.00
      15.159     0.999829       420295      5851.43
      15.471     0.999854       420305      6826.67
      15.791     0.999878       420315      8192.00
      16.015     0.999890       420320      9102.22
      16.399     0.999902       420326     10240.00
      16.735     0.999915       420331     11702.86
      17.263     0.999927       420336     13653.33
      17.679     0.999939       420341     16384.00
      17.759     0.999945       420343     18204.44
      17.935     0.999951       420346     20480.00
      18.527     0.999957       420349     23405.71
      18.847     0.999963       420351     27306.67
      19.135     0.999969       420355     32768.00
      19.135     0.999973       420355     36408.89
      19.551     0.999976       420356     40960.00
      20.143     0.999979       420358     46811.43
      20.335     0.999982       420359     54613.33
      20.367     0.999985       420360     65536.00
      20.543     0.999986       420361     72817.78
      20.543     0.999988       420361     81920.00
      20.671     0.999989       420362     93622.86
      20.719     0.999991       420363    109226.67
      20.719     0.999992       420363    131072.00
      21.135     0.999993       420364    145635.56
      21.135     0.999994       420364    163840.00
      21.135     0.999995       420364    187245.71
      24.079     0.999995       420365    218453.33
      24.079     0.999996       420365    262144.00
      24.079     0.999997       420365    291271.11
      24.079     0.999997       420365    327680.00
      24.079     0.999997       420365    374491.43
      25.487     0.999998       420366    436906.67
      25.487     1.000000       420366          inf
#[Mean    =        3.210, StdDeviation   =        1.322]
#[Max     =       25.472, Total count    =       420366]
#[Buckets =           27, SubBuckets     =         2048]
-----------------------------------------------------------------------
  488731 requests in 1.17m, 131.42MB read
Requests/sec:   6981.95  
Transfer/sec:      1.88MB
