Running 1m test @ http://10.10.1.1:5000
  4 threads and 128 connections

  Thread calibration: mean lat.: 4226.016ms, rate sampling interval: 15319ms
  Thread calibration: mean lat.: 3918.068ms, rate sampling interval: 14098ms
  Thread calibration: mean lat.: 4252.255ms, rate sampling interval: 15532ms
  Thread calibration: mean lat.: 4341.940ms, rate sampling interval: 15597ms

-----------------------------------------------------------------------
Test Results @ http://10.10.1.1:5000 
  Thread Stats   Avg      Stdev     99%   +/- Stdev
    Latency    34.40s    14.94s    1.00m    57.96%
    Req/Sec   437.77      5.13   443.00     92.31%
  Latency Distribution (HdrHistogram - Recorded Latency)
 50.000%   34.41s 
 75.000%   47.35s 
 90.000%    0.92m 
 99.000%    1.00m 
 99.900%    1.01m 
 99.990%    1.02m 
 99.999%    1.03m 
100.000%    1.03m 

  Detailed Percentile spectrum:
       Value   Percentile   TotalCount 1/(1-Percentile)

    7520.255     0.000000            1         1.00
   13656.063     0.100000        10526         1.11
   18972.671     0.200000        21046         1.25
   24084.479     0.300000        31559         1.43
   29212.671     0.400000        42094         1.67
   34406.399     0.500000        52638         2.00
   36962.303     0.550000        57885         2.22
   39616.511     0.600000        63113         2.50
   42237.951     0.650000        68374         2.86
   44793.855     0.700000        73665         3.33
   47349.759     0.750000        78906         4.00
   48627.711     0.775000        81528         4.44
   49938.431     0.800000        84186         5.00
   51216.383     0.825000        86799         5.71
   52559.871     0.850000        89451         6.67
   53805.055     0.875000        92024         8.00
   54460.415     0.887500        93403         8.89
   55050.239     0.900000        94654        10.00
   55705.599     0.912500        96007        11.43
   56295.423     0.925000        97278        13.33
   56950.783     0.937500        98598        16.00
   57311.231     0.943750        99293        17.78
   57671.679     0.950000        99957        20.00
   57999.359     0.956250       100615        22.86
   58294.271     0.962500       101236        26.67
   58621.951     0.968750       101926        32.00
   58785.791     0.971875       102235        35.56
   58949.631     0.975000       102536        40.00
   59146.239     0.978125       102928        45.71
   59310.079     0.981250       103256        53.33
   59473.919     0.984375       103545        64.00
   59572.223     0.985938       103720        71.11
   59670.527     0.987500       103886        80.00
   59768.831     0.989062       104064        91.43
   59834.367     0.990625       104179       106.67
   59965.439     0.992188       104364       128.00
   60030.975     0.992969       104441       142.22
   60096.511     0.993750       104525       160.00
   60162.047     0.994531       104611       182.86
   60227.583     0.995313       104690       213.33
   60325.887     0.996094       104785       256.00
   60358.655     0.996484       104810       284.44
   60391.423     0.996875       104833       320.00
   60456.959     0.997266       104898       365.71
   60489.727     0.997656       104925       426.67
   60555.263     0.998047       104962       512.00
   60588.031     0.998242       104979       568.89
   60653.567     0.998437       105013       640.00
   60686.335     0.998633       105035       731.43
   60719.103     0.998828       105049       853.33
   60751.871     0.999023       105065      1024.00
   60784.639     0.999121       105079      1137.78
   60784.639     0.999219       105079      1280.00
   60817.407     0.999316       105093      1462.86
   60850.175     0.999414       105105      1706.67
   60882.943     0.999512       105113      2048.00
   60915.711     0.999561       105121      2275.56
   60915.711     0.999609       105121      2560.00
   60948.479     0.999658       105127      2925.71
   60981.247     0.999707       105133      3413.33
   61014.015     0.999756       105136      4096.00
   61046.783     0.999780       105140      4551.11
   61112.319     0.999805       105142      5120.00
   61145.087     0.999829       105144      5851.43
   61177.855     0.999854       105147      6826.67
   61243.391     0.999878       105149      8192.00
   61276.159     0.999890       105152      9102.22
   61276.159     0.999902       105152     10240.00
   61308.927     0.999915       105157     11702.86
   61308.927     0.999927       105157     13653.33
   61308.927     0.999939       105157     16384.00
   61308.927     0.999945       105157     18204.44
   61308.927     0.999951       105157     20480.00
   61308.927     0.999957       105157     23405.71
   61374.463     0.999963       105158     27306.67
   61374.463     0.999969       105158     32768.00
   61407.231     0.999973       105159     36408.89
   61407.231     0.999976       105159     40960.00
   61407.231     0.999979       105159     46811.43
   61505.535     0.999982       105160     54613.33
   61505.535     0.999985       105160     65536.00
   61505.535     0.999986       105160     72817.78
   61505.535     0.999988       105160     81920.00
   61505.535     0.999989       105160     93622.86
   61538.303     0.999991       105161    109226.67
   61538.303     1.000000       105161          inf
#[Mean    =    34398.468, StdDeviation   =    14944.988]
#[Max     =    61505.536, Total count    =       105161]
#[Buckets =           27, SubBuckets     =         2048]
-----------------------------------------------------------------------
  122665 requests in 1.17m, 299.85MB read
  Socket errors: connect 0, read 0, write 0, timeout 504
Requests/sec:   1752.28  
Transfer/sec:      4.28MB
