Running 1m test @ http://10.10.1.1:5000
  4 threads and 128 connections

  Thread calibration: mean lat.: 1454.102ms, rate sampling interval: 5423ms
  Thread calibration: mean lat.: 1463.336ms, rate sampling interval: 5361ms
  Thread calibration: mean lat.: 1381.632ms, rate sampling interval: 4964ms
  Thread calibration: mean lat.: 1428.877ms, rate sampling interval: 5292ms

-----------------------------------------------------------------------
Test Results @ http://10.10.1.1:5000 
  Thread Stats   Avg      Stdev     99%   +/- Stdev
    Latency    10.45s     4.38s   18.20s    58.20%
    Req/Sec     2.97k    16.64     3.01k    70.27%
  Latency Distribution (HdrHistogram - Recorded Latency)
 50.000%   10.43s 
 75.000%   14.18s 
 90.000%   16.49s 
 99.000%   18.20s 
 99.900%   19.27s 
 99.990%   19.89s 
 99.999%   20.09s 
100.000%   20.12s 

  Detailed Percentile spectrum:
       Value   Percentile   TotalCount 1/(1-Percentile)

    2287.615     0.000000            1         1.00
    4435.967     0.100000        59414         1.11
    5910.527     0.200000       118894         1.25
    7393.279     0.300000       178247         1.43
    8929.279     0.400000       237739         1.67
   10428.415     0.500000       297036         2.00
   11214.847     0.550000       326833         2.22
   11960.319     0.600000       356597         2.50
   12697.599     0.650000       386219         2.86
   13443.071     0.700000       416003         3.33
   14180.351     0.750000       445585         4.00
   14557.183     0.775000       460580         4.44
   14934.015     0.800000       475374         5.00
   15319.039     0.825000       490107         5.71
   15704.063     0.850000       504860         6.67
   16105.471     0.875000       519963         8.00
   16293.887     0.887500       527141         8.89
   16490.495     0.900000       534879        10.00
   16678.911     0.912500       542123        11.43
   16875.519     0.925000       549620        13.33
   17088.511     0.937500       557337        16.00
   17186.815     0.943750       560950        17.78
   17285.119     0.950000       564502        20.00
   17383.423     0.956250       568142        22.86
   17498.111     0.962500       571946        26.67
   17629.183     0.968750       575856        32.00
   17678.335     0.971875       577302        35.56
   17743.871     0.975000       579202        40.00
   17825.791     0.978125       581220        45.71
   17907.711     0.981250       583083        53.33
   18006.015     0.984375       584926        64.00
   18055.167     0.985938       585903        71.11
   18104.319     0.987500       586694        80.00
   18153.471     0.989062       587446        91.43
   18235.391     0.990625       588474       106.67
   18300.927     0.992188       589317       128.00
   18350.079     0.992969       589891       142.22
   18399.231     0.993750       590296       160.00
   18448.383     0.994531       590788       182.86
   18497.535     0.995313       591157       213.33
   18563.071     0.996094       591627       256.00
   18595.839     0.996484       591885       284.44
   18628.607     0.996875       592108       320.00
   18677.759     0.997266       592347       365.71
   18759.679     0.997656       592556       426.67
   18857.983     0.998047       592784       512.00
   18907.135     0.998242       592896       568.89
   18989.055     0.998437       593017       640.00
   19054.591     0.998633       593127       731.43
   19136.511     0.998828       593246       853.33
   19283.967     0.999023       593355      1024.00
   19382.271     0.999121       593422      1137.78
   19431.423     0.999219       593500      1280.00
   19447.807     0.999316       593536      1462.86
   19496.959     0.999414       593585      1706.67
   19578.879     0.999512       593643      2048.00
   19611.647     0.999561       593672      2275.56
   19644.415     0.999609       593740      2560.00
   19644.415     0.999658       593740      2925.71
   19660.799     0.999707       593761      3413.33
   19693.567     0.999756       593789      4096.00
   19726.335     0.999780       593823      4551.11
   19726.335     0.999805       593823      5120.00
   19759.103     0.999829       593834      5851.43
   19824.639     0.999854       593848      6826.67
   19857.407     0.999878       593865      8192.00
   19873.791     0.999890       593869      9102.22
   19890.175     0.999902       593880     10240.00
   19906.559     0.999915       593894     11702.86
   19906.559     0.999927       593894     13653.33
   19939.327     0.999939       593901     16384.00
   19939.327     0.999945       593901     18204.44
   19955.711     0.999951       593906     20480.00
   19972.095     0.999957       593909     23405.71
   20004.863     0.999963       593913     27306.67
   20021.247     0.999969       593915     32768.00
   20037.631     0.999973       593917     36408.89
   20054.015     0.999976       593919     40960.00
   20070.399     0.999979       593924     46811.43
   20070.399     0.999982       593924     54613.33
   20070.399     0.999985       593924     65536.00
   20086.783     0.999986       593927     72817.78
   20086.783     0.999988       593927     81920.00
   20086.783     0.999989       593927     93622.86
   20103.167     0.999991       593930    109226.67
   20103.167     0.999992       593930    131072.00
   20103.167     0.999993       593930    145635.56
   20103.167     0.999994       593930    163840.00
   20103.167     0.999995       593930    187245.71
   20119.551     0.999995       593933    218453.33
   20119.551     1.000000       593933          inf
#[Mean    =    10446.040, StdDeviation   =     4375.591]
#[Max     =    20103.168, Total count    =       593933]
#[Buckets =           27, SubBuckets     =         2048]
-----------------------------------------------------------------------
  710446 requests in 1.00m, 186.53MB read
Requests/sec:  11840.62  
Transfer/sec:      3.11MB
