Running 1m test @ http://10.10.1.1:5000
  4 threads and 128 connections

  Thread calibration: mean lat.: 4.008ms, rate sampling interval: 14ms
  Thread calibration: mean lat.: 4.035ms, rate sampling interval: 14ms
  Thread calibration: mean lat.: 3.874ms, rate sampling interval: 13ms
  Thread calibration: mean lat.: 4.057ms, rate sampling interval: 14ms

-----------------------------------------------------------------------
Test Results @ http://10.10.1.1:5000 
  Thread Stats   Avg      Stdev     99%   +/- Stdev
    Latency     3.91ms    2.18ms  10.65ms   74.71%
    Req/Sec   781.07    247.43     1.42k    70.67%
  Latency Distribution (HdrHistogram - Recorded Latency)
 50.000%    3.32ms
 75.000%    5.18ms
 90.000%    6.95ms
 99.000%   10.65ms
 99.900%   14.40ms
 99.990%   18.69ms
 99.999%   22.45ms
100.000%   27.42ms

  Detailed Percentile spectrum:
       Value   Percentile   TotalCount 1/(1-Percentile)

       1.180     0.000000            1         1.00
       1.740     0.100000        15058         1.11
       1.981     0.200000        30088         1.25
       2.281     0.300000        45163         1.43
       2.709     0.400000        60195         1.67
       3.319     0.500000        75205         2.00
       3.667     0.550000        82724         2.22
       4.015     0.600000        90239         2.50
       4.379     0.650000        97739         2.86
       4.767     0.700000       105293         3.33
       5.183     0.750000       112765         4.00
       5.411     0.775000       116541         4.44
       5.651     0.800000       120313         5.00
       5.919     0.825000       124053         5.71
       6.215     0.850000       127802         6.67
       6.555     0.875000       131564         8.00
       6.747     0.887500       133451         8.89
       6.947     0.900000       135334        10.00
       7.167     0.912500       137192        11.43
       7.427     0.925000       139095        13.33
       7.727     0.937500       140950        16.00
       7.891     0.943750       141900        17.78
       8.079     0.950000       142826        20.00
       8.303     0.956250       143790        22.86
       8.551     0.962500       144714        26.67
       8.839     0.968750       145654        32.00
       9.007     0.971875       146118        35.56
       9.199     0.975000       146595        40.00
       9.423     0.978125       147069        45.71
       9.671     0.981250       147524        53.33
       9.975     0.984375       148001        64.00
      10.135     0.985938       148228        71.11
      10.327     0.987500       148467        80.00
      10.527     0.989062       148701        91.43
      10.751     0.990625       148936       106.67
      11.055     0.992188       149176       128.00
      11.207     0.992969       149285       142.22
      11.391     0.993750       149405       160.00
      11.599     0.994531       149521       182.86
      11.839     0.995313       149638       213.33
      12.135     0.996094       149756       256.00
      12.319     0.996484       149814       284.44
      12.535     0.996875       149874       320.00
      12.767     0.997266       149931       365.71
      13.031     0.997656       149991       426.67
      13.279     0.998047       150049       512.00
      13.439     0.998242       150078       568.89
      13.639     0.998437       150108       640.00
      13.839     0.998633       150138       731.43
      14.175     0.998828       150168       853.33
      14.415     0.999023       150196      1024.00
      14.599     0.999121       150210      1137.78
      14.751     0.999219       150225      1280.00
      15.135     0.999316       150240      1462.86
      15.327     0.999414       150255      1706.67
      15.591     0.999512       150270      2048.00
      15.775     0.999561       150276      2275.56
      16.055     0.999609       150284      2560.00
      16.255     0.999658       150291      2925.71
      16.687     0.999707       150298      3413.33
      17.103     0.999756       150306      4096.00
      17.151     0.999780       150309      4551.11
      17.343     0.999805       150313      5120.00
      17.759     0.999829       150317      5851.43
      17.855     0.999854       150320      6826.67
      18.063     0.999878       150324      8192.00
      18.527     0.999890       150326      9102.22
      18.943     0.999902       150328     10240.00
      19.119     0.999915       150330     11702.86
      19.327     0.999927       150331     13653.33
      19.503     0.999939       150333     16384.00
      19.551     0.999945       150334     18204.44
      19.567     0.999951       150335     20480.00
      20.015     0.999957       150336     23405.71
      20.063     0.999963       150337     27306.67
      20.271     0.999969       150338     32768.00
      20.271     0.999973       150338     36408.89
      21.775     0.999976       150339     40960.00
      21.775     0.999979       150339     46811.43
      22.447     0.999982       150340     54613.33
      22.447     0.999985       150340     65536.00
      22.447     0.999986       150340     72817.78
      23.023     0.999988       150341     81920.00
      23.023     0.999989       150341     93622.86
      23.023     0.999991       150341    109226.67
      23.023     0.999992       150341    131072.00
      23.023     0.999993       150341    145635.56
      27.423     0.999994       150342    163840.00
      27.423     1.000000       150342          inf
#[Mean    =        3.911, StdDeviation   =        2.185]
#[Max     =       27.408, Total count    =       150342]
#[Buckets =           27, SubBuckets     =         2048]
-----------------------------------------------------------------------
  179586 requests in 1.00m, 47.88MB read
Requests/sec:   2993.18  
Transfer/sec:    817.21KB
