Running 1m test @ http://10.10.1.2:5000
  4 threads and 128 connections

  Thread calibration: mean lat.: 0.518ms, rate sampling interval: 10ms
  Thread calibration: mean lat.: 0.514ms, rate sampling interval: 10ms
  Thread calibration: mean lat.: 0.514ms, rate sampling interval: 10ms
  Thread calibration: mean lat.: 0.510ms, rate sampling interval: 10ms

-----------------------------------------------------------------------
Test Results @ http://10.10.1.2:5000 
  Thread Stats   Avg      Stdev     99%   +/- Stdev
    Latency   451.08us  230.53us   1.38ms   89.45%
    Req/Sec     2.37k   507.25     3.67k    67.67%
  Latency Distribution (HdrHistogram - Recorded Latency)
 50.000%  383.00us
 75.000%  483.00us
 90.000%  696.00us
 99.000%    1.38ms
 99.900%    2.31ms
 99.990%    3.91ms
 99.999%    5.10ms
100.000%    6.11ms

  Detailed Percentile spectrum:
       Value   Percentile   TotalCount 1/(1-Percentile)

       0.107     0.000000            1         1.00
       0.287     0.100000        55782         1.11
       0.313     0.200000       110081         1.25
       0.335     0.300000       162281         1.43
       0.358     0.400000       216664         1.67
       0.383     0.500000       271507         2.00
       0.396     0.550000       297381         2.22
       0.412     0.600000       325362         2.50
       0.430     0.650000       351949         2.86
       0.453     0.700000       378925         3.33
       0.483     0.750000       405305         4.00
       0.503     0.775000       418892         4.44
       0.527     0.800000       432311         5.00
       0.556     0.825000       445900         5.71
       0.592     0.850000       459607         6.67
       0.637     0.875000       472997         8.00
       0.665     0.887500       479748         8.89
       0.696     0.900000       486398        10.00
       0.731     0.912500       493102        11.43
       0.774     0.925000       499954        13.33
       0.823     0.937500       506646        16.00
       0.852     0.943750       509996        17.78
       0.886     0.950000       513394        20.00
       0.924     0.956250       516742        22.86
       0.968     0.962500       520092        26.67
       1.020     0.968750       523473        32.00
       1.051     0.971875       525183        35.56
       1.085     0.975000       526848        40.00
       1.127     0.978125       528536        45.71
       1.176     0.981250       530249        53.33
       1.233     0.984375       531917        64.00
       1.267     0.985938       532759        71.11
       1.307     0.987500       533606        80.00
       1.349     0.989062       534453        91.43
       1.397     0.990625       535291       106.67
       1.455     0.992188       536134       128.00
       1.489     0.992969       536559       142.22
       1.529     0.993750       536974       160.00
       1.575     0.994531       537397       182.86
       1.636     0.995313       537819       213.33
       1.711     0.996094       538241       256.00
       1.755     0.996484       538452       284.44
       1.806     0.996875       538663       320.00
       1.871     0.997266       538874       365.71
       1.938     0.997656       539085       426.67
       2.009     0.998047       539296       512.00
       2.053     0.998242       539403       568.89
       2.099     0.998437       539506       640.00
       2.157     0.998633       539612       731.43
       2.229     0.998828       539717       853.33
       2.323     0.999023       539823      1024.00
       2.385     0.999121       539876      1137.78
       2.457     0.999219       539929      1280.00
       2.529     0.999316       539981      1462.86
       2.627     0.999414       540035      1706.67
       2.737     0.999512       540088      2048.00
       2.801     0.999561       540114      2275.56
       2.877     0.999609       540139      2560.00
       2.987     0.999658       540167      2925.71
       3.055     0.999707       540193      3413.33
       3.183     0.999756       540219      4096.00
       3.333     0.999780       540233      4551.11
       3.433     0.999805       540245      5120.00
       3.549     0.999829       540258      5851.43
       3.697     0.999854       540271      6826.67
       3.855     0.999878       540285      8192.00
       3.889     0.999890       540291      9102.22
       3.931     0.999902       540298     10240.00
       3.989     0.999915       540304     11702.86
       4.041     0.999927       540311     13653.33
       4.131     0.999939       540318     16384.00
       4.159     0.999945       540321     18204.44
       4.211     0.999951       540324     20480.00
       4.227     0.999957       540327     23405.71
       4.275     0.999963       540331     27306.67
       4.347     0.999969       540334     32768.00
       4.363     0.999973       540336     36408.89
       4.555     0.999976       540337     40960.00
       4.583     0.999979       540339     46811.43
       4.831     0.999982       540341     54613.33
       4.903     0.999985       540342     65536.00
       5.043     0.999986       540343     72817.78
       5.067     0.999988       540344     81920.00
       5.099     0.999989       540345     93622.86
       5.203     0.999991       540346    109226.67
       5.203     0.999992       540346    131072.00
       5.215     0.999993       540347    145635.56
       5.215     0.999994       540347    163840.00
       5.443     0.999995       540349    187245.71
       5.443     0.999995       540349    218453.33
       5.443     0.999996       540349    262144.00
       5.443     0.999997       540349    291271.11
       5.443     0.999997       540349    327680.00
       5.443     0.999997       540349    374491.43
       5.443     0.999998       540349    436906.67
       5.443     0.999998       540349    524288.00
       6.115     0.999998       540350    582542.22
       6.115     1.000000       540350          inf
#[Mean    =        0.451, StdDeviation   =        0.231]
#[Max     =        6.112, Total count    =       540350]
#[Buckets =           27, SubBuckets     =         2048]
-----------------------------------------------------------------------
  630523 requests in 1.17m, 128.08MB read
Requests/sec:   9007.46  
Transfer/sec:      1.83MB
