Running 1m test @ http://10.10.1.1:5000
  4 threads and 128 connections

  Thread calibration: mean lat.: 7.069ms, rate sampling interval: 24ms
  Thread calibration: mean lat.: 7.186ms, rate sampling interval: 23ms
  Thread calibration: mean lat.: 7.104ms, rate sampling interval: 23ms
  Thread calibration: mean lat.: 7.322ms, rate sampling interval: 23ms

-----------------------------------------------------------------------
Test Results @ http://10.10.1.1:5000 
  Thread Stats   Avg      Stdev     99%   +/- Stdev
    Latency     5.49ms    3.12ms  16.85ms   84.17%
    Req/Sec     2.30k   343.56     3.13k    66.78%
  Latency Distribution (HdrHistogram - Recorded Latency)
 50.000%    4.66ms
 75.000%    6.47ms
 90.000%    9.14ms
 99.000%   16.85ms
 99.900%   28.42ms
 99.990%   51.13ms
 99.999%   63.62ms
100.000%   67.01ms

  Detailed Percentile spectrum:
       Value   Percentile   TotalCount 1/(1-Percentile)

       1.375     0.000000            1         1.00
       2.805     0.100000        45082         1.11
       3.311     0.200000        90166         1.25
       3.747     0.300000       135146         1.43
       4.183     0.400000       180457         1.67
       4.655     0.500000       225132         2.00
       4.927     0.550000       247709         2.22
       5.231     0.600000       270373         2.50
       5.571     0.650000       292777         2.86
       5.975     0.700000       315309         3.33
       6.471     0.750000       337763         4.00
       6.759     0.775000       348979         4.44
       7.095     0.800000       360279         5.00
       7.475     0.825000       371468         5.71
       7.927     0.850000       382702         6.67
       8.471     0.875000       394025         8.00
       8.783     0.887500       399650         8.89
       9.135     0.900000       405302        10.00
       9.551     0.912500       410929        11.43
      10.023     0.925000       416531        13.33
      10.591     0.937500       422096        16.00
      10.927     0.943750       424932        17.78
      11.295     0.950000       427724        20.00
      11.719     0.956250       430538        22.86
      12.239     0.962500       433339        26.67
      12.847     0.968750       436147        32.00
      13.199     0.971875       437567        35.56
      13.607     0.975000       438961        40.00
      14.087     0.978125       440387        45.71
      14.615     0.981250       441789        53.33
      15.239     0.984375       443191        64.00
      15.623     0.985938       443882        71.11
      16.055     0.987500       444590        80.00
      16.511     0.989062       445295        91.43
      17.103     0.990625       446010       106.67
      17.791     0.992188       446706       128.00
      18.191     0.992969       447051       142.22
      18.671     0.993750       447409       160.00
      19.167     0.994531       447750       182.86
      19.823     0.995313       448105       213.33
      20.575     0.996094       448454       256.00
      21.087     0.996484       448630       284.44
      21.631     0.996875       448806       320.00
      22.255     0.997266       448986       365.71
      22.959     0.997656       449158       426.67
      23.951     0.998047       449336       512.00
      24.495     0.998242       449421       568.89
      25.375     0.998437       449509       640.00
      26.191     0.998633       449598       731.43
      27.199     0.998828       449685       853.33
      28.559     0.999023       449773      1024.00
      29.343     0.999121       449817      1137.78
      30.303     0.999219       449862      1280.00
      31.631     0.999316       449905      1462.86
      32.927     0.999414       449950      1706.67
      34.655     0.999512       449994      2048.00
      35.839     0.999561       450015      2275.56
      36.799     0.999609       450038      2560.00
      38.047     0.999658       450059      2925.71
      39.967     0.999707       450081      3413.33
      41.759     0.999756       450103      4096.00
      42.783     0.999780       450114      4551.11
      44.479     0.999805       450125      5120.00
      46.047     0.999829       450136      5851.43
      47.551     0.999854       450147      6826.67
      49.663     0.999878       450158      8192.00
      50.271     0.999890       450163      9102.22
      51.359     0.999902       450169     10240.00
      52.735     0.999915       450174     11702.86
      53.887     0.999927       450180     13653.33
      54.847     0.999939       450185     16384.00
      55.647     0.999945       450188     18204.44
      56.447     0.999951       450191     20480.00
      56.895     0.999957       450193     23405.71
      57.471     0.999963       450196     27306.67
      59.199     0.999969       450199     32768.00
      60.863     0.999973       450200     36408.89
      61.631     0.999976       450202     40960.00
      62.207     0.999979       450203     46811.43
      63.039     0.999982       450204     54613.33
      63.295     0.999985       450206     65536.00
      63.295     0.999986       450206     72817.78
      63.615     0.999988       450207     81920.00
      64.095     0.999989       450208     93622.86
      64.095     0.999991       450208    109226.67
      64.127     0.999992       450209    131072.00
      64.127     0.999993       450209    145635.56
      64.479     0.999994       450210    163840.00
      64.479     0.999995       450210    187245.71
      64.479     0.999995       450210    218453.33
      66.559     0.999996       450211    262144.00
      66.559     0.999997       450211    291271.11
      66.559     0.999997       450211    327680.00
      66.559     0.999997       450211    374491.43
      66.559     0.999998       450211    436906.67
      67.007     0.999998       450212    524288.00
      67.007     1.000000       450212          inf
#[Mean    =        5.491, StdDeviation   =        3.121]
#[Max     =       66.944, Total count    =       450212]
#[Buckets =           27, SubBuckets     =         2048]
-----------------------------------------------------------------------
  540366 requests in 1.00m, 141.80MB read
Requests/sec:   9006.27  
Transfer/sec:      2.36MB
