Running 1m test @ http://10.10.1.1:5000
  4 threads and 128 connections

  Thread calibration: mean lat.: 2.110ms, rate sampling interval: 10ms
  Thread calibration: mean lat.: 2.077ms, rate sampling interval: 10ms
  Thread calibration: mean lat.: 2.082ms, rate sampling interval: 10ms
  Thread calibration: mean lat.: 2.081ms, rate sampling interval: 10ms

-----------------------------------------------------------------------
Test Results @ http://10.10.1.1:5000 
  Thread Stats   Avg      Stdev     99%   +/- Stdev
    Latency     1.67ms  310.67us   2.78ms   77.80%
    Req/Sec   262.82    166.45   700.00     75.21%
  Latency Distribution (HdrHistogram - Recorded Latency)
 50.000%    1.63ms
 75.000%    1.81ms
 90.000%    2.01ms
 99.000%    2.78ms
 99.900%    3.51ms
 99.990%    4.29ms
 99.999%    5.34ms
100.000%    5.34ms

  Detailed Percentile spectrum:
       Value   Percentile   TotalCount 1/(1-Percentile)

       1.134     0.000000            1         1.00
       1.352     0.100000         5014         1.11
       1.417     0.200000        10020         1.25
       1.480     0.300000        14992         1.43
       1.555     0.400000        19997         1.67
       1.632     0.500000        24924         2.00
       1.668     0.550000        27464         2.22
       1.700     0.600000        29909         2.50
       1.734     0.650000        32458         2.86
       1.769     0.700000        34903         3.33
       1.807     0.750000        37395         4.00
       1.829     0.775000        38682         4.44
       1.852     0.800000        39899         5.00
       1.879     0.825000        41141         5.71
       1.911     0.850000        42382         6.67
       1.952     0.875000        43615         8.00
       1.978     0.887500        44245         8.89
       2.011     0.900000        44863        10.00
       2.049     0.912500        45499        11.43
       2.101     0.925000        46128        13.33
       2.165     0.937500        46737        16.00
       2.203     0.943750        47041        17.78
       2.247     0.950000        47357        20.00
       2.299     0.956250        47666        22.86
       2.363     0.962500        47983        26.67
       2.431     0.968750        48293        32.00
       2.465     0.971875        48443        35.56
       2.503     0.975000        48602        40.00
       2.545     0.978125        48755        45.71
       2.597     0.981250        48911        53.33
       2.653     0.984375        49072        64.00
       2.679     0.985938        49144        71.11
       2.711     0.987500        49221        80.00
       2.753     0.989062        49303        91.43
       2.797     0.990625        49381       106.67
       2.863     0.992188        49457       128.00
       2.901     0.992969        49496       142.22
       2.947     0.993750        49534       160.00
       2.989     0.994531        49572       182.86
       3.045     0.995313        49614       213.33
       3.107     0.996094        49650       256.00
       3.141     0.996484        49670       284.44
       3.183     0.996875        49691       320.00
       3.223     0.997266        49708       365.71
       3.265     0.997656        49728       426.67
       3.313     0.998047        49747       512.00
       3.349     0.998242        49757       568.89
       3.369     0.998437        49767       640.00
       3.397     0.998633        49776       731.43
       3.459     0.998828        49786       853.33
       3.517     0.999023        49796      1024.00
       3.545     0.999121        49801      1137.78
       3.577     0.999219        49807      1280.00
       3.603     0.999316        49810      1462.86
       3.627     0.999414        49816      1706.67
       3.697     0.999512        49820      2048.00
       3.749     0.999561        49823      2275.56
       3.779     0.999609        49825      2560.00
       3.817     0.999658        49827      2925.71
       3.927     0.999707        49830      3413.33
       3.965     0.999756        49832      4096.00
       4.027     0.999780        49834      4551.11
       4.045     0.999805        49835      5120.00
       4.147     0.999829        49836      5851.43
       4.151     0.999854        49837      6826.67
       4.231     0.999878        49838      8192.00
       4.287     0.999890        49839      9102.22
       4.335     0.999902        49840     10240.00
       4.335     0.999915        49840     11702.86
       4.399     0.999927        49841     13653.33
       4.399     0.999939        49841     16384.00
       4.403     0.999945        49842     18204.44
       4.403     0.999951        49842     20480.00
       4.403     0.999957        49842     23405.71
       4.615     0.999963        49843     27306.67
       4.615     0.999969        49843     32768.00
       4.615     0.999973        49843     36408.89
       4.615     0.999976        49843     40960.00
       4.615     0.999979        49843     46811.43
       5.339     0.999982        49844     54613.33
       5.339     1.000000        49844          inf
#[Mean    =        1.672, StdDeviation   =        0.311]
#[Max     =        5.336, Total count    =        49844]
#[Buckets =           27, SubBuckets     =         2048]
-----------------------------------------------------------------------
  59777 requests in 1.00m, 15.98MB read
Requests/sec:    996.23  
Transfer/sec:    272.76KB
