Running 1m test @ http://10.10.1.1:5000
  4 threads and 128 connections

  Thread calibration: mean lat.: 31.184ms, rate sampling interval: 133ms
  Thread calibration: mean lat.: 30.594ms, rate sampling interval: 127ms
  Thread calibration: mean lat.: 28.906ms, rate sampling interval: 126ms
  Thread calibration: mean lat.: 33.046ms, rate sampling interval: 140ms

-----------------------------------------------------------------------
Test Results @ http://10.10.1.1:5000 
  Thread Stats   Avg      Stdev     99%   +/- Stdev
    Latency    24.50ms   21.02ms 105.02ms   87.47%
    Req/Sec     2.76k   145.18     3.10k    70.90%
  Latency Distribution (HdrHistogram - Recorded Latency)
 50.000%   17.82ms
 75.000%   31.12ms
 90.000%   50.21ms
 99.000%  105.02ms
 99.900%  159.36ms
 99.990%  244.22ms
 99.999%  274.69ms
100.000%  285.95ms

  Detailed Percentile spectrum:
       Value   Percentile   TotalCount 1/(1-Percentile)

       1.780     0.000000            1         1.00
       7.303     0.100000        66047         1.11
       9.343     0.200000       132133         1.25
      11.655     0.300000       198202         1.43
      14.447     0.400000       264081         1.67
      17.823     0.500000       330278         2.00
      19.759     0.550000       363068         2.22
      21.983     0.600000       396180         2.50
      24.527     0.650000       429146         2.86
      27.519     0.700000       462059         3.33
      31.119     0.750000       495061         4.00
      33.215     0.775000       511748         4.44
      35.583     0.800000       528172         5.00
      38.303     0.825000       544587         5.71
      41.535     0.850000       561100         6.67
      45.343     0.875000       577550         8.00
      47.647     0.887500       585878         8.89
      50.207     0.900000       594091        10.00
      53.055     0.912500       602315        11.43
      56.479     0.925000       610572        13.33
      60.671     0.937500       618808        16.00
      63.103     0.943750       622959        17.78
      65.855     0.950000       627082        20.00
      68.991     0.956250       631219        22.86
      72.639     0.962500       635290        26.67
      76.991     0.968750       639449        32.00
      79.551     0.971875       641483        35.56
      82.431     0.975000       643564        40.00
      85.631     0.978125       645612        45.71
      89.535     0.981250       647683        53.33
      93.823     0.984375       649726        64.00
      96.447     0.985938       650772        71.11
      99.391     0.987500       651791        80.00
     102.719     0.989062       652829        91.43
     106.687     0.990625       653868       106.67
     111.103     0.992188       654891       128.00
     113.599     0.992969       655402       142.22
     116.735     0.993750       655921       160.00
     120.447     0.994531       656433       182.86
     124.415     0.995313       656946       213.33
     129.215     0.996094       657459       256.00
     131.583     0.996484       657726       284.44
     134.399     0.996875       657983       320.00
     137.599     0.997266       658238       365.71
     141.183     0.997656       658496       426.67
     145.023     0.998047       658752       512.00
     147.199     0.998242       658881       568.89
     149.759     0.998437       659009       640.00
     152.831     0.998633       659135       731.43
     156.031     0.998828       659265       853.33
     160.127     0.999023       659400      1024.00
     162.687     0.999121       659458      1137.78
     165.375     0.999219       659522      1280.00
     169.343     0.999316       659587      1462.86
     174.207     0.999414       659651      1706.67
     180.351     0.999512       659715      2048.00
     183.551     0.999561       659748      2275.56
     187.263     0.999609       659780      2560.00
     193.407     0.999658       659812      2925.71
     202.111     0.999707       659844      3413.33
     211.327     0.999756       659876      4096.00
     216.063     0.999780       659892      4551.11
     223.615     0.999805       659909      5120.00
     229.759     0.999829       659925      5851.43
     235.007     0.999854       659942      6826.67
     240.511     0.999878       659957      8192.00
     243.199     0.999890       659965      9102.22
     245.247     0.999902       659973     10240.00
     247.551     0.999915       659981     11702.86
     250.239     0.999927       659989     13653.33
     253.439     0.999939       659997     16384.00
     255.359     0.999945       660001     18204.44
     257.663     0.999951       660005     20480.00
     259.711     0.999957       660009     23405.71
     261.887     0.999963       660013     27306.67
     265.983     0.999969       660017     32768.00
     268.287     0.999973       660020     36408.89
     268.543     0.999976       660021     40960.00
     270.079     0.999979       660023     46811.43
     271.103     0.999982       660025     54613.33
     274.175     0.999985       660027     65536.00
     274.431     0.999986       660028     72817.78
     274.687     0.999988       660030     81920.00
     274.687     0.999989       660030     93622.86
     275.199     0.999991       660031    109226.67
     275.455     0.999992       660032    131072.00
     276.223     0.999993       660033    145635.56
     276.223     0.999994       660033    163840.00
     278.271     0.999995       660034    187245.71
     278.271     0.999995       660034    218453.33
     283.135     0.999996       660035    262144.00
     283.135     0.999997       660035    291271.11
     283.135     0.999997       660035    327680.00
     284.671     0.999997       660036    374491.43
     284.671     0.999998       660036    436906.67
     284.671     0.999998       660036    524288.00
     284.671     0.999998       660036    582542.22
     284.671     0.999998       660036    655360.00
     285.951     0.999999       660037    748982.86
     285.951     1.000000       660037          inf
#[Mean    =       24.497, StdDeviation   =       21.023]
#[Max     =      285.696, Total count    =       660037]
#[Buckets =           27, SubBuckets     =         2048]
-----------------------------------------------------------------------
  764744 requests in 1.17m, 207.99MB read
Requests/sec:  10924.62  
Transfer/sec:      2.97MB
