Running 1m test @ http://10.10.1.2:5000
  4 threads and 128 connections

  Thread calibration: mean lat.: 2051.559ms, rate sampling interval: 7634ms
  Thread calibration: mean lat.: 2179.723ms, rate sampling interval: 7999ms
  Thread calibration: mean lat.: 1982.762ms, rate sampling interval: 7098ms
  Thread calibration: mean lat.: 2066.346ms, rate sampling interval: 7671ms

-----------------------------------------------------------------------
Test Results @ http://10.10.1.2:5000 
  Thread Stats   Avg      Stdev     99%   +/- Stdev
    Latency    17.47s     7.63s   30.95s    58.03%
    Req/Sec   703.59      8.62   724.00     79.31%
  Latency Distribution (HdrHistogram - Recorded Latency)
 50.000%   17.48s 
 75.000%   24.04s 
 90.000%   27.89s 
 99.000%   30.95s 
 99.900%   32.56s 
 99.990%   33.82s 
 99.999%   34.11s 
100.000%   34.18s 

  Detailed Percentile spectrum:
       Value   Percentile   TotalCount 1/(1-Percentile)

    2938.879     0.000000            1         1.00
    6856.703     0.100000        16913         1.11
    9535.487     0.200000        33823         1.25
   12287.999     0.300000        50703         1.43
   14909.439     0.400000        67583         1.67
   17481.727     0.500000        84539         2.00
   18841.599     0.550000        92918         2.22
   20152.319     0.600000       101376         2.50
   21430.271     0.650000       109786         2.86
   22740.991     0.700000       118323         3.33
   24035.327     0.750000       126713         4.00
   24674.303     0.775000       130955         4.44
   25313.279     0.800000       135148         5.00
   25952.255     0.825000       139401         5.71
   26574.847     0.850000       143561         6.67
   27230.207     0.875000       147824         8.00
   27574.271     0.887500       149975         8.89
   27885.567     0.900000       152011        10.00
   28229.631     0.912500       154172        11.43
   28557.311     0.925000       156262        13.33
   28901.375     0.937500       158421        16.00
   29081.599     0.943750       159421        17.78
   29261.823     0.950000       160504        20.00
   29458.431     0.956250       161561        22.86
   29655.039     0.962500       162603        26.67
   29868.031     0.968750       163646        32.00
   29982.719     0.971875       164152        35.56
   30113.791     0.975000       164737        40.00
   30244.863     0.978125       165231        45.71
   30392.319     0.981250       165741        53.33
   30572.543     0.984375       166296        64.00
   30654.463     0.985938       166551        71.11
   30752.767     0.987500       166803        80.00
   30867.455     0.989062       167058        91.43
   30998.527     0.990625       167312       106.67
   31145.983     0.992188       167583       128.00
   31227.903     0.992969       167740       142.22
   31293.439     0.993750       167853       160.00
   31375.359     0.994531       167976       182.86
   31457.279     0.995313       168102       213.33
   31555.583     0.996094       168247       256.00
   31604.735     0.996484       168305       284.44
   31670.271     0.996875       168370       320.00
   31735.807     0.997266       168436       365.71
   31817.727     0.997656       168500       426.67
   31965.183     0.998047       168565       512.00
   32047.103     0.998242       168598       568.89
   32161.791     0.998437       168632       640.00
   32260.095     0.998633       168668       731.43
   32342.015     0.998828       168697       853.33
   32604.159     0.999023       168730      1024.00
   32653.311     0.999121       168746      1137.78
   32767.999     0.999219       168764      1280.00
   32833.535     0.999316       168784      1462.86
   32899.071     0.999414       168797      1706.67
   32997.375     0.999512       168812      2048.00
   33062.911     0.999561       168819      2275.56
   33161.215     0.999609       168828      2560.00
   33275.903     0.999658       168837      2925.71
   33325.055     0.999707       168845      3413.33
   33472.511     0.999756       168852      4096.00
   33521.663     0.999780       168856      4551.11
   33619.967     0.999805       168861      5120.00
   33685.503     0.999829       168868      5851.43
   33718.271     0.999854       168871      6826.67
   33751.039     0.999878       168874      8192.00
   33816.575     0.999890       168876      9102.22
   33849.343     0.999902       168883     10240.00
   33849.343     0.999915       168883     11702.86
   33849.343     0.999927       168883     13653.33
   33849.343     0.999939       168883     16384.00
   33882.111     0.999945       168886     18204.44
   33882.111     0.999951       168886     20480.00
   33882.111     0.999957       168886     23405.71
   33947.647     0.999963       168888     27306.67
   33947.647     0.999969       168888     32768.00
   34078.719     0.999973       168890     36408.89
   34078.719     0.999976       168890     40960.00
   34078.719     0.999979       168890     46811.43
   34078.719     0.999982       168890     54613.33
   34111.487     0.999985       168891     65536.00
   34111.487     0.999986       168891     72817.78
   34111.487     0.999988       168891     81920.00
   34144.255     0.999989       168892     93622.86
   34144.255     0.999991       168892    109226.67
   34144.255     0.999992       168892    131072.00
   34144.255     0.999993       168892    145635.56
   34144.255     0.999994       168892    163840.00
   34177.023     0.999995       168893    187245.71
   34177.023     1.000000       168893          inf
#[Mean    =    17469.189, StdDeviation   =     7626.868]
#[Max     =    34144.256, Total count    =       168893]
#[Buckets =           27, SubBuckets     =         2048]
-----------------------------------------------------------------------
  196371 requests in 1.17m, 480.59MB read
Requests/sec:   2805.32  
Transfer/sec:      6.87MB
