Running 1m test @ http://10.10.1.1:5000
  4 threads and 128 connections

  Thread calibration: mean lat.: 569.359ms, rate sampling interval: 2047ms
  Thread calibration: mean lat.: 531.350ms, rate sampling interval: 1930ms
  Thread calibration: mean lat.: 575.167ms, rate sampling interval: 2164ms
  Thread calibration: mean lat.: 571.072ms, rate sampling interval: 2017ms

-----------------------------------------------------------------------
Test Results @ http://10.10.1.1:5000 
  Thread Stats   Avg      Stdev     99%   +/- Stdev
    Latency     3.79s     1.70s    7.29s    60.21%
    Req/Sec     2.95k    23.99     2.99k    69.83%
  Latency Distribution (HdrHistogram - Recorded Latency)
 50.000%    3.74s 
 75.000%    5.16s 
 90.000%    6.11s 
 99.000%    7.29s 
 99.900%    8.01s 
 99.990%    8.51s 
 99.999%    8.56s 
100.000%    8.57s 

  Detailed Percentile spectrum:
       Value   Percentile   TotalCount 1/(1-Percentile)

     151.423     0.000000            1         1.00
    1535.999     0.100000        70859         1.11
    2072.575     0.200000       141539         1.25
    2637.823     0.300000       212492         1.43
    3166.207     0.400000       283008         1.67
    3743.743     0.500000       353836         2.00
    4012.031     0.550000       389185         2.22
    4276.223     0.600000       424614         2.50
    4575.231     0.650000       460198         2.86
    4874.239     0.700000       495270         3.33
    5156.863     0.750000       531002         4.00
    5296.127     0.775000       548704         4.44
    5451.775     0.800000       566026         5.00
    5611.519     0.825000       583951         5.71
    5771.263     0.850000       601703         6.67
    5931.007     0.875000       619188         8.00
    6025.215     0.887500       628096         8.89
    6111.231     0.900000       636860        10.00
    6197.247     0.912500       645818        11.43
    6291.455     0.925000       654504        13.33
    6410.239     0.937500       663499        16.00
    6475.775     0.943750       667772        17.78
    6553.599     0.950000       672248        20.00
    6627.327     0.956250       676627        22.86
    6733.823     0.962500       681108        26.67
    6832.127     0.968750       685435        32.00
    6893.567     0.971875       687706        35.56
    6950.911     0.975000       689946        40.00
    7000.063     0.978125       692105        45.71
    7061.503     0.981250       694358        53.33
    7131.135     0.984375       696446        64.00
    7172.095     0.985938       697620        71.11
    7213.055     0.987500       698648        80.00
    7258.111     0.989062       699785        91.43
    7311.359     0.990625       700897       106.67
    7364.607     0.992188       701992       128.00
    7393.279     0.992969       702553       142.22
    7426.047     0.993750       703120       160.00
    7475.199     0.994531       703654       182.86
    7532.543     0.995313       704177       213.33
    7585.791     0.996094       704739       256.00
    7622.655     0.996484       705019       284.44
    7659.519     0.996875       705311       320.00
    7684.095     0.997266       705577       365.71
    7729.151     0.997656       705843       426.67
    7774.207     0.998047       706119       512.00
    7815.167     0.998242       706247       568.89
    7856.127     0.998437       706386       640.00
    7901.183     0.998633       706532       731.43
    7954.431     0.998828       706664       853.33
    8019.967     0.999023       706802      1024.00
    8052.735     0.999121       706869      1137.78
    8097.791     0.999219       706941      1280.00
    8130.559     0.999316       707011      1462.86
    8179.711     0.999414       707075      1706.67
    8306.687     0.999512       707150      2048.00
    8318.975     0.999561       707191      2275.56
    8327.167     0.999609       707217      2560.00
    8339.455     0.999658       707256      2925.71
    8347.647     0.999707       707281      3413.33
    8364.031     0.999756       707324      4096.00
    8376.319     0.999780       707333      4551.11
    8404.991     0.999805       707354      5120.00
    8429.567     0.999829       707368      5851.43
    8445.951     0.999854       707386      6826.67
    8486.911     0.999878       707402      8192.00
    8503.295     0.999890       707413      9102.22
    8511.487     0.999902       707422     10240.00
    8519.679     0.999915       707441     11702.86
    8519.679     0.999927       707441     13653.33
    8527.871     0.999939       707454     16384.00
    8527.871     0.999945       707454     18204.44
    8527.871     0.999951       707454     20480.00
    8536.063     0.999957       707463     23405.71
    8536.063     0.999963       707463     27306.67
    8544.255     0.999969       707468     32768.00
    8552.447     0.999973       707473     36408.89
    8552.447     0.999976       707473     40960.00
    8552.447     0.999979       707473     46811.43
    8560.639     0.999982       707482     54613.33
    8560.639     0.999985       707482     65536.00
    8560.639     0.999986       707482     72817.78
    8560.639     0.999988       707482     81920.00
    8560.639     0.999989       707482     93622.86
    8560.639     0.999991       707482    109226.67
    8568.831     0.999992       707488    131072.00
    8568.831     1.000000       707488          inf
#[Mean    =     3788.887, StdDeviation   =     1696.994]
#[Max     =     8560.640, Total count    =       707488]
#[Buckets =           27, SubBuckets     =         2048]
-----------------------------------------------------------------------
  824634 requests in 1.17m, 221.74MB read
Requests/sec:  11780.67  
Transfer/sec:      3.17MB
