Running 1m test @ http://10.10.1.1:5000
  4 threads and 128 connections

  Thread calibration: mean lat.: 2378.744ms, rate sampling interval: 8429ms
  Thread calibration: mean lat.: 2354.558ms, rate sampling interval: 8306ms
  Thread calibration: mean lat.: 2344.983ms, rate sampling interval: 8290ms
  Thread calibration: mean lat.: 2347.474ms, rate sampling interval: 8241ms

-----------------------------------------------------------------------
Test Results @ http://10.10.1.1:5000 
  Thread Stats   Avg      Stdev     99%   +/- Stdev
    Latency    16.02s     6.60s   27.54s    57.93%
    Req/Sec     1.50k     7.77     1.52k    78.26%
  Latency Distribution (HdrHistogram - Recorded Latency)
 50.000%   16.01s 
 75.000%   21.74s 
 90.000%   25.15s 
 99.000%   27.54s 
 99.900%   28.44s 
 99.990%   28.95s 
 99.999%   29.25s 
100.000%   29.26s 

  Detailed Percentile spectrum:
       Value   Percentile   TotalCount 1/(1-Percentile)

    3962.879     0.000000            1         1.00
    6877.183     0.100000        30018         1.11
    9166.847     0.200000        60010         1.25
   11517.951     0.300000        89953         1.43
   13762.559     0.400000       120012         1.67
   16007.167     0.500000       149929         2.00
   17137.663     0.550000       165058         2.22
   18251.775     0.600000       179887         2.50
   19398.655     0.650000       194984         2.86
   20578.303     0.700000       209884         3.33
   21741.567     0.750000       225051         4.00
   22298.623     0.775000       232470         4.44
   22839.295     0.800000       239884         5.00
   23412.735     0.825000       247396         5.71
   23986.175     0.850000       254956         6.67
   24575.999     0.875000       262362         8.00
   24870.911     0.887500       266188         8.89
   25149.439     0.900000       269843        10.00
   25444.351     0.912500       273733        11.43
   25739.263     0.925000       277533        13.33
   26017.791     0.937500       281074        16.00
   26181.631     0.943750       283137        17.78
   26312.703     0.950000       284824        20.00
   26476.543     0.956250       286868        22.86
   26623.999     0.962500       288713        26.67
   26787.839     0.968750       290573        32.00
   26869.759     0.971875       291396        35.56
   26968.063     0.975000       292398        40.00
   27066.367     0.978125       293372        45.71
   27164.671     0.981250       294304        53.33
   27262.975     0.984375       295154        64.00
   27328.511     0.985938       295641        71.11
   27394.047     0.987500       296087        80.00
   27475.967     0.989062       296533        91.43
   27574.271     0.990625       297040       106.67
   27672.575     0.992188       297485       128.00
   27738.111     0.992969       297761       142.22
   27803.647     0.993750       297975       160.00
   27869.183     0.994531       298219       182.86
   27934.719     0.995313       298423       213.33
   28016.639     0.996094       298638       256.00
   28082.175     0.996484       298789       284.44
   28131.327     0.996875       298898       320.00
   28180.479     0.997266       299028       365.71
   28229.631     0.997656       299124       426.67
   28278.783     0.998047       299230       512.00
   28311.551     0.998242       299300       568.89
   28327.935     0.998437       299342       640.00
   28360.703     0.998633       299412       731.43
   28393.471     0.998828       299471       853.33
   28442.623     0.999023       299518      1024.00
   28475.391     0.999121       299551      1137.78
   28508.159     0.999219       299582      1280.00
   28540.927     0.999316       299608      1462.86
   28590.079     0.999414       299636      1706.67
   28639.231     0.999512       299663      2048.00
   28688.383     0.999561       299685      2275.56
   28704.767     0.999609       299694      2560.00
   28737.535     0.999658       299715      2925.71
   28753.919     0.999707       299722      3413.33
   28786.687     0.999756       299738      4096.00
   28803.071     0.999780       299744      4551.11
   28835.839     0.999805       299751      5120.00
   28868.607     0.999829       299761      5851.43
   28884.991     0.999854       299766      6826.67
   28901.375     0.999878       299773      8192.00
   28934.143     0.999890       299777      9102.22
   28966.911     0.999902       299780     10240.00
   28999.679     0.999915       299783     11702.86
   29081.599     0.999927       299787     13653.33
   29097.983     0.999939       299790     16384.00
   29114.367     0.999945       299792     18204.44
   29163.519     0.999951       299795     20480.00
   29179.903     0.999957       299797     23405.71
   29196.287     0.999963       299800     27306.67
   29196.287     0.999969       299800     32768.00
   29196.287     0.999973       299800     36408.89
   29212.671     0.999976       299802     40960.00
   29212.671     0.999979       299802     46811.43
   29229.055     0.999982       299804     54613.33
   29229.055     0.999985       299804     65536.00
   29229.055     0.999986       299804     72817.78
   29245.439     0.999988       299806     81920.00
   29245.439     0.999989       299806     93622.86
   29245.439     0.999991       299806    109226.67
   29245.439     0.999992       299806    131072.00
   29245.439     0.999993       299806    145635.56
   29261.823     0.999994       299808    163840.00
   29261.823     1.000000       299808          inf
#[Mean    =    16024.038, StdDeviation   =     6600.047]
#[Max     =    29245.440, Total count    =       299808]
#[Buckets =           27, SubBuckets     =         2048]
-----------------------------------------------------------------------
  358850 requests in 1.00m, 95.51MB read
Requests/sec:   5980.78  
Transfer/sec:      1.59MB
