Running 1m test @ http://10.10.1.2:5000
  4 threads and 128 connections

  Thread calibration: mean lat.: 2.110ms, rate sampling interval: 10ms
  Thread calibration: mean lat.: 2.096ms, rate sampling interval: 10ms
  Thread calibration: mean lat.: 2.091ms, rate sampling interval: 10ms
  Thread calibration: mean lat.: 2.098ms, rate sampling interval: 10ms

-----------------------------------------------------------------------
Test Results @ http://10.10.1.2:5000 
  Thread Stats   Avg      Stdev     99%   +/- Stdev
    Latency     1.95ms    0.97ms   5.32ms   75.67%
    Req/Sec     3.43k   682.82     5.11k    70.16%
  Latency Distribution (HdrHistogram - Recorded Latency)
 50.000%    1.75ms
 75.000%    2.37ms
 90.000%    3.15ms
 99.000%    5.32ms
 99.900%    7.73ms
 99.990%   10.39ms
 99.999%   12.95ms
100.000%   16.37ms

  Detailed Percentile spectrum:
       Value   Percentile   TotalCount 1/(1-Percentile)

       0.338     0.000000            1         1.00
       0.960     0.100000        78024         1.11
       1.152     0.200000       156124         1.25
       1.366     0.300000       234071         1.43
       1.562     0.400000       312098         1.67
       1.754     0.500000       390053         2.00
       1.857     0.550000       429000         2.22
       1.967     0.600000       467825         2.50
       2.087     0.650000       507004         2.86
       2.221     0.700000       545921         3.33
       2.373     0.750000       584531         4.00
       2.461     0.775000       604106         4.44
       2.561     0.800000       623647         5.00
       2.673     0.825000       643197         5.71
       2.803     0.850000       662645         6.67
       2.959     0.875000       682122         8.00
       3.049     0.887500       691822         8.89
       3.151     0.900000       701560        10.00
       3.265     0.912500       711222        11.43
       3.405     0.925000       721027        13.33
       3.569     0.937500       730663        16.00
       3.667     0.943750       735535        17.78
       3.775     0.950000       740444        20.00
       3.901     0.956250       745262        22.86
       4.047     0.962500       750179        26.67
       4.215     0.968750       755050        32.00
       4.315     0.971875       757513        35.56
       4.427     0.975000       759929        40.00
       4.551     0.978125       762315        45.71
       4.699     0.981250       764749        53.33
       4.879     0.984375       767190        64.00
       4.979     0.985938       768398        71.11
       5.095     0.987500       769632        80.00
       5.227     0.989062       770843        91.43
       5.383     0.990625       772049       106.67
       5.579     0.992188       773274       128.00
       5.691     0.992969       773890       142.22
       5.811     0.993750       774498       160.00
       5.947     0.994531       775104       182.86
       6.115     0.995313       775717       213.33
       6.311     0.996094       776318       256.00
       6.407     0.996484       776618       284.44
       6.511     0.996875       776924       320.00
       6.651     0.997266       777229       365.71
       6.803     0.997656       777532       426.67
       7.015     0.998047       777831       512.00
       7.115     0.998242       777985       568.89
       7.227     0.998437       778136       640.00
       7.375     0.998633       778288       731.43
       7.551     0.998828       778441       853.33
       7.747     0.999023       778593      1024.00
       7.883     0.999121       778672      1137.78
       8.007     0.999219       778747      1280.00
       8.155     0.999316       778821      1462.86
       8.359     0.999414       778902      1706.67
       8.559     0.999512       778974      2048.00
       8.687     0.999561       779014      2275.56
       8.863     0.999609       779049      2560.00
       8.975     0.999658       779088      2925.71
       9.151     0.999707       779125      3413.33
       9.335     0.999756       779163      4096.00
       9.471     0.999780       779182      4551.11
       9.623     0.999805       779201      5120.00
       9.791     0.999829       779221      5851.43
       9.951     0.999854       779239      6826.67
      10.159     0.999878       779258      8192.00
      10.319     0.999890       779269      9102.22
      10.407     0.999902       779278     10240.00
      10.519     0.999915       779288     11702.86
      10.695     0.999927       779296     13653.33
      11.007     0.999939       779306     16384.00
      11.199     0.999945       779311     18204.44
      11.311     0.999951       779315     20480.00
      11.583     0.999957       779320     23405.71
      11.671     0.999963       779325     27306.67
      11.839     0.999969       779330     32768.00
      11.847     0.999973       779332     36408.89
      11.887     0.999976       779334     40960.00
      12.103     0.999979       779337     46811.43
      12.295     0.999982       779339     54613.33
      12.447     0.999985       779342     65536.00
      12.615     0.999986       779343     72817.78
      12.903     0.999988       779344     81920.00
      12.951     0.999989       779345     93622.86
      13.287     0.999991       779346    109226.67
      14.007     0.999992       779348    131072.00
      14.007     0.999993       779348    145635.56
      14.255     0.999994       779349    163840.00
      14.255     0.999995       779349    187245.71
      14.367     0.999995       779350    218453.33
      14.607     0.999996       779351    262144.00
      14.607     0.999997       779351    291271.11
      14.607     0.999997       779351    327680.00
      14.607     0.999997       779351    374491.43
      15.135     0.999998       779352    436906.67
      15.135     0.999998       779352    524288.00
      15.135     0.999998       779352    582542.22
      15.135     0.999998       779352    655360.00
      15.135     0.999999       779352    748982.86
      16.367     0.999999       779353    873813.33
      16.367     1.000000       779353          inf
#[Mean    =        1.952, StdDeviation   =        0.968]
#[Max     =       16.360, Total count    =       779353]
#[Buckets =           27, SubBuckets     =         2048]
-----------------------------------------------------------------------
  909631 requests in 1.17m, 509.60MB read
Requests/sec:  12995.04  
Transfer/sec:      7.28MB
