Running 1m test @ http://10.10.1.1:5000
  4 threads and 128 connections

  Thread calibration: mean lat.: 5.357ms, rate sampling interval: 18ms
  Thread calibration: mean lat.: 5.572ms, rate sampling interval: 18ms
  Thread calibration: mean lat.: 5.400ms, rate sampling interval: 18ms
  Thread calibration: mean lat.: 5.634ms, rate sampling interval: 19ms

-----------------------------------------------------------------------
Test Results @ http://10.10.1.1:5000 
  Thread Stats   Avg      Stdev     99%   +/- Stdev
    Latency     5.53ms    2.98ms  16.51ms   81.49%
    Req/Sec     2.32k   394.38     3.28k    68.70%
  Latency Distribution (HdrHistogram - Recorded Latency)
 50.000%    4.73ms
 75.000%    6.57ms
 90.000%    9.23ms
 99.000%   16.51ms
 99.900%   24.66ms
 99.990%   34.43ms
 99.999%   44.93ms
100.000%   54.30ms

  Detailed Percentile spectrum:
       Value   Percentile   TotalCount 1/(1-Percentile)

       1.305     0.000000            1         1.00
       2.837     0.100000        54189         1.11
       3.351     0.200000       108170         1.25
       3.795     0.300000       162183         1.43
       4.243     0.400000       216534         1.67
       4.731     0.500000       270437         2.00
       5.003     0.550000       297406         2.22
       5.307     0.600000       324222         2.50
       5.659     0.650000       351520         2.86
       6.067     0.700000       378345         3.33
       6.571     0.750000       405328         4.00
       6.867     0.775000       418902         4.44
       7.203     0.800000       432339         5.00
       7.591     0.825000       445860         5.71
       8.043     0.850000       459364         6.67
       8.567     0.875000       472914         8.00
       8.879     0.887500       479695         8.89
       9.231     0.900000       486441        10.00
       9.631     0.912500       493186        11.43
      10.095     0.925000       499913        13.33
      10.655     0.937500       506643        16.00
      10.975     0.943750       510021        17.78
      11.327     0.950000       513406        20.00
      11.735     0.956250       516716        22.86
      12.223     0.962500       520137        26.67
      12.799     0.968750       523493        32.00
      13.143     0.971875       525199        35.56
      13.511     0.975000       526864        40.00
      13.927     0.978125       528548        45.71
      14.431     0.981250       530236        53.33
      15.039     0.984375       531925        64.00
      15.399     0.985938       532767        71.11
      15.767     0.987500       533603        80.00
      16.223     0.989062       534450        91.43
      16.735     0.990625       535290       106.67
      17.375     0.992188       536152       128.00
      17.711     0.992969       536575       142.22
      18.079     0.993750       536977       160.00
      18.543     0.994531       537404       182.86
      19.087     0.995313       537837       213.33
      19.695     0.996094       538254       256.00
      20.063     0.996484       538467       284.44
      20.431     0.996875       538669       320.00
      20.911     0.997266       538879       365.71
      21.471     0.997656       539088       426.67
      22.127     0.998047       539300       512.00
      22.527     0.998242       539409       568.89
      22.911     0.998437       539513       640.00
      23.455     0.998633       539616       731.43
      24.047     0.998828       539723       853.33
      24.735     0.999023       539828      1024.00
      25.071     0.999121       539881      1137.78
      25.423     0.999219       539933      1280.00
      25.903     0.999316       539985      1462.86
      26.415     0.999414       540039      1706.67
      27.263     0.999512       540093      2048.00
      27.711     0.999561       540119      2275.56
      28.047     0.999609       540144      2560.00
      28.687     0.999658       540171      2925.71
      29.503     0.999707       540196      3413.33
      30.367     0.999756       540223      4096.00
      30.751     0.999780       540236      4551.11
      31.311     0.999805       540249      5120.00
      31.743     0.999829       540263      5851.43
      32.383     0.999854       540275      6826.67
      33.183     0.999878       540289      8192.00
      33.759     0.999890       540295      9102.22
      34.527     0.999902       540303     10240.00
      35.135     0.999915       540308     11702.86
      35.423     0.999927       540315     13653.33
      36.223     0.999939       540322     16384.00
      36.255     0.999945       540325     18204.44
      36.639     0.999951       540328     20480.00
      37.119     0.999957       540331     23405.71
      39.743     0.999963       540335     27306.67
      40.255     0.999969       540338     32768.00
      40.863     0.999973       540340     36408.89
      41.375     0.999976       540341     40960.00
      42.047     0.999979       540343     46811.43
      42.399     0.999982       540345     54613.33
      42.463     0.999985       540346     65536.00
      43.647     0.999986       540347     72817.78
      44.031     0.999988       540348     81920.00
      44.927     0.999989       540349     93622.86
      45.791     0.999991       540350    109226.67
      45.791     0.999992       540350    131072.00
      48.863     0.999993       540351    145635.56
      48.863     0.999994       540351    163840.00
      50.975     0.999995       540352    187245.71
      50.975     0.999995       540352    218453.33
      50.975     0.999996       540352    262144.00
      52.319     0.999997       540353    291271.11
      52.319     0.999997       540353    327680.00
      52.319     0.999997       540353    374491.43
      52.319     0.999998       540353    436906.67
      52.319     0.999998       540353    524288.00
      54.303     0.999998       540354    582542.22
      54.303     1.000000       540354          inf
#[Mean    =        5.533, StdDeviation   =        2.983]
#[Max     =       54.272, Total count    =       540354]
#[Buckets =           27, SubBuckets     =         2048]
-----------------------------------------------------------------------
  626107 requests in 1.17m, 168.51MB read
Requests/sec:   8944.45  
Transfer/sec:      2.41MB
