Running 1m test @ http://10.10.1.2:5000
  4 threads and 128 connections

  Thread calibration: mean lat.: 2698.527ms, rate sampling interval: 9961ms
  Thread calibration: mean lat.: 2691.904ms, rate sampling interval: 9895ms
  Thread calibration: mean lat.: 2570.751ms, rate sampling interval: 9117ms
  Thread calibration: mean lat.: 2702.144ms, rate sampling interval: 9994ms

-----------------------------------------------------------------------
Test Results @ http://10.10.1.2:5000 
  Thread Stats   Avg      Stdev     99%   +/- Stdev
    Latency    22.48s     9.84s   39.45s    57.88%
    Req/Sec     0.98k     4.37     0.99k    75.00%
  Latency Distribution (HdrHistogram - Recorded Latency)
 50.000%   22.48s 
 75.000%   31.03s 
 90.000%   36.04s 
 99.000%   39.45s 
 99.900%   40.57s 
 99.990%   40.96s 
 99.999%   41.29s 
100.000%   41.32s 

  Detailed Percentile spectrum:
       Value   Percentile   TotalCount 1/(1-Percentile)

    4345.855     0.000000            1         1.00
    8855.551     0.100000        23449         1.11
   12296.191     0.200000        46903         1.25
   15704.063     0.300000        70313         1.43
   19070.975     0.400000        93763         1.67
   22478.847     0.500000       117212         2.00
   24215.551     0.550000       128937         2.22
   25886.719     0.600000       140618         2.50
   27590.655     0.650000       152375         2.86
   29327.359     0.700000       164081         3.33
   31031.295     0.750000       175830         4.00
   31866.879     0.775000       181693         4.44
   32686.079     0.800000       187560         5.00
   33521.663     0.825000       193338         5.71
   34340.863     0.850000       199203         6.67
   35192.831     0.875000       205053         8.00
   35618.815     0.887500       208067         8.89
   36044.799     0.900000       211046        10.00
   36470.783     0.912500       213955        11.43
   36896.767     0.925000       216791        13.33
   37355.519     0.937500       219845        16.00
   37552.127     0.943750       221173        17.78
   37781.503     0.950000       222632        20.00
   38010.879     0.956250       224288        22.86
   38207.487     0.962500       225591        26.67
   38469.631     0.968750       227172        32.00
   38567.935     0.971875       227767        35.56
   38699.007     0.975000       228502        40.00
   38830.079     0.978125       229258        45.71
   38961.151     0.981250       229962        53.33
   39124.991     0.984375       230724        64.00
   39223.295     0.985938       231145        71.11
   39288.831     0.987500       231434        80.00
   39387.135     0.989062       231801        91.43
   39485.439     0.990625       232164       106.67
   39616.511     0.992188       232586       128.00
   39682.047     0.992969       232771       142.22
   39714.815     0.993750       232869       160.00
   39813.119     0.994531       233124       182.86
   39878.655     0.995313       233263       213.33
   40009.727     0.996094       233470       256.00
   40042.495     0.996484       233532       284.44
   40108.031     0.996875       233650       320.00
   40140.799     0.997266       233702       365.71
   40206.335     0.997656       233783       426.67
   40304.639     0.998047       233882       512.00
   40370.175     0.998242       233952       568.89
   40402.943     0.998437       233979       640.00
   40435.711     0.998633       234008       731.43
   40501.247     0.998828       234058       853.33
   40566.783     0.999023       234108      1024.00
   40599.551     0.999121       234125      1137.78
   40632.319     0.999219       234149      1280.00
   40697.855     0.999316       234185      1462.86
   40730.623     0.999414       234203      1706.67
   40763.391     0.999512       234214      2048.00
   40796.159     0.999561       234235      2275.56
   40796.159     0.999609       234235      2560.00
   40828.927     0.999658       234253      2925.71
   40861.695     0.999707       234265      3413.33
   40894.463     0.999756       234282      4096.00
   40894.463     0.999780       234282      4551.11
   40894.463     0.999805       234282      5120.00
   40927.231     0.999829       234294      5851.43
   40927.231     0.999854       234294      6826.67
   40959.999     0.999878       234302      8192.00
   40959.999     0.999890       234302      9102.22
   40992.767     0.999902       234308     10240.00
   40992.767     0.999915       234308     11702.86
   40992.767     0.999927       234308     13653.33
   41025.535     0.999939       234311     16384.00
   41058.303     0.999945       234314     18204.44
   41058.303     0.999951       234314     20480.00
   41091.071     0.999957       234315     23405.71
   41123.839     0.999963       234317     27306.67
   41156.607     0.999969       234318     32768.00
   41189.375     0.999973       234319     36408.89
   41222.143     0.999976       234320     40960.00
   41222.143     0.999979       234320     46811.43
   41254.911     0.999982       234321     54613.33
   41287.679     0.999985       234323     65536.00
   41287.679     0.999986       234323     72817.78
   41287.679     0.999988       234323     81920.00
   41287.679     0.999989       234323     93622.86
   41287.679     0.999991       234323    109226.67
   41320.447     0.999992       234325    131072.00
   41320.447     1.000000       234325          inf
#[Mean    =    22480.046, StdDeviation   =     9838.341]
#[Max     =    41287.680, Total count    =       234325]
#[Buckets =           27, SubBuckets     =         2048]
-----------------------------------------------------------------------
  272893 requests in 1.17m, 668.58MB read
  Socket errors: connect 0, read 0, write 0, timeout 42
Requests/sec:   3898.41  
Transfer/sec:      9.55MB
