Running 1m test @ http://10.10.1.1:5000
  4 threads and 128 connections

  Thread calibration: mean lat.: 1765.146ms, rate sampling interval: 6287ms
  Thread calibration: mean lat.: 1799.400ms, rate sampling interval: 6270ms
  Thread calibration: mean lat.: 1753.189ms, rate sampling interval: 6197ms
  Thread calibration: mean lat.: 1734.897ms, rate sampling interval: 6205ms

-----------------------------------------------------------------------
Test Results @ http://10.10.1.1:5000 
  Thread Stats   Avg      Stdev     99%   +/- Stdev
    Latency    13.46s     5.82s   23.69s    58.13%
    Req/Sec     1.50k     9.40     1.52k    69.44%
  Latency Distribution (HdrHistogram - Recorded Latency)
 50.000%   13.41s 
 75.000%   18.48s 
 90.000%   21.51s 
 99.000%   23.69s 
 99.900%   24.61s 
 99.990%   25.28s 
 99.999%   25.59s 
100.000%   25.61s 

  Detailed Percentile spectrum:
       Value   Percentile   TotalCount 1/(1-Percentile)

    2650.111     0.000000            1         1.00
    5419.007     0.100000        36143         1.11
    7450.623     0.200000        72229         1.25
    9478.143     0.300000       108281         1.43
   11411.455     0.400000       144481         1.67
   13410.303     0.500000       180465         2.00
   14426.111     0.550000       198507         2.22
   15450.111     0.600000       216508         2.50
   16457.727     0.650000       234579         2.86
   17481.727     0.700000       252859         3.33
   18481.151     0.750000       270864         4.00
   18972.671     0.775000       279795         4.44
   19496.959     0.800000       288861         5.00
   20004.863     0.825000       297934         5.71
   20496.383     0.850000       306877         6.67
   21004.287     0.875000       315728         8.00
   21266.431     0.887500       320459         8.89
   21512.191     0.900000       324907        10.00
   21757.951     0.912500       329383        11.43
   22003.711     0.925000       333893        13.33
   22249.471     0.937500       338427        16.00
   22380.543     0.943750       340731        17.78
   22495.231     0.950000       342784        20.00
   22642.687     0.956250       345202        22.86
   22773.759     0.962500       347342        26.67
   22937.599     0.968750       349672        32.00
   23019.519     0.971875       350704        35.56
   23117.823     0.975000       351956        40.00
   23216.127     0.978125       353064        45.71
   23314.431     0.981250       354176        53.33
   23429.119     0.984375       355202        64.00
   23494.655     0.985938       355831        71.11
   23560.191     0.987500       356339        80.00
   23642.111     0.989062       356890        91.43
   23740.415     0.990625       357516       106.67
   23838.719     0.992188       358051       128.00
   23887.871     0.992969       358323       142.22
   23953.407     0.993750       358619       160.00
   24018.943     0.994531       358881       182.86
   24084.479     0.995313       359182       213.33
   24150.015     0.996094       359405       256.00
   24215.551     0.996484       359581       284.44
   24264.703     0.996875       359717       320.00
   24313.855     0.997266       359840       365.71
   24379.391     0.997656       360007       426.67
   24428.543     0.998047       360139       512.00
   24444.927     0.998242       360177       568.89
   24477.695     0.998437       360257       640.00
   24526.847     0.998633       360319       731.43
   24575.999     0.998828       360398       853.33
   24625.151     0.999023       360461      1024.00
   24657.919     0.999121       360499      1137.78
   24707.071     0.999219       360531      1280.00
   24756.223     0.999316       360564      1462.86
   24821.759     0.999414       360607      1706.67
   24854.527     0.999512       360638      2048.00
   24887.295     0.999561       360659      2275.56
   24903.679     0.999609       360673      2560.00
   24952.831     0.999658       360693      2925.71
   24985.599     0.999707       360705      3413.33
   25034.751     0.999756       360724      4096.00
   25051.135     0.999780       360733      4551.11
   25083.903     0.999805       360742      5120.00
   25100.287     0.999829       360749      5851.43
   25149.439     0.999854       360759      6826.67
   25182.207     0.999878       360767      8192.00
   25280.511     0.999890       360775      9102.22
   25280.511     0.999902       360775     10240.00
   25329.663     0.999915       360781     11702.86
   25346.047     0.999927       360786     13653.33
   25378.815     0.999939       360789     16384.00
   25395.199     0.999945       360792     18204.44
   25411.583     0.999951       360793     20480.00
   25460.735     0.999957       360796     23405.71
   25477.119     0.999963       360797     27306.67
   25493.503     0.999969       360799     32768.00
   25509.887     0.999973       360802     36408.89
   25509.887     0.999976       360802     40960.00
   25526.271     0.999979       360803     46811.43
   25542.655     0.999982       360804     54613.33
   25591.807     0.999985       360807     65536.00
   25591.807     0.999986       360807     72817.78
   25591.807     0.999988       360807     81920.00
   25591.807     0.999989       360807     93622.86
   25591.807     0.999991       360807    109226.67
   25608.191     0.999992       360810    131072.00
   25608.191     1.000000       360810          inf
#[Mean    =    13458.184, StdDeviation   =     5819.492]
#[Max     =    25591.808, Total count    =       360810]
#[Buckets =           27, SubBuckets     =         2048]
-----------------------------------------------------------------------
  419937 requests in 1.17m, 111.66MB read
Requests/sec:   5998.99  
Transfer/sec:      1.60MB
