Running 1m test @ http://10.10.1.1:5000
  4 threads and 128 connections

  Thread calibration: mean lat.: 31.696ms, rate sampling interval: 141ms
  Thread calibration: mean lat.: 34.218ms, rate sampling interval: 155ms
  Thread calibration: mean lat.: 33.351ms, rate sampling interval: 145ms
  Thread calibration: mean lat.: 32.885ms, rate sampling interval: 145ms

-----------------------------------------------------------------------
Test Results @ http://10.10.1.1:5000 
  Thread Stats   Avg      Stdev     99%   +/- Stdev
    Latency    20.57ms   16.18ms  80.77ms   85.79%
    Req/Sec     2.76k   136.56     3.06k    66.06%
  Latency Distribution (HdrHistogram - Recorded Latency)
 50.000%   15.49ms
 75.000%   26.30ms
 90.000%   41.12ms
 99.000%   80.77ms
 99.900%  121.54ms
 99.990%  177.79ms
 99.999%  198.14ms
100.000%  208.38ms

  Detailed Percentile spectrum:
       Value   Percentile   TotalCount 1/(1-Percentile)

       1.583     0.000000            1         1.00
       6.771     0.100000        55054         1.11
       8.543     0.200000       110274         1.25
      10.439     0.300000       165070         1.43
      12.735     0.400000       220105         1.67
      15.495     0.500000       275028         2.00
      17.103     0.550000       302609         2.22
      18.943     0.600000       330252         2.50
      21.023     0.650000       357615         2.86
      23.423     0.700000       385155         3.33
      26.303     0.750000       412538         4.00
      27.983     0.775000       426349         4.44
      29.855     0.800000       440057         5.00
      32.031     0.825000       453835         5.71
      34.495     0.850000       467625         6.67
      37.439     0.875000       481394         8.00
      39.167     0.887500       488232         8.89
      41.119     0.900000       495099        10.00
      43.295     0.912500       501922        11.43
      45.855     0.925000       508838        13.33
      48.863     0.937500       515709        16.00
      50.591     0.943750       519163        17.78
      52.543     0.950000       522562        20.00
      54.815     0.956250       526018        22.86
      57.407     0.962500       529440        26.67
      60.447     0.968750       532868        32.00
      62.335     0.971875       534603        35.56
      64.383     0.975000       536302        40.00
      66.687     0.978125       538024        45.71
      69.439     0.981250       539754        53.33
      72.703     0.984375       541457        64.00
      74.751     0.985938       542334        71.11
      76.735     0.987500       543171        80.00
      79.103     0.989062       544030        91.43
      81.855     0.990625       544895       106.67
      84.927     0.992188       545760       128.00
      86.847     0.992969       546190       142.22
      88.831     0.993750       546609       160.00
      91.071     0.994531       547040       182.86
      93.503     0.995313       547469       213.33
      96.703     0.996094       547898       256.00
      98.687     0.996484       548116       284.44
     100.671     0.996875       548330       320.00
     103.039     0.997266       548540       365.71
     105.855     0.997656       548758       426.67
     109.375     0.998047       548971       512.00
     111.487     0.998242       549080       568.89
     113.599     0.998437       549185       640.00
     116.287     0.998633       549297       731.43
     119.039     0.998828       549402       853.33
     121.855     0.999023       549508      1024.00
     123.327     0.999121       549561      1137.78
     126.143     0.999219       549618      1280.00
     127.807     0.999316       549668      1462.86
     130.623     0.999414       549722      1706.67
     134.399     0.999512       549776      2048.00
     136.959     0.999561       549803      2275.56
     140.799     0.999609       549831      2560.00
     143.231     0.999658       549856      2925.71
     146.559     0.999707       549883      3413.33
     150.655     0.999756       549910      4096.00
     153.855     0.999780       549924      4551.11
     157.695     0.999805       549937      5120.00
     161.407     0.999829       549950      5851.43
     166.015     0.999854       549964      6826.67
     173.183     0.999878       549977      8192.00
     174.847     0.999890       549984      9102.22
     178.431     0.999902       549991     10240.00
     180.607     0.999915       549997     11702.86
     183.807     0.999927       550004     13653.33
     185.471     0.999939       550011     16384.00
     186.111     0.999945       550014     18204.44
     187.519     0.999951       550018     20480.00
     188.927     0.999957       550021     23405.71
     189.695     0.999963       550024     27306.67
     191.487     0.999969       550029     32768.00
     191.487     0.999973       550029     36408.89
     193.023     0.999976       550031     40960.00
     194.431     0.999979       550033     46811.43
     194.559     0.999982       550034     54613.33
     197.247     0.999985       550036     65536.00
     197.759     0.999986       550037     72817.78
     198.143     0.999988       550038     81920.00
     198.399     0.999989       550039     93622.86
     198.399     0.999991       550039    109226.67
     198.655     0.999992       550040    131072.00
     199.807     0.999993       550041    145635.56
     199.807     0.999994       550041    163840.00
     202.239     0.999995       550042    187245.71
     202.239     0.999995       550042    218453.33
     202.239     0.999996       550042    262144.00
     202.495     0.999997       550043    291271.11
     202.495     0.999997       550043    327680.00
     202.495     0.999997       550043    374491.43
     202.495     0.999998       550043    436906.67
     202.495     0.999998       550043    524288.00
     208.383     0.999998       550044    582542.22
     208.383     1.000000       550044          inf
#[Mean    =       20.574, StdDeviation   =       16.176]
#[Max     =      208.256, Total count    =       550044]
#[Buckets =           27, SubBuckets     =         2048]
-----------------------------------------------------------------------
  660264 requests in 1.00m, 176.15MB read
Requests/sec:  11004.62  
Transfer/sec:      2.94MB
