Running 1m test @ http://10.10.1.1:5000
  4 threads and 128 connections

  Thread calibration: mean lat.: 1161.030ms, rate sampling interval: 3987ms
  Thread calibration: mean lat.: 1119.835ms, rate sampling interval: 3946ms
  Thread calibration: mean lat.: 1203.533ms, rate sampling interval: 4210ms
  Thread calibration: mean lat.: 1203.338ms, rate sampling interval: 4173ms

-----------------------------------------------------------------------
Test Results @ http://10.10.1.1:5000 
  Thread Stats   Avg      Stdev     99%   +/- Stdev
    Latency     7.54s     3.09s   13.16s    58.28%
    Req/Sec     2.96k    23.59     3.00k    60.87%
  Latency Distribution (HdrHistogram - Recorded Latency)
 50.000%    7.57s 
 75.000%   10.17s 
 90.000%   11.71s 
 99.000%   13.16s 
 99.900%   13.91s 
 99.990%   14.26s 
 99.999%   14.41s 
100.000%   14.45s 

  Detailed Percentile spectrum:
       Value   Percentile   TotalCount 1/(1-Percentile)

    1588.223     0.000000            1         1.00
    3248.127     0.100000        59263         1.11
    4337.663     0.200000       118521         1.25
    5455.871     0.300000       177710         1.43
    6533.119     0.400000       236919         1.67
    7565.311     0.500000       296258         2.00
    8093.695     0.550000       325704         2.22
    8585.215     0.600000       355710         2.50
    9117.695     0.650000       384872         2.86
    9641.983     0.700000       414744         3.33
   10174.463     0.750000       444229         4.00
   10444.799     0.775000       459058         4.44
   10690.559     0.800000       473951         5.00
   10944.511     0.825000       488551         5.71
   11182.079     0.850000       503675         6.67
   11436.031     0.875000       518237         8.00
   11567.103     0.887500       525764         8.89
   11706.367     0.900000       533160        10.00
   11837.439     0.912500       540280        11.43
   11993.087     0.925000       547715        13.33
   12156.927     0.937500       555259        16.00
   12238.847     0.943750       558905        17.78
   12320.767     0.950000       562582        20.00
   12419.071     0.956250       566411        22.86
   12525.567     0.962500       569954        26.67
   12648.447     0.968750       573624        32.00
   12705.791     0.971875       575646        35.56
   12754.943     0.975000       577276        40.00
   12820.479     0.978125       579238        45.71
   12894.207     0.981250       581005        53.33
   12976.127     0.984375       582918        64.00
   13017.087     0.985938       583749        71.11
   13066.239     0.987500       584681        80.00
   13123.583     0.989062       585587        91.43
   13197.311     0.990625       586594       106.67
   13271.039     0.992188       587534       128.00
   13311.999     0.992969       587981       142.22
   13344.767     0.993750       588390       160.00
   13393.919     0.994531       588876       182.86
   13459.455     0.995313       589320       213.33
   13524.991     0.996094       589773       256.00
   13565.951     0.996484       589998       284.44
   13598.719     0.996875       590249       320.00
   13623.295     0.997266       590486       365.71
   13647.871     0.997656       590703       426.67
   13697.023     0.998047       590920       512.00
   13737.983     0.998242       591048       568.89
   13778.943     0.998437       591151       640.00
   13828.095     0.998633       591278       731.43
   13860.863     0.998828       591390       853.33
   13918.207     0.999023       591489      1024.00
   13942.783     0.999121       591555      1137.78
   13967.359     0.999219       591603      1280.00
   14000.127     0.999316       591669      1462.86
   14024.703     0.999414       591726      1706.67
   14041.087     0.999512       591775      2048.00
   14065.663     0.999561       591818      2275.56
   14073.855     0.999609       591832      2560.00
   14098.431     0.999658       591859      2925.71
   14123.007     0.999707       591892      3413.33
   14139.391     0.999756       591919      4096.00
   14147.583     0.999780       591932      4551.11
   14163.967     0.999805       591949      5120.00
   14188.543     0.999829       591962      5851.43
   14204.927     0.999854       591977      6826.67
   14237.695     0.999878       591991      8192.00
   14245.887     0.999890       591997      9102.22
   14262.271     0.999902       592006     10240.00
   14270.463     0.999915       592014     11702.86
   14278.655     0.999927       592022     13653.33
   14286.847     0.999939       592029     16384.00
   14286.847     0.999945       592029     18204.44
   14303.231     0.999951       592032     20480.00
   14319.615     0.999957       592035     23405.71
   14352.383     0.999963       592039     27306.67
   14360.575     0.999969       592042     32768.00
   14376.959     0.999973       592045     36408.89
   14385.151     0.999976       592047     40960.00
   14393.343     0.999979       592048     46811.43
   14401.535     0.999982       592051     54613.33
   14401.535     0.999985       592051     65536.00
   14409.727     0.999986       592054     72817.78
   14409.727     0.999988       592054     81920.00
   14409.727     0.999989       592054     93622.86
   14417.919     0.999991       592056    109226.67
   14417.919     0.999992       592056    131072.00
   14417.919     0.999993       592056    145635.56
   14426.111     0.999994       592058    163840.00
   14426.111     0.999995       592058    187245.71
   14426.111     0.999995       592058    218453.33
   14426.111     0.999996       592058    262144.00
   14426.111     0.999997       592058    291271.11
   14442.495     0.999997       592059    327680.00
   14442.495     0.999997       592059    374491.43
   14442.495     0.999998       592059    436906.67
   14442.495     0.999998       592059    524288.00
   14442.495     0.999998       592059    582542.22
   14450.687     0.999998       592060    655360.00
   14450.687     1.000000       592060          inf
#[Mean    =     7536.739, StdDeviation   =     3087.046]
#[Max     =    14442.496, Total count    =       592060]
#[Buckets =           27, SubBuckets     =         2048]
-----------------------------------------------------------------------
  709141 requests in 1.00m, 186.16MB read
Requests/sec:  11819.23  
Transfer/sec:      3.10MB
