Running 1m test @ http://10.10.1.2:5000
  4 threads and 128 connections

  Thread calibration: mean lat.: 0.857ms, rate sampling interval: 10ms
  Thread calibration: mean lat.: 0.872ms, rate sampling interval: 10ms
  Thread calibration: mean lat.: 0.874ms, rate sampling interval: 10ms
  Thread calibration: mean lat.: 0.863ms, rate sampling interval: 10ms

-----------------------------------------------------------------------
Test Results @ http://10.10.1.2:5000 
  Thread Stats   Avg      Stdev     99%   +/- Stdev
    Latency     0.94ms  494.61us   2.92ms   86.99%
    Req/Sec     1.85k   462.44     3.00k    70.04%
  Latency Distribution (HdrHistogram - Recorded Latency)
 50.000%  763.00us
 75.000%    0.98ms
 90.000%    1.60ms
 99.000%    2.92ms
 99.900%    4.20ms
 99.990%    5.16ms
 99.999%    6.35ms
100.000%    7.57ms

  Detailed Percentile spectrum:
       Value   Percentile   TotalCount 1/(1-Percentile)

       0.348     0.000000            1         1.00
       0.600     0.100000        42594         1.11
       0.648     0.200000        84143         1.25
       0.687     0.300000       127076         1.43
       0.723     0.400000       168196         1.67
       0.763     0.500000       210242         2.00
       0.786     0.550000       231256         2.22
       0.813     0.600000       252454         2.50
       0.847     0.650000       273534         2.86
       0.896     0.700000       294558         3.33
       0.981     0.750000       315399         4.00
       1.050     0.775000       325790         4.44
       1.142     0.800000       336405         5.00
       1.238     0.825000       346828         5.71
       1.340     0.850000       357346         6.67
       1.459     0.875000       367891         8.00
       1.527     0.887500       373129         8.89
       1.598     0.900000       378360        10.00
       1.674     0.912500       383613        11.43
       1.757     0.925000       388869        13.33
       1.852     0.937500       394101        16.00
       1.910     0.943750       396757        17.78
       1.974     0.950000       399369        20.00
       2.046     0.956250       401989        22.86
       2.129     0.962500       404616        26.67
       2.235     0.968750       407250        32.00
       2.299     0.971875       408567        35.56
       2.367     0.975000       409862        40.00
       2.449     0.978125       411173        45.71
       2.545     0.981250       412500        53.33
       2.657     0.984375       413798        64.00
       2.717     0.985938       414451        71.11
       2.785     0.987500       415109        80.00
       2.863     0.989062       415763        91.43
       2.955     0.990625       416434       106.67
       3.065     0.992188       417077       128.00
       3.123     0.992969       417414       142.22
       3.187     0.993750       417732       160.00
       3.259     0.994531       418062       182.86
       3.341     0.995313       418392       213.33
       3.451     0.996094       418718       256.00
       3.521     0.996484       418882       284.44
       3.597     0.996875       419046       320.00
       3.675     0.997266       419212       365.71
       3.769     0.997656       419374       426.67
       3.857     0.998047       419538       512.00
       3.909     0.998242       419621       568.89
       3.981     0.998437       419704       640.00
       4.065     0.998633       419785       731.43
       4.131     0.998828       419867       853.33
       4.207     0.999023       419949      1024.00
       4.279     0.999121       419992      1137.78
       4.327     0.999219       420032      1280.00
       4.403     0.999316       420073      1462.86
       4.491     0.999414       420113      1706.67
       4.567     0.999512       420154      2048.00
       4.627     0.999561       420175      2275.56
       4.671     0.999609       420195      2560.00
       4.719     0.999658       420216      2925.71
       4.779     0.999707       420238      3413.33
       4.859     0.999756       420259      4096.00
       4.899     0.999780       420267      4551.11
       4.927     0.999805       420277      5120.00
       4.975     0.999829       420288      5851.43
       5.039     0.999854       420298      6826.67
       5.091     0.999878       420310      8192.00
       5.127     0.999890       420314      9102.22
       5.175     0.999902       420318     10240.00
       5.235     0.999915       420324     11702.86
       5.371     0.999927       420329     13653.33
       5.435     0.999939       420334     16384.00
       5.475     0.999945       420336     18204.44
       5.575     0.999951       420339     20480.00
       5.603     0.999957       420342     23405.71
       5.679     0.999963       420344     27306.67
       5.803     0.999969       420347     32768.00
       5.835     0.999973       420348     36408.89
       5.839     0.999976       420349     40960.00
       5.927     0.999979       420351     46811.43
       5.999     0.999982       420352     54613.33
       6.015     0.999985       420353     65536.00
       6.019     0.999986       420354     72817.78
       6.019     0.999988       420354     81920.00
       6.347     0.999989       420355     93622.86
       6.535     0.999991       420356    109226.67
       6.535     0.999992       420356    131072.00
       6.755     0.999993       420357    145635.56
       6.755     0.999994       420357    163840.00
       6.755     0.999995       420357    187245.71
       7.131     0.999995       420358    218453.33
       7.131     0.999996       420358    262144.00
       7.131     0.999997       420358    291271.11
       7.131     0.999997       420358    327680.00
       7.131     0.999997       420358    374491.43
       7.571     0.999998       420359    436906.67
       7.571     1.000000       420359          inf
#[Mean    =        0.943, StdDeviation   =        0.495]
#[Max     =        7.568, Total count    =       420359]
#[Buckets =           27, SubBuckets     =         2048]
-----------------------------------------------------------------------
  488750 requests in 1.17m, 99.28MB read
Requests/sec:   6982.29  
Transfer/sec:      1.42MB
