Running 1m test @ http://10.10.1.2:5000
  4 threads and 128 connections

  Thread calibration: mean lat.: 3528.195ms, rate sampling interval: 12566ms
  Thread calibration: mean lat.: 3477.450ms, rate sampling interval: 12492ms
  Thread calibration: mean lat.: 3529.192ms, rate sampling interval: 12509ms
  Thread calibration: mean lat.: 3496.209ms, rate sampling interval: 12402ms

-----------------------------------------------------------------------
Test Results @ http://10.10.1.2:5000 
  Thread Stats   Avg      Stdev     99%   +/- Stdev
    Latency    27.62s    12.00s   48.10s    57.94%
    Req/Sec   694.44      6.71   706.00     68.75%
  Latency Distribution (HdrHistogram - Recorded Latency)
 50.000%   27.62s 
 75.000%   38.01s 
 90.000%   44.30s 
 99.000%   48.10s 
 99.900%   49.18s 
 99.990%   49.81s 
 99.999%   50.00s 
100.000%   50.04s 

  Detailed Percentile spectrum:
       Value   Percentile   TotalCount 1/(1-Percentile)

    6131.711     0.000000            1         1.00
   11018.239     0.100000        16689         1.11
   15171.583     0.200000        33355         1.25
   19349.503     0.300000        50049         1.43
   23527.423     0.400000        66740         1.67
   27623.423     0.500000        83443         2.00
   29671.423     0.550000        91729         2.22
   31735.807     0.600000       100072         2.50
   33783.807     0.650000       108485         2.86
   35880.959     0.700000       116808         3.33
   38010.879     0.750000       125144         4.00
   39026.687     0.775000       129297         4.44
   40075.263     0.800000       133495         5.00
   41189.375     0.825000       137669         5.71
   42205.183     0.850000       141808         6.67
   43220.991     0.875000       145930         8.00
   43778.047     0.887500       148082         8.89
   44302.335     0.900000       150108        10.00
   44826.623     0.912500       152234        11.43
   45318.143     0.925000       154298        13.33
   45842.431     0.937500       156437        16.00
   46104.575     0.943750       157445        17.78
   46333.951     0.950000       158490        20.00
   46596.095     0.956250       159583        22.86
   46858.239     0.962500       160620        26.67
   47120.383     0.968750       161648        32.00
   47251.455     0.971875       162160        35.56
   47382.527     0.975000       162666        40.00
   47513.599     0.978125       163160        45.71
   47644.671     0.981250       163643        53.33
   47808.511     0.984375       164199        64.00
   47906.815     0.985938       164497        71.11
   47972.351     0.987500       164713        80.00
   48070.655     0.989062       165015        91.43
   48168.959     0.990625       165297       106.67
   48267.263     0.992188       165539       128.00
   48332.799     0.992969       165660       142.22
   48365.567     0.993750       165726       160.00
   48463.871     0.994531       165896       182.86
   48529.407     0.995313       166013       213.33
   48627.711     0.996094       166163       256.00
   48660.479     0.996484       166207       284.44
   48726.015     0.996875       166277       320.00
   48791.551     0.997266       166340       365.71
   48857.087     0.997656       166396       426.67
   48922.623     0.998047       166452       512.00
   48955.391     0.998242       166480       568.89
   49020.927     0.998437       166527       640.00
   49053.695     0.998633       166548       731.43
   49119.231     0.998828       166582       853.33
   49184.767     0.999023       166612      1024.00
   49217.535     0.999121       166623      1137.78
   49283.071     0.999219       166645      1280.00
   49315.839     0.999316       166656      1462.86
   49381.375     0.999414       166677      1706.67
   49414.143     0.999512       166690      2048.00
   49446.911     0.999561       166699      2275.56
   49479.679     0.999609       166709      2560.00
   49512.447     0.999658       166717      2925.71
   49545.215     0.999707       166720      3413.33
   49577.983     0.999756       166728      4096.00
   49610.751     0.999780       166733      4551.11
   49643.519     0.999805       166735      5120.00
   49709.055     0.999829       166741      5851.43
   49774.591     0.999854       166748      6826.67
   49774.591     0.999878       166748      8192.00
   49807.359     0.999890       166753      9102.22
   49807.359     0.999902       166753     10240.00
   49807.359     0.999915       166753     11702.86
   49840.127     0.999927       166756     13653.33
   49872.895     0.999939       166759     16384.00
   49872.895     0.999945       166759     18204.44
   49872.895     0.999951       166759     20480.00
   49905.663     0.999957       166761     23405.71
   49905.663     0.999963       166761     27306.67
   49938.431     0.999969       166762     32768.00
   49971.199     0.999973       166764     36408.89
   49971.199     0.999976       166764     40960.00
   49971.199     0.999979       166764     46811.43
   49971.199     0.999982       166764     54613.33
   50003.967     0.999985       166766     65536.00
   50003.967     0.999986       166766     72817.78
   50003.967     0.999988       166766     81920.00
   50003.967     0.999989       166766     93622.86
   50003.967     0.999991       166766    109226.67
   50003.967     0.999992       166766    131072.00
   50003.967     0.999993       166766    145635.56
   50003.967     0.999994       166766    163840.00
   50036.735     0.999995       166767    187245.71
   50036.735     1.000000       166767          inf
#[Mean    =    27619.033, StdDeviation   =    11997.834]
#[Max     =    50003.968, Total count    =       166767]
#[Buckets =           27, SubBuckets     =         2048]
-----------------------------------------------------------------------
  194558 requests in 1.17m, 475.00MB read
  Socket errors: connect 0, read 0, write 0, timeout 11
Requests/sec:   2779.43  
Transfer/sec:      6.79MB
