Running 1m test @ http://10.10.1.2:5000
  4 threads and 128 connections

  Thread calibration: mean lat.: 1.021ms, rate sampling interval: 10ms
  Thread calibration: mean lat.: 1.025ms, rate sampling interval: 10ms
  Thread calibration: mean lat.: 1.005ms, rate sampling interval: 10ms
  Thread calibration: mean lat.: 1.009ms, rate sampling interval: 10ms

-----------------------------------------------------------------------
Test Results @ http://10.10.1.2:5000 
  Thread Stats   Avg      Stdev     99%   +/- Stdev
    Latency     0.87ms  262.69us   1.90ms   90.49%
    Req/Sec   264.65    166.34   700.00     74.31%
  Latency Distribution (HdrHistogram - Recorded Latency)
 50.000%  805.00us
 75.000%    0.91ms
 90.000%    1.09ms
 99.000%    1.90ms
 99.900%    3.15ms
 99.990%    4.20ms
 99.999%    4.55ms
100.000%    4.96ms

  Detailed Percentile spectrum:
       Value   Percentile   TotalCount 1/(1-Percentile)

       0.502     0.000000            1         1.00
       0.684     0.100000         6073         1.11
       0.721     0.200000        12085         1.25
       0.750     0.300000        18221         1.43
       0.777     0.400000        24243         1.67
       0.805     0.500000        30234         2.00
       0.820     0.550000        33117         2.22
       0.837     0.600000        36080         2.50
       0.857     0.650000        39203         2.86
       0.880     0.700000        42167         3.33
       0.908     0.750000        45113         4.00
       0.926     0.775000        46669         4.44
       0.946     0.800000        48162         5.00
       0.970     0.825000        49637         5.71
       0.999     0.850000        51144         6.67
       1.036     0.875000        52623         8.00
       1.058     0.887500        53368         8.89
       1.089     0.900000        54119        10.00
       1.136     0.912500        54868        11.43
       1.224     0.925000        55617        13.33
       1.332     0.937500        56369        16.00
       1.380     0.943750        56749        17.78
       1.431     0.950000        57122        20.00
       1.479     0.956250        57495        22.86
       1.531     0.962500        57874        26.67
       1.585     0.968750        58248        32.00
       1.616     0.971875        58436        35.56
       1.650     0.975000        58622        40.00
       1.683     0.978125        58810        45.71
       1.721     0.981250        59001        53.33
       1.773     0.984375        59185        64.00
       1.804     0.985938        59279        71.11
       1.839     0.987500        59374        80.00
       1.873     0.989062        59470        91.43
       1.917     0.990625        59562       106.67
       1.969     0.992188        59656       128.00
       2.001     0.992969        59705       142.22
       2.032     0.993750        59749       160.00
       2.083     0.994531        59796       182.86
       2.145     0.995313        59843       213.33
       2.267     0.996094        59890       256.00
       2.333     0.996484        59913       284.44
       2.403     0.996875        59937       320.00
       2.517     0.997266        59962       365.71
       2.619     0.997656        59984       426.67
       2.733     0.998047        60007       512.00
       2.783     0.998242        60019       568.89
       2.845     0.998437        60032       640.00
       2.917     0.998633        60042       731.43
       2.991     0.998828        60055       853.33
       3.171     0.999023        60066      1024.00
       3.293     0.999121        60072      1137.78
       3.351     0.999219        60078      1280.00
       3.377     0.999316        60083      1462.86
       3.483     0.999414        60089      1706.67
       3.675     0.999512        60095      2048.00
       3.745     0.999561        60098      2275.56
       3.797     0.999609        60101      2560.00
       3.853     0.999658        60104      2925.71
       3.899     0.999707        60107      3413.33
       3.963     0.999756        60110      4096.00
       3.973     0.999780        60111      4551.11
       4.017     0.999805        60113      5120.00
       4.051     0.999829        60114      5851.43
       4.139     0.999854        60116      6826.67
       4.195     0.999878        60117      8192.00
       4.199     0.999890        60118      9102.22
       4.287     0.999902        60119     10240.00
       4.287     0.999915        60119     11702.86
       4.299     0.999927        60120     13653.33
       4.447     0.999939        60121     16384.00
       4.447     0.999945        60121     18204.44
       4.503     0.999951        60122     20480.00
       4.503     0.999957        60122     23405.71
       4.503     0.999963        60122     27306.67
       4.555     0.999969        60123     32768.00
       4.555     0.999973        60123     36408.89
       4.555     0.999976        60123     40960.00
       4.555     0.999979        60123     46811.43
       4.555     0.999982        60123     54613.33
       4.963     0.999985        60124     65536.00
       4.963     1.000000        60124          inf
#[Mean    =        0.874, StdDeviation   =        0.263]
#[Max     =        4.960, Total count    =        60124]
#[Buckets =           27, SubBuckets     =         2048]
-----------------------------------------------------------------------
  70058 requests in 1.17m, 39.31MB read
Requests/sec:   1000.79  
Transfer/sec:    575.03KB
