Running 1m test @ http://10.10.1.1:5000
  4 threads and 128 connections

  Thread calibration: mean lat.: 38.517ms, rate sampling interval: 169ms
  Thread calibration: mean lat.: 39.213ms, rate sampling interval: 181ms
  Thread calibration: mean lat.: 36.234ms, rate sampling interval: 160ms
  Thread calibration: mean lat.: 38.756ms, rate sampling interval: 176ms

-----------------------------------------------------------------------
Test Results @ http://10.10.1.1:5000 
  Thread Stats   Avg      Stdev     99%   +/- Stdev
    Latency    22.70ms   18.71ms  91.78ms   86.70%
    Req/Sec     2.76k   124.48     3.05k    67.83%
  Latency Distribution (HdrHistogram - Recorded Latency)
 50.000%   16.80ms
 75.000%   28.98ms
 90.000%   46.08ms
 99.000%   91.78ms
 99.900%  144.90ms
 99.990%  226.82ms
 99.999%  259.97ms
100.000%  283.14ms

  Detailed Percentile spectrum:
       Value   Percentile   TotalCount 1/(1-Percentile)

       1.601     0.000000            1         1.00
       7.075     0.100000        66065         1.11
       9.007     0.200000       132192         1.25
      11.127     0.300000       198223         1.43
      13.711     0.400000       264211         1.67
      16.799     0.500000       330080         2.00
      18.623     0.550000       363297         2.22
      20.655     0.600000       396140         2.50
      22.991     0.650000       429226         2.86
      25.711     0.700000       462215         3.33
      28.975     0.750000       495230         4.00
      30.895     0.775000       511691         4.44
      33.055     0.800000       528141         5.00
      35.519     0.825000       544643         5.71
      38.431     0.850000       561136         6.67
      41.855     0.875000       577655         8.00
      43.839     0.887500       585910         8.89
      46.079     0.900000       594121        10.00
      48.671     0.912500       602438        11.43
      51.551     0.925000       610653        13.33
      55.071     0.937500       618896        16.00
      57.119     0.943750       623013        17.78
      59.423     0.950000       627117        20.00
      62.047     0.956250       631289        22.86
      65.055     0.962500       635401        26.67
      68.607     0.968750       639497        32.00
      70.783     0.971875       641583        35.56
      73.023     0.975000       643638        40.00
      75.711     0.978125       645702        45.71
      78.719     0.981250       647754        53.33
      82.431     0.984375       649820        64.00
      84.671     0.985938       650853        71.11
      87.167     0.987500       651877        80.00
      89.919     0.989062       652909        91.43
      93.119     0.990625       653942       106.67
      97.087     0.992188       654969       128.00
      99.327     0.992969       655481       142.22
     102.015     0.993750       656005       160.00
     104.959     0.994531       656511       182.86
     108.607     0.995313       657031       213.33
     113.023     0.996094       657547       256.00
     115.135     0.996484       657803       284.44
     118.079     0.996875       658062       320.00
     120.895     0.997266       658316       365.71
     124.607     0.997656       658577       426.67
     129.023     0.998047       658834       512.00
     131.455     0.998242       658961       568.89
     134.399     0.998437       659090       640.00
     137.471     0.998633       659219       731.43
     140.671     0.998828       659347       853.33
     145.407     0.999023       659476      1024.00
     148.223     0.999121       659541      1137.78
     151.039     0.999219       659605      1280.00
     155.903     0.999316       659669      1462.86
     163.711     0.999414       659734      1706.67
     170.111     0.999512       659799      2048.00
     173.823     0.999561       659831      2275.56
     178.943     0.999609       659864      2560.00
     183.167     0.999658       659896      2925.71
     187.135     0.999707       659927      3413.33
     194.815     0.999756       659959      4096.00
     198.143     0.999780       659975      4551.11
     204.159     0.999805       659992      5120.00
     209.279     0.999829       660008      5851.43
     214.271     0.999854       660024      6826.67
     221.823     0.999878       660040      8192.00
     224.639     0.999890       660048      9102.22
     227.839     0.999902       660056     10240.00
     230.399     0.999915       660064     11702.86
     234.495     0.999927       660072     13653.33
     237.823     0.999939       660080     16384.00
     238.591     0.999945       660084     18204.44
     241.919     0.999951       660089     20480.00
     244.351     0.999957       660093     23405.71
     245.119     0.999963       660096     27306.67
     246.783     0.999969       660100     32768.00
     247.167     0.999973       660102     36408.89
     250.751     0.999976       660104     40960.00
     251.903     0.999979       660106     46811.43
     253.567     0.999982       660108     54613.33
     255.487     0.999985       660110     65536.00
     257.535     0.999986       660111     72817.78
     259.839     0.999988       660112     81920.00
     259.967     0.999989       660113     93622.86
     263.679     0.999991       660114    109226.67
     264.447     0.999992       660115    131072.00
     264.703     0.999993       660117    145635.56
     264.703     0.999994       660117    163840.00
     264.703     0.999995       660117    187245.71
     264.703     0.999995       660117    218453.33
     268.799     0.999996       660118    262144.00
     268.799     0.999997       660118    291271.11
     268.799     0.999997       660118    327680.00
     277.247     0.999997       660119    374491.43
     277.247     0.999998       660119    436906.67
     277.247     0.999998       660119    524288.00
     277.247     0.999998       660119    582542.22
     277.247     0.999998       660119    655360.00
     283.135     0.999999       660120    748982.86
     283.135     1.000000       660120          inf
#[Mean    =       22.699, StdDeviation   =       18.708]
#[Max     =      282.880, Total count    =       660120]
#[Buckets =           27, SubBuckets     =         2048]
-----------------------------------------------------------------------
  770245 requests in 1.17m, 209.46MB read
Requests/sec:  11003.66  
Transfer/sec:      2.99MB
