Running 1m test @ http://10.10.1.1:5000
  4 threads and 128 connections

  Thread calibration: mean lat.: 3.382ms, rate sampling interval: 10ms
  Thread calibration: mean lat.: 3.405ms, rate sampling interval: 10ms
  Thread calibration: mean lat.: 3.411ms, rate sampling interval: 10ms
  Thread calibration: mean lat.: 3.402ms, rate sampling interval: 10ms

-----------------------------------------------------------------------
Test Results @ http://10.10.1.1:5000 
  Thread Stats   Avg      Stdev     99%   +/- Stdev
    Latency     3.72ms  802.04us   6.58ms   77.50%
    Req/Sec   263.98    165.98   700.00     75.31%
  Latency Distribution (HdrHistogram - Recorded Latency)
 50.000%    3.59ms
 75.000%    4.05ms
 90.000%    4.69ms
 99.000%    6.58ms
 99.900%    8.53ms
 99.990%    9.78ms
 99.999%   11.18ms
100.000%   11.34ms

  Detailed Percentile spectrum:
       Value   Percentile   TotalCount 1/(1-Percentile)

       2.023     0.000000            1         1.00
       2.909     0.100000         6032         1.11
       3.071     0.200000        12038         1.25
       3.225     0.300000        18098         1.43
       3.403     0.400000        24107         1.67
       3.591     0.500000        30102         2.00
       3.679     0.550000        33075         2.22
       3.765     0.600000        36125         2.50
       3.851     0.650000        39147         2.86
       3.943     0.700000        42136         3.33
       4.047     0.750000        45109         4.00
       4.107     0.775000        46603         4.44
       4.179     0.800000        48133         5.00
       4.263     0.825000        49644         5.71
       4.363     0.850000        51120         6.67
       4.503     0.875000        52635         8.00
       4.587     0.887500        53372         8.89
       4.687     0.900000        54140        10.00
       4.795     0.912500        54867        11.43
       4.923     0.925000        55641        13.33
       5.079     0.937500        56380        16.00
       5.159     0.943750        56747        17.78
       5.247     0.950000        57139        20.00
       5.335     0.956250        57498        22.86
       5.447     0.962500        57874        26.67
       5.587     0.968750        58252        32.00
       5.675     0.971875        58436        35.56
       5.767     0.975000        58629        40.00
       5.879     0.978125        58814        45.71
       6.023     0.981250        59001        53.33
       6.175     0.984375        59191        64.00
       6.279     0.985938        59285        71.11
       6.391     0.987500        59376        80.00
       6.499     0.989062        59473        91.43
       6.643     0.990625        59564       106.67
       6.795     0.992188        59662       128.00
       6.875     0.992969        59705       142.22
       6.999     0.993750        59753       160.00
       7.103     0.994531        59799       182.86
       7.251     0.995313        59846       213.33
       7.423     0.996094        59895       256.00
       7.499     0.996484        59917       284.44
       7.603     0.996875        59940       320.00
       7.759     0.997266        59965       365.71
       7.863     0.997656        59987       426.67
       8.007     0.998047        60010       512.00
       8.079     0.998242        60022       568.89
       8.183     0.998437        60034       640.00
       8.311     0.998633        60045       731.43
       8.431     0.998828        60060       853.33
       8.551     0.999023        60069      1024.00
       8.591     0.999121        60076      1137.78
       8.671     0.999219        60081      1280.00
       8.735     0.999316        60086      1462.86
       8.799     0.999414        60092      1706.67
       8.959     0.999512        60098      2048.00
       9.063     0.999561        60101      2275.56
       9.175     0.999609        60104      2560.00
       9.231     0.999658        60107      2925.71
       9.335     0.999707        60110      3413.33
       9.479     0.999756        60113      4096.00
       9.535     0.999780        60114      4551.11
       9.663     0.999805        60116      5120.00
       9.679     0.999829        60117      5851.43
       9.719     0.999854        60119      6826.67
       9.735     0.999878        60120      8192.00
       9.783     0.999890        60121      9102.22
       9.983     0.999902        60122     10240.00
       9.983     0.999915        60122     11702.86
      10.087     0.999927        60123     13653.33
      10.175     0.999939        60124     16384.00
      10.175     0.999945        60124     18204.44
      10.303     0.999951        60125     20480.00
      10.303     0.999957        60125     23405.71
      10.303     0.999963        60125     27306.67
      11.183     0.999969        60126     32768.00
      11.183     0.999973        60126     36408.89
      11.183     0.999976        60126     40960.00
      11.183     0.999979        60126     46811.43
      11.183     0.999982        60126     54613.33
      11.335     0.999985        60127     65536.00
      11.335     1.000000        60127          inf
#[Mean    =        3.718, StdDeviation   =        0.802]
#[Max     =       11.328, Total count    =        60127]
#[Buckets =           27, SubBuckets     =         2048]
-----------------------------------------------------------------------
  70057 requests in 1.17m, 18.83MB read
Requests/sec:   1000.55  
Transfer/sec:    275.40KB
