Running 1m test @ http://10.10.1.1:5000
  4 threads and 128 connections

  Thread calibration: mean lat.: 14.798ms, rate sampling interval: 54ms
  Thread calibration: mean lat.: 14.169ms, rate sampling interval: 53ms
  Thread calibration: mean lat.: 14.886ms, rate sampling interval: 57ms
  Thread calibration: mean lat.: 14.646ms, rate sampling interval: 54ms

-----------------------------------------------------------------------
Test Results @ http://10.10.1.1:5000 
  Thread Stats   Avg      Stdev     99%   +/- Stdev
    Latency    11.32ms    7.81ms  39.84ms   81.65%
    Req/Sec     1.27k   156.50     1.62k    68.40%
  Latency Distribution (HdrHistogram - Recorded Latency)
 50.000%    9.22ms
 75.000%   14.28ms
 90.000%   21.06ms
 99.000%   39.84ms
 99.900%   60.64ms
 99.990%   82.05ms
 99.999%  104.13ms
100.000%  111.17ms

  Detailed Percentile spectrum:
       Value   Percentile   TotalCount 1/(1-Percentile)

       1.388     0.000000            1         1.00
       4.171     0.100000        25118         1.11
       5.375     0.200000        50197         1.25
       6.539     0.300000        75228         1.43
       7.803     0.400000       100354         1.67
       9.223     0.500000       125471         2.00
      10.007     0.550000       137905         2.22
      10.879     0.600000       150495         2.50
      11.847     0.650000       163078         2.86
      12.967     0.700000       175557         3.33
      14.279     0.750000       188087         4.00
      15.047     0.775000       194371         4.44
      15.887     0.800000       200589         5.00
      16.847     0.825000       206883         5.71
      17.983     0.850000       213141         6.67
      19.343     0.875000       219410         8.00
      20.143     0.887500       222538         8.89
      21.055     0.900000       225686        10.00
      22.095     0.912500       228790        11.43
      23.263     0.925000       231916        13.33
      24.735     0.937500       235071        16.00
      25.583     0.943750       236636        17.78
      26.543     0.950000       238197        20.00
      27.599     0.956250       239757        22.86
      28.831     0.962500       241339        26.67
      30.335     0.968750       242883        32.00
      31.231     0.971875       243672        35.56
      32.127     0.975000       244453        40.00
      33.215     0.978125       245246        45.71
      34.431     0.981250       246021        53.33
      36.095     0.984375       246810        64.00
      36.991     0.985938       247202        71.11
      37.983     0.987500       247589        80.00
      39.103     0.989062       247986        91.43
      40.383     0.990625       248372       106.67
      41.951     0.992188       248764       128.00
      42.879     0.992969       248959       142.22
      43.807     0.993750       249153       160.00
      44.927     0.994531       249350       182.86
      46.207     0.995313       249542       213.33
      47.743     0.996094       249739       256.00
      48.607     0.996484       249837       284.44
      49.919     0.996875       249939       320.00
      50.879     0.997266       250032       365.71
      51.967     0.997656       250131       426.67
      53.727     0.998047       250229       512.00
      54.655     0.998242       250278       568.89
      55.871     0.998437       250326       640.00
      57.375     0.998633       250375       731.43
      59.167     0.998828       250425       853.33
      60.863     0.999023       250473      1024.00
      61.823     0.999121       250497      1137.78
      62.911     0.999219       250523      1280.00
      64.031     0.999316       250547      1462.86
      65.023     0.999414       250571      1706.67
      66.431     0.999512       250595      2048.00
      67.263     0.999561       250608      2275.56
      68.031     0.999609       250620      2560.00
      69.439     0.999658       250632      2925.71
      70.783     0.999707       250644      3413.33
      72.959     0.999756       250656      4096.00
      73.791     0.999780       250662      4551.11
      75.071     0.999805       250669      5120.00
      75.775     0.999829       250675      5851.43
      77.055     0.999854       250681      6826.67
      79.039     0.999878       250687      8192.00
      81.279     0.999890       250690      9102.22
      82.751     0.999902       250693     10240.00
      83.647     0.999915       250696     11702.86
      85.119     0.999927       250699     13653.33
      88.767     0.999939       250702     16384.00
      89.663     0.999945       250704     18204.44
      89.727     0.999951       250705     20480.00
      89.983     0.999957       250707     23405.71
      90.687     0.999963       250708     27306.67
      92.351     0.999969       250710     32768.00
      92.927     0.999973       250711     36408.89
      92.927     0.999976       250711     40960.00
      94.655     0.999979       250712     46811.43
     102.847     0.999982       250713     54613.33
     104.127     0.999985       250714     65536.00
     104.127     0.999986       250714     72817.78
     104.127     0.999988       250714     81920.00
     105.471     0.999989       250715     93622.86
     105.471     0.999991       250715    109226.67
     110.143     0.999992       250716    131072.00
     110.143     0.999993       250716    145635.56
     110.143     0.999994       250716    163840.00
     110.143     0.999995       250716    187245.71
     110.143     0.999995       250716    218453.33
     111.167     0.999996       250717    262144.00
     111.167     1.000000       250717          inf
#[Mean    =       11.320, StdDeviation   =        7.809]
#[Max     =      111.104, Total count    =       250717]
#[Buckets =           27, SubBuckets     =         2048]
-----------------------------------------------------------------------
  300524 requests in 1.00m, 79.85MB read
Requests/sec:   5008.84  
Transfer/sec:      1.33MB
