Running 1m test @ http://10.10.1.1:5000
  4 threads and 128 connections

  Thread calibration: mean lat.: 1130.536ms, rate sampling interval: 3979ms
  Thread calibration: mean lat.: 1151.609ms, rate sampling interval: 4007ms
  Thread calibration: mean lat.: 1199.396ms, rate sampling interval: 4198ms
  Thread calibration: mean lat.: 1167.779ms, rate sampling interval: 4081ms

-----------------------------------------------------------------------
Test Results @ http://10.10.1.1:5000 
  Thread Stats   Avg      Stdev     99%   +/- Stdev
    Latency     8.60s     3.70s   15.31s    58.25%
    Req/Sec     2.96k    15.19     2.98k    70.18%
  Latency Distribution (HdrHistogram - Recorded Latency)
 50.000%    8.61s 
 75.000%   11.76s 
 90.000%   13.68s 
 99.000%   15.31s 
 99.900%   16.21s 
 99.990%   16.69s 
 99.999%   16.84s 
100.000%   16.86s 

  Detailed Percentile spectrum:
       Value   Percentile   TotalCount 1/(1-Percentile)

    1746.943     0.000000            1         1.00
    3504.127     0.100000        70886         1.11
    4755.455     0.200000       141754         1.25
    6074.367     0.300000       212694         1.43
    7331.839     0.400000       283474         1.67
    8609.791     0.500000       354342         2.00
    9240.575     0.550000       389785         2.22
    9871.359     0.600000       425273         2.50
   10485.759     0.650000       460959         2.86
   11124.735     0.700000       496016         3.33
   11763.711     0.750000       531695         4.00
   12075.007     0.775000       549376         4.44
   12394.495     0.800000       567143         5.00
   12713.983     0.825000       584592         5.71
   13041.663     0.850000       602647         6.67
   13352.959     0.875000       620262         8.00
   13516.799     0.887500       629230         8.89
   13680.639     0.900000       638094        10.00
   13836.287     0.912500       646610        11.43
   14016.511     0.925000       655825        13.33
   14188.543     0.937500       664618        16.00
   14278.655     0.943750       669048        17.78
   14376.959     0.950000       673467        20.00
   14483.455     0.956250       677849        22.86
   14589.951     0.962500       682174        26.67
   14721.023     0.968750       686691        32.00
   14786.559     0.971875       688872        35.56
   14852.095     0.975000       690993        40.00
   14925.823     0.978125       693107        45.71
   15007.743     0.981250       695305        53.33
   15106.047     0.984375       697543        64.00
   15155.199     0.985938       698752        71.11
   15204.351     0.987500       699732        80.00
   15269.887     0.989062       700899        91.43
   15335.423     0.990625       701936       106.67
   15425.535     0.992188       703104       128.00
   15466.495     0.992969       703683       142.22
   15523.839     0.993750       704158       160.00
   15589.375     0.994531       704748       182.86
   15646.719     0.995313       705330       213.33
   15720.447     0.996094       705819       256.00
   15769.599     0.996484       706109       284.44
   15826.943     0.996875       706394       320.00
   15867.903     0.997266       706644       365.71
   15908.863     0.997656       706949       426.67
   15966.207     0.998047       707206       512.00
   15998.975     0.998242       707329       568.89
   16048.127     0.998437       707466       640.00
   16097.279     0.998633       707608       731.43
   16171.007     0.998828       707757       853.33
   16211.967     0.999023       707882      1024.00
   16236.543     0.999121       707953      1137.78
   16269.311     0.999219       708025      1280.00
   16293.887     0.999316       708093      1462.86
   16326.655     0.999414       708158      1706.67
   16392.191     0.999512       708229      2048.00
   16416.767     0.999561       708264      2275.56
   16441.343     0.999609       708304      2560.00
   16465.919     0.999658       708333      2925.71
   16523.263     0.999707       708371      3413.33
   16556.031     0.999756       708414      4096.00
   16564.223     0.999780       708428      4551.11
   16580.607     0.999805       708440      5120.00
   16596.991     0.999829       708456      5851.43
   16637.951     0.999854       708470      6826.67
   16662.527     0.999878       708488      8192.00
   16678.911     0.999890       708496      9102.22
   16687.103     0.999902       708504     10240.00
   16711.679     0.999915       708514     11702.86
   16719.871     0.999927       708524     13653.33
   16728.063     0.999939       708530     16384.00
   16736.255     0.999945       708539     18204.44
   16736.255     0.999951       708539     20480.00
   16744.447     0.999957       708546     23405.71
   16752.639     0.999963       708549     27306.67
   16777.215     0.999969       708552     32768.00
   16793.599     0.999973       708555     36408.89
   16809.983     0.999976       708558     40960.00
   16809.983     0.999979       708558     46811.43
   16826.367     0.999982       708562     54613.33
   16842.751     0.999985       708570     65536.00
   16842.751     0.999986       708570     72817.78
   16842.751     0.999988       708570     81920.00
   16842.751     0.999989       708570     93622.86
   16842.751     0.999991       708570    109226.67
   16842.751     0.999992       708570    131072.00
   16842.751     0.999993       708570    145635.56
   16842.751     0.999994       708570    163840.00
   16842.751     0.999995       708570    187245.71
   16842.751     0.999995       708570    218453.33
   16859.135     0.999996       708573    262144.00
   16859.135     1.000000       708573          inf
#[Mean    =     8604.760, StdDeviation   =     3702.866]
#[Max     =    16842.752, Total count    =       708573]
#[Buckets =           27, SubBuckets     =         2048]
-----------------------------------------------------------------------
  825564 requests in 1.17m, 221.91MB read
Requests/sec:  11793.94  
Transfer/sec:      3.17MB
