Running 1m test @ http://10.10.1.1:5000
  4 threads and 128 connections

  Thread calibration: mean lat.: 3.514ms, rate sampling interval: 10ms
  Thread calibration: mean lat.: 3.468ms, rate sampling interval: 10ms
  Thread calibration: mean lat.: 3.459ms, rate sampling interval: 10ms
  Thread calibration: mean lat.: 3.499ms, rate sampling interval: 10ms

-----------------------------------------------------------------------
Test Results @ http://10.10.1.1:5000 
  Thread Stats   Avg      Stdev     99%   +/- Stdev
    Latency     3.23ms    1.33ms   8.00ms   78.87%
    Req/Sec     1.85k   466.80     3.00k    69.03%
  Latency Distribution (HdrHistogram - Recorded Latency)
 50.000%    2.92ms
 75.000%    3.76ms
 90.000%    4.87ms
 99.000%    8.00ms
 99.900%   11.41ms
 99.990%   14.90ms
 99.999%   17.31ms
100.000%   21.07ms

  Detailed Percentile spectrum:
       Value   Percentile   TotalCount 1/(1-Percentile)

       1.189     0.000000            1         1.00
       1.953     0.100000        42057         1.11
       2.207     0.200000        84108         1.25
       2.437     0.300000       126171         1.43
       2.673     0.400000       168392         1.67
       2.923     0.500000       210467         2.00
       3.055     0.550000       231253         2.22
       3.199     0.600000       252370         2.50
       3.361     0.650000       273495         2.86
       3.541     0.700000       294360         3.33
       3.755     0.750000       315319         4.00
       3.879     0.775000       325874         4.44
       4.019     0.800000       336396         5.00
       4.179     0.825000       346935         5.71
       4.367     0.850000       357527         6.67
       4.587     0.875000       367932         8.00
       4.719     0.887500       373151         8.89
       4.871     0.900000       378409        10.00
       5.043     0.912500       383643        11.43
       5.239     0.925000       388870        13.33
       5.479     0.937500       394193        16.00
       5.615     0.943750       396818        17.78
       5.771     0.950000       399400        20.00
       5.947     0.956250       402006        22.86
       6.155     0.962500       404678        26.67
       6.403     0.968750       407273        32.00
       6.555     0.971875       408575        35.56
       6.723     0.975000       409901        40.00
       6.899     0.978125       411197        45.71
       7.127     0.981250       412527        53.33
       7.379     0.984375       413823        64.00
       7.527     0.985938       414489        71.11
       7.683     0.987500       415141        80.00
       7.871     0.989062       415795        91.43
       8.083     0.990625       416454       106.67
       8.351     0.992188       417129       128.00
       8.495     0.992969       417453       142.22
       8.655     0.993750       417767       160.00
       8.839     0.994531       418094       182.86
       9.071     0.995313       418423       213.33
       9.327     0.996094       418750       256.00
       9.479     0.996484       418915       284.44
       9.663     0.996875       419078       320.00
       9.855     0.997266       419241       365.71
      10.079     0.997656       419404       426.67
      10.351     0.998047       419572       512.00
      10.487     0.998242       419651       568.89
      10.695     0.998437       419735       640.00
      10.943     0.998633       419816       731.43
      11.175     0.998828       419899       853.33
      11.455     0.999023       419980      1024.00
      11.583     0.999121       420020      1137.78
      11.743     0.999219       420064      1280.00
      11.967     0.999316       420103      1462.86
      12.239     0.999414       420144      1706.67
      12.535     0.999512       420184      2048.00
      12.711     0.999561       420205      2275.56
      12.927     0.999609       420226      2560.00
      13.111     0.999658       420246      2925.71
      13.399     0.999707       420266      3413.33
      13.591     0.999756       420290      4096.00
      13.711     0.999780       420298      4551.11
      13.831     0.999805       420307      5120.00
      14.007     0.999829       420318      5851.43
      14.271     0.999854       420329      6826.67
      14.495     0.999878       420338      8192.00
      14.759     0.999890       420343      9102.22
      14.911     0.999902       420348     10240.00
      15.071     0.999915       420354     11702.86
      15.287     0.999927       420359     13653.33
      15.479     0.999939       420364     16384.00
      15.567     0.999945       420366     18204.44
      15.815     0.999951       420369     20480.00
      16.151     0.999957       420372     23405.71
      16.287     0.999963       420374     27306.67
      16.527     0.999969       420377     32768.00
      16.607     0.999973       420378     36408.89
      16.623     0.999976       420379     40960.00
      16.799     0.999979       420382     46811.43
      16.799     0.999982       420382     54613.33
      16.943     0.999985       420383     65536.00
      16.959     0.999986       420384     72817.78
      16.959     0.999988       420384     81920.00
      17.311     0.999989       420385     93622.86
      17.487     0.999991       420386    109226.67
      17.487     0.999992       420386    131072.00
      18.447     0.999993       420387    145635.56
      18.447     0.999994       420387    163840.00
      18.447     0.999995       420387    187245.71
      18.767     0.999995       420388    218453.33
      18.767     0.999996       420388    262144.00
      18.767     0.999997       420388    291271.11
      18.767     0.999997       420388    327680.00
      18.767     0.999997       420388    374491.43
      21.071     0.999998       420389    436906.67
      21.071     1.000000       420389          inf
#[Mean    =        3.231, StdDeviation   =        1.326]
#[Max     =       21.056, Total count    =       420389]
#[Buckets =           27, SubBuckets     =         2048]
-----------------------------------------------------------------------
  490533 requests in 1.17m, 133.59MB read
Requests/sec:   7007.54  
Transfer/sec:      1.91MB
