Running 1m test @ http://10.10.1.1:5000
  4 threads and 128 connections

  Thread calibration: mean lat.: 1439.727ms, rate sampling interval: 5304ms
  Thread calibration: mean lat.: 1393.683ms, rate sampling interval: 4968ms
  Thread calibration: mean lat.: 1396.344ms, rate sampling interval: 5222ms
  Thread calibration: mean lat.: 1412.536ms, rate sampling interval: 5222ms

-----------------------------------------------------------------------
Test Results @ http://10.10.1.1:5000 
  Thread Stats   Avg      Stdev     99%   +/- Stdev
    Latency    10.41s     4.38s   18.14s    58.10%
    Req/Sec     2.97k    18.29     3.00k    51.35%
  Latency Distribution (HdrHistogram - Recorded Latency)
 50.000%   10.39s 
 75.000%   14.19s 
 90.000%   16.45s 
 99.000%   18.14s 
 99.900%   18.76s 
 99.990%   19.14s 
 99.999%   19.27s 
100.000%   19.30s 

  Detailed Percentile spectrum:
       Value   Percentile   TotalCount 1/(1-Percentile)

    2187.263     0.000000            1         1.00
    4358.143     0.100000        59483         1.11
    5877.759     0.200000       118758         1.25
    7376.895     0.300000       178158         1.43
    8880.127     0.400000       237777         1.67
   10387.455     0.500000       297061         2.00
   11132.927     0.550000       326529         2.22
   11902.975     0.600000       356326         2.50
   12673.023     0.650000       386128         2.86
   13443.071     0.700000       415744         3.33
   14188.543     0.750000       445242         4.00
   14557.183     0.775000       460094         4.44
   14934.015     0.800000       474935         5.00
   15310.847     0.825000       489793         5.71
   15687.679     0.850000       504602         6.67
   16072.703     0.875000       519714         8.00
   16261.119     0.887500       527031         8.89
   16449.535     0.900000       534394        10.00
   16654.335     0.912500       541736        11.43
   16859.135     0.925000       549589        13.33
   17055.743     0.937500       556680        16.00
   17154.047     0.943750       560202        17.78
   17268.735     0.950000       564277        20.00
   17367.039     0.956250       567734        22.86
   17481.727     0.962500       571533        26.67
   17596.415     0.968750       575359        32.00
   17661.951     0.971875       577265        35.56
   17727.487     0.975000       578993        40.00
   17793.023     0.978125       580683        45.71
   17874.943     0.981250       582756        53.33
   17956.863     0.984375       584491        64.00
   18006.015     0.985938       585490        71.11
   18055.167     0.987500       586402        80.00
   18104.319     0.989062       587252        91.43
   18153.471     0.990625       588025       106.67
   18235.391     0.992188       589149       128.00
   18268.159     0.992969       589607       142.22
   18300.927     0.993750       590017       160.00
   18333.695     0.994531       590366       182.86
   18399.231     0.995313       590971       213.33
   18448.383     0.996094       591434       256.00
   18464.767     0.996484       591566       284.44
   18497.535     0.996875       591806       320.00
   18530.303     0.997266       592030       365.71
   18563.071     0.997656       592242       426.67
   18612.223     0.998047       592466       512.00
   18644.991     0.998242       592592       568.89
   18677.759     0.998437       592703       640.00
   18710.527     0.998633       592837       731.43
   18743.295     0.998828       592954       853.33
   18759.679     0.999023       593009      1024.00
   18792.447     0.999121       593091      1137.78
   18825.215     0.999219       593161      1280.00
   18841.599     0.999316       593193      1462.86
   18874.367     0.999414       593249      1706.67
   18923.519     0.999512       593305      2048.00
   18956.287     0.999561       593359      2275.56
   18956.287     0.999609       593359      2560.00
   18989.055     0.999658       593404      2925.71
   19005.439     0.999707       593425      3413.33
   19038.207     0.999756       593453      4096.00
   19054.591     0.999780       593474      4551.11
   19054.591     0.999805       593474      5120.00
   19070.975     0.999829       593492      5851.43
   19087.359     0.999854       593503      6826.67
   19120.127     0.999878       593520      8192.00
   19136.511     0.999890       593536      9102.22
   19136.511     0.999902       593536     10240.00
   19152.895     0.999915       593553     11702.86
   19152.895     0.999927       593553     13653.33
   19152.895     0.999939       593553     16384.00
   19169.279     0.999945       593564     18204.44
   19169.279     0.999951       593564     20480.00
   19169.279     0.999957       593564     23405.71
   19185.663     0.999963       593568     27306.67
   19218.431     0.999969       593572     32768.00
   19218.431     0.999973       593572     36408.89
   19234.815     0.999976       593577     40960.00
   19234.815     0.999979       593577     46811.43
   19251.199     0.999982       593581     54613.33
   19251.199     0.999985       593581     65536.00
   19251.199     0.999986       593581     72817.78
   19251.199     0.999988       593581     81920.00
   19267.583     0.999989       593583     93622.86
   19267.583     0.999991       593583    109226.67
   19283.967     0.999992       593585    131072.00
   19283.967     0.999993       593585    145635.56
   19283.967     0.999994       593585    163840.00
   19283.967     0.999995       593585    187245.71
   19300.351     0.999995       593588    218453.33
   19300.351     1.000000       593588          inf
#[Mean    =    10406.809, StdDeviation   =     4385.000]
#[Max     =    19283.968, Total count    =       593588]
#[Buckets =           27, SubBuckets     =         2048]
-----------------------------------------------------------------------
  710803 requests in 1.00m, 189.63MB read
Requests/sec:  11846.96  
Transfer/sec:      3.16MB
