Running 1m test @ http://10.10.1.2:5000
  4 threads and 128 connections

  Thread calibration: mean lat.: 612.769ms, rate sampling interval: 2619ms
  Thread calibration: mean lat.: 596.320ms, rate sampling interval: 2523ms
  Thread calibration: mean lat.: 692.387ms, rate sampling interval: 2949ms
  Thread calibration: mean lat.: 593.885ms, rate sampling interval: 2467ms

-----------------------------------------------------------------------
Test Results @ http://10.10.1.2:5000 
  Thread Stats   Avg      Stdev     99%   +/- Stdev
    Latency     4.16s     2.26s    9.88s    65.48%
    Req/Sec   677.43     14.60   707.00     69.66%
  Latency Distribution (HdrHistogram - Recorded Latency)
 50.000%    3.91s 
 75.000%    5.69s 
 90.000%    7.36s 
 99.000%    9.88s 
 99.900%   11.40s 
 99.990%   12.21s 
 99.999%   12.44s 
100.000%   12.52s 

  Detailed Percentile spectrum:
       Value   Percentile   TotalCount 1/(1-Percentile)

       5.091     0.000000            1         1.00
    1376.255     0.100000        16277         1.11
    2078.719     0.200000        32554         1.25
    2668.543     0.300000        48837         1.43
    3272.703     0.400000        65092         1.67
    3911.679     0.500000        81377         2.00
    4190.207     0.550000        89537         2.22
    4517.887     0.600000        97713         2.50
    4857.855     0.650000       105829         2.86
    5242.879     0.700000       113892         3.33
    5693.439     0.750000       122060         4.00
    5906.431     0.775000       126135         4.44
    6135.807     0.800000       130185         5.00
    6397.951     0.825000       134289         5.71
    6643.711     0.850000       138314         6.67
    6959.103     0.875000       142395         8.00
    7151.615     0.887500       144430         8.89
    7364.607     0.900000       146464        10.00
    7618.559     0.912500       148495        11.43
    7823.359     0.925000       150536        13.33
    8032.255     0.937500       152540        16.00
    8134.655     0.943750       153547        17.78
    8253.439     0.950000       154579        20.00
    8376.319     0.956250       155602        22.86
    8527.871     0.962500       156616        26.67
    8740.863     0.968750       157619        32.00
    8863.743     0.971875       158134        35.56
    9019.391     0.975000       158645        40.00
    9191.423     0.978125       159170        45.71
    9338.879     0.981250       159671        53.33
    9502.719     0.984375       160167        64.00
    9584.639     0.985938       160424        71.11
    9691.135     0.987500       160677        80.00
    9814.015     0.989062       160926        91.43
    9936.895     0.990625       161189       106.67
   10125.311     0.992188       161431       128.00
   10264.575     0.992969       161555       142.22
   10420.223     0.993750       161690       160.00
   10526.719     0.994531       161815       182.86
   10657.791     0.995313       161938       213.33
   10805.247     0.996094       162068       256.00
   10870.783     0.996484       162130       284.44
   10944.511     0.996875       162198       320.00
   11018.239     0.997266       162254       365.71
   11091.967     0.997656       162324       426.67
   11149.311     0.998047       162385       512.00
   11182.079     0.998242       162415       568.89
   11214.847     0.998437       162444       640.00
   11272.191     0.998633       162482       731.43
   11329.535     0.998828       162510       853.33
   11493.375     0.999023       162541      1024.00
   11558.911     0.999121       162557      1137.78
   11624.447     0.999219       162571      1280.00
   11698.175     0.999316       162588      1462.86
   11763.711     0.999414       162607      1706.67
   11804.671     0.999512       162619      2048.00
   11829.247     0.999561       162629      2275.56
   11862.015     0.999609       162636      2560.00
   11886.591     0.999658       162645      2925.71
   11902.975     0.999707       162651      3413.33
   11976.703     0.999756       162660      4096.00
   12058.623     0.999780       162663      4551.11
   12083.199     0.999805       162667      5120.00
   12124.159     0.999829       162672      5851.43
   12140.543     0.999854       162675      6826.67
   12189.695     0.999878       162680      8192.00
   12197.887     0.999890       162681      9102.22
   12206.079     0.999902       162683     10240.00
   12230.655     0.999915       162685     11702.86
   12287.999     0.999927       162687     13653.33
   12296.191     0.999939       162689     16384.00
   12320.767     0.999945       162690     18204.44
   12328.959     0.999951       162692     20480.00
   12328.959     0.999957       162692     23405.71
   12361.727     0.999963       162693     27306.67
   12378.111     0.999969       162694     32768.00
   12378.111     0.999973       162694     36408.89
   12386.303     0.999976       162695     40960.00
   12386.303     0.999979       162695     46811.43
   12443.647     0.999982       162696     54613.33
   12443.647     0.999985       162696     65536.00
   12443.647     0.999986       162696     72817.78
   12509.183     0.999988       162697     81920.00
   12509.183     0.999989       162697     93622.86
   12509.183     0.999991       162697    109226.67
   12509.183     0.999992       162697    131072.00
   12509.183     0.999993       162697    145635.56
   12517.375     0.999994       162698    163840.00
   12517.375     1.000000       162698          inf
#[Mean    =     4156.458, StdDeviation   =     2256.548]
#[Max     =    12509.184, Total count    =       162698]
#[Buckets =           27, SubBuckets     =         2048]
-----------------------------------------------------------------------
  188933 requests in 1.17m, 462.24MB read
Requests/sec:   2699.06  
Transfer/sec:      6.60MB
