Running 1m test @ http://10.10.1.2:5000
  4 threads and 128 connections

  Thread calibration: mean lat.: 0.512ms, rate sampling interval: 10ms
  Thread calibration: mean lat.: 0.518ms, rate sampling interval: 10ms
  Thread calibration: mean lat.: 0.519ms, rate sampling interval: 10ms
  Thread calibration: mean lat.: 0.520ms, rate sampling interval: 10ms

-----------------------------------------------------------------------
Test Results @ http://10.10.1.2:5000 
  Thread Stats   Avg      Stdev     99%   +/- Stdev
    Latency   454.69us  235.34us   1.37ms   89.88%
    Req/Sec     2.37k   502.81     3.67k    68.32%
  Latency Distribution (HdrHistogram - Recorded Latency)
 50.000%  386.00us
 75.000%  486.00us
 90.000%  695.00us
 99.000%    1.37ms
 99.900%    2.41ms
 99.990%    4.66ms
 99.999%    6.76ms
100.000%    7.99ms

  Detailed Percentile spectrum:
       Value   Percentile   TotalCount 1/(1-Percentile)

       0.204     0.000000            2         1.00
       0.291     0.100000        55329         1.11
       0.317     0.200000       109255         1.25
       0.340     0.300000       163813         1.43
       0.362     0.400000       217114         1.67
       0.386     0.500000       270332         2.00
       0.400     0.550000       297692         2.22
       0.416     0.600000       325604         2.50
       0.434     0.650000       352154         2.86
       0.456     0.700000       378576         3.33
       0.486     0.750000       405735         4.00
       0.505     0.775000       418918         4.44
       0.528     0.800000       432363         5.00
       0.556     0.825000       445895         5.71
       0.591     0.850000       459337         6.67
       0.636     0.875000       473011         8.00
       0.663     0.887500       479779         8.89
       0.695     0.900000       486509        10.00
       0.731     0.912500       493101        11.43
       0.775     0.925000       499856        13.33
       0.827     0.937500       506685        16.00
       0.857     0.943750       510025        17.78
       0.891     0.950000       513377        20.00
       0.929     0.956250       516762        22.86
       0.973     0.962500       520130        26.67
       1.026     0.968750       523480        32.00
       1.056     0.971875       525149        35.56
       1.091     0.975000       526834        40.00
       1.133     0.978125       528522        45.71
       1.181     0.981250       530232        53.33
       1.233     0.984375       531903        64.00
       1.265     0.985938       532757        71.11
       1.299     0.987500       533599        80.00
       1.339     0.989062       534430        91.43
       1.387     0.990625       535288       106.67
       1.448     0.992188       536128       128.00
       1.484     0.992969       536551       142.22
       1.524     0.993750       536971       160.00
       1.571     0.994531       537383       182.86
       1.635     0.995313       537808       213.33
       1.707     0.996094       538228       256.00
       1.751     0.996484       538444       284.44
       1.801     0.996875       538649       320.00
       1.855     0.997266       538860       365.71
       1.922     0.997656       539071       426.67
       2.006     0.998047       539282       512.00
       2.049     0.998242       539388       568.89
       2.115     0.998437       539494       640.00
       2.203     0.998633       539599       731.43
       2.299     0.998828       539706       853.33
       2.429     0.999023       539813      1024.00
       2.489     0.999121       539864      1137.78
       2.555     0.999219       539915      1280.00
       2.663     0.999316       539968      1462.86
       2.785     0.999414       540022      1706.67
       2.939     0.999512       540074      2048.00
       3.077     0.999561       540100      2275.56
       3.303     0.999609       540126      2560.00
       3.477     0.999658       540153      2925.71
       3.633     0.999707       540179      3413.33
       3.777     0.999756       540207      4096.00
       3.875     0.999780       540219      4551.11
       4.011     0.999805       540232      5120.00
       4.119     0.999829       540245      5851.43
       4.371     0.999854       540258      6826.67
       4.515     0.999878       540272      8192.00
       4.595     0.999890       540278      9102.22
       4.679     0.999902       540285     10240.00
       4.723     0.999915       540291     11702.86
       4.819     0.999927       540298     13653.33
       5.283     0.999939       540305     16384.00
       5.499     0.999945       540308     18204.44
       5.507     0.999951       540311     20480.00
       5.611     0.999957       540314     23405.71
       5.687     0.999963       540318     27306.67
       5.803     0.999969       540321     32768.00
       5.863     0.999973       540323     36408.89
       6.215     0.999976       540324     40960.00
       6.483     0.999979       540326     46811.43
       6.535     0.999982       540328     54613.33
       6.591     0.999985       540329     65536.00
       6.651     0.999986       540330     72817.78
       6.703     0.999988       540331     81920.00
       6.763     0.999989       540332     93622.86
       6.771     0.999991       540333    109226.67
       6.771     0.999992       540333    131072.00
       6.831     0.999993       540334    145635.56
       6.831     0.999994       540334    163840.00
       7.623     0.999995       540335    187245.71
       7.623     0.999995       540335    218453.33
       7.623     0.999996       540335    262144.00
       7.727     0.999997       540336    291271.11
       7.727     0.999997       540336    327680.00
       7.727     0.999997       540336    374491.43
       7.727     0.999998       540336    436906.67
       7.727     0.999998       540336    524288.00
       7.987     0.999998       540337    582542.22
       7.987     1.000000       540337          inf
#[Mean    =        0.455, StdDeviation   =        0.235]
#[Max     =        7.984, Total count    =       540337]
#[Buckets =           27, SubBuckets     =         2048]
-----------------------------------------------------------------------
  630510 requests in 1.17m, 128.08MB read
Requests/sec:   9007.32  
Transfer/sec:      1.83MB
