Running 1m test @ http://10.10.1.2:5000
  4 threads and 128 connections

  Thread calibration: mean lat.: 1.581ms, rate sampling interval: 10ms
  Thread calibration: mean lat.: 1.582ms, rate sampling interval: 10ms
  Thread calibration: mean lat.: 1.594ms, rate sampling interval: 10ms
  Thread calibration: mean lat.: 1.571ms, rate sampling interval: 10ms

-----------------------------------------------------------------------
Test Results @ http://10.10.1.2:5000 
  Thread Stats   Avg      Stdev     99%   +/- Stdev
    Latency     1.55ms  719.63us   4.01ms   77.37%
    Req/Sec     2.90k   606.49     4.45k    70.58%
  Latency Distribution (HdrHistogram - Recorded Latency)
 50.000%    1.39ms
 75.000%    1.89ms
 90.000%    2.48ms
 99.000%    4.01ms
 99.900%    5.55ms
 99.990%    7.23ms
 99.999%    8.38ms
100.000%   10.51ms

  Detailed Percentile spectrum:
       Value   Percentile   TotalCount 1/(1-Percentile)

       0.513     0.000000            1         1.00
       0.840     0.100000        66097         1.11
       0.939     0.200000       132031         1.25
       1.052     0.300000       198451         1.43
       1.213     0.400000       264298         1.67
       1.394     0.500000       330309         2.00
       1.483     0.550000       363162         2.22
       1.572     0.600000       396277         2.50
       1.665     0.650000       429306         2.86
       1.767     0.700000       462113         3.33
       1.887     0.750000       495270         4.00
       1.955     0.775000       511627         4.44
       2.033     0.800000       528148         5.00
       2.119     0.825000       544606         5.71
       2.217     0.850000       561082         6.67
       2.335     0.875000       577692         8.00
       2.403     0.887500       586070         8.89
       2.477     0.900000       594207        10.00
       2.563     0.912500       602496        11.43
       2.659     0.925000       610584        13.33
       2.775     0.937500       618863        16.00
       2.843     0.943750       622997        17.78
       2.919     0.950000       627100        20.00
       3.009     0.956250       631259        22.86
       3.107     0.962500       635354        26.67
       3.229     0.968750       639488        32.00
       3.299     0.971875       641545        35.56
       3.379     0.975000       643608        40.00
       3.471     0.978125       645657        45.71
       3.577     0.981250       647738        53.33
       3.703     0.984375       649790        64.00
       3.777     0.985938       650817        71.11
       3.859     0.987500       651826        80.00
       3.951     0.989062       652867        91.43
       4.049     0.990625       653914       106.67
       4.171     0.992188       654943       128.00
       4.243     0.992969       655469       142.22
       4.323     0.993750       655964       160.00
       4.407     0.994531       656473       182.86
       4.519     0.995313       656988       213.33
       4.635     0.996094       657514       256.00
       4.703     0.996484       657761       284.44
       4.783     0.996875       658016       320.00
       4.875     0.997266       658279       365.71
       4.987     0.997656       658538       426.67
       5.111     0.998047       658787       512.00
       5.179     0.998242       658919       568.89
       5.251     0.998437       659048       640.00
       5.343     0.998633       659175       731.43
       5.447     0.998828       659303       853.33
       5.571     0.999023       659432      1024.00
       5.639     0.999121       659497      1137.78
       5.723     0.999219       659562      1280.00
       5.819     0.999316       659628      1462.86
       5.915     0.999414       659690      1706.67
       6.063     0.999512       659754      2048.00
       6.119     0.999561       659786      2275.56
       6.211     0.999609       659820      2560.00
       6.283     0.999658       659853      2925.71
       6.359     0.999707       659883      3413.33
       6.491     0.999756       659915      4096.00
       6.543     0.999780       659931      4551.11
       6.671     0.999805       659948      5120.00
       6.751     0.999829       659964      5851.43
       6.895     0.999854       659980      6826.67
       7.075     0.999878       659996      8192.00
       7.139     0.999890       660004      9102.22
       7.239     0.999902       660012     10240.00
       7.303     0.999915       660020     11702.86
       7.375     0.999927       660028     13653.33
       7.551     0.999939       660036     16384.00
       7.587     0.999945       660040     18204.44
       7.671     0.999951       660044     20480.00
       7.731     0.999957       660048     23405.71
       7.855     0.999963       660052     27306.67
       8.011     0.999969       660056     32768.00
       8.059     0.999973       660058     36408.89
       8.175     0.999976       660061     40960.00
       8.179     0.999979       660062     46811.43
       8.215     0.999982       660064     54613.33
       8.327     0.999985       660066     65536.00
       8.351     0.999986       660067     72817.78
       8.375     0.999988       660068     81920.00
       8.383     0.999989       660069     93622.86
       8.639     0.999991       660070    109226.67
       8.703     0.999992       660071    131072.00
       8.775     0.999993       660072    145635.56
       8.775     0.999994       660072    163840.00
       8.799     0.999995       660073    187245.71
       8.799     0.999995       660073    218453.33
       9.831     0.999996       660074    262144.00
       9.831     0.999997       660074    291271.11
       9.831     0.999997       660074    327680.00
      10.119     0.999997       660075    374491.43
      10.119     0.999998       660075    436906.67
      10.119     0.999998       660075    524288.00
      10.119     0.999998       660075    582542.22
      10.119     0.999998       660075    655360.00
      10.511     0.999999       660076    748982.86
      10.511     1.000000       660076          inf
#[Mean    =        1.549, StdDeviation   =        0.720]
#[Max     =       10.504, Total count    =       660076]
#[Buckets =           27, SubBuckets     =         2048]
-----------------------------------------------------------------------
  767738 requests in 1.17m, 430.35MB read
Requests/sec:  10967.84  
Transfer/sec:      6.15MB
